Archive member included because of file (symbol)

.\CortexM3\ARM_GCC_493\Debug\Ball.a(cyfitter_cfg.o)
                              .\CortexM3\ARM_GCC_493\Debug\Cm3Start.o (cyfitter_cfg)
.\CortexM3\ARM_GCC_493\Debug\Ball.a(Motor_A_PWM.o)
                              .\CortexM3\ARM_GCC_493\Debug\main.o (Motor_A_PWM_WriteCompare1)
.\CortexM3\ARM_GCC_493\Debug\Ball.a(CyBootAsmGnu.o)
                              .\CortexM3\ARM_GCC_493\Debug\Ball.a(cyfitter_cfg.o) (CyDelayCycles)
.\CortexM3\ARM_GCC_493\Debug\Ball.a(CyLib.o)
                              .\CortexM3\ARM_GCC_493\Debug\Cm3Start.o (CyHalt)
.\CortexM3\ARM_GCC_493\Debug\Ball.a(cyPm.o)
                              .\CortexM3\ARM_GCC_493\Debug\Ball.a(CyLib.o) (CyPmReadStatus)
.\CortexM3\ARM_GCC_493\Debug\Ball.a(USBUART.o)
                              .\CortexM3\ARM_GCC_493\Debug\main.o (USBUART_Start)
.\CortexM3\ARM_GCC_493\Debug\Ball.a(USBUART_cdc.o)
                              .\CortexM3\ARM_GCC_493\Debug\main.o (USBUART_PutString)
.\CortexM3\ARM_GCC_493\Debug\Ball.a(USBUART_drv.o)
                              .\CortexM3\ARM_GCC_493\Debug\Ball.a(USBUART.o) (USBUART_lastPacketSize)
.\CortexM3\ARM_GCC_493\Debug\Ball.a(USBUART_episr.o)
                              .\CortexM3\ARM_GCC_493\Debug\Ball.a(USBUART.o) (USBUART_EP_1_ISR)
.\CortexM3\ARM_GCC_493\Debug\Ball.a(USBUART_pm.o)
                              .\CortexM3\ARM_GCC_493\Debug\Ball.a(USBUART.o) (USBUART_DP_ISR)
.\CortexM3\ARM_GCC_493\Debug\Ball.a(USBUART_std.o)
                              .\CortexM3\ARM_GCC_493\Debug\Ball.a(USBUART_pm.o) (USBUART_ConfigReg)
.\CortexM3\ARM_GCC_493\Debug\Ball.a(USBUART_vnd.o)
                              .\CortexM3\ARM_GCC_493\Debug\Ball.a(USBUART_drv.o) (USBUART_HandleVendorRqst)
.\CortexM3\ARM_GCC_493\Debug\Ball.a(USBUART_Dp.o)
                              .\CortexM3\ARM_GCC_493\Debug\Ball.a(USBUART_pm.o) (USBUART_Dp_ClearInterrupt)
.\CortexM3\ARM_GCC_493\Debug\Ball.a(RC_Ch2_Timer.o)
                              .\CortexM3\ARM_GCC_493\Debug\main.o (RC_Ch2_Timer_Stop)
.\CortexM3\ARM_GCC_493\Debug\Ball.a(RC_Ch2_Timer_Interrupt.o)
                              .\CortexM3\ARM_GCC_493\Debug\main.o (RC_Ch2_Timer_Interrupt_StartEx)
.\CortexM3\ARM_GCC_493\Debug\Ball.a(RC_Connection_Timer.o)
                              .\CortexM3\ARM_GCC_493\Debug\main.o (RC_Connection_Timer_Stop)
.\CortexM3\ARM_GCC_493\Debug\Ball.a(RC_Connection_Timer_Interrupt.o)
                              .\CortexM3\ARM_GCC_493\Debug\main.o (RC_Connection_Timer_Interrupt_StartEx)
.\CortexM3\ARM_GCC_493\Debug\Ball.a(CyFlash.o)
                              .\CortexM3\ARM_GCC_493\Debug\Ball.a(cyPm.o) (CyFlash_SetWaitCycles)
.\CortexM3\ARM_GCC_493\Debug\Ball.a(CySpc.o)
                              .\CortexM3\ARM_GCC_493\Debug\Ball.a(CyFlash.o) (CySpcStart)
.\CortexM3\ARM_GCC_493\Debug\Ball.a(cyutils.o)
                              .\CortexM3\ARM_GCC_493\Debug\Ball.a(RC_Ch2_Timer.o) (CySetReg24)
.\CortexM3\ARM_GCC_493\Debug\Ball.a(USBUART_cls.o)
                              .\CortexM3\ARM_GCC_493\Debug\Ball.a(USBUART_drv.o) (USBUART_DispatchClassRqst)
.\CortexM3\ARM_GCC_493\Debug\Ball.a(USBUART_descr.o)
                              .\CortexM3\ARM_GCC_493\Debug\Ball.a(USBUART_std.o) (USBUART_idSerialNumberStringDescriptor)
c:/program files (x86)/cypress/psoc creator/3.3/psoc creator/import/gnu/arm/4.9.3/bin/../lib/gcc/arm-none-eabi/4.9.3/../../../../arm-none-eabi/lib/armv7-m\libg_nano.a(lib_a-errno.o)
                              .\CortexM3\ARM_GCC_493\Debug\Cm3Start.o (__errno)
c:/program files (x86)/cypress/psoc creator/3.3/psoc creator/import/gnu/arm/4.9.3/bin/../lib/gcc/arm-none-eabi/4.9.3/../../../../arm-none-eabi/lib/armv7-m\libg_nano.a(lib_a-exit.o)
                              c:/program files (x86)/cypress/psoc creator/3.3/psoc creator/import/gnu/arm/4.9.3/bin/../lib/gcc/arm-none-eabi/4.9.3/../../../../arm-none-eabi/lib/armv7-m/crt0.o (exit)
c:/program files (x86)/cypress/psoc creator/3.3/psoc creator/import/gnu/arm/4.9.3/bin/../lib/gcc/arm-none-eabi/4.9.3/../../../../arm-none-eabi/lib/armv7-m\libg_nano.a(lib_a-impure.o)
                              c:/program files (x86)/cypress/psoc creator/3.3/psoc creator/import/gnu/arm/4.9.3/bin/../lib/gcc/arm-none-eabi/4.9.3/../../../../arm-none-eabi/lib/armv7-m\libg_nano.a(lib_a-exit.o) (_global_impure_ptr)
c:/program files (x86)/cypress/psoc creator/3.3/psoc creator/import/gnu/arm/4.9.3/bin/../lib/gcc/arm-none-eabi/4.9.3/../../../../arm-none-eabi/lib/armv7-m\libg_nano.a(lib_a-init.o)
                              c:/program files (x86)/cypress/psoc creator/3.3/psoc creator/import/gnu/arm/4.9.3/bin/../lib/gcc/arm-none-eabi/4.9.3/../../../../arm-none-eabi/lib/armv7-m/crt0.o (__libc_init_array)
c:/program files (x86)/cypress/psoc creator/3.3/psoc creator/import/gnu/arm/4.9.3/bin/../lib/gcc/arm-none-eabi/4.9.3/../../../../arm-none-eabi/lib/armv7-m\libg_nano.a(lib_a-memcpy.o)
[...]
Memory Configuration

Name             Origin             Length             Attributes
rom              0x00000000         0x00040000         xr
ram              0x1fff8000         0x00010000         xrw
*default*        0x00000000         0xffffffff

Linker script and memory map

LOAD c:/program files (x86)/cypress/psoc creator/3.3/psoc creator/import/gnu/arm/4.9.3/bin/../lib/gcc/arm-none-eabi/4.9.3/armv7-m/crti.o
LOAD c:/program files (x86)/cypress/psoc creator/3.3/psoc creator/import/gnu/arm/4.9.3/bin/../lib/gcc/arm-none-eabi/4.9.3/armv7-m/crtbegin.o
LOAD c:/program files (x86)/cypress/psoc creator/3.3/psoc creator/import/gnu/arm/4.9.3/bin/../lib/gcc/arm-none-eabi/4.9.3/../../../../arm-none-eabi/lib/armv7-m/crt0.o
START GROUP
LOAD .\CortexM3\ARM_GCC_493\Debug\main.o
LOAD .\CortexM3\ARM_GCC_493\Debug\cymetadata.o
LOAD .\CortexM3\ARM_GCC_493\Debug\Cm3Start.o
LOAD .\CortexM3\ARM_GCC_493\Debug\Ball.a
LOAD C:\Program Files (x86)\Cypress\PSoC Creator\3.3\PSoC Creator\psoc\content\cycomponentlibrary\CyComponentLibrary.cylib\CortexM3\ARM_GCC_493\Debug\CyComponentLibrary.a
END GROUP
START GROUP
LOAD c:/program files (x86)/cypress/psoc creator/3.3/psoc creator/import/gnu/arm/4.9.3/bin/../lib/gcc/arm-none-eabi/4.9.3/armv7-m\libgcc.a
LOAD c:/program files (x86)/cypress/psoc creator/3.3/psoc creator/import/gnu/arm/4.9.3/bin/../lib/gcc/arm-none-eabi/4.9.3/../../../../arm-none-eabi/lib/armv7-m\libg_nano.a
LOAD c:/program files (x86)/cypress/psoc creator/3.3/psoc creator/import/gnu/arm/4.9.3/bin/../lib/gcc/arm-none-eabi/4.9.3/../../../../arm-none-eabi/lib/armv7-m\libc_nano.a
END GROUP
START GROUP
LOAD c:/program files (x86)/cypress/psoc creator/3.3/psoc creator/import/gnu/arm/4.9.3/bin/../lib/gcc/arm-none-eabi/4.9.3/armv7-m\libgcc.a
LOAD c:/program files (x86)/cypress/psoc creator/3.3/psoc creator/import/gnu/arm/4.9.3/bin/../lib/gcc/arm-none-eabi/4.9.3/../../../../arm-none-eabi/lib/armv7-m\libc_nano.a
END GROUP
LOAD c:/program files (x86)/cypress/psoc creator/3.3/psoc creator/import/gnu/arm/4.9.3/bin/../lib/gcc/arm-none-eabi/4.9.3/armv7-m/crtend.o
LOAD c:/program files (x86)/cypress/psoc creator/3.3/psoc creator/import/gnu/arm/4.9.3/bin/../lib/gcc/arm-none-eabi/4.9.3/armv7-m/crtn.o
START GROUP
LOAD c:/program files (x86)/cypress/psoc creator/3.3/psoc creator/import/gnu/arm/4.9.3/bin/../lib/gcc/arm-none-eabi/4.9.3/armv7-m\libgcc.a
LOAD c:/program files (x86)/cypress/psoc creator/3.3/psoc creator/import/gnu/arm/4.9.3/bin/../lib/gcc/arm-none-eabi/4.9.3/../../../../arm-none-eabi/lib/armv7-m\libc.a
LOAD c:/program files (x86)/cypress/psoc creator/3.3/psoc creator/import/gnu/arm/4.9.3/bin/../lib/gcc/arm-none-eabi/4.9.3/../../../../arm-none-eabi/lib/armv7-m\libnosys.a
END GROUP
                0x00000000                CY_APPL_ORIGIN = 0x0
                0x00000100                CY_FLASH_ROW_SIZE = 0x100
                0x00000020                CY_ECC_ROW_SIZE = 0x20
                0x00000000                CY_EE_IN_BTLDR = 0x0
                0x00000000                CY_APPL_LOADABLE = 0x0
                0x00000800                CY_EE_SIZE = 0x800
                0x00000001                CY_APPL_NUM = 0x1
                0x00000001                CY_APPL_MAX = 0x1
                0x00000040                CY_METADATA_SIZE = 0x40
                0x00000000                CY_APPL_LOADABLE = 0x0
                0x00000000                CY_CHECKSUM_EXCLUDE_SIZE = ALIGN (0x0, CY_FLASH_ROW_SIZE)
                0x1fff8308                PROVIDE (__cy_heap_start, _end)
                0x00000001                PROVIDE (__cy_region_num, ((__cy_regions_end - __cy_regions) / 0x10))
                0x20008000                PROVIDE (__cy_stack, (ORIGIN (ram) + 0x10000))
                0x20007800                PROVIDE (__cy_heap_end, (__cy_stack - 0x800))

.cybootloader   0x00000000        0x0
 *(.cybootloader)
                0x00000000                appl1_start = CY_APPL_ORIGIN?CY_APPL_ORIGIN:ALIGN (CY_FLASH_ROW_SIZE)
                0x0001ff00                appl2_start = (appl1_start + ALIGN ((((0x40000 - appl1_start) - (0x2 * CY_FLASH_ROW_SIZE)) / 0x2), CY_FLASH_ROW_SIZE))
                0x00000000                appl_start = (CY_APPL_NUM == 0x1)?appl1_start:appl2_start
                0x00000000                ecc_offset = ((appl_start / CY_FLASH_ROW_SIZE) * CY_ECC_ROW_SIZE)
                0x00000000                ee_offset = (CY_APPL_LOADABLE && ! (CY_EE_IN_BTLDR))?((CY_EE_SIZE / CY_APPL_MAX) * (CY_APPL_NUM - 0x1)):0x0
                0x00000800                ee_size = (CY_APPL_LOADABLE && ! (CY_EE_IN_BTLDR))?(CY_EE_SIZE / CY_APPL_MAX):CY_EE_SIZE
                0x00000000                PROVIDE (CY_ECC_OFFSET, ecc_offset)

.text           0x00000000     0x264c
 CREATE_OBJECT_SYMBOLS
                0x00000000                PROVIDE (__cy_interrupt_vector, RomVectors)
 *(.romvectors)
 .romvectors    0x00000000       0x10 .\CortexM3\ARM_GCC_493\Debug\Cm3Start.o
                0x00000000                RomVectors
                0x00000001                ASSERT ((. != __cy_interrupt_vector), No interrupt vector)
                0x00000001                ASSERT (CY_APPL_ORIGIN?(SIZEOF (.cybootloader) <= CY_APPL_ORIGIN):0x1, Wrong image location)
                0x00000010                PROVIDE (__cy_reset, Reset)
 *(.text.Reset)
 .text.Reset    0x00000010       0x18 .\CortexM3\ARM_GCC_493\Debug\Cm3Start.o
                0x00000010                Reset
                0x00000001                ASSERT ((. != __cy_reset), No reset code)
 *(.dma_init)
                0x00000001                ASSERT ((((appl_start + .) <= 0x10000) || 0x1), DMA Init must be within the first 64k of flash)
 *(.text .text.* .gnu.linkonce.t.*)
 .text          0x00000028       0x5c c:/program files (x86)/cypress/psoc creator/3.3/psoc creator/import/gnu/arm/4.9.3/bin/../lib/gcc/arm-none-eabi/4.9.3/armv7-m/crtbegin.o
 .text.RC_Connection_ISR_Handler
                0x00000084       0x50 .\CortexM3\ARM_GCC_493\Debug\main.o
                0x00000084                RC_Connection_ISR_Handler
 .text.RC_Ch2_Timer_ISR_Handler
                0x000000d4       0x44 .\CortexM3\ARM_GCC_493\Debug\main.o
                0x000000d4                RC_Ch2_Timer_ISR_Handler
 .text.get_rc_value
                0x00000118       0xac .\CortexM3\ARM_GCC_493\Debug\main.o
                0x00000118                get_rc_value
 .text.run_motor
                0x000001c4       0x4c .\CortexM3\ARM_GCC_493\Debug\main.o
                0x000001c4                run_motor
 .text.main     0x00000210       0x48 .\CortexM3\ARM_GCC_493\Debug\main.o
                0x00000210                main
 .text.IntDefaultHandler
                0x00000258        0x4 .\CortexM3\ARM_GCC_493\Debug\Cm3Start.o
                0x00000258                IntDefaultHandler
 .text._sbrk    0x0000025c       0x30 .\CortexM3\ARM_GCC_493\Debug\Cm3Start.o
                0x0000025c                _sbrk
 .text.Start_c  0x0000028c       0x4c .\CortexM3\ARM_GCC_493\Debug\Cm3Start.o
                0x0000028c                Start_c
 .text.initialize_psoc
                0x000002d8       0x74 .\CortexM3\ARM_GCC_493\Debug\Cm3Start.o
                0x000002d8                initialize_psoc
 .text.CyClockStartupError
                0x0000034c        0x4 .\CortexM3\ARM_GCC_493\Debug\Ball.a(cyfitter_cfg.o)
 .text.cfg_write_bytes32
                0x00000350       0x34 .\CortexM3\ARM_GCC_493\Debug\Ball.a(cyfitter_cfg.o)
 .text.AnalogSetDefault
                0x00000384       0x28 .\CortexM3\ARM_GCC_493\Debug\Ball.a(cyfitter_cfg.o)
 .text.CYMEMZERO
                0x000003ac        0xc .\CortexM3\ARM_GCC_493\Debug\Ball.a(cyfitter_cfg.o)
 .text.ClockSetup
                0x000003b8       0xbc .\CortexM3\ARM_GCC_493\Debug\Ball.a(cyfitter_cfg.o)
 .text.CYCONFIGCPY
                0x00000474        0x8 .\CortexM3\ARM_GCC_493\Debug\Ball.a(cyfitter_cfg.o)
 .text.cyfitter_cfg
                0x0000047c       0xe4 .\CortexM3\ARM_GCC_493\Debug\Ball.a(cyfitter_cfg.o)
                0x0000047c                cyfitter_cfg
 .text.Motor_A_PWM_Enable
                0x00000560       0x10 .\CortexM3\ARM_GCC_493\Debug\Ball.a(Motor_A_PWM.o)
                0x00000560                Motor_A_PWM_Enable
 .text.Motor_A_PWM_WriteCounter
                0x00000570        0xc .\CortexM3\ARM_GCC_493\Debug\Ball.a(Motor_A_PWM.o)
                0x00000570                Motor_A_PWM_WriteCounter
 .text.Motor_A_PWM_WritePeriod
                0x0000057c        0xc .\CortexM3\ARM_GCC_493\Debug\Ball.a(Motor_A_PWM.o)
                0x0000057c                Motor_A_PWM_WritePeriod
 .text.Motor_A_PWM_WriteCompare1
                0x00000588        0xc .\CortexM3\ARM_GCC_493\Debug\Ball.a(Motor_A_PWM.o)
                0x00000588                Motor_A_PWM_WriteCompare1
 .text.Motor_A_PWM_WriteCompare2
                0x00000594        0xc .\CortexM3\ARM_GCC_493\Debug\Ball.a(Motor_A_PWM.o)
                0x00000594                Motor_A_PWM_WriteCompare2
 .text.Motor_A_PWM_SetInterruptMode
                0x000005a0        0xc .\CortexM3\ARM_GCC_493\Debug\Ball.a(Motor_A_PWM.o)
                0x000005a0                Motor_A_PWM_SetInterruptMode
 .text.Motor_A_PWM_ReadStatusRegister
                0x000005ac        0xc .\CortexM3\ARM_GCC_493\Debug\Ball.a(Motor_A_PWM.o)
                0x000005ac                Motor_A_PWM_ReadStatusRegister
 .text.Motor_A_PWM_ReadCapture
                0x000005b8        0xc .\CortexM3\ARM_GCC_493\Debug\Ball.a(Motor_A_PWM.o)
                0x000005b8                Motor_A_PWM_ReadCapture
 .text.Motor_A_PWM_ClearFIFO
                0x000005c4       0x14 .\CortexM3\ARM_GCC_493\Debug\Ball.a(Motor_A_PWM.o)
                0x000005c4                Motor_A_PWM_ClearFIFO
 .text.Motor_A_PWM_Init
                0x000005d8       0x58 .\CortexM3\ARM_GCC_493\Debug\Ball.a(Motor_A_PWM.o)
                0x000005d8                Motor_A_PWM_Init
 .text.Motor_A_PWM_Start
                0x00000630       0x1c .\CortexM3\ARM_GCC_493\Debug\Ball.a(Motor_A_PWM.o)
                0x00000630                Motor_A_PWM_Start
 *fill*         0x0000064c        0x4 
 .text          0x00000650       0x20 .\CortexM3\ARM_GCC_493\Debug\Ball.a(CyBootAsmGnu.o)
                0x00000650                CyDelayCycles
                0x00000660                CyEnterCriticalSection
                0x00000668                CyExitCriticalSection
 .text.CyHalt   0x00000670        0x4 .\CortexM3\ARM_GCC_493\Debug\Ball.a(CyLib.o)
                0x00000670                CyHalt
 .text.CyDelayUs
                0x00000674       0x14 .\CortexM3\ARM_GCC_493\Debug\Ball.a(CyLib.o)
                0x00000674                CyDelayUs
 .text.CyIntSetVector
                0x00000688       0x28 .\CortexM3\ARM_GCC_493\Debug\Ball.a(CyLib.o)
                0x00000688                CyIntSetVector
 .text.CyIntSetPriority
                0x000006b0       0x30 .\CortexM3\ARM_GCC_493\Debug\Ball.a(CyLib.o)
                0x000006b0                CyIntSetPriority
 .text.CyGetUniqueId
                0x000006e0       0x70 .\CortexM3\ARM_GCC_493\Debug\Ball.a(CyLib.o)
                0x000006e0                CyGetUniqueId
 .text.USBUART_Init
                0x00000750      0x140 .\CortexM3\ARM_GCC_493\Debug\Ball.a(USBUART.o)
                0x00000750                USBUART_Init
 .text.USBUART_InitComponent
                0x00000890       0xb8 .\CortexM3\ARM_GCC_493\Debug\Ball.a(USBUART.o)
                0x00000890                USBUART_InitComponent
 .text.USBUART_Start
                0x00000948       0x24 .\CortexM3\ARM_GCC_493\Debug\Ball.a(USBUART.o)
                0x00000948                USBUART_Start
 .text.USBUART_ReInitComponent
                0x0000096c       0x4c .\CortexM3\ARM_GCC_493\Debug\Ball.a(USBUART.o)
                0x0000096c                USBUART_ReInitComponent
 .text.USBUART_GetConfiguration
                0x000009b8        0xc .\CortexM3\ARM_GCC_493\Debug\Ball.a(USBUART.o)
                0x000009b8                USBUART_GetConfiguration
 .text.USBUART_LoadInEP
                0x000009c4       0x94 .\CortexM3\ARM_GCC_493\Debug\Ball.a(USBUART.o)
                0x000009c4                USBUART_LoadInEP
 .text.USBUART_StrLen
                0x00000a58       0x14 .\CortexM3\ARM_GCC_493\Debug\Ball.a(USBUART_cdc.o)
 .text.USBUART_GetInterfaceComPort
                0x00000a6c       0x3c .\CortexM3\ARM_GCC_493\Debug\Ball.a(USBUART_cdc.o)
                0x00000a6c                USBUART_GetInterfaceComPort
 .text.USBUART_DispatchCDCClassRqst
                0x00000aa8       0x98 .\CortexM3\ARM_GCC_493\Debug\Ball.a(USBUART_cdc.o)
                0x00000aa8                USBUART_DispatchCDCClassRqst
 .text.USBUART_PutString
                0x00000b40       0x9c .\CortexM3\ARM_GCC_493\Debug\Ball.a(USBUART_cdc.o)
                0x00000b40                USBUART_PutString
 .text.USBUART_Cdc_EpInit
                0x00000bdc       0x50 .\CortexM3\ARM_GCC_493\Debug\Ball.a(USBUART_cdc.o)
                0x00000bdc                USBUART_Cdc_EpInit
 .text.USBUART_LoadEP0
                0x00000c2c       0x94 .\CortexM3\ARM_GCC_493\Debug\Ball.a(USBUART_drv.o)
                0x00000c2c                USBUART_LoadEP0
 .text.USBUART_InitZeroLengthControlTransfer
                0x00000cc0       0x34 .\CortexM3\ARM_GCC_493\Debug\Ball.a(USBUART_drv.o)
                0x00000cc0                USBUART_InitZeroLengthControlTransfer
 .text.USBUART_ControlReadDataStage
                0x00000cf4        0x8 .\CortexM3\ARM_GCC_493\Debug\Ball.a(USBUART_drv.o)
                0x00000cf4                USBUART_ControlReadDataStage
 .text.USBUART_ControlWriteDataStage
                0x00000cfc       0x80 .\CortexM3\ARM_GCC_493\Debug\Ball.a(USBUART_drv.o)
                0x00000cfc                USBUART_ControlWriteDataStage
 .text.USBUART_InitNoDataControlTransfer
                0x00000d7c       0x2c .\CortexM3\ARM_GCC_493\Debug\Ball.a(USBUART_drv.o)
                0x00000d7c                USBUART_InitNoDataControlTransfer
 .text.USBUART_UpdateStatusBlock
                0x00000da8       0x24 .\CortexM3\ARM_GCC_493\Debug\Ball.a(USBUART_drv.o)
                0x00000da8                USBUART_UpdateStatusBlock
 .text.USBUART_HandleSetup
                0x00000dcc       0x5c .\CortexM3\ARM_GCC_493\Debug\Ball.a(USBUART_drv.o)
                0x00000dcc                USBUART_HandleSetup
 .text.USBUART_ControlReadStatusStage
                0x00000e28       0x34 .\CortexM3\ARM_GCC_493\Debug\Ball.a(USBUART_drv.o)
                0x00000e28                USBUART_ControlReadStatusStage
 .text.USBUART_HandleOUT
                0x00000e5c       0x38 .\CortexM3\ARM_GCC_493\Debug\Ball.a(USBUART_drv.o)
                0x00000e5c                USBUART_HandleOUT
 .text.USBUART_ControlWriteStatusStage
                0x00000e94       0x20 .\CortexM3\ARM_GCC_493\Debug\Ball.a(USBUART_drv.o)
                0x00000e94                USBUART_ControlWriteStatusStage
 .text.USBUART_NoDataControlStatusStage
                0x00000eb4       0x40 .\CortexM3\ARM_GCC_493\Debug\Ball.a(USBUART_drv.o)
                0x00000eb4                USBUART_NoDataControlStatusStage
 .text.USBUART_HandleIN
                0x00000ef4       0x2c .\CortexM3\ARM_GCC_493\Debug\Ball.a(USBUART_drv.o)
                0x00000ef4                USBUART_HandleIN
 .text.USBUART_EP_0_ISR
                0x00000f20       0xb8 .\CortexM3\ARM_GCC_493\Debug\Ball.a(USBUART_drv.o)
                0x00000f20                USBUART_EP_0_ISR
 .text.USBUART_InitializeStatusBlock
                0x00000fd8       0x24 .\CortexM3\ARM_GCC_493\Debug\Ball.a(USBUART_drv.o)
                0x00000fd8                USBUART_InitializeStatusBlock
 .text.USBUART_InitControlRead
                0x00000ffc       0x50 .\CortexM3\ARM_GCC_493\Debug\Ball.a(USBUART_drv.o)
                0x00000ffc                USBUART_InitControlRead
 .text.USBUART_InitControlWrite
                0x0000104c       0x48 .\CortexM3\ARM_GCC_493\Debug\Ball.a(USBUART_drv.o)
                0x0000104c                USBUART_InitControlWrite
 .text.USBUART_EP_1_ISR
                0x00001094       0x38 .\CortexM3\ARM_GCC_493\Debug\Ball.a(USBUART_episr.o)
                0x00001094                USBUART_EP_1_ISR
 .text.USBUART_EP_2_ISR
                0x000010cc       0x3c .\CortexM3\ARM_GCC_493\Debug\Ball.a(USBUART_episr.o)
                0x000010cc                USBUART_EP_2_ISR
 .text.USBUART_EP_3_ISR
                0x00001108       0x44 .\CortexM3\ARM_GCC_493\Debug\Ball.a(USBUART_episr.o)
                0x00001108                USBUART_EP_3_ISR
 .text.USBUART_SOF_ISR
                0x0000114c        0x4 .\CortexM3\ARM_GCC_493\Debug\Ball.a(USBUART_episr.o)
                0x0000114c                USBUART_SOF_ISR
 .text.USBUART_BUS_RESET_ISR
                0x00001150        0x8 .\CortexM3\ARM_GCC_493\Debug\Ball.a(USBUART_episr.o)
                0x00001150                USBUART_BUS_RESET_ISR
 .text.USBUART_DP_ISR
                0x00001158        0x8 .\CortexM3\ARM_GCC_493\Debug\Ball.a(USBUART_pm.o)
                0x00001158                USBUART_DP_ISR
 .text.USBUART_ReadDieID
                0x00001160       0x6c .\CortexM3\ARM_GCC_493\Debug\Ball.a(USBUART_std.o)
                0x00001160                USBUART_ReadDieID
 .text.USBUART_ConfigReg
                0x000011cc       0xa4 .\CortexM3\ARM_GCC_493\Debug\Ball.a(USBUART_std.o)
                0x000011cc                USBUART_ConfigReg
 .text.USBUART_GetConfigTablePtr
                0x00001270       0x28 .\CortexM3\ARM_GCC_493\Debug\Ball.a(USBUART_std.o)
                0x00001270                USBUART_GetConfigTablePtr
 .text.USBUART_ConfigAltChanged
                0x00001298      0x11c .\CortexM3\ARM_GCC_493\Debug\Ball.a(USBUART_std.o)
                0x00001298                USBUART_ConfigAltChanged
 .text.USBUART_GetDeviceTablePtr
                0x000013b4       0x18 .\CortexM3\ARM_GCC_493\Debug\Ball.a(USBUART_std.o)
                0x000013b4                USBUART_GetDeviceTablePtr
 .text.USBUART_GetInterfaceClassTablePtr
                0x000013cc       0x24 .\CortexM3\ARM_GCC_493\Debug\Ball.a(USBUART_std.o)
                0x000013cc                USBUART_GetInterfaceClassTablePtr
 .text.USBUART_Config
                0x000013f0      0x1e4 .\CortexM3\ARM_GCC_493\Debug\Ball.a(USBUART_std.o)
                0x000013f0                USBUART_Config
 .text.USBUART_SetEndpointHalt
                0x000015d4       0x64 .\CortexM3\ARM_GCC_493\Debug\Ball.a(USBUART_std.o)
                0x000015d4                USBUART_SetEndpointHalt
 .text.USBUART_ClearEndpointHalt
                0x00001638       0xa8 .\CortexM3\ARM_GCC_493\Debug\Ball.a(USBUART_std.o)
                0x00001638                USBUART_ClearEndpointHalt
 .text.USBUART_ValidateAlternateSetting
                0x000016e0       0x4c .\CortexM3\ARM_GCC_493\Debug\Ball.a(USBUART_std.o)
                0x000016e0                USBUART_ValidateAlternateSetting
 .text.USBUART_HandleStandardRqst
                0x0000172c      0x350 .\CortexM3\ARM_GCC_493\Debug\Ball.a(USBUART_std.o)
                0x0000172c                USBUART_HandleStandardRqst
 .text.USBUART_HandleVendorRqst
                0x00001a7c       0x18 .\CortexM3\ARM_GCC_493\Debug\Ball.a(USBUART_vnd.o)
                0x00001a7c                USBUART_HandleVendorRqst
 .text.USBUART_Dp_ClearInterrupt
                0x00001a94       0x10 .\CortexM3\ARM_GCC_493\Debug\Ball.a(USBUART_Dp.o)
                0x00001a94                USBUART_Dp_ClearInterrupt
 .text.RC_Ch2_Timer_Enable
                0x00001aa4       0x10 .\CortexM3\ARM_GCC_493\Debug\Ball.a(RC_Ch2_Timer.o)
                0x00001aa4                RC_Ch2_Timer_Enable
 .text.RC_Ch2_Timer_Stop
                0x00001ab4       0x10 .\CortexM3\ARM_GCC_493\Debug\Ball.a(RC_Ch2_Timer.o)
                0x00001ab4                RC_Ch2_Timer_Stop
 .text.RC_Ch2_Timer_SetInterruptMode
                0x00001ac4        0xc .\CortexM3\ARM_GCC_493\Debug\Ball.a(RC_Ch2_Timer.o)
                0x00001ac4                RC_Ch2_Timer_SetInterruptMode
 .text.RC_Ch2_Timer_ReadStatusRegister
                0x00001ad0        0xc .\CortexM3\ARM_GCC_493\Debug\Ball.a(RC_Ch2_Timer.o)
                0x00001ad0                RC_Ch2_Timer_ReadStatusRegister
 .text.RC_Ch2_Timer_WritePeriod
                0x00001adc       0x10 .\CortexM3\ARM_GCC_493\Debug\Ball.a(RC_Ch2_Timer.o)
                0x00001adc                RC_Ch2_Timer_WritePeriod
 .text.RC_Ch2_Timer_ReadCapture
                0x00001aec       0x10 .\CortexM3\ARM_GCC_493\Debug\Ball.a(RC_Ch2_Timer.o)
                0x00001aec                RC_Ch2_Timer_ReadCapture
 .text.RC_Ch2_Timer_WriteCounter
                0x00001afc       0x10 .\CortexM3\ARM_GCC_493\Debug\Ball.a(RC_Ch2_Timer.o)
                0x00001afc                RC_Ch2_Timer_WriteCounter
 .text.RC_Ch2_Timer_EnableTrigger
                0x00001b0c       0x10 .\CortexM3\ARM_GCC_493\Debug\Ball.a(RC_Ch2_Timer.o)
                0x00001b0c                RC_Ch2_Timer_EnableTrigger
 .text.RC_Ch2_Timer_SetInterruptCount
                0x00001b1c       0x1c .\CortexM3\ARM_GCC_493\Debug\Ball.a(RC_Ch2_Timer.o)
                0x00001b1c                RC_Ch2_Timer_SetInterruptCount
 .text.RC_Ch2_Timer_ClearFIFO
                0x00001b38       0x14 .\CortexM3\ARM_GCC_493\Debug\Ball.a(RC_Ch2_Timer.o)
                0x00001b38                RC_Ch2_Timer_ClearFIFO
 .text.RC_Ch2_Timer_Init
                0x00001b4c       0x40 .\CortexM3\ARM_GCC_493\Debug\Ball.a(RC_Ch2_Timer.o)
                0x00001b4c                RC_Ch2_Timer_Init
 .text.RC_Ch2_Timer_Start
                0x00001b8c       0x1c .\CortexM3\ARM_GCC_493\Debug\Ball.a(RC_Ch2_Timer.o)
                0x00001b8c                RC_Ch2_Timer_Start
 .text.RC_Ch2_Timer_Interrupt_SetVector
                0x00001ba8        0xc .\CortexM3\ARM_GCC_493\Debug\Ball.a(RC_Ch2_Timer_Interrupt.o)
                0x00001ba8                RC_Ch2_Timer_Interrupt_SetVector
 .text.RC_Ch2_Timer_Interrupt_SetPriority
                0x00001bb4       0x10 .\CortexM3\ARM_GCC_493\Debug\Ball.a(RC_Ch2_Timer_Interrupt.o)
                0x00001bb4                RC_Ch2_Timer_Interrupt_SetPriority
 .text.RC_Ch2_Timer_Interrupt_Enable
                0x00001bc4        0xc .\CortexM3\ARM_GCC_493\Debug\Ball.a(RC_Ch2_Timer_Interrupt.o)
                0x00001bc4                RC_Ch2_Timer_Interrupt_Enable
 .text.RC_Ch2_Timer_Interrupt_Disable
                0x00001bd0        0xc .\CortexM3\ARM_GCC_493\Debug\Ball.a(RC_Ch2_Timer_Interrupt.o)
                0x00001bd0                RC_Ch2_Timer_Interrupt_Disable
 .text.RC_Ch2_Timer_Interrupt_StartEx
                0x00001bdc       0x1c .\CortexM3\ARM_GCC_493\Debug\Ball.a(RC_Ch2_Timer_Interrupt.o)
                0x00001bdc                RC_Ch2_Timer_Interrupt_StartEx
 .text.RC_Connection_Timer_Enable
                0x00001bf8       0x10 .\CortexM3\ARM_GCC_493\Debug\Ball.a(RC_Connection_Timer.o)
                0x00001bf8                RC_Connection_Timer_Enable
 .text.RC_Connection_Timer_Stop
                0x00001c08       0x10 .\CortexM3\ARM_GCC_493\Debug\Ball.a(RC_Connection_Timer.o)
                0x00001c08                RC_Connection_Timer_Stop
 .text.RC_Connection_Timer_SetInterruptMode
                0x00001c18        0xc .\CortexM3\ARM_GCC_493\Debug\Ball.a(RC_Connection_Timer.o)
                0x00001c18                RC_Connection_Timer_SetInterruptMode
 .text.RC_Connection_Timer_ReadStatusRegister
                0x00001c24        0xc .\CortexM3\ARM_GCC_493\Debug\Ball.a(RC_Connection_Timer.o)
                0x00001c24                RC_Connection_Timer_ReadStatusRegister
 .text.RC_Connection_Timer_WritePeriod
                0x00001c30       0x10 .\CortexM3\ARM_GCC_493\Debug\Ball.a(RC_Connection_Timer.o)
                0x00001c30                RC_Connection_Timer_WritePeriod
 .text.RC_Connection_Timer_ReadCapture
                0x00001c40       0x10 .\CortexM3\ARM_GCC_493\Debug\Ball.a(RC_Connection_Timer.o)
                0x00001c40                RC_Connection_Timer_ReadCapture
 .text.RC_Connection_Timer_WriteCounter
                0x00001c50       0x10 .\CortexM3\ARM_GCC_493\Debug\Ball.a(RC_Connection_Timer.o)
                0x00001c50                RC_Connection_Timer_WriteCounter
 .text.RC_Connection_Timer_SetCaptureMode
                0x00001c60       0x1c .\CortexM3\ARM_GCC_493\Debug\Ball.a(RC_Connection_Timer.o)
                0x00001c60                RC_Connection_Timer_SetCaptureMode
 .text.RC_Connection_Timer_EnableTrigger
                0x00001c7c       0x10 .\CortexM3\ARM_GCC_493\Debug\Ball.a(RC_Connection_Timer.o)
                0x00001c7c                RC_Connection_Timer_EnableTrigger
 .text.RC_Connection_Timer_ClearFIFO
                0x00001c8c       0x14 .\CortexM3\ARM_GCC_493\Debug\Ball.a(RC_Connection_Timer.o)
                0x00001c8c                RC_Connection_Timer_ClearFIFO
 .text.RC_Connection_Timer_Init
                0x00001ca0       0x40 .\CortexM3\ARM_GCC_493\Debug\Ball.a(RC_Connection_Timer.o)
                0x00001ca0                RC_Connection_Timer_Init
 .text.RC_Connection_Timer_Start
                0x00001ce0       0x1c .\CortexM3\ARM_GCC_493\Debug\Ball.a(RC_Connection_Timer.o)
                0x00001ce0                RC_Connection_Timer_Start
 .text.RC_Connection_Timer_Interrupt_SetVector
                0x00001cfc        0xc .\CortexM3\ARM_GCC_493\Debug\Ball.a(RC_Connection_Timer_Interrupt.o)
                0x00001cfc                RC_Connection_Timer_Interrupt_SetVector
 .text.RC_Connection_Timer_Interrupt_SetPriority
                0x00001d08       0x10 .\CortexM3\ARM_GCC_493\Debug\Ball.a(RC_Connection_Timer_Interrupt.o)
                0x00001d08                RC_Connection_Timer_Interrupt_SetPriority
 .text.RC_Connection_Timer_Interrupt_Enable
                0x00001d18        0xc .\CortexM3\ARM_GCC_493\Debug\Ball.a(RC_Connection_Timer_Interrupt.o)
                0x00001d18                RC_Connection_Timer_Interrupt_Enable
 .text.RC_Connection_Timer_Interrupt_Disable
                0x00001d24        0xc .\CortexM3\ARM_GCC_493\Debug\Ball.a(RC_Connection_Timer_Interrupt.o)
                0x00001d24                RC_Connection_Timer_Interrupt_Disable
 .text.RC_Connection_Timer_Interrupt_StartEx
                0x00001d30       0x1c .\CortexM3\ARM_GCC_493\Debug\Ball.a(RC_Connection_Timer_Interrupt.o)
                0x00001d30                RC_Connection_Timer_Interrupt_StartEx
 .text.CySetReg24
                0x00001d4c       0x14 .\CortexM3\ARM_GCC_493\Debug\Ball.a(cyutils.o)
                0x00001d4c                CySetReg24
 .text.USBUART_DispatchClassRqst
                0x00001d60       0x58 .\CortexM3\ARM_GCC_493\Debug\Ball.a(USBUART_cls.o)
                0x00001d60                USBUART_DispatchClassRqst
 .text.__errno  0x00001db8        0xc c:/program files (x86)/cypress/psoc creator/3.3/psoc creator/import/gnu/arm/4.9.3/bin/../lib/gcc/arm-none-eabi/4.9.3/../../../../arm-none-eabi/lib/armv7-m\libg_nano.a(lib_a-errno.o)
                0x00001db8                __errno
 .text.__libc_init_array
                0x00001dc4       0x4c c:/program files (x86)/cypress/psoc creator/3.3/psoc creator/import/gnu/arm/4.9.3/bin/../lib/gcc/arm-none-eabi/4.9.3/../../../../arm-none-eabi/lib/armv7-m\libg_nano.a(lib_a-init.o)
                0x00001dc4                __libc_init_array
 .text.memcpy   0x00001e10       0x16 c:/program files (x86)/cypress/psoc creator/3.3/psoc creator/import/gnu/arm/4.9.3/bin/../lib/gcc/arm-none-eabi/4.9.3/../../../../arm-none-eabi/lib/armv7-m\libg_nano.a(lib_a-memcpy.o)
                0x00001e10                memcpy
 .text.memset   0x00001e26       0x10 c:/program files (x86)/cypress/psoc creator/3.3/psoc creator/import/gnu/arm/4.9.3/bin/../lib/gcc/arm-none-eabi/4.9.3/../../../../arm-none-eabi/lib/armv7-m\libg_nano.a(lib_a-memset.o)
                0x00001e26                memset
 *fill*         0x00001e36        0x2 
 .text.sprintf  0x00001e38       0x48 c:/program files (x86)/cypress/psoc creator/3.3/psoc creator/import/gnu/arm/4.9.3/bin/../lib/gcc/arm-none-eabi/4.9.3/../../../../arm-none-eabi/lib/armv7-m\libg_nano.a(lib_a-sprintf.o)
                0x00001e38                siprintf
                0x00001e38                sprintf
 .text.__ssputs_r
                0x00001e80       0xb2 c:/program files (x86)/cypress/psoc creator/3.3/psoc creator/import/gnu/arm/4.9.3/bin/../lib/gcc/arm-none-eabi/4.9.3/../../../../arm-none-eabi/lib/armv7-m\libg_nano.a(lib_a-nano-svfprintf.o)
                0x00001e80                __ssputs_r
 *fill*         0x00001f32        0x2 
 .text._svfprintf_r
                0x00001f34      0x1e4 c:/program files (x86)/cypress/psoc creator/3.3/psoc creator/import/gnu/arm/4.9.3/bin/../lib/gcc/arm-none-eabi/4.9.3/../../../../arm-none-eabi/lib/armv7-m\libg_nano.a(lib_a-nano-svfprintf.o)
                0x00001f34                _svfiprintf_r
                0x00001f34                _svfprintf_r
 .text._printf_common
                0x00002118       0xea c:/program files (x86)/cypress/psoc creator/3.3/psoc creator/import/gnu/arm/4.9.3/bin/../lib/gcc/arm-none-eabi/4.9.3/../../../../arm-none-eabi/lib/armv7-m\libg_nano.a(lib_a-nano-vfprintf_i.o)
                0x00002118                _printf_common
 *fill*         0x00002202        0x2 
 .text._printf_i
                0x00002204      0x240 c:/program files (x86)/cypress/psoc creator/3.3/psoc creator/import/gnu/arm/4.9.3/bin/../lib/gcc/arm-none-eabi/4.9.3/../../../../arm-none-eabi/lib/armv7-m\libg_nano.a(lib_a-nano-vfprintf_i.o)
                0x00002204                _printf_i
 .text.memchr   0x00002444       0x1c c:/program files (x86)/cypress/psoc creator/3.3/psoc creator/import/gnu/arm/4.9.3/bin/../lib/gcc/arm-none-eabi/4.9.3/../../../../arm-none-eabi/lib/armv7-m\libg_nano.a(lib_a-memchr.o)
                0x00002444                memchr
 .text.memmove  0x00002460       0x36 c:/program files (x86)/cypress/psoc creator/3.3/psoc creator/import/gnu/arm/4.9.3/bin/../lib/gcc/arm-none-eabi/4.9.3/../../../../arm-none-eabi/lib/armv7-m\libg_nano.a(lib_a-memmove.o)
                0x00002460                memmove
 *fill*         0x00002496        0x2 
 .text._free_r  0x00002498       0x88 c:/program files (x86)/cypress/psoc creator/3.3/psoc creator/import/gnu/arm/4.9.3/bin/../lib/gcc/arm-none-eabi/4.9.3/../../../../arm-none-eabi/lib/armv7-m\libg_nano.a(lib_a-nano-freer.o)
                0x00002498                _free_r
 .text._malloc_r
                0x00002520       0xac c:/program files (x86)/cypress/psoc creator/3.3/psoc creator/import/gnu/arm/4.9.3/bin/../lib/gcc/arm-none-eabi/4.9.3/../../../../arm-none-eabi/lib/armv7-m\libg_nano.a(lib_a-nano-mallocr.o)
                0x00002520                _malloc_r
 .text._realloc_r
                0x000025cc       0x4c c:/program files (x86)/cypress/psoc creator/3.3/psoc creator/import/gnu/arm/4.9.3/bin/../lib/gcc/arm-none-eabi/4.9.3/../../../../arm-none-eabi/lib/armv7-m\libg_nano.a(lib_a-nano-reallocr.o)
                0x000025cc                _realloc_r
 .text._sbrk_r  0x00002618       0x20 c:/program files (x86)/cypress/psoc creator/3.3/psoc creator/import/gnu/arm/4.9.3/bin/../lib/gcc/arm-none-eabi/4.9.3/../../../../arm-none-eabi/lib/armv7-m\libg_nano.a(lib_a-sbrkr.o)
                0x00002618                _sbrk_r
 .text._malloc_usable_size_r
                0x00002638       0x14 c:/program files (x86)/cypress/psoc creator/3.3/psoc creator/import/gnu/arm/4.9.3/bin/../lib/gcc/arm-none-eabi/4.9.3/../../../../arm-none-eabi/lib/armv7-m\libg_nano.a(lib_a-nano-msizer.o)
                0x00002638                _malloc_usable_size_r
 *(.plt)
 *(.gnu.warning)
 *(.glue_7t)
 .glue_7t       0x00000000        0x0 linker stubs
 *(.glue_7)
 .glue_7        0x00000000        0x0 linker stubs
 *(.vfp11_veneer)
 .vfp11_veneer  0x00000000        0x0 linker stubs
 *(.bootloader)
 *(.ARM.extab* .gnu.linkonce.armextab.*)
 *(.gcc_except_table)

.v4_bx          0x0000264c        0x0
 .v4_bx         0x00000000        0x0 linker stubs

.iplt           0x0000264c        0x0
 .iplt          0x00000000        0x0 c:/program files (x86)/cypress/psoc creator/3.3/psoc creator/import/gnu/arm/4.9.3/bin/../lib/gcc/arm-none-eabi/4.9.3/armv7-m/crtbegin.o

.eh_frame_hdr
 *(.eh_frame_hdr)

.eh_frame       0x0000264c        0x4
 *(.eh_frame)
 .eh_frame      0x0000264c        0x0 c:/program files (x86)/cypress/psoc creator/3.3/psoc creator/import/gnu/arm/4.9.3/bin/../lib/gcc/arm-none-eabi/4.9.3/armv7-m/crtbegin.o
 .eh_frame      0x0000264c        0x4 c:/program files (x86)/cypress/psoc creator/3.3/psoc creator/import/gnu/arm/4.9.3/bin/../lib/gcc/arm-none-eabi/4.9.3/armv7-m/crtend.o
                0x00002650                PROVIDE (__exidx_start, .)

.ARM.exidx
 *(.ARM.exidx* .gnu.linkonce.armexidx.*)
                0x00002650                __exidx_end = .

.rodata         0x00002650      0x238
 *(.rodata .rodata.* .gnu.linkonce.r.*)
 .rodata.str1.4
                0x00002650       0x2c .\CortexM3\ARM_GCC_493\Debug\main.o
 .rodata        0x0000267c       0x2c .\CortexM3\ARM_GCC_493\Debug\Ball.a(cyfitter_cfg.o)
 .rodata.str1.4
                0x000026a8       0x14 .\CortexM3\ARM_GCC_493\Debug\Ball.a(USBUART_std.o)
 .rodata        0x000026bc      0x160 .\CortexM3\ARM_GCC_493\Debug\Ball.a(USBUART_descr.o)
                0x000026bc                USBUART_TABLE
                0x000026c4                USBUART_DEVICE0_TABLE
                0x000026dc                USBUART_DEVICE0_CONFIGURATION0_TABLE
                0x00002704                USBUART_DEVICE0_CONFIGURATION0_INTERFACE_CLASS
                0x00002708                USBUART_DEVICE0_CONFIGURATION0_EP_SETTINGS_TABLE
                0x00002720                USBUART_SN_STRING_DESCRIPTOR
                0x00002724                USBUART_STRING_DESCRIPTORS
                0x000027c4                USBUART_DEVICE0_CONFIGURATION0_DESCR
                0x00002808                USBUART_DEVICE0_DESCR
 .rodata.str1.1
                0x0000281c        0x2 c:/program files (x86)/cypress/psoc creator/3.3/psoc creator/import/gnu/arm/4.9.3/bin/../lib/gcc/arm-none-eabi/4.9.3/../../../../arm-none-eabi/lib/armv7-m\libg_nano.a(lib_a-impure.o)
 .rodata.str1.1
                0x0000281e       0x11 c:/program files (x86)/cypress/psoc creator/3.3/psoc creator/import/gnu/arm/4.9.3/bin/../lib/gcc/arm-none-eabi/4.9.3/../../../../arm-none-eabi/lib/armv7-m\libg_nano.a(lib_a-nano-svfprintf.o)
 .rodata.str1.1
                0x0000282f       0x22 c:/program files (x86)/cypress/psoc creator/3.3/psoc creator/import/gnu/arm/4.9.3/bin/../lib/gcc/arm-none-eabi/4.9.3/../../../../arm-none-eabi/lib/armv7-m\libg_nano.a(lib_a-nano-vfprintf_i.o)
                0x00002854                . = ALIGN (0x4)
 *fill*         0x00002851        0x3 
 *(.init)
 .init          0x00002854        0x4 c:/program files (x86)/cypress/psoc creator/3.3/psoc creator/import/gnu/arm/4.9.3/bin/../lib/gcc/arm-none-eabi/4.9.3/armv7-m/crti.o
                0x00002854                _init
 .init          0x00002858        0x8 c:/program files (x86)/cypress/psoc creator/3.3/psoc creator/import/gnu/arm/4.9.3/bin/../lib/gcc/arm-none-eabi/4.9.3/armv7-m/crtn.o
                0x00002860                . = ALIGN (0x4)
                0x00002860                __preinit_array_start = .
 *(.preinit_array)
                0x00002860                __preinit_array_end = .
                0x00002860                . = ALIGN (0x4)
                0x00002860                __init_array_start = .
 *(SORT(.init_array.*))
 *(.init_array)
 .init_array    0x00002860        0x4 c:/program files (x86)/cypress/psoc creator/3.3/psoc creator/import/gnu/arm/4.9.3/bin/../lib/gcc/arm-none-eabi/4.9.3/armv7-m/crtbegin.o
 .init_array    0x00002864        0x4 .\CortexM3\ARM_GCC_493\Debug\Cm3Start.o
                0x00002868                __init_array_end = .
                0x00002868                . = ALIGN (0x4)
 *(.fini)
 .fini          0x00002868        0x4 c:/program files (x86)/cypress/psoc creator/3.3/psoc creator/import/gnu/arm/4.9.3/bin/../lib/gcc/arm-none-eabi/4.9.3/armv7-m/crti.o
                0x00002868                _fini
 .fini          0x0000286c        0x8 c:/program files (x86)/cypress/psoc creator/3.3/psoc creator/import/gnu/arm/4.9.3/bin/../lib/gcc/arm-none-eabi/4.9.3/armv7-m/crtn.o
                0x00002874                . = ALIGN (0x4)
                0x00002874                __fini_array_start = .
 *(.fini_array)
 .fini_array    0x00002874        0x4 c:/program files (x86)/cypress/psoc creator/3.3/psoc creator/import/gnu/arm/4.9.3/bin/../lib/gcc/arm-none-eabi/4.9.3/armv7-m/crtbegin.o
 *(SORT(.fini_array.*))
                0x00002878                __fini_array_end = .
                0x00002878                . = ALIGN (0x4)
 *crtbegin.o(.ctors)
 *(EXCLUDE_FILE(*crtend.o) .ctors)
 *(SORT(.ctors.*))
 *crtend.o(.ctors)
                0x00002878                . = ALIGN (0x4)
 *crtbegin.o(.dtors)
 *(EXCLUDE_FILE(*crtend.o) .dtors)
 *(SORT(.dtors.*))
 *crtend.o(.dtors)
                0x00002878                . = ALIGN (0x4)
                0x00002878                __cy_regions = .
                0x00002878        0x4 LONG 0x2888 __cy_region_init_ram
                0x0000287c        0x4 LONG 0x1fff8108 __cy_region_start_data
                0x00002880        0x4 LONG 0x98 __cy_region_init_size_ram
                0x00002884        0x4 LONG 0x168 __cy_region_zero_size_ram
                0x00002888                __cy_regions_end = .
                0x00002888                . = ALIGN (0x8)
                0x00002888                _etext = .

.cy_checksum_exclude
                0x00002888        0x0
 *(.cy_checksum_exclude)

.ramvectors     0x1fff8000      0x100
                0x1fff8000                __cy_region_start_ram = .
 *(.ramvectors)
 .ramvectors    0x1fff8000      0x100 .\CortexM3\ARM_GCC_493\Debug\Cm3Start.o
                0x1fff8000                CyRamVectors

.noinit         0x1fff8100        0x5
 *(.noinit)
 .noinit        0x1fff8100        0x4 .\CortexM3\ARM_GCC_493\Debug\Cm3Start.o
 .noinit        0x1fff8104        0x1 .\CortexM3\ARM_GCC_493\Debug\Ball.a(CyLib.o)
                0x1fff8104                CyResetStatus

.data           0x1fff8108       0x98 load address 0x00002888
                0x1fff8108                __cy_region_start_data = .
 *(.jcr)
 .jcr           0x1fff8108        0x0 c:/program files (x86)/cypress/psoc creator/3.3/psoc creator/import/gnu/arm/4.9.3/bin/../lib/gcc/arm-none-eabi/4.9.3/armv7-m/crtbegin.o
 .jcr           0x1fff8108        0x4 c:/program files (x86)/cypress/psoc creator/3.3/psoc creator/import/gnu/arm/4.9.3/bin/../lib/gcc/arm-none-eabi/4.9.3/armv7-m/crtend.o
 *(.got.plt)
 *(.got)
 *(.shdata)
 *(.data .data.* .gnu.linkonce.d.*)
 .data          0x1fff810c        0x4 .\CortexM3\ARM_GCC_493\Debug\Cm3Start.o
 .data          0x1fff8110       0x10 .\CortexM3\ARM_GCC_493\Debug\Ball.a(CyLib.o)
                0x1fff8110                cydelay_32k_ms
                0x1fff8114                cydelay_freq_khz
                0x1fff8118                cydelay_freq_mhz
                0x1fff811c                cydelay_freq_hz
 .data          0x1fff8120       0x1c .\CortexM3\ARM_GCC_493\Debug\Ball.a(USBUART_cdc.o)
                0x1fff8120                USBUART_linesCoding
 .data.impure_data
                0x1fff813c       0x60 c:/program files (x86)/cypress/psoc creator/3.3/psoc creator/import/gnu/arm/4.9.3/bin/../lib/gcc/arm-none-eabi/4.9.3/../../../../arm-none-eabi/lib/armv7-m\libg_nano.a(lib_a-impure.o)
 .data._impure_ptr
                0x1fff819c        0x4 c:/program files (x86)/cypress/psoc creator/3.3/psoc creator/import/gnu/arm/4.9.3/bin/../lib/gcc/arm-none-eabi/4.9.3/../../../../arm-none-eabi/lib/armv7-m\libg_nano.a(lib_a-impure.o)
                0x1fff819c                _impure_ptr
                0x1fff81a0                . = ALIGN (0x8)
 *(.ram)
                0x1fff81a0                _edata = .

.igot.plt       0x1fff81a0        0x0 load address 0x00002920
 .igot.plt      0x00000000        0x0 c:/program files (x86)/cypress/psoc creator/3.3/psoc creator/import/gnu/arm/4.9.3/bin/../lib/gcc/arm-none-eabi/4.9.3/armv7-m/crtbegin.o

.bss            0x1fff81a0      0x168 load address 0x00002920
                0x1fff81a0                PROVIDE (__bss_start__, .)
 *(.shbss)
 *(.bss .bss.* .gnu.linkonce.b.*)
 .bss           0x1fff81a0       0x1c c:/program files (x86)/cypress/psoc creator/3.3/psoc creator/import/gnu/arm/4.9.3/bin/../lib/gcc/arm-none-eabi/4.9.3/armv7-m/crtbegin.o
 .bss           0x1fff81bc       0x58 .\CortexM3\ARM_GCC_493\Debug\main.o
                0x1fff81cc                last_rc_timer_count
                0x1fff81d0                motor_pwm
                0x1fff81d4                debug_data_buf
 .bss           0x1fff8214        0x1 .\CortexM3\ARM_GCC_493\Debug\Ball.a(Motor_A_PWM.o)
                0x1fff8214                Motor_A_PWM_initVar
 .bss           0x1fff8215        0x1 .\CortexM3\ARM_GCC_493\Debug\Ball.a(USBUART.o)
                0x1fff8215                USBUART_initVar
 .bss           0x1fff8216        0x1 .\CortexM3\ARM_GCC_493\Debug\Ball.a(USBUART_cdc.o)
 *fill*         0x1fff8217        0x1 
 .bss           0x1fff8218        0x4 .\CortexM3\ARM_GCC_493\Debug\Ball.a(USBUART_std.o)
 .bss           0x1fff821c        0x1 .\CortexM3\ARM_GCC_493\Debug\Ball.a(RC_Ch2_Timer.o)
                0x1fff821c                RC_Ch2_Timer_initVar
 .bss           0x1fff821d        0x1 .\CortexM3\ARM_GCC_493\Debug\Ball.a(RC_Connection_Timer.o)
                0x1fff821d                RC_Connection_Timer_initVar
 *fill*         0x1fff821e        0x2 
 .bss.__malloc_sbrk_start
                0x1fff8220        0x4 c:/program files (x86)/cypress/psoc creator/3.3/psoc creator/import/gnu/arm/4.9.3/bin/../lib/gcc/arm-none-eabi/4.9.3/../../../../arm-none-eabi/lib/armv7-m\libg_nano.a(lib_a-nano-mallocr.o)
                0x1fff8220                __malloc_sbrk_start
 .bss.__malloc_free_list
                0x1fff8224        0x4 c:/program files (x86)/cypress/psoc creator/3.3/psoc creator/import/gnu/arm/4.9.3/bin/../lib/gcc/arm-none-eabi/4.9.3/../../../../arm-none-eabi/lib/armv7-m\libg_nano.a(lib_a-nano-mallocr.o)
                0x1fff8224                __malloc_free_list
 *(COMMON)
 COMMON         0x1fff8228       0x18 .\CortexM3\ARM_GCC_493\Debug\Ball.a(USBUART_cdc.o)
                0x1fff8228                USBUART_linesChanged
                0x1fff822c                USBUART_cdcDataInEp
                0x1fff8230                USBUART_cdcCommInInterruptEp
                0x1fff8234                USBUART_cdcDataOutEp
                0x1fff8238                USBUART_serialStateBitmap
                0x1fff823c                USBUART_linesControlBitmap
 COMMON         0x1fff8240       0x9a .\CortexM3\ARM_GCC_493\Debug\Ball.a(USBUART_drv.o)
                0x1fff8240                USBUART_lastPacketSize
                0x1fff8241                USBUART_device
                0x1fff8242                USBUART_transferByteCount
                0x1fff8244                USBUART_transferState
                0x1fff8248                USBUART_interfaceSettingLast
                0x1fff824c                USBUART_currentTD
                0x1fff8258                USBUART_interfaceNumber
                0x1fff825c                USBUART_interfaceClass
                0x1fff8260                USBUART_configurationChanged
                0x1fff8261                USBUART_ep0Mode
                0x1fff8262                USBUART_deviceAddress
                0x1fff8263                USBUART_configuration
                0x1fff8264                USBUART_ep0Count
                0x1fff8265                USBUART_deviceStatus
                0x1fff8268                USBUART_EP
                0x1fff82d4                USBUART_interfaceSetting
                0x1fff82d6                USBUART_ep0Toggle
                0x1fff82d8                USBUART_interfaceStatus
 *fill*         0x1fff82da        0x2 
 COMMON         0x1fff82dc       0x22 .\CortexM3\ARM_GCC_493\Debug\Ball.a(USBUART_descr.o)
                0x1fff82dc                USBUART_idSerialNumberStringDescriptor
 *fill*         0x1fff82fe        0x2 
 COMMON         0x1fff8300        0x4 c:/program files (x86)/cypress/psoc creator/3.3/psoc creator/import/gnu/arm/4.9.3/bin/../lib/gcc/arm-none-eabi/4.9.3/../../../../arm-none-eabi/lib/armv7-m\libg_nano.a(lib_a-reent.o)
                0x1fff8300                errno
                0x1fff8308                . = ALIGN (0x8)
 *fill*         0x1fff8304        0x4 
 *(.ram.b)
                0x1fff8308                _end = .
                0x1fff8308                __end = .
                0x1fff8308                PROVIDE (end, .)
                0x1fff8308                PROVIDE (__bss_end__, .)
                0x00002888                __cy_region_init_ram = LOADADDR (.data)
                0x00000098                __cy_region_init_size_ram = (_edata - ADDR (.data))
                0x00000168                __cy_region_zero_size_ram = (_end - _edata)

.heap           0x1fff8308       0x80 load address 0x00002920
                0x1fff8308                . = _end
                0x1fff8388                . = (. + 0x80)
 *fill*         0x1fff8308       0x80 
                0x1fff8388                __cy_heap_limit = .

.stack          0x20007800      0x800
                0x20007800                __cy_stack_limit = .
                0x20008000                . = (. + 0x800)
 *fill*         0x20007800      0x800 
                0x00000001                ASSERT ((__cy_stack_limit >= __cy_heap_limit), region RAM overflowed with stack)
                0x00000000                cy_checksum_exclude_size = (CY_APPL_LOADABLE == 0x1)?SIZEOF (.cy_checksum_exclude):0x0
                0x00000001                ASSERT ((cy_checksum_exclude_size <= CY_CHECKSUM_EXCLUDE_SIZE), CY_BOOT: Section .cy_checksum_exclude size exceedes specified limit.)

.cyloadermeta
 *(.cyloadermeta)

.cyloadablemeta
 *(.cyloadablemeta)

.cyconfigecc    0x80000000      0x430
 *(.cyconfigecc)
 .cyconfigecc   0x80000000      0x430 .\CortexM3\ARM_GCC_493\Debug\cymetadata.o
                0x80000000                cy_meta_configecc

.cycustnvl      0x90000000        0x4
 *(.cycustnvl)
 .cycustnvl     0x90000000        0x4 .\CortexM3\ARM_GCC_493\Debug\cymetadata.o
                0x90000000                cy_meta_custnvl

.cywolatch      0x90100000        0x4
 *(.cywolatch)
 .cywolatch     0x90100000        0x4 .\CortexM3\ARM_GCC_493\Debug\cymetadata.o
                0x90100000                cy_meta_wonvl

.cyeeprom       0x90200000        0x0
 *(.cyeeprom)
                0x00000001                ASSERT ((. <= ((0x90200000 + ee_offset) + ee_size)), .cyeeprom data will not fit in EEPROM)

.cyflashprotect
                0x90400000      0x100
 *(.cyflashprotect)
 .cyflashprotect
                0x90400000      0x100 .\CortexM3\ARM_GCC_493\Debug\cymetadata.o
                0x90400000                cy_meta_flashprotect

.cymeta         0x90500000        0xc
 *(.cymeta)
 .cymeta        0x90500000        0xc .\CortexM3\ARM_GCC_493\Debug\cymetadata.o
                0x90500000                cy_metadata

.rel.dyn        0x00002920        0x0 load address 0x9050000c
 .rel.iplt      0x00000000        0x0 c:/program files (x86)/cypress/psoc creator/3.3/psoc creator/import/gnu/arm/4.9.3/bin/../lib/gcc/arm-none-eabi/4.9.3/armv7-m/crtbegin.o

.stab
 *(.stab)

.stabstr
 *(.stabstr)

.debug
 *(.debug)

.line
 *(.line)

.debug_srcinfo
 *(.debug_srcinfo)

.debug_sfnames
 *(.debug_sfnames)

.debug_aranges  0x00000000      0xc40
 *(.debug_aranges)
 .debug_aranges
                0x00000000       0x40 .\CortexM3\ARM_GCC_493\Debug\main.o
 .debug_aranges
                0x00000040       0x18 .\CortexM3\ARM_GCC_493\Debug\cymetadata.o
 .debug_aranges
                0x00000058       0x48 .\CortexM3\ARM_GCC_493\Debug\Cm3Start.o
 .debug_aranges
                0x000000a0       0x58 .\CortexM3\ARM_GCC_493\Debug\Ball.a(cyfitter_cfg.o)
 .debug_aranges
                0x000000f8       0xa8 .\CortexM3\ARM_GCC_493\Debug\Ball.a(Motor_A_PWM.o)
 .debug_aranges
                0x000001a0       0x20 .\CortexM3\ARM_GCC_493\Debug\Ball.a(CyBootAsmGnu.o)
 .debug_aranges
                0x000001c0      0x298 .\CortexM3\ARM_GCC_493\Debug\Ball.a(CyLib.o)
 .debug_aranges
                0x00000458       0x98 .\CortexM3\ARM_GCC_493\Debug\Ball.a(cyPm.o)
 .debug_aranges
                0x000004f0       0xc8 .\CortexM3\ARM_GCC_493\Debug\Ball.a(USBUART.o)
 .debug_aranges
                0x000005b8       0xe8 .\CortexM3\ARM_GCC_493\Debug\Ball.a(USBUART_cdc.o)
 .debug_aranges
                0x000006a0       0x98 .\CortexM3\ARM_GCC_493\Debug\Ball.a(USBUART_drv.o)
 .debug_aranges
                0x00000738       0x40 .\CortexM3\ARM_GCC_493\Debug\Ball.a(USBUART_episr.o)
 .debug_aranges
                0x00000778       0x40 .\CortexM3\ARM_GCC_493\Debug\Ball.a(USBUART_pm.o)
 .debug_aranges
                0x000007b8       0x80 .\CortexM3\ARM_GCC_493\Debug\Ball.a(USBUART_std.o)
 .debug_aranges
                0x00000838       0x20 .\CortexM3\ARM_GCC_493\Debug\Ball.a(USBUART_vnd.o)
 .debug_aranges
                0x00000858       0x48 .\CortexM3\ARM_GCC_493\Debug\Ball.a(USBUART_Dp.o)
 .debug_aranges
                0x000008a0       0xa8 .\CortexM3\ARM_GCC_493\Debug\Ball.a(RC_Ch2_Timer.o)
 .debug_aranges
                0x00000948       0x80 .\CortexM3\ARM_GCC_493\Debug\Ball.a(RC_Ch2_Timer_Interrupt.o)
 .debug_aranges
                0x000009c8       0xa8 .\CortexM3\ARM_GCC_493\Debug\Ball.a(RC_Connection_Timer.o)
 .debug_aranges
                0x00000a70       0x80 .\CortexM3\ARM_GCC_493\Debug\Ball.a(RC_Connection_Timer_Interrupt.o)
 .debug_aranges
                0x00000af0       0x80 .\CortexM3\ARM_GCC_493\Debug\Ball.a(CyFlash.o)
 .debug_aranges
                0x00000b70       0x78 .\CortexM3\ARM_GCC_493\Debug\Ball.a(CySpc.o)
 .debug_aranges
                0x00000be8       0x20 .\CortexM3\ARM_GCC_493\Debug\Ball.a(cyutils.o)
 .debug_aranges
                0x00000c08       0x20 .\CortexM3\ARM_GCC_493\Debug\Ball.a(USBUART_cls.o)
 .debug_aranges
                0x00000c28       0x18 .\CortexM3\ARM_GCC_493\Debug\Ball.a(USBUART_descr.o)

.debug_pubnames
 *(.debug_pubnames)

.debug_info     0x00000000     0x7c91
 *(.debug_info .gnu.linkonce.wi.*)
 .debug_info    0x00000000      0x5d2 .\CortexM3\ARM_GCC_493\Debug\main.o
 .debug_info    0x000005d2      0x13b .\CortexM3\ARM_GCC_493\Debug\cymetadata.o
 .debug_info    0x0000070d      0x39f .\CortexM3\ARM_GCC_493\Debug\Cm3Start.o
 .debug_info    0x00000aac      0x4d3 .\CortexM3\ARM_GCC_493\Debug\Ball.a(cyfitter_cfg.o)
 .debug_info    0x00000f7f      0x37c .\CortexM3\ARM_GCC_493\Debug\Ball.a(Motor_A_PWM.o)
 .debug_info    0x000012fb       0xe3 .\CortexM3\ARM_GCC_493\Debug\Ball.a(CyBootAsmGnu.o)
 .debug_info    0x000013de     0x136f .\CortexM3\ARM_GCC_493\Debug\Ball.a(CyLib.o)
 .debug_info    0x0000274d      0xa57 .\CortexM3\ARM_GCC_493\Debug\Ball.a(cyPm.o)
 .debug_info    0x000031a4      0x9ac .\CortexM3\ARM_GCC_493\Debug\Ball.a(USBUART.o)
 .debug_info    0x00003b50      0xb16 .\CortexM3\ARM_GCC_493\Debug\Ball.a(USBUART_cdc.o)
 .debug_info    0x00004666      0x649 .\CortexM3\ARM_GCC_493\Debug\Ball.a(USBUART_drv.o)
 .debug_info    0x00004caf      0x244 .\CortexM3\ARM_GCC_493\Debug\Ball.a(USBUART_episr.o)
 .debug_info    0x00004ef3      0x2ef .\CortexM3\ARM_GCC_493\Debug\Ball.a(USBUART_pm.o)
 .debug_info    0x000051e2      0xb35 .\CortexM3\ARM_GCC_493\Debug\Ball.a(USBUART_std.o)
 .debug_info    0x00005d17       0xe6 .\CortexM3\ARM_GCC_493\Debug\Ball.a(USBUART_vnd.o)
 .debug_info    0x00005dfd      0x174 .\CortexM3\ARM_GCC_493\Debug\Ball.a(USBUART_Dp.o)
 .debug_info    0x00005f71      0x3a5 .\CortexM3\ARM_GCC_493\Debug\Ball.a(RC_Ch2_Timer.o)
 .debug_info    0x00006316      0x2cb .\CortexM3\ARM_GCC_493\Debug\Ball.a(RC_Ch2_Timer_Interrupt.o)
 .debug_info    0x000065e1      0x3a6 .\CortexM3\ARM_GCC_493\Debug\Ball.a(RC_Connection_Timer.o)
 .debug_info    0x00006987      0x2cb .\CortexM3\ARM_GCC_493\Debug\Ball.a(RC_Connection_Timer_Interrupt.o)
 .debug_info    0x00006c52      0x608 .\CortexM3\ARM_GCC_493\Debug\Ball.a(CyFlash.o)
 .debug_info    0x0000725a      0x4ea .\CortexM3\ARM_GCC_493\Debug\Ball.a(CySpc.o)
 .debug_info    0x00007744       0xee .\CortexM3\ARM_GCC_493\Debug\Ball.a(cyutils.o)
 .debug_info    0x00007832      0x1d2 .\CortexM3\ARM_GCC_493\Debug\Ball.a(USBUART_cls.o)
 .debug_info    0x00007a04      0x28d .\CortexM3\ARM_GCC_493\Debug\Ball.a(USBUART_descr.o)

.debug_abbrev   0x00000000     0x2426
 *(.debug_abbrev)
 .debug_abbrev  0x00000000      0x203 .\CortexM3\ARM_GCC_493\Debug\main.o
 .debug_abbrev  0x00000203       0x66 .\CortexM3\ARM_GCC_493\Debug\cymetadata.o
 .debug_abbrev  0x00000269      0x200 .\CortexM3\ARM_GCC_493\Debug\Cm3Start.o
 .debug_abbrev  0x00000469      0x203 .\CortexM3\ARM_GCC_493\Debug\Ball.a(cyfitter_cfg.o)
 .debug_abbrev  0x0000066c      0x14d .\CortexM3\ARM_GCC_493\Debug\Ball.a(Motor_A_PWM.o)
 .debug_abbrev  0x000007b9       0x14 .\CortexM3\ARM_GCC_493\Debug\Ball.a(CyBootAsmGnu.o)
 .debug_abbrev  0x000007cd      0x296 .\CortexM3\ARM_GCC_493\Debug\Ball.a(CyLib.o)
 .debug_abbrev  0x00000a63      0x1ed .\CortexM3\ARM_GCC_493\Debug\Ball.a(cyPm.o)
 .debug_abbrev  0x00000c50      0x25e .\CortexM3\ARM_GCC_493\Debug\Ball.a(USBUART.o)
 .debug_abbrev  0x00000eae      0x28b .\CortexM3\ARM_GCC_493\Debug\Ball.a(USBUART_cdc.o)
 .debug_abbrev  0x00001139      0x18b .\CortexM3\ARM_GCC_493\Debug\Ball.a(USBUART_drv.o)
 .debug_abbrev  0x000012c4      0x11b .\CortexM3\ARM_GCC_493\Debug\Ball.a(USBUART_episr.o)
 .debug_abbrev  0x000013df      0x146 .\CortexM3\ARM_GCC_493\Debug\Ball.a(USBUART_pm.o)
 .debug_abbrev  0x00001525      0x23d .\CortexM3\ARM_GCC_493\Debug\Ball.a(USBUART_std.o)
 .debug_abbrev  0x00001762       0x9b .\CortexM3\ARM_GCC_493\Debug\Ball.a(USBUART_vnd.o)
 .debug_abbrev  0x000017fd       0x90 .\CortexM3\ARM_GCC_493\Debug\Ball.a(USBUART_Dp.o)
 .debug_abbrev  0x0000188d      0x170 .\CortexM3\ARM_GCC_493\Debug\Ball.a(RC_Ch2_Timer.o)
 .debug_abbrev  0x000019fd      0x173 .\CortexM3\ARM_GCC_493\Debug\Ball.a(RC_Ch2_Timer_Interrupt.o)
 .debug_abbrev  0x00001b70      0x170 .\CortexM3\ARM_GCC_493\Debug\Ball.a(RC_Connection_Timer.o)
 .debug_abbrev  0x00001ce0      0x173 .\CortexM3\ARM_GCC_493\Debug\Ball.a(RC_Connection_Timer_Interrupt.o)
 .debug_abbrev  0x00001e53      0x1ed .\CortexM3\ARM_GCC_493\Debug\Ball.a(CyFlash.o)
 .debug_abbrev  0x00002040      0x1c1 .\CortexM3\ARM_GCC_493\Debug\Ball.a(CySpc.o)
 .debug_abbrev  0x00002201       0x8e .\CortexM3\ARM_GCC_493\Debug\Ball.a(cyutils.o)
 .debug_abbrev  0x0000228f       0xe3 .\CortexM3\ARM_GCC_493\Debug\Ball.a(USBUART_cls.o)
 .debug_abbrev  0x00002372       0xb4 .\CortexM3\ARM_GCC_493\Debug\Ball.a(USBUART_descr.o)

.debug_line     0x00000000     0x2f2e
 *(.debug_line)
 .debug_line    0x00000000      0x299 .\CortexM3\ARM_GCC_493\Debug\main.o
 .debug_line    0x00000299       0x53 .\CortexM3\ARM_GCC_493\Debug\cymetadata.o
 .debug_line    0x000002ec      0x249 .\CortexM3\ARM_GCC_493\Debug\Cm3Start.o
 .debug_line    0x00000535      0x1dd .\CortexM3\ARM_GCC_493\Debug\Ball.a(cyfitter_cfg.o)
 .debug_line    0x00000712      0x1b1 .\CortexM3\ARM_GCC_493\Debug\Ball.a(Motor_A_PWM.o)
 .debug_line    0x000008c3       0x68 .\CortexM3\ARM_GCC_493\Debug\Ball.a(CyBootAsmGnu.o)
 .debug_line    0x0000092b      0x806 .\CortexM3\ARM_GCC_493\Debug\Ball.a(CyLib.o)
 .debug_line    0x00001131      0x366 .\CortexM3\ARM_GCC_493\Debug\Ball.a(cyPm.o)
 .debug_line    0x00001497      0x2ca .\CortexM3\ARM_GCC_493\Debug\Ball.a(USBUART.o)
 .debug_line    0x00001761      0x2f4 .\CortexM3\ARM_GCC_493\Debug\Ball.a(USBUART_cdc.o)
 .debug_line    0x00001a55      0x223 .\CortexM3\ARM_GCC_493\Debug\Ball.a(USBUART_drv.o)
 .debug_line    0x00001c78       0xe8 .\CortexM3\ARM_GCC_493\Debug\Ball.a(USBUART_episr.o)
 .debug_line    0x00001d60      0x110 .\CortexM3\ARM_GCC_493\Debug\Ball.a(USBUART_pm.o)
 .debug_line    0x00001e70      0x3e4 .\CortexM3\ARM_GCC_493\Debug\Ball.a(USBUART_std.o)
 .debug_line    0x00002254       0x75 .\CortexM3\ARM_GCC_493\Debug\Ball.a(USBUART_vnd.o)
 .debug_line    0x000022c9       0xbd .\CortexM3\ARM_GCC_493\Debug\Ball.a(USBUART_Dp.o)
 .debug_line    0x00002386      0x1ae .\CortexM3\ARM_GCC_493\Debug\Ball.a(RC_Ch2_Timer.o)
 .debug_line    0x00002534      0x15c .\CortexM3\ARM_GCC_493\Debug\Ball.a(RC_Ch2_Timer_Interrupt.o)
 .debug_line    0x00002690      0x1b8 .\CortexM3\ARM_GCC_493\Debug\Ball.a(RC_Connection_Timer.o)
 .debug_line    0x00002848      0x163 .\CortexM3\ARM_GCC_493\Debug\Ball.a(RC_Connection_Timer_Interrupt.o)
 .debug_line    0x000029ab      0x1ec .\CortexM3\ARM_GCC_493\Debug\Ball.a(CyFlash.o)
 .debug_line    0x00002b97      0x23e .\CortexM3\ARM_GCC_493\Debug\Ball.a(CySpc.o)
 .debug_line    0x00002dd5       0x62 .\CortexM3\ARM_GCC_493\Debug\Ball.a(cyutils.o)
 .debug_line    0x00002e37       0x94 .\CortexM3\ARM_GCC_493\Debug\Ball.a(USBUART_cls.o)
 .debug_line    0x00002ecb       0x63 .\CortexM3\ARM_GCC_493\Debug\Ball.a(USBUART_descr.o)

.debug_frame    0x00000000     0x2144
 *(.debug_frame)
 .debug_frame   0x00000000       0xa4 .\CortexM3\ARM_GCC_493\Debug\main.o
 .debug_frame   0x000000a4       0xac .\CortexM3\ARM_GCC_493\Debug\Cm3Start.o
 .debug_frame   0x00000150       0xe4 .\CortexM3\ARM_GCC_493\Debug\Ball.a(cyfitter_cfg.o)
 .debug_frame   0x00000234      0x154 .\CortexM3\ARM_GCC_493\Debug\Ball.a(Motor_A_PWM.o)
 .debug_frame   0x00000388      0x728 .\CortexM3\ARM_GCC_493\Debug\Ball.a(CyLib.o)
 .debug_frame   0x00000ab0      0x1f8 .\CortexM3\ARM_GCC_493\Debug\Ball.a(cyPm.o)
 .debug_frame   0x00000ca8      0x1dc .\CortexM3\ARM_GCC_493\Debug\Ball.a(USBUART.o)
 .debug_frame   0x00000e84      0x278 .\CortexM3\ARM_GCC_493\Debug\Ball.a(USBUART_cdc.o)
 .debug_frame   0x000010fc      0x194 .\CortexM3\ARM_GCC_493\Debug\Ball.a(USBUART_drv.o)
 .debug_frame   0x00001290       0x6c .\CortexM3\ARM_GCC_493\Debug\Ball.a(USBUART_episr.o)
 .debug_frame   0x000012fc       0xa0 .\CortexM3\ARM_GCC_493\Debug\Ball.a(USBUART_pm.o)
 .debug_frame   0x0000139c      0x17c .\CortexM3\ARM_GCC_493\Debug\Ball.a(USBUART_std.o)
 .debug_frame   0x00001518       0x20 .\CortexM3\ARM_GCC_493\Debug\Ball.a(USBUART_vnd.o)
 .debug_frame   0x00001538       0x70 .\CortexM3\ARM_GCC_493\Debug\Ball.a(USBUART_Dp.o)
 .debug_frame   0x000015a8      0x16c .\CortexM3\ARM_GCC_493\Debug\Ball.a(RC_Ch2_Timer.o)
 .debug_frame   0x00001714      0x104 .\CortexM3\ARM_GCC_493\Debug\Ball.a(RC_Ch2_Timer_Interrupt.o)
 .debug_frame   0x00001818      0x16c .\CortexM3\ARM_GCC_493\Debug\Ball.a(RC_Connection_Timer.o)
 .debug_frame   0x00001984      0x104 .\CortexM3\ARM_GCC_493\Debug\Ball.a(RC_Connection_Timer_Interrupt.o)
 .debug_frame   0x00001a88      0x174 .\CortexM3\ARM_GCC_493\Debug\Ball.a(CyFlash.o)
 .debug_frame   0x00001bfc      0x160 .\CortexM3\ARM_GCC_493\Debug\Ball.a(CySpc.o)
 .debug_frame   0x00001d5c       0x20 .\CortexM3\ARM_GCC_493\Debug\Ball.a(cyutils.o)
 .debug_frame   0x00001d7c       0x2c .\CortexM3\ARM_GCC_493\Debug\Ball.a(USBUART_cls.o)
 .debug_frame   0x00001da8       0x20 c:/program files (x86)/cypress/psoc creator/3.3/psoc creator/import/gnu/arm/4.9.3/bin/../lib/gcc/arm-none-eabi/4.9.3/../../../../arm-none-eabi/lib/armv7-m\libg_nano.a(lib_a-errno.o)
 .debug_frame   0x00001dc8       0x28 c:/program files (x86)/cypress/psoc creator/3.3/psoc creator/import/gnu/arm/4.9.3/bin/../lib/gcc/arm-none-eabi/4.9.3/../../../../arm-none-eabi/lib/armv7-m\libg_nano.a(lib_a-exit.o)
 .debug_frame   0x00001df0       0x2c c:/program files (x86)/cypress/psoc creator/3.3/psoc creator/import/gnu/arm/4.9.3/bin/../lib/gcc/arm-none-eabi/4.9.3/../../../../arm-none-eabi/lib/armv7-m\libg_nano.a(lib_a-init.o)
 .debug_frame   0x00001e1c       0x28 c:/program files (x86)/cypress/psoc creator/3.3/psoc creator/import/gnu/arm/4.9.3/bin/../lib/gcc/arm-none-eabi/4.9.3/../../../../arm-none-eabi/lib/armv7-m\libg_nano.a(lib_a-memcpy.o)
 .debug_frame   0x00001e44       0x20 c:/program files (x86)/cypress/psoc creator/3.3/psoc creator/import/gnu/arm/4.9.3/bin/../lib/gcc/arm-none-eabi/4.9.3/../../../../arm-none-eabi/lib/armv7-m\libg_nano.a(lib_a-memset.o)
 .debug_frame   0x00001e64       0x70 c:/program files (x86)/cypress/psoc creator/3.3/psoc creator/import/gnu/arm/4.9.3/bin/../lib/gcc/arm-none-eabi/4.9.3/../../../../arm-none-eabi/lib/armv7-m\libg_nano.a(lib_a-sprintf.o)
 .debug_frame   0x00001ed4       0x8c c:/program files (x86)/cypress/psoc creator/3.3/psoc creator/import/gnu/arm/4.9.3/bin/../lib/gcc/arm-none-eabi/4.9.3/../../../../arm-none-eabi/lib/armv7-m\libg_nano.a(lib_a-nano-svfprintf.o)
 .debug_frame   0x00001f60       0x58 c:/program files (x86)/cypress/psoc creator/3.3/psoc creator/import/gnu/arm/4.9.3/bin/../lib/gcc/arm-none-eabi/4.9.3/../../../../arm-none-eabi/lib/armv7-m\libg_nano.a(lib_a-nano-vfprintf_i.o)
 .debug_frame   0x00001fb8       0x28 c:/program files (x86)/cypress/psoc creator/3.3/psoc creator/import/gnu/arm/4.9.3/bin/../lib/gcc/arm-none-eabi/4.9.3/../../../../arm-none-eabi/lib/armv7-m\libg_nano.a(lib_a-memchr.o)
 .debug_frame   0x00001fe0       0x28 c:/program files (x86)/cypress/psoc creator/3.3/psoc creator/import/gnu/arm/4.9.3/bin/../lib/gcc/arm-none-eabi/4.9.3/../../../../arm-none-eabi/lib/armv7-m\libg_nano.a(lib_a-memmove.o)
 .debug_frame   0x00002008       0x2c c:/program files (x86)/cypress/psoc creator/3.3/psoc creator/import/gnu/arm/4.9.3/bin/../lib/gcc/arm-none-eabi/4.9.3/../../../../arm-none-eabi/lib/armv7-m\libg_nano.a(lib_a-nano-freer.o)
 .debug_frame   0x00002034       0x2c c:/program files (x86)/cypress/psoc creator/3.3/psoc creator/import/gnu/arm/4.9.3/bin/../lib/gcc/arm-none-eabi/4.9.3/../../../../arm-none-eabi/lib/armv7-m\libg_nano.a(lib_a-nano-mallocr.o)
 .debug_frame   0x00002060       0x3c c:/program files (x86)/cypress/psoc creator/3.3/psoc creator/import/gnu/arm/4.9.3/bin/../lib/gcc/arm-none-eabi/4.9.3/../../../../arm-none-eabi/lib/armv7-m\libg_nano.a(lib_a-nano-reallocr.o)
 .debug_frame   0x0000209c       0x2c c:/program files (x86)/cypress/psoc creator/3.3/psoc creator/import/gnu/arm/4.9.3/bin/../lib/gcc/arm-none-eabi/4.9.3/../../../../arm-none-eabi/lib/armv7-m\libg_nano.a(lib_a-sbrkr.o)
 .debug_frame   0x000020c8       0x20 c:/program files (x86)/cypress/psoc creator/3.3/psoc creator/import/gnu/arm/4.9.3/bin/../lib/gcc/arm-none-eabi/4.9.3/../../../../arm-none-eabi/lib/armv7-m\libg_nano.a(lib_a-nano-msizer.o)
 .debug_frame   0x000020e8       0x5c c:/program files (x86)/cypress/psoc creator/3.3/psoc creator/import/gnu/arm/4.9.3/bin/../lib/gcc/arm-none-eabi/4.9.3/../../../../arm-none-eabi/lib/armv7-m\libg_nano.a(lib_a-reent.o)

.debug_str      0x00000000     0x3177
 *(.debug_str)
 .debug_str     0x00000000      0x520 .\CortexM3\ARM_GCC_493\Debug\main.o
                                0x57c (size before relaxing)
 .debug_str     0x00000520       0x77 .\CortexM3\ARM_GCC_493\Debug\cymetadata.o
                                0x23d (size before relaxing)
 .debug_str     0x00000597      0x152 .\CortexM3\ARM_GCC_493\Debug\Cm3Start.o
                                0x351 (size before relaxing)
 .debug_str     0x000006e9      0x157 .\CortexM3\ARM_GCC_493\Debug\Ball.a(cyfitter_cfg.o)
                                0x356 (size before relaxing)
 .debug_str     0x00000840      0x22e .\CortexM3\ARM_GCC_493\Debug\Ball.a(Motor_A_PWM.o)
                                0x43f (size before relaxing)
 .debug_str     0x00000a6e      0x802 .\CortexM3\ARM_GCC_493\Debug\Ball.a(CyLib.o)
                                0xa76 (size before relaxing)
 .debug_str     0x00001270      0x35b .\CortexM3\ARM_GCC_493\Debug\Ball.a(cyPm.o)
                                0x76e (size before relaxing)
 .debug_str     0x000015cb      0x403 .\CortexM3\ARM_GCC_493\Debug\Ball.a(USBUART.o)
                                0x6a4 (size before relaxing)
 .debug_str     0x000019ce      0x516 .\CortexM3\ARM_GCC_493\Debug\Ball.a(USBUART_cdc.o)
                                0x818 (size before relaxing)
 .debug_str     0x00001ee4      0x293 .\CortexM3\ARM_GCC_493\Debug\Ball.a(USBUART_drv.o)
                                0x68f (size before relaxing)
 .debug_str     0x00002177       0x82 .\CortexM3\ARM_GCC_493\Debug\Ball.a(USBUART_episr.o)
                                0x326 (size before relaxing)
 .debug_str     0x000021f9       0xee .\CortexM3\ARM_GCC_493\Debug\Ball.a(USBUART_pm.o)
                                0x33e (size before relaxing)
 .debug_str     0x000022e7      0x25b .\CortexM3\ARM_GCC_493\Debug\Ball.a(USBUART_std.o)
                                0x7fe (size before relaxing)
 .debug_str     0x00002542       0x27 .\CortexM3\ARM_GCC_493\Debug\Ball.a(USBUART_vnd.o)
                                0x234 (size before relaxing)
 .debug_str     0x00002569       0xa6 .\CortexM3\ARM_GCC_493\Debug\Ball.a(USBUART_Dp.o)
                                0x294 (size before relaxing)
 .debug_str     0x0000260f      0x1ce .\CortexM3\ARM_GCC_493\Debug\Ball.a(RC_Ch2_Timer.o)
                                0x470 (size before relaxing)
 .debug_str     0x000027dd      0x1b7 .\CortexM3\ARM_GCC_493\Debug\Ball.a(RC_Ch2_Timer_Interrupt.o)
                                0x3db (size before relaxing)
 .debug_str     0x00002994      0x22d .\CortexM3\ARM_GCC_493\Debug\Ball.a(RC_Connection_Timer.o)
                                0x4fd (size before relaxing)
 .debug_str     0x00002bc1      0x212 .\CortexM3\ARM_GCC_493\Debug\Ball.a(RC_Connection_Timer_Interrupt.o)
                                0x43d (size before relaxing)
 .debug_str     0x00002dd3      0x19e .\CortexM3\ARM_GCC_493\Debug\Ball.a(CyFlash.o)
                                0x3e8 (size before relaxing)
 .debug_str     0x00002f71       0xae .\CortexM3\ARM_GCC_493\Debug\Ball.a(CySpc.o)
                                0x371 (size before relaxing)
 .debug_str     0x0000301f       0x2b .\CortexM3\ARM_GCC_493\Debug\Ball.a(cyutils.o)
                                0x205 (size before relaxing)
 .debug_str     0x0000304a       0x27 .\CortexM3\ARM_GCC_493\Debug\Ball.a(USBUART_cls.o)
                                0x2f3 (size before relaxing)
 .debug_str     0x00003071      0x106 .\CortexM3\ARM_GCC_493\Debug\Ball.a(USBUART_descr.o)
                                0x3a0 (size before relaxing)

.debug_loc      0x00000000     0x2f62
 *(.debug_loc)
 .debug_loc     0x00000000       0x13 .\CortexM3\ARM_GCC_493\Debug\main.o
 .debug_loc     0x00000013      0x144 .\CortexM3\ARM_GCC_493\Debug\Cm3Start.o
 .debug_loc     0x00000157      0x1d7 .\CortexM3\ARM_GCC_493\Debug\Ball.a(cyfitter_cfg.o)
 .debug_loc     0x0000032e       0x26 .\CortexM3\ARM_GCC_493\Debug\Ball.a(Motor_A_PWM.o)
 .debug_loc     0x00000354      0xa11 .\CortexM3\ARM_GCC_493\Debug\Ball.a(CyLib.o)
 .debug_loc     0x00000d65      0x1e4 .\CortexM3\ARM_GCC_493\Debug\Ball.a(cyPm.o)
 .debug_loc     0x00000f49      0x3e1 .\CortexM3\ARM_GCC_493\Debug\Ball.a(USBUART.o)
 .debug_loc     0x0000132a      0x56b .\CortexM3\ARM_GCC_493\Debug\Ball.a(USBUART_cdc.o)
 .debug_loc     0x00001895      0x171 .\CortexM3\ARM_GCC_493\Debug\Ball.a(USBUART_drv.o)
 .debug_loc     0x00001a06       0x26 .\CortexM3\ARM_GCC_493\Debug\Ball.a(USBUART_pm.o)
 .debug_loc     0x00001a2c      0x93f .\CortexM3\ARM_GCC_493\Debug\Ball.a(USBUART_std.o)
 .debug_loc     0x0000236b       0x84 .\CortexM3\ARM_GCC_493\Debug\Ball.a(USBUART_Dp.o)
 .debug_loc     0x000023ef       0x89 .\CortexM3\ARM_GCC_493\Debug\Ball.a(RC_Ch2_Timer.o)
 .debug_loc     0x00002478       0x56 .\CortexM3\ARM_GCC_493\Debug\Ball.a(RC_Ch2_Timer_Interrupt.o)
 .debug_loc     0x000024ce       0x89 .\CortexM3\ARM_GCC_493\Debug\Ball.a(RC_Connection_Timer.o)
 .debug_loc     0x00002557       0x56 .\CortexM3\ARM_GCC_493\Debug\Ball.a(RC_Connection_Timer_Interrupt.o)
 .debug_loc     0x000025ad      0x300 .\CortexM3\ARM_GCC_493\Debug\Ball.a(CyFlash.o)
 .debug_loc     0x000028ad      0x64d .\CortexM3\ARM_GCC_493\Debug\Ball.a(CySpc.o)
 .debug_loc     0x00002efa       0x21 .\CortexM3\ARM_GCC_493\Debug\Ball.a(cyutils.o)
 .debug_loc     0x00002f1b       0x47 .\CortexM3\ARM_GCC_493\Debug\Ball.a(USBUART_cls.o)

.debug_macinfo
 *(.debug_macinfo)

.debug_ranges   0x00000000      0xaa8
 *(.debug_ranges)
 .debug_ranges  0x00000000       0x30 .\CortexM3\ARM_GCC_493\Debug\main.o
 .debug_ranges  0x00000030       0x38 .\CortexM3\ARM_GCC_493\Debug\Cm3Start.o
 .debug_ranges  0x00000068       0x48 .\CortexM3\ARM_GCC_493\Debug\Ball.a(cyfitter_cfg.o)
 .debug_ranges  0x000000b0       0x98 .\CortexM3\ARM_GCC_493\Debug\Ball.a(Motor_A_PWM.o)
 .debug_ranges  0x00000148      0x288 .\CortexM3\ARM_GCC_493\Debug\Ball.a(CyLib.o)
 .debug_ranges  0x000003d0       0x88 .\CortexM3\ARM_GCC_493\Debug\Ball.a(cyPm.o)
 .debug_ranges  0x00000458       0xd0 .\CortexM3\ARM_GCC_493\Debug\Ball.a(USBUART.o)
 .debug_ranges  0x00000528       0xd8 .\CortexM3\ARM_GCC_493\Debug\Ball.a(USBUART_cdc.o)
 .debug_ranges  0x00000600       0x88 .\CortexM3\ARM_GCC_493\Debug\Ball.a(USBUART_drv.o)
 .debug_ranges  0x00000688       0x30 .\CortexM3\ARM_GCC_493\Debug\Ball.a(USBUART_episr.o)
 .debug_ranges  0x000006b8       0x30 .\CortexM3\ARM_GCC_493\Debug\Ball.a(USBUART_pm.o)
 .debug_ranges  0x000006e8       0x70 .\CortexM3\ARM_GCC_493\Debug\Ball.a(USBUART_std.o)
 .debug_ranges  0x00000758       0x10 .\CortexM3\ARM_GCC_493\Debug\Ball.a(USBUART_vnd.o)
 .debug_ranges  0x00000768       0x38 .\CortexM3\ARM_GCC_493\Debug\Ball.a(USBUART_Dp.o)
 .debug_ranges  0x000007a0       0x98 .\CortexM3\ARM_GCC_493\Debug\Ball.a(RC_Ch2_Timer.o)
 .debug_ranges  0x00000838       0x70 .\CortexM3\ARM_GCC_493\Debug\Ball.a(RC_Ch2_Timer_Interrupt.o)
 .debug_ranges  0x000008a8       0x98 .\CortexM3\ARM_GCC_493\Debug\Ball.a(RC_Connection_Timer.o)
 .debug_ranges  0x00000940       0x70 .\CortexM3\ARM_GCC_493\Debug\Ball.a(RC_Connection_Timer_Interrupt.o)
 .debug_ranges  0x000009b0       0x70 .\CortexM3\ARM_GCC_493\Debug\Ball.a(CyFlash.o)
 .debug_ranges  0x00000a20       0x68 .\CortexM3\ARM_GCC_493\Debug\Ball.a(CySpc.o)
 .debug_ranges  0x00000a88       0x10 .\CortexM3\ARM_GCC_493\Debug\Ball.a(cyutils.o)
 .debug_ranges  0x00000a98       0x10 .\CortexM3\ARM_GCC_493\Debug\Ball.a(USBUART_cls.o)

.comment        0x00000000       0x70
 .comment       0x00000000       0x70 .\CortexM3\ARM_GCC_493\Debug\main.o
                                 0x71 (size before relaxing)
 .comment       0x00000000       0x71 .\CortexM3\ARM_GCC_493\Debug\cymetadata.o
 .comment       0x00000000       0x71 .\CortexM3\ARM_GCC_493\Debug\Cm3Start.o
 .comment       0x00000000       0x71 .\CortexM3\ARM_GCC_493\Debug\Ball.a(cyfitter_cfg.o)
 .comment       0x00000000       0x71 .\CortexM3\ARM_GCC_493\Debug\Ball.a(Motor_A_PWM.o)
 .comment       0x00000000       0x71 .\CortexM3\ARM_GCC_493\Debug\Ball.a(CyLib.o)
 .comment       0x00000000       0x71 .\CortexM3\ARM_GCC_493\Debug\Ball.a(cyPm.o)
 .comment       0x00000000       0x71 .\CortexM3\ARM_GCC_493\Debug\Ball.a(USBUART.o)
 .comment       0x00000000       0x71 .\CortexM3\ARM_GCC_493\Debug\Ball.a(USBUART_cdc.o)
 .comment       0x00000000       0x71 .\CortexM3\ARM_GCC_493\Debug\Ball.a(USBUART_drv.o)
 .comment       0x00000000       0x71 .\CortexM3\ARM_GCC_493\Debug\Ball.a(USBUART_episr.o)
 .comment       0x00000000       0x71 .\CortexM3\ARM_GCC_493\Debug\Ball.a(USBUART_pm.o)
 .comment       0x00000000       0x71 .\CortexM3\ARM_GCC_493\Debug\Ball.a(USBUART_std.o)
 .comment       0x00000000       0x71 .\CortexM3\ARM_GCC_493\Debug\Ball.a(USBUART_vnd.o)
 .comment       0x00000000       0x71 .\CortexM3\ARM_GCC_493\Debug\Ball.a(USBUART_Dp.o)
 .comment       0x00000000       0x71 .\CortexM3\ARM_GCC_493\Debug\Ball.a(RC_Ch2_Timer.o)
 .comment       0x00000000       0x71 .\CortexM3\ARM_GCC_493\Debug\Ball.a(RC_Ch2_Timer_Interrupt.o)
 .comment       0x00000000       0x71 .\CortexM3\ARM_GCC_493\Debug\Ball.a(RC_Connection_Timer.o)
 .comment       0x00000000       0x71 .\CortexM3\ARM_GCC_493\Debug\Ball.a(RC_Connection_Timer_Interrupt.o)
 .comment       0x00000000       0x71 .\CortexM3\ARM_GCC_493\Debug\Ball.a(CyFlash.o)
 .comment       0x00000000       0x71 .\CortexM3\ARM_GCC_493\Debug\Ball.a(CySpc.o)
 .comment       0x00000000       0x71 .\CortexM3\ARM_GCC_493\Debug\Ball.a(cyutils.o)
 .comment       0x00000000       0x71 .\CortexM3\ARM_GCC_493\Debug\Ball.a(USBUART_cls.o)
 .comment       0x00000000       0x71 .\CortexM3\ARM_GCC_493\Debug\Ball.a(USBUART_descr.o)

.debug_weaknames
 *(.debug_weaknames)

.debug_funcnames
 *(.debug_funcnames)

.debug_typenames
 *(.debug_typenames)

.debug_varnames
 *(.debug_varnames)

.note.gnu.arm.ident
 *(.note.gnu.arm.ident)

.ARM.attributes
                0x00000000       0x29
 *(.ARM.attributes)
 .ARM.attributes
                0x00000000       0x1d c:/program files (x86)/cypress/psoc creator/3.3/psoc creator/import/gnu/arm/4.9.3/bin/../lib/gcc/arm-none-eabi/4.9.3/armv7-m/crti.o
 .ARM.attributes
                0x0000001d       0x2d c:/program files (x86)/cypress/psoc creator/3.3/psoc creator/import/gnu/arm/4.9.3/bin/../lib/gcc/arm-none-eabi/4.9.3/armv7-m/crtbegin.o
 .ARM.attributes
                0x0000004a       0x1b c:/program files (x86)/cypress/psoc creator/3.3/psoc creator/import/gnu/arm/4.9.3/bin/../lib/gcc/arm-none-eabi/4.9.3/../../../../arm-none-eabi/lib/armv7-m/crt0.o
 .ARM.attributes
                0x00000065       0x33 .\CortexM3\ARM_GCC_493\Debug\main.o
 .ARM.attributes
                0x00000098       0x33 .\CortexM3\ARM_GCC_493\Debug\cymetadata.o
 .ARM.attributes
                0x000000cb       0x33 .\CortexM3\ARM_GCC_493\Debug\Cm3Start.o
 .ARM.attributes
                0x000000fe       0x33 .\CortexM3\ARM_GCC_493\Debug\Ball.a(cyfitter_cfg.o)
 .ARM.attributes
                0x00000131       0x33 .\CortexM3\ARM_GCC_493\Debug\Ball.a(Motor_A_PWM.o)
 .ARM.attributes
                0x00000164       0x21 .\CortexM3\ARM_GCC_493\Debug\Ball.a(CyBootAsmGnu.o)
 .ARM.attributes
                0x00000185       0x33 .\CortexM3\ARM_GCC_493\Debug\Ball.a(CyLib.o)
 .ARM.attributes
                0x000001b8       0x33 .\CortexM3\ARM_GCC_493\Debug\Ball.a(cyPm.o)
 .ARM.attributes
                0x000001eb       0x33 .\CortexM3\ARM_GCC_493\Debug\Ball.a(USBUART.o)
 .ARM.attributes
                0x0000021e       0x33 .\CortexM3\ARM_GCC_493\Debug\Ball.a(USBUART_cdc.o)
 .ARM.attributes
                0x00000251       0x33 .\CortexM3\ARM_GCC_493\Debug\Ball.a(USBUART_drv.o)
 .ARM.attributes
                0x00000284       0x33 .\CortexM3\ARM_GCC_493\Debug\Ball.a(USBUART_episr.o)
 .ARM.attributes
                0x000002b7       0x33 .\CortexM3\ARM_GCC_493\Debug\Ball.a(USBUART_pm.o)
 .ARM.attributes
                0x000002ea       0x33 .\CortexM3\ARM_GCC_493\Debug\Ball.a(USBUART_std.o)
 .ARM.attributes
                0x0000031d       0x33 .\CortexM3\ARM_GCC_493\Debug\Ball.a(USBUART_vnd.o)
 .ARM.attributes
                0x00000350       0x33 .\CortexM3\ARM_GCC_493\Debug\Ball.a(USBUART_Dp.o)
 .ARM.attributes
                0x00000383       0x33 .\CortexM3\ARM_GCC_493\Debug\Ball.a(RC_Ch2_Timer.o)
 .ARM.attributes
                0x000003b6       0x33 .\CortexM3\ARM_GCC_493\Debug\Ball.a(RC_Ch2_Timer_Interrupt.o)
 .ARM.attributes
                0x000003e9       0x33 .\CortexM3\ARM_GCC_493\Debug\Ball.a(RC_Connection_Timer.o)
 .ARM.attributes
                0x0000041c       0x33 .\CortexM3\ARM_GCC_493\Debug\Ball.a(RC_Connection_Timer_Interrupt.o)
 .ARM.attributes
                0x0000044f       0x33 .\CortexM3\ARM_GCC_493\Debug\Ball.a(CyFlash.o)
 .ARM.attributes
                0x00000482       0x33 .\CortexM3\ARM_GCC_493\Debug\Ball.a(CySpc.o)
 .ARM.attributes
                0x000004b5       0x33 .\CortexM3\ARM_GCC_493\Debug\Ball.a(cyutils.o)
 .ARM.attributes
                0x000004e8       0x33 .\CortexM3\ARM_GCC_493\Debug\Ball.a(USBUART_cls.o)
 .ARM.attributes
                0x0000051b       0x33 .\CortexM3\ARM_GCC_493\Debug\Ball.a(USBUART_descr.o)
 .ARM.attributes
                0x0000054e       0x2d c:/program files (x86)/cypress/psoc creator/3.3/psoc creator/import/gnu/arm/4.9.3/bin/../lib/gcc/arm-none-eabi/4.9.3/../../../../arm-none-eabi/lib/armv7-m\libg_nano.a(lib_a-errno.o)
 .ARM.attributes
                0x0000057b       0x2d c:/program files (x86)/cypress/psoc creator/3.3/psoc creator/import/gnu/arm/4.9.3/bin/../lib/gcc/arm-none-eabi/4.9.3/../../../../arm-none-eabi/lib/armv7-m\libg_nano.a(lib_a-exit.o)
 .ARM.attributes
                0x000005a8       0x2d c:/program files (x86)/cypress/psoc creator/3.3/psoc creator/import/gnu/arm/4.9.3/bin/../lib/gcc/arm-none-eabi/4.9.3/../../../../arm-none-eabi/lib/armv7-m\libg_nano.a(lib_a-impure.o)
 .ARM.attributes
                0x000005d5       0x2d c:/program files (x86)/cypress/psoc creator/3.3/psoc creator/import/gnu/arm/4.9.3/bin/../lib/gcc/arm-none-eabi/4.9.3/../../../../arm-none-eabi/lib/armv7-m\libg_nano.a(lib_a-init.o)
 .ARM.attributes
                0x00000602       0x2d c:/program files (x86)/cypress/psoc creator/3.3/psoc creator/import/gnu/arm/4.9.3/bin/../lib/gcc/arm-none-eabi/4.9.3/../../../../arm-none-eabi/lib/armv7-m\libg_nano.a(lib_a-memcpy.o)
 .ARM.attributes
                0x0000062f       0x2d c:/program files (x86)/cypress/psoc creator/3.3/psoc creator/import/gnu/arm/4.9.3/bin/../lib/gcc/arm-none-eabi/4.9.3/../../../../arm-none-eabi/lib/armv7-m\libg_nano.a(lib_a-memset.o)
 .ARM.attributes
                0x0000065c       0x2d c:/program files (x86)/cypress/psoc creator/3.3/psoc creator/import/gnu/arm/4.9.3/bin/../lib/gcc/arm-none-eabi/4.9.3/../../../../arm-none-eabi/lib/armv7-m\libg_nano.a(lib_a-sprintf.o)
 .ARM.attributes
                0x00000689       0x2d c:/program files (x86)/cypress/psoc creator/3.3/psoc creator/import/gnu/arm/4.9.3/bin/../lib/gcc/arm-none-eabi/4.9.3/../../../../arm-none-eabi/lib/armv7-m\libg_nano.a(lib_a-nano-svfprintf.o)
 .ARM.attributes
                0x000006b6       0x2d c:/program files (x86)/cypress/psoc creator/3.3/psoc creator/import/gnu/arm/4.9.3/bin/../lib/gcc/arm-none-eabi/4.9.3/../../../../arm-none-eabi/lib/armv7-m\libg_nano.a(lib_a-nano-vfprintf_i.o)
 .ARM.attributes
                0x000006e3       0x2d c:/program files (x86)/cypress/psoc creator/3.3/psoc creator/import/gnu/arm/4.9.3/bin/../lib/gcc/arm-none-eabi/4.9.3/../../../../arm-none-eabi/lib/armv7-m\libg_nano.a(lib_a-memchr.o)
 .ARM.attributes
                0x00000710       0x2d c:/program files (x86)/cypress/psoc creator/3.3/psoc creator/import/gnu/arm/4.9.3/bin/../lib/gcc/arm-none-eabi/4.9.3/../../../../arm-none-eabi/lib/armv7-m\libg_nano.a(lib_a-memmove.o)
 .ARM.attributes
                0x0000073d       0x2d c:/program files (x86)/cypress/psoc creator/3.3/psoc creator/import/gnu/arm/4.9.3/bin/../lib/gcc/arm-none-eabi/4.9.3/../../../../arm-none-eabi/lib/armv7-m\libg_nano.a(lib_a-nano-freer.o)
 .ARM.attributes
                0x0000076a       0x2d c:/program files (x86)/cypress/psoc creator/3.3/psoc creator/import/gnu/arm/4.9.3/bin/../lib/gcc/arm-none-eabi/4.9.3/../../../../arm-none-eabi/lib/armv7-m\libg_nano.a(lib_a-nano-mallocr.o)
 .ARM.attributes
                0x00000797       0x2d c:/program files (x86)/cypress/psoc creator/3.3/psoc creator/import/gnu/arm/4.9.3/bin/../lib/gcc/arm-none-eabi/4.9.3/../../../../arm-none-eabi/lib/armv7-m\libg_nano.a(lib_a-nano-reallocr.o)
 .ARM.attributes
                0x000007c4       0x2d c:/program files (x86)/cypress/psoc creator/3.3/psoc creator/import/gnu/arm/4.9.3/bin/../lib/gcc/arm-none-eabi/4.9.3/../../../../arm-none-eabi/lib/armv7-m\libg_nano.a(lib_a-sbrkr.o)
 .ARM.attributes
                0x000007f1       0x2d c:/program files (x86)/cypress/psoc creator/3.3/psoc creator/import/gnu/arm/4.9.3/bin/../lib/gcc/arm-none-eabi/4.9.3/../../../../arm-none-eabi/lib/armv7-m\libg_nano.a(lib_a-nano-msizer.o)
 .ARM.attributes
                0x0000081e       0x2d c:/program files (x86)/cypress/psoc creator/3.3/psoc creator/import/gnu/arm/4.9.3/bin/../lib/gcc/arm-none-eabi/4.9.3/../../../../arm-none-eabi/lib/armv7-m\libg_nano.a(lib_a-reent.o)
 .ARM.attributes
                0x0000084b       0x2d c:/program files (x86)/cypress/psoc creator/3.3/psoc creator/import/gnu/arm/4.9.3/bin/../lib/gcc/arm-none-eabi/4.9.3/armv7-m/crtend.o
 .ARM.attributes
                0x00000878       0x1d c:/program files (x86)/cypress/psoc creator/3.3/psoc creator/import/gnu/arm/4.9.3/bin/../lib/gcc/arm-none-eabi/4.9.3/armv7-m/crtn.o

/DISCARD/
 *(.note.GNU-stack)
OUTPUT(.\CortexM3\ARM_GCC_493\Debug\Ball.elf elf32-littlearm)
