Archive member included because of file (symbol)

.\CortexM3\ARM_GCC_493\Debug\Ball.a(cyfitter_cfg.o)
                              .\CortexM3\ARM_GCC_493\Debug\Cm3Start.o (cyfitter_cfg)
.\CortexM3\ARM_GCC_493\Debug\Ball.a(CyBootAsmGnu.o)
                              .\CortexM3\ARM_GCC_493\Debug\Ball.a(cyfitter_cfg.o) (CyDelayCycles)
.\CortexM3\ARM_GCC_493\Debug\Ball.a(CyLib.o)
                              .\CortexM3\ARM_GCC_493\Debug\Cm3Start.o (CyHalt)
.\CortexM3\ARM_GCC_493\Debug\Ball.a(cyPm.o)
                              .\CortexM3\ARM_GCC_493\Debug\Ball.a(CyLib.o) (CyPmReadStatus)
.\CortexM3\ARM_GCC_493\Debug\Ball.a(USBUART.o)
                              .\CortexM3\ARM_GCC_493\Debug\main.o (USBUART_Start)
.\CortexM3\ARM_GCC_493\Debug\Ball.a(USBUART_cdc.o)
                              .\CortexM3\ARM_GCC_493\Debug\main.o (USBUART_PutString)
.\CortexM3\ARM_GCC_493\Debug\Ball.a(USBUART_drv.o)
                              .\CortexM3\ARM_GCC_493\Debug\Ball.a(USBUART.o) (USBUART_lastPacketSize)
.\CortexM3\ARM_GCC_493\Debug\Ball.a(USBUART_episr.o)
                              .\CortexM3\ARM_GCC_493\Debug\Ball.a(USBUART.o) (USBUART_EP_1_ISR)
.\CortexM3\ARM_GCC_493\Debug\Ball.a(USBUART_pm.o)
                              .\CortexM3\ARM_GCC_493\Debug\Ball.a(USBUART.o) (USBUART_DP_ISR)
.\CortexM3\ARM_GCC_493\Debug\Ball.a(USBUART_std.o)
                              .\CortexM3\ARM_GCC_493\Debug\Ball.a(USBUART_pm.o) (USBUART_ConfigReg)
.\CortexM3\ARM_GCC_493\Debug\Ball.a(USBUART_vnd.o)
                              .\CortexM3\ARM_GCC_493\Debug\Ball.a(USBUART_drv.o) (USBUART_HandleVendorRqst)
.\CortexM3\ARM_GCC_493\Debug\Ball.a(USBUART_Dp.o)
                              .\CortexM3\ARM_GCC_493\Debug\Ball.a(USBUART_pm.o) (USBUART_Dp_ClearInterrupt)
.\CortexM3\ARM_GCC_493\Debug\Ball.a(RC_Ch2_Timer.o)
                              .\CortexM3\ARM_GCC_493\Debug\rc_ch.o (RC_Ch2_Timer_Stop)
.\CortexM3\ARM_GCC_493\Debug\Ball.a(RC_Ch2_Timer_Interrupt.o)
                              .\CortexM3\ARM_GCC_493\Debug\rc_ch.o (RC_Ch2_Timer_Interrupt_StartEx)
.\CortexM3\ARM_GCC_493\Debug\Ball.a(Clock_Millis_Interrupt.o)
                              .\CortexM3\ARM_GCC_493\Debug\milliseconds.o (Clock_Millis_Interrupt_StartEx)
.\CortexM3\ARM_GCC_493\Debug\Ball.a(RC_Ch1.o)
                              .\CortexM3\ARM_GCC_493\Debug\rc_ch.o (RC_Ch1_Read)
.\CortexM3\ARM_GCC_493\Debug\Ball.a(RC_Ch1_Timer.o)
                              .\CortexM3\ARM_GCC_493\Debug\rc_ch.o (RC_Ch1_Timer_Stop)
.\CortexM3\ARM_GCC_493\Debug\Ball.a(RC_Ch2.o)
                              .\CortexM3\ARM_GCC_493\Debug\rc_ch.o (RC_Ch2_Read)
.\CortexM3\ARM_GCC_493\Debug\Ball.a(RC_Ch1_Timer_Interrupt.o)
                              .\CortexM3\ARM_GCC_493\Debug\rc_ch.o (RC_Ch1_Timer_Interrupt_StartEx)
.\CortexM3\ARM_GCC_493\Debug\Ball.a(RC_Ch4_Timer.o)
                              .\CortexM3\ARM_GCC_493\Debug\rc_ch.o (RC_Ch4_Timer_Stop)
.\CortexM3\ARM_GCC_493\Debug\Ball.a(RC_Ch4.o)
                              .\CortexM3\ARM_GCC_493\Debug\rc_ch.o (RC_Ch4_Read)
.\CortexM3\ARM_GCC_493\Debug\Ball.a(RC_Ch4_Timer_Interrupt.o)
                              .\CortexM3\ARM_GCC_493\Debug\rc_ch.o (RC_Ch4_Timer_Interrupt_StartEx)
.\CortexM3\ARM_GCC_493\Debug\Ball.a(RC_Ch3_Timer.o)
                              .\CortexM3\ARM_GCC_493\Debug\rc_ch.o (RC_Ch3_Timer_Stop)
.\CortexM3\ARM_GCC_493\Debug\Ball.a(RC_Ch3.o)
                              .\CortexM3\ARM_GCC_493\Debug\rc_ch.o (RC_Ch3_Read)
.\CortexM3\ARM_GCC_493\Debug\Ball.a(RC_Ch3_Timer_Interrupt.o)
                              .\CortexM3\ARM_GCC_493\Debug\rc_ch.o (RC_Ch3_Timer_Interrupt_StartEx)
.\CortexM3\ARM_GCC_493\Debug\Ball.a(Drive_DC_Motor_PWM.o)
                              .\CortexM3\ARM_GCC_493\Debug\dc_motor.o (Drive_DC_Motor_PWM_WriteCompare1)
.\CortexM3\ARM_GCC_493\Debug\Ball.a(Pendulum_DC_Motor_PWM.o)
                              .\CortexM3\ARM_GCC_493\Debug\dc_motor.o (Pendulum_DC_Motor_PWM_WriteCompare1)
.\CortexM3\ARM_GCC_493\Debug\Ball.a(Flywheel_DC_Motor_PWM.o)
                              .\CortexM3\ARM_GCC_493\Debug\dc_motor.o (Flywheel_DC_Motor_PWM_WriteCompare1)
.\CortexM3\ARM_GCC_493\Debug\Ball.a(MPU6050_I2C.o)
                              .\CortexM3\ARM_GCC_493\Debug\imu.o (MPU6050_I2C_Start)
.\CortexM3\ARM_GCC_493\Debug\Ball.a(MPU6050_I2C_INT.o)
                              .\CortexM3\ARM_GCC_493\Debug\Ball.a(MPU6050_I2C.o) (MPU6050_I2C_ISR)
.\CortexM3\ARM_GCC_493\Debug\Ball.a(MPU6050_I2C_PM.o)
                              .\CortexM3\ARM_GCC_493\Debug\Ball.a(MPU6050_I2C.o) (MPU6050_I2C_backup)
.\CortexM3\ARM_GCC_493\Debug\Ball.a(MPU6050_I2C_MASTER.o)
                              .\CortexM3\ARM_GCC_493\Debug\Ball.a(MPU6050_I2C.o) (MPU6050_I2C_mstrStatus)
.\CortexM3\ARM_GCC_493\Debug\Ball.a(Drive_DC_Motor_Quad_Dec.o)
                              .\CortexM3\ARM_GCC_493\Debug\dc_motor.o (Drive_DC_Motor_Quad_Dec_GetCounter)
[...]
Memory Configuration

Name             Origin             Length             Attributes
rom              0x00000000         0x00040000         xr
ram              0x1fff8000         0x00010000         xrw
*default*        0x00000000         0xffffffff

Linker script and memory map

LOAD c:/program files (x86)/cypress/psoc creator/3.3/psoc creator/import/gnu/arm/4.9.3/bin/../lib/gcc/arm-none-eabi/4.9.3/armv7-m/crti.o
LOAD c:/program files (x86)/cypress/psoc creator/3.3/psoc creator/import/gnu/arm/4.9.3/bin/../lib/gcc/arm-none-eabi/4.9.3/armv7-m/crtbegin.o
LOAD c:/program files (x86)/cypress/psoc creator/3.3/psoc creator/import/gnu/arm/4.9.3/bin/../lib/gcc/arm-none-eabi/4.9.3/../../../../arm-none-eabi/lib/armv7-m/crt0.o
START GROUP
LOAD .\CortexM3\ARM_GCC_493\Debug\main.o
LOAD .\CortexM3\ARM_GCC_493\Debug\milliseconds.o
LOAD .\CortexM3\ARM_GCC_493\Debug\rc_ch.o
LOAD .\CortexM3\ARM_GCC_493\Debug\dc_motor.o
LOAD .\CortexM3\ARM_GCC_493\Debug\mpu6050.o
LOAD .\CortexM3\ARM_GCC_493\Debug\i2cFunctions.o
LOAD .\CortexM3\ARM_GCC_493\Debug\imu.o
LOAD .\CortexM3\ARM_GCC_493\Debug\cymetadata.o
LOAD .\CortexM3\ARM_GCC_493\Debug\Cm3Start.o
LOAD .\CortexM3\ARM_GCC_493\Debug\Ball.a
LOAD C:\Program Files (x86)\Cypress\PSoC Creator\3.3\PSoC Creator\psoc\content\cycomponentlibrary\CyComponentLibrary.cylib\CortexM3\ARM_GCC_493\Debug\CyComponentLibrary.a
END GROUP
START GROUP
LOAD c:/program files (x86)/cypress/psoc creator/3.3/psoc creator/import/gnu/arm/4.9.3/bin/../lib/gcc/arm-none-eabi/4.9.3/armv7-m\libgcc.a
LOAD c:/program files (x86)/cypress/psoc creator/3.3/psoc creator/import/gnu/arm/4.9.3/bin/../lib/gcc/arm-none-eabi/4.9.3/../../../../arm-none-eabi/lib/armv7-m\libg_nano.a
LOAD c:/program files (x86)/cypress/psoc creator/3.3/psoc creator/import/gnu/arm/4.9.3/bin/../lib/gcc/arm-none-eabi/4.9.3/../../../../arm-none-eabi/lib/armv7-m\libc_nano.a
END GROUP
START GROUP
LOAD c:/program files (x86)/cypress/psoc creator/3.3/psoc creator/import/gnu/arm/4.9.3/bin/../lib/gcc/arm-none-eabi/4.9.3/armv7-m\libgcc.a
LOAD c:/program files (x86)/cypress/psoc creator/3.3/psoc creator/import/gnu/arm/4.9.3/bin/../lib/gcc/arm-none-eabi/4.9.3/../../../../arm-none-eabi/lib/armv7-m\libc_nano.a
END GROUP
LOAD c:/program files (x86)/cypress/psoc creator/3.3/psoc creator/import/gnu/arm/4.9.3/bin/../lib/gcc/arm-none-eabi/4.9.3/armv7-m/crtend.o
LOAD c:/program files (x86)/cypress/psoc creator/3.3/psoc creator/import/gnu/arm/4.9.3/bin/../lib/gcc/arm-none-eabi/4.9.3/armv7-m/crtn.o
START GROUP
LOAD c:/program files (x86)/cypress/psoc creator/3.3/psoc creator/import/gnu/arm/4.9.3/bin/../lib/gcc/arm-none-eabi/4.9.3/armv7-m\libgcc.a
LOAD c:/program files (x86)/cypress/psoc creator/3.3/psoc creator/import/gnu/arm/4.9.3/bin/../lib/gcc/arm-none-eabi/4.9.3/../../../../arm-none-eabi/lib/armv7-m\libc.a
LOAD c:/program files (x86)/cypress/psoc creator/3.3/psoc creator/import/gnu/arm/4.9.3/bin/../lib/gcc/arm-none-eabi/4.9.3/../../../../arm-none-eabi/lib/armv7-m\libnosys.a
END GROUP
                0x00000000                CY_APPL_ORIGIN = 0x0
                0x00000100                CY_FLASH_ROW_SIZE = 0x100
                0x00000020                CY_ECC_ROW_SIZE = 0x20
                0x00000000                CY_EE_IN_BTLDR = 0x0
                0x00000000                CY_APPL_LOADABLE = 0x0
                0x00000800                CY_EE_SIZE = 0x800
                0x00000001                CY_APPL_NUM = 0x1
                0x00000001                CY_APPL_MAX = 0x1
                0x00000040                CY_METADATA_SIZE = 0x40
                0x00000000                CY_APPL_LOADABLE = 0x0
                0x00000000                CY_CHECKSUM_EXCLUDE_SIZE = ALIGN (0x0, CY_FLASH_ROW_SIZE)
                0x1fff8308                PROVIDE (__cy_heap_start, _end)
                0x00000001                PROVIDE (__cy_region_num, ((__cy_regions_end - __cy_regions) / 0x10))
                0x20008000                PROVIDE (__cy_stack, (ORIGIN (ram) + 0x10000))
                0x20007800                PROVIDE (__cy_heap_end, (__cy_stack - 0x800))

.cybootloader   0x00000000        0x0
 *(.cybootloader)
                0x00000000                appl1_start = CY_APPL_ORIGIN?CY_APPL_ORIGIN:ALIGN (CY_FLASH_ROW_SIZE)
                0x0001ff00                appl2_start = (appl1_start + ALIGN ((((0x40000 - appl1_start) - (0x2 * CY_FLASH_ROW_SIZE)) / 0x2), CY_FLASH_ROW_SIZE))
                0x00000000                appl_start = (CY_APPL_NUM == 0x1)?appl1_start:appl2_start
                0x00000000                ecc_offset = ((appl_start / CY_FLASH_ROW_SIZE) * CY_ECC_ROW_SIZE)
                0x00000000                ee_offset = (CY_APPL_LOADABLE && ! (CY_EE_IN_BTLDR))?((CY_EE_SIZE / CY_APPL_MAX) * (CY_APPL_NUM - 0x1)):0x0
                0x00000800                ee_size = (CY_APPL_LOADABLE && ! (CY_EE_IN_BTLDR))?(CY_EE_SIZE / CY_APPL_MAX):CY_EE_SIZE
                0x00000000                PROVIDE (CY_ECC_OFFSET, ecc_offset)

.text           0x00000000     0x4a54
 CREATE_OBJECT_SYMBOLS
                0x00000000                PROVIDE (__cy_interrupt_vector, RomVectors)
 *(.romvectors)
 .romvectors    0x00000000       0x10 .\CortexM3\ARM_GCC_493\Debug\Cm3Start.o
                0x00000000                RomVectors
                0x00000001                ASSERT ((. != __cy_interrupt_vector), No interrupt vector)
                0x00000001                ASSERT (CY_APPL_ORIGIN?(SIZEOF (.cybootloader) <= CY_APPL_ORIGIN):0x1, Wrong image location)
                0x00000010                PROVIDE (__cy_reset, Reset)
 *(.text.Reset)
 .text.Reset    0x00000010       0x18 .\CortexM3\ARM_GCC_493\Debug\Cm3Start.o
                0x00000010                Reset
                0x00000001                ASSERT ((. != __cy_reset), No reset code)
 *(.dma_init)
                0x00000001                ASSERT ((((appl_start + .) <= 0x10000) || 0x1), DMA Init must be within the first 64k of flash)
 *(.text .text.* .gnu.linkonce.t.*)
 .text          0x00000028       0x5c c:/program files (x86)/cypress/psoc creator/3.3/psoc creator/import/gnu/arm/4.9.3/bin/../lib/gcc/arm-none-eabi/4.9.3/armv7-m/crtbegin.o
 .text.main     0x00000084      0x1b8 .\CortexM3\ARM_GCC_493\Debug\main.o
                0x00000084                main
 .text.Millisecond_Interrupt
                0x0000023c       0x70 .\CortexM3\ARM_GCC_493\Debug\milliseconds.o
                0x0000023c                Millisecond_Interrupt
 .text.init_milliseconds
                0x000002ac       0x10 .\CortexM3\ARM_GCC_493\Debug\milliseconds.o
                0x000002ac                init_milliseconds
 .text.RC_Ch1_Timer_ISR_Handler
                0x000002bc       0x44 .\CortexM3\ARM_GCC_493\Debug\rc_ch.o
                0x000002bc                RC_Ch1_Timer_ISR_Handler
 .text.RC_Ch2_Timer_ISR_Handler
                0x00000300       0x44 .\CortexM3\ARM_GCC_493\Debug\rc_ch.o
                0x00000300                RC_Ch2_Timer_ISR_Handler
 .text.RC_Ch3_Timer_ISR_Handler
                0x00000344       0x44 .\CortexM3\ARM_GCC_493\Debug\rc_ch.o
                0x00000344                RC_Ch3_Timer_ISR_Handler
 .text.RC_Ch4_Timer_ISR_Handler
                0x00000388       0x44 .\CortexM3\ARM_GCC_493\Debug\rc_ch.o
                0x00000388                RC_Ch4_Timer_ISR_Handler
 .text.init_rc_channels
                0x000003cc       0x3c .\CortexM3\ARM_GCC_493\Debug\rc_ch.o
                0x000003cc                init_rc_channels
 .text.construct_rc_ch
                0x00000408       0x10 .\CortexM3\ARM_GCC_493\Debug\rc_ch.o
                0x00000408                construct_rc_ch
 .text.get_rc_ch_value
                0x00000418      0x130 .\CortexM3\ARM_GCC_493\Debug\rc_ch.o
                0x00000418                get_rc_ch_value
 .text.init_dc_motors
                0x00000548       0x24 .\CortexM3\ARM_GCC_493\Debug\dc_motor.o
                0x00000548                init_dc_motors
 .text.construct_dc_motor
                0x0000056c       0x1c .\CortexM3\ARM_GCC_493\Debug\dc_motor.o
                0x0000056c                construct_dc_motor
 .text.get_dc_motor_pos
                0x00000588       0x68 .\CortexM3\ARM_GCC_493\Debug\dc_motor.o
                0x00000588                get_dc_motor_pos
 .text.set_dc_motor_pwm
                0x000005f0      0x114 .\CortexM3\ARM_GCC_493\Debug\dc_motor.o
                0x000005f0                set_dc_motor_pwm
 .text.set_dc_motor_pos
                0x00000704       0x5c .\CortexM3\ARM_GCC_493\Debug\dc_motor.o
                0x00000704                set_dc_motor_pos
 .text.MPU6050_init
                0x00000760        0xc .\CortexM3\ARM_GCC_493\Debug\mpu6050.o
                0x00000760                MPU6050_init
 .text.MPU6050_setDLPFMode
                0x0000076c       0x20 .\CortexM3\ARM_GCC_493\Debug\mpu6050.o
                0x0000076c                MPU6050_setDLPFMode
 .text.MPU6050_setFullScaleGyroRange
                0x0000078c       0x20 .\CortexM3\ARM_GCC_493\Debug\mpu6050.o
                0x0000078c                MPU6050_setFullScaleGyroRange
 .text.MPU6050_setFullScaleAccelRange
                0x000007ac       0x20 .\CortexM3\ARM_GCC_493\Debug\mpu6050.o
                0x000007ac                MPU6050_setFullScaleAccelRange
 .text.MPU6050_getMotion6
                0x000007cc       0x6c .\CortexM3\ARM_GCC_493\Debug\mpu6050.o
                0x000007cc                MPU6050_getMotion6
 .text.MPU6050_setSleepEnabled
                0x00000838       0x18 .\CortexM3\ARM_GCC_493\Debug\mpu6050.o
                0x00000838                MPU6050_setSleepEnabled
 .text.MPU6050_setClockSource
                0x00000850       0x20 .\CortexM3\ARM_GCC_493\Debug\mpu6050.o
                0x00000850                MPU6050_setClockSource
 .text.MPU6050_initialize
                0x00000870       0x1c .\CortexM3\ARM_GCC_493\Debug\mpu6050.o
                0x00000870                MPU6050_initialize
 .text.I2CReadBytes
                0x0000088c       0x44 .\CortexM3\ARM_GCC_493\Debug\i2cFunctions.o
                0x0000088c                I2CReadBytes
 .text.I2CWriteBytes
                0x000008d0       0x30 .\CortexM3\ARM_GCC_493\Debug\i2cFunctions.o
                0x000008d0                I2CWriteBytes
 .text.I2CReadByte
                0x00000900        0xc .\CortexM3\ARM_GCC_493\Debug\i2cFunctions.o
                0x00000900                I2CReadByte
 .text.I2CWriteByte
                0x0000090c       0x18 .\CortexM3\ARM_GCC_493\Debug\i2cFunctions.o
                0x0000090c                I2CWriteByte
 .text.I2CWriteBits
                0x00000924       0x4c .\CortexM3\ARM_GCC_493\Debug\i2cFunctions.o
                0x00000924                I2CWriteBits
 .text.I2CWriteBit
                0x00000970       0x40 .\CortexM3\ARM_GCC_493\Debug\i2cFunctions.o
                0x00000970                I2CWriteBit
 .text.init_imu
                0x000009b0       0x18 .\CortexM3\ARM_GCC_493\Debug\imu.o
                0x000009b0                init_imu
 .text.construct_imu
                0x000009c8       0x10 .\CortexM3\ARM_GCC_493\Debug\imu.o
                0x000009c8                construct_imu
 .text.get_imu_values
                0x000009d8       0x88 .\CortexM3\ARM_GCC_493\Debug\imu.o
                0x000009d8                get_imu_values
 .text.IntDefaultHandler
                0x00000a60        0x4 .\CortexM3\ARM_GCC_493\Debug\Cm3Start.o
                0x00000a60                IntDefaultHandler
 .text._sbrk    0x00000a64       0x30 .\CortexM3\ARM_GCC_493\Debug\Cm3Start.o
                0x00000a64                _sbrk
 .text.Start_c  0x00000a94       0x4c .\CortexM3\ARM_GCC_493\Debug\Cm3Start.o
                0x00000a94                Start_c
 .text.initialize_psoc
                0x00000ae0       0x74 .\CortexM3\ARM_GCC_493\Debug\Cm3Start.o
                0x00000ae0                initialize_psoc
 .text.CyClockStartupError
                0x00000b54        0x4 .\CortexM3\ARM_GCC_493\Debug\Ball.a(cyfitter_cfg.o)
 .text.cfg_write_bytes32
                0x00000b58       0x34 .\CortexM3\ARM_GCC_493\Debug\Ball.a(cyfitter_cfg.o)
 .text.AnalogSetDefault
                0x00000b8c       0x28 .\CortexM3\ARM_GCC_493\Debug\Ball.a(cyfitter_cfg.o)
 .text.CYMEMZERO
                0x00000bb4        0xc .\CortexM3\ARM_GCC_493\Debug\Ball.a(cyfitter_cfg.o)
 .text.ClockSetup
                0x00000bc0       0xcc .\CortexM3\ARM_GCC_493\Debug\Ball.a(cyfitter_cfg.o)
 .text.CYCONFIGCPY
                0x00000c8c        0x8 .\CortexM3\ARM_GCC_493\Debug\Ball.a(cyfitter_cfg.o)
 .text.cyfitter_cfg
                0x00000c94      0x144 .\CortexM3\ARM_GCC_493\Debug\Ball.a(cyfitter_cfg.o)
                0x00000c94                cyfitter_cfg
 .text          0x00000dd8       0x20 .\CortexM3\ARM_GCC_493\Debug\Ball.a(CyBootAsmGnu.o)
                0x00000dd8                CyDelayCycles
                0x00000de8                CyEnterCriticalSection
                0x00000df0                CyExitCriticalSection
 .text.CyHalt   0x00000df8        0x4 .\CortexM3\ARM_GCC_493\Debug\Ball.a(CyLib.o)
                0x00000df8                CyHalt
 .text.CyDelayUs
                0x00000dfc       0x14 .\CortexM3\ARM_GCC_493\Debug\Ball.a(CyLib.o)
                0x00000dfc                CyDelayUs
 .text.CyIntSetVector
                0x00000e10       0x28 .\CortexM3\ARM_GCC_493\Debug\Ball.a(CyLib.o)
                0x00000e10                CyIntSetVector
 .text.CyIntSetPriority
                0x00000e38       0x30 .\CortexM3\ARM_GCC_493\Debug\Ball.a(CyLib.o)
                0x00000e38                CyIntSetPriority
 .text.CyGetUniqueId
                0x00000e68       0x70 .\CortexM3\ARM_GCC_493\Debug\Ball.a(CyLib.o)
                0x00000e68                CyGetUniqueId
 .text.USBUART_Init
                0x00000ed8      0x140 .\CortexM3\ARM_GCC_493\Debug\Ball.a(USBUART.o)
                0x00000ed8                USBUART_Init
 .text.USBUART_InitComponent
                0x00001018       0xb8 .\CortexM3\ARM_GCC_493\Debug\Ball.a(USBUART.o)
                0x00001018                USBUART_InitComponent
 .text.USBUART_Start
                0x000010d0       0x24 .\CortexM3\ARM_GCC_493\Debug\Ball.a(USBUART.o)
                0x000010d0                USBUART_Start
 .text.USBUART_ReInitComponent
                0x000010f4       0x4c .\CortexM3\ARM_GCC_493\Debug\Ball.a(USBUART.o)
                0x000010f4                USBUART_ReInitComponent
 .text.USBUART_GetConfiguration
                0x00001140        0xc .\CortexM3\ARM_GCC_493\Debug\Ball.a(USBUART.o)
                0x00001140                USBUART_GetConfiguration
 .text.USBUART_LoadInEP
                0x0000114c       0x94 .\CortexM3\ARM_GCC_493\Debug\Ball.a(USBUART.o)
                0x0000114c                USBUART_LoadInEP
 .text.USBUART_StrLen
                0x000011e0       0x14 .\CortexM3\ARM_GCC_493\Debug\Ball.a(USBUART_cdc.o)
 .text.USBUART_GetInterfaceComPort
                0x000011f4       0x3c .\CortexM3\ARM_GCC_493\Debug\Ball.a(USBUART_cdc.o)
                0x000011f4                USBUART_GetInterfaceComPort
 .text.USBUART_DispatchCDCClassRqst
                0x00001230       0x98 .\CortexM3\ARM_GCC_493\Debug\Ball.a(USBUART_cdc.o)
                0x00001230                USBUART_DispatchCDCClassRqst
 .text.USBUART_PutString
                0x000012c8       0x9c .\CortexM3\ARM_GCC_493\Debug\Ball.a(USBUART_cdc.o)
                0x000012c8                USBUART_PutString
 .text.USBUART_Cdc_EpInit
                0x00001364       0x50 .\CortexM3\ARM_GCC_493\Debug\Ball.a(USBUART_cdc.o)
                0x00001364                USBUART_Cdc_EpInit
 .text.USBUART_LoadEP0
                0x000013b4       0x94 .\CortexM3\ARM_GCC_493\Debug\Ball.a(USBUART_drv.o)
                0x000013b4                USBUART_LoadEP0
 .text.USBUART_InitZeroLengthControlTransfer
                0x00001448       0x34 .\CortexM3\ARM_GCC_493\Debug\Ball.a(USBUART_drv.o)
                0x00001448                USBUART_InitZeroLengthControlTransfer
 .text.USBUART_ControlReadDataStage
                0x0000147c        0x8 .\CortexM3\ARM_GCC_493\Debug\Ball.a(USBUART_drv.o)
                0x0000147c                USBUART_ControlReadDataStage
 .text.USBUART_ControlWriteDataStage
                0x00001484       0x80 .\CortexM3\ARM_GCC_493\Debug\Ball.a(USBUART_drv.o)
                0x00001484                USBUART_ControlWriteDataStage
 .text.USBUART_InitNoDataControlTransfer
                0x00001504       0x2c .\CortexM3\ARM_GCC_493\Debug\Ball.a(USBUART_drv.o)
                0x00001504                USBUART_InitNoDataControlTransfer
 .text.USBUART_UpdateStatusBlock
                0x00001530       0x24 .\CortexM3\ARM_GCC_493\Debug\Ball.a(USBUART_drv.o)
                0x00001530                USBUART_UpdateStatusBlock
 .text.USBUART_HandleSetup
                0x00001554       0x5c .\CortexM3\ARM_GCC_493\Debug\Ball.a(USBUART_drv.o)
                0x00001554                USBUART_HandleSetup
 .text.USBUART_ControlReadStatusStage
                0x000015b0       0x34 .\CortexM3\ARM_GCC_493\Debug\Ball.a(USBUART_drv.o)
                0x000015b0                USBUART_ControlReadStatusStage
 .text.USBUART_HandleOUT
                0x000015e4       0x38 .\CortexM3\ARM_GCC_493\Debug\Ball.a(USBUART_drv.o)
                0x000015e4                USBUART_HandleOUT
 .text.USBUART_ControlWriteStatusStage
                0x0000161c       0x20 .\CortexM3\ARM_GCC_493\Debug\Ball.a(USBUART_drv.o)
                0x0000161c                USBUART_ControlWriteStatusStage
 .text.USBUART_NoDataControlStatusStage
                0x0000163c       0x40 .\CortexM3\ARM_GCC_493\Debug\Ball.a(USBUART_drv.o)
                0x0000163c                USBUART_NoDataControlStatusStage
 .text.USBUART_HandleIN
                0x0000167c       0x2c .\CortexM3\ARM_GCC_493\Debug\Ball.a(USBUART_drv.o)
                0x0000167c                USBUART_HandleIN
 .text.USBUART_EP_0_ISR
                0x000016a8       0xb8 .\CortexM3\ARM_GCC_493\Debug\Ball.a(USBUART_drv.o)
                0x000016a8                USBUART_EP_0_ISR
 .text.USBUART_InitializeStatusBlock
                0x00001760       0x24 .\CortexM3\ARM_GCC_493\Debug\Ball.a(USBUART_drv.o)
                0x00001760                USBUART_InitializeStatusBlock
 .text.USBUART_InitControlRead
                0x00001784       0x50 .\CortexM3\ARM_GCC_493\Debug\Ball.a(USBUART_drv.o)
                0x00001784                USBUART_InitControlRead
 .text.USBUART_InitControlWrite
                0x000017d4       0x48 .\CortexM3\ARM_GCC_493\Debug\Ball.a(USBUART_drv.o)
                0x000017d4                USBUART_InitControlWrite
 .text.USBUART_EP_1_ISR
                0x0000181c       0x38 .\CortexM3\ARM_GCC_493\Debug\Ball.a(USBUART_episr.o)
                0x0000181c                USBUART_EP_1_ISR
 .text.USBUART_EP_2_ISR
                0x00001854       0x3c .\CortexM3\ARM_GCC_493\Debug\Ball.a(USBUART_episr.o)
                0x00001854                USBUART_EP_2_ISR
 .text.USBUART_EP_3_ISR
                0x00001890       0x44 .\CortexM3\ARM_GCC_493\Debug\Ball.a(USBUART_episr.o)
                0x00001890                USBUART_EP_3_ISR
 .text.USBUART_SOF_ISR
                0x000018d4        0x4 .\CortexM3\ARM_GCC_493\Debug\Ball.a(USBUART_episr.o)
                0x000018d4                USBUART_SOF_ISR
 .text.USBUART_BUS_RESET_ISR
                0x000018d8        0x8 .\CortexM3\ARM_GCC_493\Debug\Ball.a(USBUART_episr.o)
                0x000018d8                USBUART_BUS_RESET_ISR
 .text.USBUART_DP_ISR
                0x000018e0        0x8 .\CortexM3\ARM_GCC_493\Debug\Ball.a(USBUART_pm.o)
                0x000018e0                USBUART_DP_ISR
 .text.USBUART_ReadDieID
                0x000018e8       0x6c .\CortexM3\ARM_GCC_493\Debug\Ball.a(USBUART_std.o)
                0x000018e8                USBUART_ReadDieID
 .text.USBUART_ConfigReg
                0x00001954       0xa4 .\CortexM3\ARM_GCC_493\Debug\Ball.a(USBUART_std.o)
                0x00001954                USBUART_ConfigReg
 .text.USBUART_GetConfigTablePtr
                0x000019f8       0x28 .\CortexM3\ARM_GCC_493\Debug\Ball.a(USBUART_std.o)
                0x000019f8                USBUART_GetConfigTablePtr
 .text.USBUART_ConfigAltChanged
                0x00001a20      0x11c .\CortexM3\ARM_GCC_493\Debug\Ball.a(USBUART_std.o)
                0x00001a20                USBUART_ConfigAltChanged
 .text.USBUART_GetDeviceTablePtr
                0x00001b3c       0x18 .\CortexM3\ARM_GCC_493\Debug\Ball.a(USBUART_std.o)
                0x00001b3c                USBUART_GetDeviceTablePtr
 .text.USBUART_GetInterfaceClassTablePtr
                0x00001b54       0x24 .\CortexM3\ARM_GCC_493\Debug\Ball.a(USBUART_std.o)
                0x00001b54                USBUART_GetInterfaceClassTablePtr
 .text.USBUART_Config
                0x00001b78      0x1e4 .\CortexM3\ARM_GCC_493\Debug\Ball.a(USBUART_std.o)
                0x00001b78                USBUART_Config
 .text.USBUART_SetEndpointHalt
                0x00001d5c       0x64 .\CortexM3\ARM_GCC_493\Debug\Ball.a(USBUART_std.o)
                0x00001d5c                USBUART_SetEndpointHalt
 .text.USBUART_ClearEndpointHalt
                0x00001dc0       0xa8 .\CortexM3\ARM_GCC_493\Debug\Ball.a(USBUART_std.o)
                0x00001dc0                USBUART_ClearEndpointHalt
 .text.USBUART_ValidateAlternateSetting
                0x00001e68       0x4c .\CortexM3\ARM_GCC_493\Debug\Ball.a(USBUART_std.o)
                0x00001e68                USBUART_ValidateAlternateSetting
 .text.USBUART_HandleStandardRqst
                0x00001eb4      0x350 .\CortexM3\ARM_GCC_493\Debug\Ball.a(USBUART_std.o)
                0x00001eb4                USBUART_HandleStandardRqst
 .text.USBUART_HandleVendorRqst
                0x00002204       0x18 .\CortexM3\ARM_GCC_493\Debug\Ball.a(USBUART_vnd.o)
                0x00002204                USBUART_HandleVendorRqst
 .text.USBUART_Dp_ClearInterrupt
                0x0000221c       0x10 .\CortexM3\ARM_GCC_493\Debug\Ball.a(USBUART_Dp.o)
                0x0000221c                USBUART_Dp_ClearInterrupt
 .text.RC_Ch2_Timer_Enable
                0x0000222c       0x10 .\CortexM3\ARM_GCC_493\Debug\Ball.a(RC_Ch2_Timer.o)
                0x0000222c                RC_Ch2_Timer_Enable
 .text.RC_Ch2_Timer_Stop
                0x0000223c       0x10 .\CortexM3\ARM_GCC_493\Debug\Ball.a(RC_Ch2_Timer.o)
                0x0000223c                RC_Ch2_Timer_Stop
 .text.RC_Ch2_Timer_SetInterruptMode
                0x0000224c        0xc .\CortexM3\ARM_GCC_493\Debug\Ball.a(RC_Ch2_Timer.o)
                0x0000224c                RC_Ch2_Timer_SetInterruptMode
 .text.RC_Ch2_Timer_ReadStatusRegister
                0x00002258        0xc .\CortexM3\ARM_GCC_493\Debug\Ball.a(RC_Ch2_Timer.o)
                0x00002258                RC_Ch2_Timer_ReadStatusRegister
 .text.RC_Ch2_Timer_WritePeriod
                0x00002264       0x10 .\CortexM3\ARM_GCC_493\Debug\Ball.a(RC_Ch2_Timer.o)
                0x00002264                RC_Ch2_Timer_WritePeriod
 .text.RC_Ch2_Timer_ReadCapture
                0x00002274       0x10 .\CortexM3\ARM_GCC_493\Debug\Ball.a(RC_Ch2_Timer.o)
                0x00002274                RC_Ch2_Timer_ReadCapture
 .text.RC_Ch2_Timer_WriteCounter
                0x00002284       0x10 .\CortexM3\ARM_GCC_493\Debug\Ball.a(RC_Ch2_Timer.o)
                0x00002284                RC_Ch2_Timer_WriteCounter
 .text.RC_Ch2_Timer_EnableTrigger
                0x00002294       0x10 .\CortexM3\ARM_GCC_493\Debug\Ball.a(RC_Ch2_Timer.o)
                0x00002294                RC_Ch2_Timer_EnableTrigger
 .text.RC_Ch2_Timer_SetInterruptCount
                0x000022a4       0x1c .\CortexM3\ARM_GCC_493\Debug\Ball.a(RC_Ch2_Timer.o)
                0x000022a4                RC_Ch2_Timer_SetInterruptCount
 .text.RC_Ch2_Timer_ClearFIFO
                0x000022c0       0x14 .\CortexM3\ARM_GCC_493\Debug\Ball.a(RC_Ch2_Timer.o)
                0x000022c0                RC_Ch2_Timer_ClearFIFO
 .text.RC_Ch2_Timer_Init
                0x000022d4       0x40 .\CortexM3\ARM_GCC_493\Debug\Ball.a(RC_Ch2_Timer.o)
                0x000022d4                RC_Ch2_Timer_Init
 .text.RC_Ch2_Timer_Start
                0x00002314       0x1c .\CortexM3\ARM_GCC_493\Debug\Ball.a(RC_Ch2_Timer.o)
                0x00002314                RC_Ch2_Timer_Start
 .text.RC_Ch2_Timer_Interrupt_SetVector
                0x00002330        0xc .\CortexM3\ARM_GCC_493\Debug\Ball.a(RC_Ch2_Timer_Interrupt.o)
                0x00002330                RC_Ch2_Timer_Interrupt_SetVector
 .text.RC_Ch2_Timer_Interrupt_SetPriority
                0x0000233c       0x10 .\CortexM3\ARM_GCC_493\Debug\Ball.a(RC_Ch2_Timer_Interrupt.o)
                0x0000233c                RC_Ch2_Timer_Interrupt_SetPriority
 .text.RC_Ch2_Timer_Interrupt_Enable
                0x0000234c        0xc .\CortexM3\ARM_GCC_493\Debug\Ball.a(RC_Ch2_Timer_Interrupt.o)
                0x0000234c                RC_Ch2_Timer_Interrupt_Enable
 .text.RC_Ch2_Timer_Interrupt_Disable
                0x00002358        0xc .\CortexM3\ARM_GCC_493\Debug\Ball.a(RC_Ch2_Timer_Interrupt.o)
                0x00002358                RC_Ch2_Timer_Interrupt_Disable
 .text.RC_Ch2_Timer_Interrupt_StartEx
                0x00002364       0x1c .\CortexM3\ARM_GCC_493\Debug\Ball.a(RC_Ch2_Timer_Interrupt.o)
                0x00002364                RC_Ch2_Timer_Interrupt_StartEx
 .text.Clock_Millis_Interrupt_SetVector
                0x00002380        0xc .\CortexM3\ARM_GCC_493\Debug\Ball.a(Clock_Millis_Interrupt.o)
                0x00002380                Clock_Millis_Interrupt_SetVector
 .text.Clock_Millis_Interrupt_SetPriority
                0x0000238c       0x10 .\CortexM3\ARM_GCC_493\Debug\Ball.a(Clock_Millis_Interrupt.o)
                0x0000238c                Clock_Millis_Interrupt_SetPriority
 .text.Clock_Millis_Interrupt_Enable
                0x0000239c        0xc .\CortexM3\ARM_GCC_493\Debug\Ball.a(Clock_Millis_Interrupt.o)
                0x0000239c                Clock_Millis_Interrupt_Enable
 .text.Clock_Millis_Interrupt_Disable
                0x000023a8        0xc .\CortexM3\ARM_GCC_493\Debug\Ball.a(Clock_Millis_Interrupt.o)
                0x000023a8                Clock_Millis_Interrupt_Disable
 .text.Clock_Millis_Interrupt_StartEx
                0x000023b4       0x1c .\CortexM3\ARM_GCC_493\Debug\Ball.a(Clock_Millis_Interrupt.o)
                0x000023b4                Clock_Millis_Interrupt_StartEx
 .text.RC_Ch1_Read
                0x000023d0       0x10 .\CortexM3\ARM_GCC_493\Debug\Ball.a(RC_Ch1.o)
                0x000023d0                RC_Ch1_Read
 .text.RC_Ch1_Timer_Enable
                0x000023e0       0x10 .\CortexM3\ARM_GCC_493\Debug\Ball.a(RC_Ch1_Timer.o)
                0x000023e0                RC_Ch1_Timer_Enable
 .text.RC_Ch1_Timer_Stop
                0x000023f0       0x10 .\CortexM3\ARM_GCC_493\Debug\Ball.a(RC_Ch1_Timer.o)
                0x000023f0                RC_Ch1_Timer_Stop
 .text.RC_Ch1_Timer_SetInterruptMode
                0x00002400        0xc .\CortexM3\ARM_GCC_493\Debug\Ball.a(RC_Ch1_Timer.o)
                0x00002400                RC_Ch1_Timer_SetInterruptMode
 .text.RC_Ch1_Timer_ReadStatusRegister
                0x0000240c        0xc .\CortexM3\ARM_GCC_493\Debug\Ball.a(RC_Ch1_Timer.o)
                0x0000240c                RC_Ch1_Timer_ReadStatusRegister
 .text.RC_Ch1_Timer_WritePeriod
                0x00002418       0x10 .\CortexM3\ARM_GCC_493\Debug\Ball.a(RC_Ch1_Timer.o)
                0x00002418                RC_Ch1_Timer_WritePeriod
 .text.RC_Ch1_Timer_ReadCapture
                0x00002428       0x10 .\CortexM3\ARM_GCC_493\Debug\Ball.a(RC_Ch1_Timer.o)
                0x00002428                RC_Ch1_Timer_ReadCapture
 .text.RC_Ch1_Timer_WriteCounter
                0x00002438       0x10 .\CortexM3\ARM_GCC_493\Debug\Ball.a(RC_Ch1_Timer.o)
                0x00002438                RC_Ch1_Timer_WriteCounter
 .text.RC_Ch1_Timer_EnableTrigger
                0x00002448       0x10 .\CortexM3\ARM_GCC_493\Debug\Ball.a(RC_Ch1_Timer.o)
                0x00002448                RC_Ch1_Timer_EnableTrigger
 .text.RC_Ch1_Timer_SetInterruptCount
                0x00002458       0x1c .\CortexM3\ARM_GCC_493\Debug\Ball.a(RC_Ch1_Timer.o)
                0x00002458                RC_Ch1_Timer_SetInterruptCount
 .text.RC_Ch1_Timer_ClearFIFO
                0x00002474       0x14 .\CortexM3\ARM_GCC_493\Debug\Ball.a(RC_Ch1_Timer.o)
                0x00002474                RC_Ch1_Timer_ClearFIFO
 .text.RC_Ch1_Timer_Init
                0x00002488       0x40 .\CortexM3\ARM_GCC_493\Debug\Ball.a(RC_Ch1_Timer.o)
                0x00002488                RC_Ch1_Timer_Init
 .text.RC_Ch1_Timer_Start
                0x000024c8       0x1c .\CortexM3\ARM_GCC_493\Debug\Ball.a(RC_Ch1_Timer.o)
                0x000024c8                RC_Ch1_Timer_Start
 .text.RC_Ch2_Read
                0x000024e4       0x10 .\CortexM3\ARM_GCC_493\Debug\Ball.a(RC_Ch2.o)
                0x000024e4                RC_Ch2_Read
 .text.RC_Ch1_Timer_Interrupt_SetVector
                0x000024f4        0xc .\CortexM3\ARM_GCC_493\Debug\Ball.a(RC_Ch1_Timer_Interrupt.o)
                0x000024f4                RC_Ch1_Timer_Interrupt_SetVector
 .text.RC_Ch1_Timer_Interrupt_SetPriority
                0x00002500       0x10 .\CortexM3\ARM_GCC_493\Debug\Ball.a(RC_Ch1_Timer_Interrupt.o)
                0x00002500                RC_Ch1_Timer_Interrupt_SetPriority
 .text.RC_Ch1_Timer_Interrupt_Enable
                0x00002510        0xc .\CortexM3\ARM_GCC_493\Debug\Ball.a(RC_Ch1_Timer_Interrupt.o)
                0x00002510                RC_Ch1_Timer_Interrupt_Enable
 .text.RC_Ch1_Timer_Interrupt_Disable
                0x0000251c        0xc .\CortexM3\ARM_GCC_493\Debug\Ball.a(RC_Ch1_Timer_Interrupt.o)
                0x0000251c                RC_Ch1_Timer_Interrupt_Disable
 .text.RC_Ch1_Timer_Interrupt_StartEx
                0x00002528       0x1c .\CortexM3\ARM_GCC_493\Debug\Ball.a(RC_Ch1_Timer_Interrupt.o)
                0x00002528                RC_Ch1_Timer_Interrupt_StartEx
 .text.RC_Ch4_Timer_Enable
                0x00002544       0x10 .\CortexM3\ARM_GCC_493\Debug\Ball.a(RC_Ch4_Timer.o)
                0x00002544                RC_Ch4_Timer_Enable
 .text.RC_Ch4_Timer_Stop
                0x00002554       0x10 .\CortexM3\ARM_GCC_493\Debug\Ball.a(RC_Ch4_Timer.o)
                0x00002554                RC_Ch4_Timer_Stop
 .text.RC_Ch4_Timer_SetInterruptMode
                0x00002564        0xc .\CortexM3\ARM_GCC_493\Debug\Ball.a(RC_Ch4_Timer.o)
                0x00002564                RC_Ch4_Timer_SetInterruptMode
 .text.RC_Ch4_Timer_ReadStatusRegister
                0x00002570        0xc .\CortexM3\ARM_GCC_493\Debug\Ball.a(RC_Ch4_Timer.o)
                0x00002570                RC_Ch4_Timer_ReadStatusRegister
 .text.RC_Ch4_Timer_WritePeriod
                0x0000257c       0x10 .\CortexM3\ARM_GCC_493\Debug\Ball.a(RC_Ch4_Timer.o)
                0x0000257c                RC_Ch4_Timer_WritePeriod
 .text.RC_Ch4_Timer_ReadCapture
                0x0000258c       0x10 .\CortexM3\ARM_GCC_493\Debug\Ball.a(RC_Ch4_Timer.o)
                0x0000258c                RC_Ch4_Timer_ReadCapture
 .text.RC_Ch4_Timer_WriteCounter
                0x0000259c       0x10 .\CortexM3\ARM_GCC_493\Debug\Ball.a(RC_Ch4_Timer.o)
                0x0000259c                RC_Ch4_Timer_WriteCounter
 .text.RC_Ch4_Timer_EnableTrigger
                0x000025ac       0x10 .\CortexM3\ARM_GCC_493\Debug\Ball.a(RC_Ch4_Timer.o)
                0x000025ac                RC_Ch4_Timer_EnableTrigger
 .text.RC_Ch4_Timer_SetInterruptCount
                0x000025bc       0x1c .\CortexM3\ARM_GCC_493\Debug\Ball.a(RC_Ch4_Timer.o)
                0x000025bc                RC_Ch4_Timer_SetInterruptCount
 .text.RC_Ch4_Timer_ClearFIFO
                0x000025d8       0x14 .\CortexM3\ARM_GCC_493\Debug\Ball.a(RC_Ch4_Timer.o)
                0x000025d8                RC_Ch4_Timer_ClearFIFO
 .text.RC_Ch4_Timer_Init
                0x000025ec       0x40 .\CortexM3\ARM_GCC_493\Debug\Ball.a(RC_Ch4_Timer.o)
                0x000025ec                RC_Ch4_Timer_Init
 .text.RC_Ch4_Timer_Start
                0x0000262c       0x1c .\CortexM3\ARM_GCC_493\Debug\Ball.a(RC_Ch4_Timer.o)
                0x0000262c                RC_Ch4_Timer_Start
 .text.RC_Ch4_Read
                0x00002648       0x10 .\CortexM3\ARM_GCC_493\Debug\Ball.a(RC_Ch4.o)
                0x00002648                RC_Ch4_Read
 .text.RC_Ch4_Timer_Interrupt_SetVector
                0x00002658        0xc .\CortexM3\ARM_GCC_493\Debug\Ball.a(RC_Ch4_Timer_Interrupt.o)
                0x00002658                RC_Ch4_Timer_Interrupt_SetVector
 .text.RC_Ch4_Timer_Interrupt_SetPriority
                0x00002664       0x10 .\CortexM3\ARM_GCC_493\Debug\Ball.a(RC_Ch4_Timer_Interrupt.o)
                0x00002664                RC_Ch4_Timer_Interrupt_SetPriority
 .text.RC_Ch4_Timer_Interrupt_Enable
                0x00002674        0xc .\CortexM3\ARM_GCC_493\Debug\Ball.a(RC_Ch4_Timer_Interrupt.o)
                0x00002674                RC_Ch4_Timer_Interrupt_Enable
 .text.RC_Ch4_Timer_Interrupt_Disable
                0x00002680        0xc .\CortexM3\ARM_GCC_493\Debug\Ball.a(RC_Ch4_Timer_Interrupt.o)
                0x00002680                RC_Ch4_Timer_Interrupt_Disable
 .text.RC_Ch4_Timer_Interrupt_StartEx
                0x0000268c       0x1c .\CortexM3\ARM_GCC_493\Debug\Ball.a(RC_Ch4_Timer_Interrupt.o)
                0x0000268c                RC_Ch4_Timer_Interrupt_StartEx
 .text.RC_Ch3_Timer_Enable
                0x000026a8       0x10 .\CortexM3\ARM_GCC_493\Debug\Ball.a(RC_Ch3_Timer.o)
                0x000026a8                RC_Ch3_Timer_Enable
 .text.RC_Ch3_Timer_Stop
                0x000026b8       0x10 .\CortexM3\ARM_GCC_493\Debug\Ball.a(RC_Ch3_Timer.o)
                0x000026b8                RC_Ch3_Timer_Stop
 .text.RC_Ch3_Timer_SetInterruptMode
                0x000026c8        0xc .\CortexM3\ARM_GCC_493\Debug\Ball.a(RC_Ch3_Timer.o)
                0x000026c8                RC_Ch3_Timer_SetInterruptMode
 .text.RC_Ch3_Timer_ReadStatusRegister
                0x000026d4        0xc .\CortexM3\ARM_GCC_493\Debug\Ball.a(RC_Ch3_Timer.o)
                0x000026d4                RC_Ch3_Timer_ReadStatusRegister
 .text.RC_Ch3_Timer_WritePeriod
                0x000026e0       0x10 .\CortexM3\ARM_GCC_493\Debug\Ball.a(RC_Ch3_Timer.o)
                0x000026e0                RC_Ch3_Timer_WritePeriod
 .text.RC_Ch3_Timer_ReadCapture
                0x000026f0       0x10 .\CortexM3\ARM_GCC_493\Debug\Ball.a(RC_Ch3_Timer.o)
                0x000026f0                RC_Ch3_Timer_ReadCapture
 .text.RC_Ch3_Timer_WriteCounter
                0x00002700       0x10 .\CortexM3\ARM_GCC_493\Debug\Ball.a(RC_Ch3_Timer.o)
                0x00002700                RC_Ch3_Timer_WriteCounter
 .text.RC_Ch3_Timer_EnableTrigger
                0x00002710       0x10 .\CortexM3\ARM_GCC_493\Debug\Ball.a(RC_Ch3_Timer.o)
                0x00002710                RC_Ch3_Timer_EnableTrigger
 .text.RC_Ch3_Timer_SetInterruptCount
                0x00002720       0x1c .\CortexM3\ARM_GCC_493\Debug\Ball.a(RC_Ch3_Timer.o)
                0x00002720                RC_Ch3_Timer_SetInterruptCount
 .text.RC_Ch3_Timer_ClearFIFO
                0x0000273c       0x14 .\CortexM3\ARM_GCC_493\Debug\Ball.a(RC_Ch3_Timer.o)
                0x0000273c                RC_Ch3_Timer_ClearFIFO
 .text.RC_Ch3_Timer_Init
                0x00002750       0x40 .\CortexM3\ARM_GCC_493\Debug\Ball.a(RC_Ch3_Timer.o)
                0x00002750                RC_Ch3_Timer_Init
 .text.RC_Ch3_Timer_Start
                0x00002790       0x1c .\CortexM3\ARM_GCC_493\Debug\Ball.a(RC_Ch3_Timer.o)
                0x00002790                RC_Ch3_Timer_Start
 .text.RC_Ch3_Read
                0x000027ac       0x10 .\CortexM3\ARM_GCC_493\Debug\Ball.a(RC_Ch3.o)
                0x000027ac                RC_Ch3_Read
 .text.RC_Ch3_Timer_Interrupt_SetVector
                0x000027bc        0xc .\CortexM3\ARM_GCC_493\Debug\Ball.a(RC_Ch3_Timer_Interrupt.o)
                0x000027bc                RC_Ch3_Timer_Interrupt_SetVector
 .text.RC_Ch3_Timer_Interrupt_SetPriority
                0x000027c8       0x10 .\CortexM3\ARM_GCC_493\Debug\Ball.a(RC_Ch3_Timer_Interrupt.o)
                0x000027c8                RC_Ch3_Timer_Interrupt_SetPriority
 .text.RC_Ch3_Timer_Interrupt_Enable
                0x000027d8        0xc .\CortexM3\ARM_GCC_493\Debug\Ball.a(RC_Ch3_Timer_Interrupt.o)
                0x000027d8                RC_Ch3_Timer_Interrupt_Enable
 .text.RC_Ch3_Timer_Interrupt_Disable
                0x000027e4        0xc .\CortexM3\ARM_GCC_493\Debug\Ball.a(RC_Ch3_Timer_Interrupt.o)
                0x000027e4                RC_Ch3_Timer_Interrupt_Disable
 .text.RC_Ch3_Timer_Interrupt_StartEx
                0x000027f0       0x1c .\CortexM3\ARM_GCC_493\Debug\Ball.a(RC_Ch3_Timer_Interrupt.o)
                0x000027f0                RC_Ch3_Timer_Interrupt_StartEx
 .text.Drive_DC_Motor_PWM_Enable
                0x0000280c       0x10 .\CortexM3\ARM_GCC_493\Debug\Ball.a(Drive_DC_Motor_PWM.o)
                0x0000280c                Drive_DC_Motor_PWM_Enable
 .text.Drive_DC_Motor_PWM_WriteCounter
                0x0000281c        0xc .\CortexM3\ARM_GCC_493\Debug\Ball.a(Drive_DC_Motor_PWM.o)
                0x0000281c                Drive_DC_Motor_PWM_WriteCounter
 .text.Drive_DC_Motor_PWM_WritePeriod
                0x00002828        0xc .\CortexM3\ARM_GCC_493\Debug\Ball.a(Drive_DC_Motor_PWM.o)
                0x00002828                Drive_DC_Motor_PWM_WritePeriod
 .text.Drive_DC_Motor_PWM_WriteCompare1
                0x00002834        0xc .\CortexM3\ARM_GCC_493\Debug\Ball.a(Drive_DC_Motor_PWM.o)
                0x00002834                Drive_DC_Motor_PWM_WriteCompare1
 .text.Drive_DC_Motor_PWM_WriteCompare2
                0x00002840        0xc .\CortexM3\ARM_GCC_493\Debug\Ball.a(Drive_DC_Motor_PWM.o)
                0x00002840                Drive_DC_Motor_PWM_WriteCompare2
 .text.Drive_DC_Motor_PWM_SetInterruptMode
                0x0000284c        0xc .\CortexM3\ARM_GCC_493\Debug\Ball.a(Drive_DC_Motor_PWM.o)
                0x0000284c                Drive_DC_Motor_PWM_SetInterruptMode
 .text.Drive_DC_Motor_PWM_ReadStatusRegister
                0x00002858        0xc .\CortexM3\ARM_GCC_493\Debug\Ball.a(Drive_DC_Motor_PWM.o)
                0x00002858                Drive_DC_Motor_PWM_ReadStatusRegister
 .text.Drive_DC_Motor_PWM_ReadCapture
                0x00002864        0xc .\CortexM3\ARM_GCC_493\Debug\Ball.a(Drive_DC_Motor_PWM.o)
                0x00002864                Drive_DC_Motor_PWM_ReadCapture
 .text.Drive_DC_Motor_PWM_ClearFIFO
                0x00002870       0x14 .\CortexM3\ARM_GCC_493\Debug\Ball.a(Drive_DC_Motor_PWM.o)
                0x00002870                Drive_DC_Motor_PWM_ClearFIFO
 .text.Drive_DC_Motor_PWM_Init
                0x00002884       0x58 .\CortexM3\ARM_GCC_493\Debug\Ball.a(Drive_DC_Motor_PWM.o)
                0x00002884                Drive_DC_Motor_PWM_Init
 .text.Drive_DC_Motor_PWM_Start
                0x000028dc       0x1c .\CortexM3\ARM_GCC_493\Debug\Ball.a(Drive_DC_Motor_PWM.o)
                0x000028dc                Drive_DC_Motor_PWM_Start
 .text.Pendulum_DC_Motor_PWM_Enable
                0x000028f8       0x10 .\CortexM3\ARM_GCC_493\Debug\Ball.a(Pendulum_DC_Motor_PWM.o)
                0x000028f8                Pendulum_DC_Motor_PWM_Enable
 .text.Pendulum_DC_Motor_PWM_WriteCounter
                0x00002908        0xc .\CortexM3\ARM_GCC_493\Debug\Ball.a(Pendulum_DC_Motor_PWM.o)
                0x00002908                Pendulum_DC_Motor_PWM_WriteCounter
 .text.Pendulum_DC_Motor_PWM_WritePeriod
                0x00002914        0xc .\CortexM3\ARM_GCC_493\Debug\Ball.a(Pendulum_DC_Motor_PWM.o)
                0x00002914                Pendulum_DC_Motor_PWM_WritePeriod
 .text.Pendulum_DC_Motor_PWM_WriteCompare1
                0x00002920        0xc .\CortexM3\ARM_GCC_493\Debug\Ball.a(Pendulum_DC_Motor_PWM.o)
                0x00002920                Pendulum_DC_Motor_PWM_WriteCompare1
 .text.Pendulum_DC_Motor_PWM_WriteCompare2
                0x0000292c        0xc .\CortexM3\ARM_GCC_493\Debug\Ball.a(Pendulum_DC_Motor_PWM.o)
                0x0000292c                Pendulum_DC_Motor_PWM_WriteCompare2
 .text.Pendulum_DC_Motor_PWM_SetInterruptMode
                0x00002938        0xc .\CortexM3\ARM_GCC_493\Debug\Ball.a(Pendulum_DC_Motor_PWM.o)
                0x00002938                Pendulum_DC_Motor_PWM_SetInterruptMode
 .text.Pendulum_DC_Motor_PWM_ReadStatusRegister
                0x00002944        0xc .\CortexM3\ARM_GCC_493\Debug\Ball.a(Pendulum_DC_Motor_PWM.o)
                0x00002944                Pendulum_DC_Motor_PWM_ReadStatusRegister
 .text.Pendulum_DC_Motor_PWM_ReadCapture
                0x00002950        0xc .\CortexM3\ARM_GCC_493\Debug\Ball.a(Pendulum_DC_Motor_PWM.o)
                0x00002950                Pendulum_DC_Motor_PWM_ReadCapture
 .text.Pendulum_DC_Motor_PWM_ClearFIFO
                0x0000295c       0x14 .\CortexM3\ARM_GCC_493\Debug\Ball.a(Pendulum_DC_Motor_PWM.o)
                0x0000295c                Pendulum_DC_Motor_PWM_ClearFIFO
 .text.Pendulum_DC_Motor_PWM_Init
                0x00002970       0x58 .\CortexM3\ARM_GCC_493\Debug\Ball.a(Pendulum_DC_Motor_PWM.o)
                0x00002970                Pendulum_DC_Motor_PWM_Init
 .text.Pendulum_DC_Motor_PWM_Start
                0x000029c8       0x1c .\CortexM3\ARM_GCC_493\Debug\Ball.a(Pendulum_DC_Motor_PWM.o)
                0x000029c8                Pendulum_DC_Motor_PWM_Start
 .text.Flywheel_DC_Motor_PWM_Enable
                0x000029e4       0x10 .\CortexM3\ARM_GCC_493\Debug\Ball.a(Flywheel_DC_Motor_PWM.o)
                0x000029e4                Flywheel_DC_Motor_PWM_Enable
 .text.Flywheel_DC_Motor_PWM_WriteCounter
                0x000029f4        0xc .\CortexM3\ARM_GCC_493\Debug\Ball.a(Flywheel_DC_Motor_PWM.o)
                0x000029f4                Flywheel_DC_Motor_PWM_WriteCounter
 .text.Flywheel_DC_Motor_PWM_WritePeriod
                0x00002a00        0xc .\CortexM3\ARM_GCC_493\Debug\Ball.a(Flywheel_DC_Motor_PWM.o)
                0x00002a00                Flywheel_DC_Motor_PWM_WritePeriod
 .text.Flywheel_DC_Motor_PWM_WriteCompare1
                0x00002a0c        0xc .\CortexM3\ARM_GCC_493\Debug\Ball.a(Flywheel_DC_Motor_PWM.o)
                0x00002a0c                Flywheel_DC_Motor_PWM_WriteCompare1
 .text.Flywheel_DC_Motor_PWM_WriteCompare2
                0x00002a18        0xc .\CortexM3\ARM_GCC_493\Debug\Ball.a(Flywheel_DC_Motor_PWM.o)
                0x00002a18                Flywheel_DC_Motor_PWM_WriteCompare2
 .text.Flywheel_DC_Motor_PWM_SetInterruptMode
                0x00002a24        0xc .\CortexM3\ARM_GCC_493\Debug\Ball.a(Flywheel_DC_Motor_PWM.o)
                0x00002a24                Flywheel_DC_Motor_PWM_SetInterruptMode
 .text.Flywheel_DC_Motor_PWM_ReadStatusRegister
                0x00002a30        0xc .\CortexM3\ARM_GCC_493\Debug\Ball.a(Flywheel_DC_Motor_PWM.o)
                0x00002a30                Flywheel_DC_Motor_PWM_ReadStatusRegister
 .text.Flywheel_DC_Motor_PWM_ReadCapture
                0x00002a3c        0xc .\CortexM3\ARM_GCC_493\Debug\Ball.a(Flywheel_DC_Motor_PWM.o)
                0x00002a3c                Flywheel_DC_Motor_PWM_ReadCapture
 .text.Flywheel_DC_Motor_PWM_ClearFIFO
                0x00002a48       0x14 .\CortexM3\ARM_GCC_493\Debug\Ball.a(Flywheel_DC_Motor_PWM.o)
                0x00002a48                Flywheel_DC_Motor_PWM_ClearFIFO
 .text.Flywheel_DC_Motor_PWM_Init
                0x00002a5c       0x58 .\CortexM3\ARM_GCC_493\Debug\Ball.a(Flywheel_DC_Motor_PWM.o)
                0x00002a5c                Flywheel_DC_Motor_PWM_Init
 .text.Flywheel_DC_Motor_PWM_Start
                0x00002ab4       0x1c .\CortexM3\ARM_GCC_493\Debug\Ball.a(Flywheel_DC_Motor_PWM.o)
                0x00002ab4                Flywheel_DC_Motor_PWM_Start
 .text.MPU6050_I2C_Init
                0x00002ad0       0x68 .\CortexM3\ARM_GCC_493\Debug\Ball.a(MPU6050_I2C.o)
                0x00002ad0                MPU6050_I2C_Init
 .text.MPU6050_I2C_Enable
                0x00002b38       0x24 .\CortexM3\ARM_GCC_493\Debug\Ball.a(MPU6050_I2C.o)
                0x00002b38                MPU6050_I2C_Enable
 .text.MPU6050_I2C_Start
                0x00002b5c       0x28 .\CortexM3\ARM_GCC_493\Debug\Ball.a(MPU6050_I2C.o)
                0x00002b5c                MPU6050_I2C_Start
 .text.MPU6050_I2C_ISR
                0x00002b84      0x2cc .\CortexM3\ARM_GCC_493\Debug\Ball.a(MPU6050_I2C_INT.o)
                0x00002b84                MPU6050_I2C_ISR
 .text.MPU6050_I2C_MasterSendStart
                0x00002e50       0x80 .\CortexM3\ARM_GCC_493\Debug\Ball.a(MPU6050_I2C_MASTER.o)
                0x00002e50                MPU6050_I2C_MasterSendStart
 .text.MPU6050_I2C_MasterSendRestart
                0x00002ed0       0x6c .\CortexM3\ARM_GCC_493\Debug\Ball.a(MPU6050_I2C_MASTER.o)
                0x00002ed0                MPU6050_I2C_MasterSendRestart
 .text.MPU6050_I2C_MasterSendStop
                0x00002f3c       0x38 .\CortexM3\ARM_GCC_493\Debug\Ball.a(MPU6050_I2C_MASTER.o)
                0x00002f3c                MPU6050_I2C_MasterSendStop
 .text.MPU6050_I2C_MasterWriteByte
                0x00002f74       0x58 .\CortexM3\ARM_GCC_493\Debug\Ball.a(MPU6050_I2C_MASTER.o)
                0x00002f74                MPU6050_I2C_MasterWriteByte
 .text.MPU6050_I2C_MasterReadByte
                0x00002fcc       0x58 .\CortexM3\ARM_GCC_493\Debug\Ball.a(MPU6050_I2C_MASTER.o)
                0x00002fcc                MPU6050_I2C_MasterReadByte
 .text.Drive_DC_Motor_Quad_Dec_GetCounter
                0x00003024       0x10 .\CortexM3\ARM_GCC_493\Debug\Ball.a(Drive_DC_Motor_Quad_Dec.o)
                0x00003024                Drive_DC_Motor_Quad_Dec_GetCounter
 .text.Drive_DC_Motor_Quad_Dec_SetCounter
                0x00003034       0x1c .\CortexM3\ARM_GCC_493\Debug\Ball.a(Drive_DC_Motor_Quad_Dec.o)
                0x00003034                Drive_DC_Motor_Quad_Dec_SetCounter
 .text.Drive_DC_Motor_Quad_Dec_GetEvents
                0x00003050       0x10 .\CortexM3\ARM_GCC_493\Debug\Ball.a(Drive_DC_Motor_Quad_Dec.o)
                0x00003050                Drive_DC_Motor_Quad_Dec_GetEvents
 .text.Drive_DC_Motor_Quad_Dec_SetInterruptMask
                0x00003060        0xc .\CortexM3\ARM_GCC_493\Debug\Ball.a(Drive_DC_Motor_Quad_Dec.o)
                0x00003060                Drive_DC_Motor_Quad_Dec_SetInterruptMask
 .text.Drive_DC_Motor_Quad_Dec_Enable
                0x0000306c       0x24 .\CortexM3\ARM_GCC_493\Debug\Ball.a(Drive_DC_Motor_Quad_Dec.o)
                0x0000306c                Drive_DC_Motor_Quad_Dec_Enable
 .text.Drive_DC_Motor_Quad_Dec_Start
                0x00003090       0x24 .\CortexM3\ARM_GCC_493\Debug\Ball.a(Drive_DC_Motor_Quad_Dec.o)
                0x00003090                Drive_DC_Motor_Quad_Dec_Start
 .text.Drive_DC_Motor_Quad_Dec_Cnt16_Enable
                0x000030b4       0x10 .\CortexM3\ARM_GCC_493\Debug\Ball.a(Drive_DC_Motor_Quad_Dec_Cnt16.o)
                0x000030b4                Drive_DC_Motor_Quad_Dec_Cnt16_Enable
 .text.Drive_DC_Motor_Quad_Dec_Cnt16_SetInterruptMode
                0x000030c4        0xc .\CortexM3\ARM_GCC_493\Debug\Ball.a(Drive_DC_Motor_Quad_Dec_Cnt16.o)
                0x000030c4                Drive_DC_Motor_Quad_Dec_Cnt16_SetInterruptMode
 .text.Drive_DC_Motor_Quad_Dec_Cnt16_ReadStatusRegister
                0x000030d0        0xc .\CortexM3\ARM_GCC_493\Debug\Ball.a(Drive_DC_Motor_Quad_Dec_Cnt16.o)
                0x000030d0                Drive_DC_Motor_Quad_Dec_Cnt16_ReadStatusRegister
 .text.Drive_DC_Motor_Quad_Dec_Cnt16_WriteCounter
                0x000030dc        0xc .\CortexM3\ARM_GCC_493\Debug\Ball.a(Drive_DC_Motor_Quad_Dec_Cnt16.o)
                0x000030dc                Drive_DC_Motor_Quad_Dec_Cnt16_WriteCounter
 .text.Drive_DC_Motor_Quad_Dec_Cnt16_ReadCounter
                0x000030e8       0x14 .\CortexM3\ARM_GCC_493\Debug\Ball.a(Drive_DC_Motor_Quad_Dec_Cnt16.o)
                0x000030e8                Drive_DC_Motor_Quad_Dec_Cnt16_ReadCounter
 .text.Drive_DC_Motor_Quad_Dec_Cnt16_ReadCapture
                0x000030fc        0xc .\CortexM3\ARM_GCC_493\Debug\Ball.a(Drive_DC_Motor_Quad_Dec_Cnt16.o)
                0x000030fc                Drive_DC_Motor_Quad_Dec_Cnt16_ReadCapture
 .text.Drive_DC_Motor_Quad_Dec_Cnt16_WritePeriod
                0x00003108        0xc .\CortexM3\ARM_GCC_493\Debug\Ball.a(Drive_DC_Motor_Quad_Dec_Cnt16.o)
                0x00003108                Drive_DC_Motor_Quad_Dec_Cnt16_WritePeriod
 .text.Drive_DC_Motor_Quad_Dec_Cnt16_WriteCompare
                0x00003114        0xc .\CortexM3\ARM_GCC_493\Debug\Ball.a(Drive_DC_Motor_Quad_Dec_Cnt16.o)
                0x00003114                Drive_DC_Motor_Quad_Dec_Cnt16_WriteCompare
 .text.Drive_DC_Motor_Quad_Dec_Cnt16_ClearFIFO
                0x00003120       0x14 .\CortexM3\ARM_GCC_493\Debug\Ball.a(Drive_DC_Motor_Quad_Dec_Cnt16.o)
                0x00003120                Drive_DC_Motor_Quad_Dec_Cnt16_ClearFIFO
 .text.Drive_DC_Motor_Quad_Dec_Cnt16_Init
                0x00003134       0x58 .\CortexM3\ARM_GCC_493\Debug\Ball.a(Drive_DC_Motor_Quad_Dec_Cnt16.o)
                0x00003134                Drive_DC_Motor_Quad_Dec_Cnt16_Init
 .text.Drive_DC_Motor_Quad_Dec_Cnt16_Start
                0x0000318c       0x1c .\CortexM3\ARM_GCC_493\Debug\Ball.a(Drive_DC_Motor_Quad_Dec_Cnt16.o)
                0x0000318c                Drive_DC_Motor_Quad_Dec_Cnt16_Start
 .text.Pendulum_DC_Motor_Quad_Dec_GetCounter
                0x000031a8       0x10 .\CortexM3\ARM_GCC_493\Debug\Ball.a(Pendulum_DC_Motor_Quad_Dec.o)
                0x000031a8                Pendulum_DC_Motor_Quad_Dec_GetCounter
 .text.Pendulum_DC_Motor_Quad_Dec_SetCounter
                0x000031b8       0x1c .\CortexM3\ARM_GCC_493\Debug\Ball.a(Pendulum_DC_Motor_Quad_Dec.o)
                0x000031b8                Pendulum_DC_Motor_Quad_Dec_SetCounter
 .text.Pendulum_DC_Motor_Quad_Dec_GetEvents
                0x000031d4       0x10 .\CortexM3\ARM_GCC_493\Debug\Ball.a(Pendulum_DC_Motor_Quad_Dec.o)
                0x000031d4                Pendulum_DC_Motor_Quad_Dec_GetEvents
 .text.Pendulum_DC_Motor_Quad_Dec_SetInterruptMask
                0x000031e4        0xc .\CortexM3\ARM_GCC_493\Debug\Ball.a(Pendulum_DC_Motor_Quad_Dec.o)
                0x000031e4                Pendulum_DC_Motor_Quad_Dec_SetInterruptMask
 .text.Pendulum_DC_Motor_Quad_Dec_Enable
                0x000031f0       0x24 .\CortexM3\ARM_GCC_493\Debug\Ball.a(Pendulum_DC_Motor_Quad_Dec.o)
                0x000031f0                Pendulum_DC_Motor_Quad_Dec_Enable
 .text.Pendulum_DC_Motor_Quad_Dec_Start
                0x00003214       0x24 .\CortexM3\ARM_GCC_493\Debug\Ball.a(Pendulum_DC_Motor_Quad_Dec.o)
                0x00003214                Pendulum_DC_Motor_Quad_Dec_Start
 .text.Pendulum_DC_Motor_Quad_Dec_Cnt16_Enable
                0x00003238       0x10 .\CortexM3\ARM_GCC_493\Debug\Ball.a(Pendulum_DC_Motor_Quad_Dec_Cnt16.o)
                0x00003238                Pendulum_DC_Motor_Quad_Dec_Cnt16_Enable
 .text.Pendulum_DC_Motor_Quad_Dec_Cnt16_SetInterruptMode
                0x00003248        0xc .\CortexM3\ARM_GCC_493\Debug\Ball.a(Pendulum_DC_Motor_Quad_Dec_Cnt16.o)
                0x00003248                Pendulum_DC_Motor_Quad_Dec_Cnt16_SetInterruptMode
 .text.Pendulum_DC_Motor_Quad_Dec_Cnt16_ReadStatusRegister
                0x00003254        0xc .\CortexM3\ARM_GCC_493\Debug\Ball.a(Pendulum_DC_Motor_Quad_Dec_Cnt16.o)
                0x00003254                Pendulum_DC_Motor_Quad_Dec_Cnt16_ReadStatusRegister
 .text.Pendulum_DC_Motor_Quad_Dec_Cnt16_WriteCounter
                0x00003260        0xc .\CortexM3\ARM_GCC_493\Debug\Ball.a(Pendulum_DC_Motor_Quad_Dec_Cnt16.o)
                0x00003260                Pendulum_DC_Motor_Quad_Dec_Cnt16_WriteCounter
 .text.Pendulum_DC_Motor_Quad_Dec_Cnt16_ReadCounter
                0x0000326c       0x14 .\CortexM3\ARM_GCC_493\Debug\Ball.a(Pendulum_DC_Motor_Quad_Dec_Cnt16.o)
                0x0000326c                Pendulum_DC_Motor_Quad_Dec_Cnt16_ReadCounter
 .text.Pendulum_DC_Motor_Quad_Dec_Cnt16_ReadCapture
                0x00003280        0xc .\CortexM3\ARM_GCC_493\Debug\Ball.a(Pendulum_DC_Motor_Quad_Dec_Cnt16.o)
                0x00003280                Pendulum_DC_Motor_Quad_Dec_Cnt16_ReadCapture
 .text.Pendulum_DC_Motor_Quad_Dec_Cnt16_WritePeriod
                0x0000328c        0xc .\CortexM3\ARM_GCC_493\Debug\Ball.a(Pendulum_DC_Motor_Quad_Dec_Cnt16.o)
                0x0000328c                Pendulum_DC_Motor_Quad_Dec_Cnt16_WritePeriod
 .text.Pendulum_DC_Motor_Quad_Dec_Cnt16_WriteCompare
                0x00003298        0xc .\CortexM3\ARM_GCC_493\Debug\Ball.a(Pendulum_DC_Motor_Quad_Dec_Cnt16.o)
                0x00003298                Pendulum_DC_Motor_Quad_Dec_Cnt16_WriteCompare
 .text.Pendulum_DC_Motor_Quad_Dec_Cnt16_ClearFIFO
                0x000032a4       0x14 .\CortexM3\ARM_GCC_493\Debug\Ball.a(Pendulum_DC_Motor_Quad_Dec_Cnt16.o)
                0x000032a4                Pendulum_DC_Motor_Quad_Dec_Cnt16_ClearFIFO
 .text.Pendulum_DC_Motor_Quad_Dec_Cnt16_Init
                0x000032b8       0x58 .\CortexM3\ARM_GCC_493\Debug\Ball.a(Pendulum_DC_Motor_Quad_Dec_Cnt16.o)
                0x000032b8                Pendulum_DC_Motor_Quad_Dec_Cnt16_Init
 .text.Pendulum_DC_Motor_Quad_Dec_Cnt16_Start
                0x00003310       0x1c .\CortexM3\ARM_GCC_493\Debug\Ball.a(Pendulum_DC_Motor_Quad_Dec_Cnt16.o)
                0x00003310                Pendulum_DC_Motor_Quad_Dec_Cnt16_Start
 .text.CySetReg24
                0x0000332c       0x14 .\CortexM3\ARM_GCC_493\Debug\Ball.a(cyutils.o)
                0x0000332c                CySetReg24
 .text.USBUART_DispatchClassRqst
                0x00003340       0x58 .\CortexM3\ARM_GCC_493\Debug\Ball.a(USBUART_cls.o)
                0x00003340                USBUART_DispatchClassRqst
 .text          0x00003398      0x370 c:/program files (x86)/cypress/psoc creator/3.3/psoc creator/import/gnu/arm/4.9.3/bin/../lib/gcc/arm-none-eabi/4.9.3/armv7-m\libgcc.a(_arm_addsubdf3.o)
                0x00003398                __aeabi_drsub
                0x000033a0                __aeabi_dsub
                0x000033a0                __subdf3
                0x000033a4                __aeabi_dadd
                0x000033a4                __adddf3
                0x0000361c                __floatunsidf
                0x0000361c                __aeabi_ui2d
                0x0000363c                __floatsidf
                0x0000363c                __aeabi_i2d
                0x00003660                __aeabi_f2d
                0x00003660                __extendsfdf2
                0x0000369c                __floatundidf
                0x0000369c                __aeabi_ul2d
                0x000036ac                __floatdidf
                0x000036ac                __aeabi_l2d
 .text          0x00003708      0x424 c:/program files (x86)/cypress/psoc creator/3.3/psoc creator/import/gnu/arm/4.9.3/bin/../lib/gcc/arm-none-eabi/4.9.3/armv7-m\libgcc.a(_arm_muldivdf3.o)
                0x00003708                __aeabi_dmul
                0x00003708                __muldf3
                0x0000395c                __divdf3
                0x0000395c                __aeabi_ddiv
 .text          0x00003b2c       0xa0 c:/program files (x86)/cypress/psoc creator/3.3/psoc creator/import/gnu/arm/4.9.3/bin/../lib/gcc/arm-none-eabi/4.9.3/armv7-m\libgcc.a(_arm_truncdfsf2.o)
                0x00003b2c                __truncdfsf2
                0x00003b2c                __aeabi_d2f
 .text          0x00003bcc      0x21c c:/program files (x86)/cypress/psoc creator/3.3/psoc creator/import/gnu/arm/4.9.3/bin/../lib/gcc/arm-none-eabi/4.9.3/armv7-m\libgcc.a(_arm_addsubsf3.o)
                0x00003bcc                __aeabi_frsub
                0x00003bd4                __subsf3
                0x00003bd4                __aeabi_fsub
                0x00003bd8                __aeabi_fadd
                0x00003bd8                __addsf3
                0x00003d38                __aeabi_ui2f
                0x00003d38                __floatunsisf
                0x00003d40                __aeabi_i2f
                0x00003d40                __floatsisf
                0x00003d5c                __aeabi_ul2f
                0x00003d5c                __floatundisf
                0x00003d6c                __aeabi_l2f
                0x00003d6c                __floatdisf
 .text          0x00003de8      0x2a0 c:/program files (x86)/cypress/psoc creator/3.3/psoc creator/import/gnu/arm/4.9.3/bin/../lib/gcc/arm-none-eabi/4.9.3/armv7-m\libgcc.a(_arm_muldivsf3.o)
                0x00003de8                __mulsf3
                0x00003de8                __aeabi_fmul
                0x00003f50                __aeabi_fdiv
                0x00003f50                __divsf3
 .text          0x00004088       0xec c:/program files (x86)/cypress/psoc creator/3.3/psoc creator/import/gnu/arm/4.9.3/bin/../lib/gcc/arm-none-eabi/4.9.3/armv7-m\libgcc.a(_arm_cmpsf2.o)
                0x00004088                __gesf2
                0x00004088                __gtsf2
                0x00004090                __lesf2
                0x00004090                __ltsf2
                0x00004098                __nesf2
                0x00004098                __eqsf2
                0x00004098                __cmpsf2
                0x000040f8                __aeabi_cfrcmple
                0x00004100                __aeabi_cfcmpeq
                0x00004100                __aeabi_cfcmple
                0x00004110                __aeabi_fcmpeq
                0x00004124                __aeabi_fcmplt
                0x00004138                __aeabi_fcmple
                0x0000414c                __aeabi_fcmpge
                0x00004160                __aeabi_fcmpgt
 .text          0x00004174       0x4c c:/program files (x86)/cypress/psoc creator/3.3/psoc creator/import/gnu/arm/4.9.3/bin/../lib/gcc/arm-none-eabi/4.9.3/armv7-m\libgcc.a(_arm_fixsfsi.o)
                0x00004174                __aeabi_f2iz
                0x00004174                __fixsfsi
 .text.__errno  0x000041c0        0xc c:/program files (x86)/cypress/psoc creator/3.3/psoc creator/import/gnu/arm/4.9.3/bin/../lib/gcc/arm-none-eabi/4.9.3/../../../../arm-none-eabi/lib/armv7-m\libg_nano.a(lib_a-errno.o)
                0x000041c0                __errno
 .text.__libc_init_array
                0x000041cc       0x4c c:/program files (x86)/cypress/psoc creator/3.3/psoc creator/import/gnu/arm/4.9.3/bin/../lib/gcc/arm-none-eabi/4.9.3/../../../../arm-none-eabi/lib/armv7-m\libg_nano.a(lib_a-init.o)
                0x000041cc                __libc_init_array
 .text.memcpy   0x00004218       0x16 c:/program files (x86)/cypress/psoc creator/3.3/psoc creator/import/gnu/arm/4.9.3/bin/../lib/gcc/arm-none-eabi/4.9.3/../../../../arm-none-eabi/lib/armv7-m\libg_nano.a(lib_a-memcpy.o)
                0x00004218                memcpy
 .text.memset   0x0000422e       0x10 c:/program files (x86)/cypress/psoc creator/3.3/psoc creator/import/gnu/arm/4.9.3/bin/../lib/gcc/arm-none-eabi/4.9.3/../../../../arm-none-eabi/lib/armv7-m\libg_nano.a(lib_a-memset.o)
                0x0000422e                memset
 *fill*         0x0000423e        0x2 
 .text.sprintf  0x00004240       0x48 c:/program files (x86)/cypress/psoc creator/3.3/psoc creator/import/gnu/arm/4.9.3/bin/../lib/gcc/arm-none-eabi/4.9.3/../../../../arm-none-eabi/lib/armv7-m\libg_nano.a(lib_a-sprintf.o)
                0x00004240                siprintf
                0x00004240                sprintf
 .text.__ssputs_r
                0x00004288       0xb2 c:/program files (x86)/cypress/psoc creator/3.3/psoc creator/import/gnu/arm/4.9.3/bin/../lib/gcc/arm-none-eabi/4.9.3/../../../../arm-none-eabi/lib/armv7-m\libg_nano.a(lib_a-nano-svfprintf.o)
                0x00004288                __ssputs_r
 *fill*         0x0000433a        0x2 
 .text._svfprintf_r
                0x0000433c      0x1e4 c:/program files (x86)/cypress/psoc creator/3.3/psoc creator/import/gnu/arm/4.9.3/bin/../lib/gcc/arm-none-eabi/4.9.3/../../../../arm-none-eabi/lib/armv7-m\libg_nano.a(lib_a-nano-svfprintf.o)
                0x0000433c                _svfiprintf_r
                0x0000433c                _svfprintf_r
 .text._printf_common
                0x00004520       0xea c:/program files (x86)/cypress/psoc creator/3.3/psoc creator/import/gnu/arm/4.9.3/bin/../lib/gcc/arm-none-eabi/4.9.3/../../../../arm-none-eabi/lib/armv7-m\libg_nano.a(lib_a-nano-vfprintf_i.o)
                0x00004520                _printf_common
 *fill*         0x0000460a        0x2 
 .text._printf_i
                0x0000460c      0x240 c:/program files (x86)/cypress/psoc creator/3.3/psoc creator/import/gnu/arm/4.9.3/bin/../lib/gcc/arm-none-eabi/4.9.3/../../../../arm-none-eabi/lib/armv7-m\libg_nano.a(lib_a-nano-vfprintf_i.o)
                0x0000460c                _printf_i
 .text.memchr   0x0000484c       0x1c c:/program files (x86)/cypress/psoc creator/3.3/psoc creator/import/gnu/arm/4.9.3/bin/../lib/gcc/arm-none-eabi/4.9.3/../../../../arm-none-eabi/lib/armv7-m\libg_nano.a(lib_a-memchr.o)
                0x0000484c                memchr
 .text.memmove  0x00004868       0x36 c:/program files (x86)/cypress/psoc creator/3.3/psoc creator/import/gnu/arm/4.9.3/bin/../lib/gcc/arm-none-eabi/4.9.3/../../../../arm-none-eabi/lib/armv7-m\libg_nano.a(lib_a-memmove.o)
                0x00004868                memmove
 *fill*         0x0000489e        0x2 
 .text._free_r  0x000048a0       0x88 c:/program files (x86)/cypress/psoc creator/3.3/psoc creator/import/gnu/arm/4.9.3/bin/../lib/gcc/arm-none-eabi/4.9.3/../../../../arm-none-eabi/lib/armv7-m\libg_nano.a(lib_a-nano-freer.o)
                0x000048a0                _free_r
 .text._malloc_r
                0x00004928       0xac c:/program files (x86)/cypress/psoc creator/3.3/psoc creator/import/gnu/arm/4.9.3/bin/../lib/gcc/arm-none-eabi/4.9.3/../../../../arm-none-eabi/lib/armv7-m\libg_nano.a(lib_a-nano-mallocr.o)
                0x00004928                _malloc_r
 .text._realloc_r
                0x000049d4       0x4c c:/program files (x86)/cypress/psoc creator/3.3/psoc creator/import/gnu/arm/4.9.3/bin/../lib/gcc/arm-none-eabi/4.9.3/../../../../arm-none-eabi/lib/armv7-m\libg_nano.a(lib_a-nano-reallocr.o)
                0x000049d4                _realloc_r
 .text._sbrk_r  0x00004a20       0x20 c:/program files (x86)/cypress/psoc creator/3.3/psoc creator/import/gnu/arm/4.9.3/bin/../lib/gcc/arm-none-eabi/4.9.3/../../../../arm-none-eabi/lib/armv7-m\libg_nano.a(lib_a-sbrkr.o)
                0x00004a20                _sbrk_r
 .text._malloc_usable_size_r
                0x00004a40       0x14 c:/program files (x86)/cypress/psoc creator/3.3/psoc creator/import/gnu/arm/4.9.3/bin/../lib/gcc/arm-none-eabi/4.9.3/../../../../arm-none-eabi/lib/armv7-m\libg_nano.a(lib_a-nano-msizer.o)
                0x00004a40                _malloc_usable_size_r
 *(.plt)
 *(.gnu.warning)
 *(.glue_7t)
 .glue_7t       0x00000000        0x0 linker stubs
 *(.glue_7)
 .glue_7        0x00000000        0x0 linker stubs
 *(.vfp11_veneer)
 .vfp11_veneer  0x00000000        0x0 linker stubs
 *(.bootloader)
 *(.ARM.extab* .gnu.linkonce.armextab.*)
 *(.gcc_except_table)

.v4_bx          0x00004a54        0x0
 .v4_bx         0x00000000        0x0 linker stubs

.iplt           0x00004a54        0x0
 .iplt          0x00000000        0x0 c:/program files (x86)/cypress/psoc creator/3.3/psoc creator/import/gnu/arm/4.9.3/bin/../lib/gcc/arm-none-eabi/4.9.3/armv7-m/crtbegin.o

.eh_frame_hdr
 *(.eh_frame_hdr)

.eh_frame       0x00004a54        0x4
 *(.eh_frame)
 .eh_frame      0x00004a54        0x0 c:/program files (x86)/cypress/psoc creator/3.3/psoc creator/import/gnu/arm/4.9.3/bin/../lib/gcc/arm-none-eabi/4.9.3/armv7-m/crtbegin.o
 .eh_frame      0x00004a54        0x4 c:/program files (x86)/cypress/psoc creator/3.3/psoc creator/import/gnu/arm/4.9.3/bin/../lib/gcc/arm-none-eabi/4.9.3/armv7-m/crtend.o
                0x00004a58                PROVIDE (__exidx_start, .)

.ARM.exidx
 *(.ARM.exidx* .gnu.linkonce.armexidx.*)
                0x00004a58                __exidx_end = .

.rodata         0x00004a58      0x250
 *(.rodata .rodata.* .gnu.linkonce.r.*)
 .rodata.str1.4
                0x00004a58       0x30 .\CortexM3\ARM_GCC_493\Debug\main.o
 .rodata        0x00004a88       0x40 .\CortexM3\ARM_GCC_493\Debug\Ball.a(cyfitter_cfg.o)
 .rodata.str1.4
                0x00004ac8       0x14 .\CortexM3\ARM_GCC_493\Debug\Ball.a(USBUART_std.o)
 .rodata        0x00004adc      0x160 .\CortexM3\ARM_GCC_493\Debug\Ball.a(USBUART_descr.o)
                0x00004adc                USBUART_TABLE
                0x00004ae4                USBUART_DEVICE0_TABLE
                0x00004afc                USBUART_DEVICE0_CONFIGURATION0_TABLE
                0x00004b24                USBUART_DEVICE0_CONFIGURATION0_INTERFACE_CLASS
                0x00004b28                USBUART_DEVICE0_CONFIGURATION0_EP_SETTINGS_TABLE
                0x00004b40                USBUART_SN_STRING_DESCRIPTOR
                0x00004b44                USBUART_STRING_DESCRIPTORS
                0x00004be4                USBUART_DEVICE0_CONFIGURATION0_DESCR
                0x00004c28                USBUART_DEVICE0_DESCR
 .rodata.str1.1
                0x00004c3c        0x2 c:/program files (x86)/cypress/psoc creator/3.3/psoc creator/import/gnu/arm/4.9.3/bin/../lib/gcc/arm-none-eabi/4.9.3/../../../../arm-none-eabi/lib/armv7-m\libg_nano.a(lib_a-impure.o)
 .rodata.str1.1
                0x00004c3e       0x11 c:/program files (x86)/cypress/psoc creator/3.3/psoc creator/import/gnu/arm/4.9.3/bin/../lib/gcc/arm-none-eabi/4.9.3/../../../../arm-none-eabi/lib/armv7-m\libg_nano.a(lib_a-nano-svfprintf.o)
 .rodata.str1.1
                0x00004c4f       0x22 c:/program files (x86)/cypress/psoc creator/3.3/psoc creator/import/gnu/arm/4.9.3/bin/../lib/gcc/arm-none-eabi/4.9.3/../../../../arm-none-eabi/lib/armv7-m\libg_nano.a(lib_a-nano-vfprintf_i.o)
                0x00004c74                . = ALIGN (0x4)
 *fill*         0x00004c71        0x3 
 *(.init)
 .init          0x00004c74        0x4 c:/program files (x86)/cypress/psoc creator/3.3/psoc creator/import/gnu/arm/4.9.3/bin/../lib/gcc/arm-none-eabi/4.9.3/armv7-m/crti.o
                0x00004c74                _init
 .init          0x00004c78        0x8 c:/program files (x86)/cypress/psoc creator/3.3/psoc creator/import/gnu/arm/4.9.3/bin/../lib/gcc/arm-none-eabi/4.9.3/armv7-m/crtn.o
                0x00004c80                . = ALIGN (0x4)
                0x00004c80                __preinit_array_start = .
 *(.preinit_array)
                0x00004c80                __preinit_array_end = .
                0x00004c80                . = ALIGN (0x4)
                0x00004c80                __init_array_start = .
 *(SORT(.init_array.*))
 *(.init_array)
 .init_array    0x00004c80        0x4 c:/program files (x86)/cypress/psoc creator/3.3/psoc creator/import/gnu/arm/4.9.3/bin/../lib/gcc/arm-none-eabi/4.9.3/armv7-m/crtbegin.o
 .init_array    0x00004c84        0x4 .\CortexM3\ARM_GCC_493\Debug\Cm3Start.o
                0x00004c88                __init_array_end = .
                0x00004c88                . = ALIGN (0x4)
 *(.fini)
 .fini          0x00004c88        0x4 c:/program files (x86)/cypress/psoc creator/3.3/psoc creator/import/gnu/arm/4.9.3/bin/../lib/gcc/arm-none-eabi/4.9.3/armv7-m/crti.o
                0x00004c88                _fini
 .fini          0x00004c8c        0x8 c:/program files (x86)/cypress/psoc creator/3.3/psoc creator/import/gnu/arm/4.9.3/bin/../lib/gcc/arm-none-eabi/4.9.3/armv7-m/crtn.o
                0x00004c94                . = ALIGN (0x4)
                0x00004c94                __fini_array_start = .
 *(.fini_array)
 .fini_array    0x00004c94        0x4 c:/program files (x86)/cypress/psoc creator/3.3/psoc creator/import/gnu/arm/4.9.3/bin/../lib/gcc/arm-none-eabi/4.9.3/armv7-m/crtbegin.o
 *(SORT(.fini_array.*))
                0x00004c98                __fini_array_end = .
                0x00004c98                . = ALIGN (0x4)
 *crtbegin.o(.ctors)
 *(EXCLUDE_FILE(*crtend.o) .ctors)
 *(SORT(.ctors.*))
 *crtend.o(.ctors)
                0x00004c98                . = ALIGN (0x4)
 *crtbegin.o(.dtors)
 *(EXCLUDE_FILE(*crtend.o) .dtors)
 *(SORT(.dtors.*))
 *crtend.o(.dtors)
                0x00004c98                . = ALIGN (0x4)
                0x00004c98                __cy_regions = .
                0x00004c98        0x4 LONG 0x4ca8 __cy_region_init_ram
                0x00004c9c        0x4 LONG 0x1fff8108 __cy_region_start_data
                0x00004ca0        0x4 LONG 0x98 __cy_region_init_size_ram
                0x00004ca4        0x4 LONG 0x168 __cy_region_zero_size_ram
                0x00004ca8                __cy_regions_end = .
                0x00004ca8                . = ALIGN (0x8)
                0x00004ca8                _etext = .

.cy_checksum_exclude
                0x00004ca8        0x0
 *(.cy_checksum_exclude)

.ramvectors     0x1fff8000      0x100
                0x1fff8000                __cy_region_start_ram = .
 *(.ramvectors)
 .ramvectors    0x1fff8000      0x100 .\CortexM3\ARM_GCC_493\Debug\Cm3Start.o
                0x1fff8000                CyRamVectors

.noinit         0x1fff8100        0x5
 *(.noinit)
 .noinit        0x1fff8100        0x4 .\CortexM3\ARM_GCC_493\Debug\Cm3Start.o
 .noinit        0x1fff8104        0x1 .\CortexM3\ARM_GCC_493\Debug\Ball.a(CyLib.o)
                0x1fff8104                CyResetStatus

.data           0x1fff8108       0x98 load address 0x00004ca8
                0x1fff8108                __cy_region_start_data = .
 *(.jcr)
 .jcr           0x1fff8108        0x0 c:/program files (x86)/cypress/psoc creator/3.3/psoc creator/import/gnu/arm/4.9.3/bin/../lib/gcc/arm-none-eabi/4.9.3/armv7-m/crtbegin.o
 .jcr           0x1fff8108        0x4 c:/program files (x86)/cypress/psoc creator/3.3/psoc creator/import/gnu/arm/4.9.3/bin/../lib/gcc/arm-none-eabi/4.9.3/armv7-m/crtend.o
 *(.got.plt)
 *(.got)
 *(.shdata)
 *(.data .data.* .gnu.linkonce.d.*)
 .data          0x1fff810c        0x4 .\CortexM3\ARM_GCC_493\Debug\Cm3Start.o
 .data          0x1fff8110       0x10 .\CortexM3\ARM_GCC_493\Debug\Ball.a(CyLib.o)
                0x1fff8110                cydelay_32k_ms
                0x1fff8114                cydelay_freq_khz
                0x1fff8118                cydelay_freq_mhz
                0x1fff811c                cydelay_freq_hz
 .data          0x1fff8120       0x1c .\CortexM3\ARM_GCC_493\Debug\Ball.a(USBUART_cdc.o)
                0x1fff8120                USBUART_linesCoding
 .data.impure_data
                0x1fff813c       0x60 c:/program files (x86)/cypress/psoc creator/3.3/psoc creator/import/gnu/arm/4.9.3/bin/../lib/gcc/arm-none-eabi/4.9.3/../../../../arm-none-eabi/lib/armv7-m\libg_nano.a(lib_a-impure.o)
 .data._impure_ptr
                0x1fff819c        0x4 c:/program files (x86)/cypress/psoc creator/3.3/psoc creator/import/gnu/arm/4.9.3/bin/../lib/gcc/arm-none-eabi/4.9.3/../../../../arm-none-eabi/lib/armv7-m\libg_nano.a(lib_a-impure.o)
                0x1fff819c                _impure_ptr
                0x1fff81a0                . = ALIGN (0x8)
 *(.ram)
                0x1fff81a0                _edata = .

.igot.plt       0x1fff81a0        0x0 load address 0x00004d40
 .igot.plt      0x00000000        0x0 c:/program files (x86)/cypress/psoc creator/3.3/psoc creator/import/gnu/arm/4.9.3/bin/../lib/gcc/arm-none-eabi/4.9.3/armv7-m/crtbegin.o

.bss            0x1fff81a0      0x168 load address 0x00004d40
                0x1fff81a0                PROVIDE (__bss_start__, .)
 *(.shbss)
 *(.bss .bss.* .gnu.linkonce.b.*)
 .bss           0x1fff81a0       0x1c c:/program files (x86)/cypress/psoc creator/3.3/psoc creator/import/gnu/arm/4.9.3/bin/../lib/gcc/arm-none-eabi/4.9.3/armv7-m/crtbegin.o
 .bss           0x1fff81bc       0x20 .\CortexM3\ARM_GCC_493\Debug\rc_ch.o
 .bss           0x1fff81dc        0x1 .\CortexM3\ARM_GCC_493\Debug\Ball.a(USBUART.o)
                0x1fff81dc                USBUART_initVar
 .bss           0x1fff81dd        0x1 .\CortexM3\ARM_GCC_493\Debug\Ball.a(USBUART_cdc.o)
 *fill*         0x1fff81de        0x2 
 .bss           0x1fff81e0        0x4 .\CortexM3\ARM_GCC_493\Debug\Ball.a(USBUART_std.o)
 .bss           0x1fff81e4        0x1 .\CortexM3\ARM_GCC_493\Debug\Ball.a(RC_Ch2_Timer.o)
                0x1fff81e4                RC_Ch2_Timer_initVar
 .bss           0x1fff81e5        0x1 .\CortexM3\ARM_GCC_493\Debug\Ball.a(RC_Ch1_Timer.o)
                0x1fff81e5                RC_Ch1_Timer_initVar
 .bss           0x1fff81e6        0x1 .\CortexM3\ARM_GCC_493\Debug\Ball.a(RC_Ch4_Timer.o)
                0x1fff81e6                RC_Ch4_Timer_initVar
 .bss           0x1fff81e7        0x1 .\CortexM3\ARM_GCC_493\Debug\Ball.a(RC_Ch3_Timer.o)
                0x1fff81e7                RC_Ch3_Timer_initVar
 .bss           0x1fff81e8        0x1 .\CortexM3\ARM_GCC_493\Debug\Ball.a(Drive_DC_Motor_PWM.o)
                0x1fff81e8                Drive_DC_Motor_PWM_initVar
 .bss           0x1fff81e9        0x1 .\CortexM3\ARM_GCC_493\Debug\Ball.a(Pendulum_DC_Motor_PWM.o)
                0x1fff81e9                Pendulum_DC_Motor_PWM_initVar
 .bss           0x1fff81ea        0x1 .\CortexM3\ARM_GCC_493\Debug\Ball.a(Flywheel_DC_Motor_PWM.o)
                0x1fff81ea                Flywheel_DC_Motor_PWM_initVar
 .bss           0x1fff81eb        0x1 .\CortexM3\ARM_GCC_493\Debug\Ball.a(MPU6050_I2C.o)
                0x1fff81eb                MPU6050_I2C_initVar
 .bss           0x1fff81ec        0x1 .\CortexM3\ARM_GCC_493\Debug\Ball.a(Drive_DC_Motor_Quad_Dec.o)
                0x1fff81ec                Drive_DC_Motor_Quad_Dec_initVar
 .bss           0x1fff81ed        0x1 .\CortexM3\ARM_GCC_493\Debug\Ball.a(Drive_DC_Motor_Quad_Dec_Cnt16.o)
                0x1fff81ed                Drive_DC_Motor_Quad_Dec_Cnt16_initVar
 .bss           0x1fff81ee        0x1 .\CortexM3\ARM_GCC_493\Debug\Ball.a(Pendulum_DC_Motor_Quad_Dec.o)
                0x1fff81ee                Pendulum_DC_Motor_Quad_Dec_initVar
 .bss           0x1fff81ef        0x1 .\CortexM3\ARM_GCC_493\Debug\Ball.a(Pendulum_DC_Motor_Quad_Dec_Cnt16.o)
                0x1fff81ef                Pendulum_DC_Motor_Quad_Dec_Cnt16_initVar
 .bss.__malloc_sbrk_start
                0x1fff81f0        0x4 c:/program files (x86)/cypress/psoc creator/3.3/psoc creator/import/gnu/arm/4.9.3/bin/../lib/gcc/arm-none-eabi/4.9.3/../../../../arm-none-eabi/lib/armv7-m\libg_nano.a(lib_a-nano-mallocr.o)
                0x1fff81f0                __malloc_sbrk_start
 .bss.__malloc_free_list
                0x1fff81f4        0x4 c:/program files (x86)/cypress/psoc creator/3.3/psoc creator/import/gnu/arm/4.9.3/bin/../lib/gcc/arm-none-eabi/4.9.3/../../../../arm-none-eabi/lib/armv7-m\libg_nano.a(lib_a-nano-mallocr.o)
                0x1fff81f4                __malloc_free_list
 *(COMMON)
 COMMON         0x1fff81f8        0xc .\CortexM3\ARM_GCC_493\Debug\milliseconds.o
                0x1fff81f8                ms
                0x1fff81fa                seconds
                0x1fff81fc                MILLISECONDS
                0x1fff8200                minutes
                0x1fff8202                hours
 COMMON         0x1fff8204       0x17 .\CortexM3\ARM_GCC_493\Debug\mpu6050.o
                0x1fff8204                buffer
                0x1fff821a                devAddr
 *fill*         0x1fff821b        0x1 
 COMMON         0x1fff821c       0x18 .\CortexM3\ARM_GCC_493\Debug\Ball.a(USBUART_cdc.o)
                0x1fff821c                USBUART_linesChanged
                0x1fff8220                USBUART_cdcDataInEp
                0x1fff8224                USBUART_cdcCommInInterruptEp
                0x1fff8228                USBUART_cdcDataOutEp
                0x1fff822c                USBUART_serialStateBitmap
                0x1fff8230                USBUART_linesControlBitmap
 COMMON         0x1fff8234       0x9a .\CortexM3\ARM_GCC_493\Debug\Ball.a(USBUART_drv.o)
                0x1fff8234                USBUART_lastPacketSize
                0x1fff8235                USBUART_device
                0x1fff8236                USBUART_transferByteCount
                0x1fff8238                USBUART_transferState
                0x1fff823c                USBUART_interfaceSettingLast
                0x1fff8240                USBUART_currentTD
                0x1fff824c                USBUART_interfaceNumber
                0x1fff8250                USBUART_interfaceClass
                0x1fff8254                USBUART_configurationChanged
                0x1fff8255                USBUART_ep0Mode
                0x1fff8256                USBUART_deviceAddress
                0x1fff8257                USBUART_configuration
                0x1fff8258                USBUART_ep0Count
                0x1fff8259                USBUART_deviceStatus
                0x1fff825c                USBUART_EP
                0x1fff82c8                USBUART_interfaceSetting
                0x1fff82ca                USBUART_ep0Toggle
                0x1fff82cc                USBUART_interfaceStatus
 COMMON         0x1fff82ce        0x1 .\CortexM3\ARM_GCC_493\Debug\Ball.a(MPU6050_I2C.o)
                0x1fff82ce                MPU6050_I2C_state
 *fill*         0x1fff82cf        0x1 
 COMMON         0x1fff82d0        0xf .\CortexM3\ARM_GCC_493\Debug\Ball.a(MPU6050_I2C_MASTER.o)
                0x1fff82d0                MPU6050_I2C_mstrWrBufPtr
                0x1fff82d4                MPU6050_I2C_mstrRdBufSize
                0x1fff82d5                MPU6050_I2C_mstrWrBufIndex
                0x1fff82d6                MPU6050_I2C_mstrStatus
                0x1fff82d8                MPU6050_I2C_mstrRdBufPtr
                0x1fff82dc                MPU6050_I2C_mstrRdBufIndex
                0x1fff82dd                MPU6050_I2C_mstrWrBufSize
                0x1fff82de                MPU6050_I2C_mstrControl
 *fill*         0x1fff82df        0x1 
 COMMON         0x1fff82e0       0x22 .\CortexM3\ARM_GCC_493\Debug\Ball.a(USBUART_descr.o)
                0x1fff82e0                USBUART_idSerialNumberStringDescriptor
 *fill*         0x1fff8302        0x2 
 COMMON         0x1fff8304        0x4 c:/program files (x86)/cypress/psoc creator/3.3/psoc creator/import/gnu/arm/4.9.3/bin/../lib/gcc/arm-none-eabi/4.9.3/../../../../arm-none-eabi/lib/armv7-m\libg_nano.a(lib_a-reent.o)
                0x1fff8304                errno
                0x1fff8308                . = ALIGN (0x8)
 *(.ram.b)
                0x1fff8308                _end = .
                0x1fff8308                __end = .
                0x1fff8308                PROVIDE (end, .)
                0x1fff8308                PROVIDE (__bss_end__, .)
                0x00004ca8                __cy_region_init_ram = LOADADDR (.data)
                0x00000098                __cy_region_init_size_ram = (_edata - ADDR (.data))
                0x00000168                __cy_region_zero_size_ram = (_end - _edata)

.heap           0x1fff8308       0x80 load address 0x00004d40
                0x1fff8308                . = _end
                0x1fff8388                . = (. + 0x80)
 *fill*         0x1fff8308       0x80 
                0x1fff8388                __cy_heap_limit = .

.stack          0x20007800      0x800
                0x20007800                __cy_stack_limit = .
                0x20008000                . = (. + 0x800)
 *fill*         0x20007800      0x800 
                0x00000001                ASSERT ((__cy_stack_limit >= __cy_heap_limit), region RAM overflowed with stack)
                0x00000000                cy_checksum_exclude_size = (CY_APPL_LOADABLE == 0x1)?SIZEOF (.cy_checksum_exclude):0x0
                0x00000001                ASSERT ((cy_checksum_exclude_size <= CY_CHECKSUM_EXCLUDE_SIZE), CY_BOOT: Section .cy_checksum_exclude size exceedes specified limit.)

.cyloadermeta
 *(.cyloadermeta)

.cyloadablemeta
 *(.cyloadablemeta)

.cyconfigecc    0x80000000      0xfd8
 *(.cyconfigecc)
 .cyconfigecc   0x80000000      0xfd8 .\CortexM3\ARM_GCC_493\Debug\cymetadata.o
                0x80000000                cy_meta_configecc

.cycustnvl      0x90000000        0x4
 *(.cycustnvl)
 .cycustnvl     0x90000000        0x4 .\CortexM3\ARM_GCC_493\Debug\cymetadata.o
                0x90000000                cy_meta_custnvl

.cywolatch      0x90100000        0x4
 *(.cywolatch)
 .cywolatch     0x90100000        0x4 .\CortexM3\ARM_GCC_493\Debug\cymetadata.o
                0x90100000                cy_meta_wonvl

.cyeeprom       0x90200000        0x0
 *(.cyeeprom)
                0x00000001                ASSERT ((. <= ((0x90200000 + ee_offset) + ee_size)), .cyeeprom data will not fit in EEPROM)

.cyflashprotect
                0x90400000      0x100
 *(.cyflashprotect)
 .cyflashprotect
                0x90400000      0x100 .\CortexM3\ARM_GCC_493\Debug\cymetadata.o
                0x90400000                cy_meta_flashprotect

.cymeta         0x90500000        0xc
 *(.cymeta)
 .cymeta        0x90500000        0xc .\CortexM3\ARM_GCC_493\Debug\cymetadata.o
                0x90500000                cy_metadata

.rel.dyn        0x00004d40        0x0 load address 0x9050000c
 .rel.iplt      0x00000000        0x0 c:/program files (x86)/cypress/psoc creator/3.3/psoc creator/import/gnu/arm/4.9.3/bin/../lib/gcc/arm-none-eabi/4.9.3/armv7-m/crtbegin.o

.stab
 *(.stab)

.stabstr
 *(.stabstr)

.debug
 *(.debug)

.line
 *(.line)

.debug_srcinfo
 *(.debug_srcinfo)

.debug_sfnames
 *(.debug_sfnames)

.debug_aranges  0x00000000     0x1da0
 *(.debug_aranges)
 .debug_aranges
                0x00000000       0x20 .\CortexM3\ARM_GCC_493\Debug\main.o
 .debug_aranges
                0x00000020       0x28 .\CortexM3\ARM_GCC_493\Debug\milliseconds.o
 .debug_aranges
                0x00000048       0x50 .\CortexM3\ARM_GCC_493\Debug\rc_ch.o
 .debug_aranges
                0x00000098       0x40 .\CortexM3\ARM_GCC_493\Debug\dc_motor.o
 .debug_aranges
                0x000000d8      0x838 .\CortexM3\ARM_GCC_493\Debug\mpu6050.o
 .debug_aranges
                0x00000910       0x60 .\CortexM3\ARM_GCC_493\Debug\i2cFunctions.o
 .debug_aranges
                0x00000970       0x30 .\CortexM3\ARM_GCC_493\Debug\imu.o
 .debug_aranges
                0x000009a0       0x18 .\CortexM3\ARM_GCC_493\Debug\cymetadata.o
 .debug_aranges
                0x000009b8       0x48 .\CortexM3\ARM_GCC_493\Debug\Cm3Start.o
 .debug_aranges
                0x00000a00       0x58 .\CortexM3\ARM_GCC_493\Debug\Ball.a(cyfitter_cfg.o)
 .debug_aranges
                0x00000a58       0x20 .\CortexM3\ARM_GCC_493\Debug\Ball.a(CyBootAsmGnu.o)
 .debug_aranges
                0x00000a78      0x298 .\CortexM3\ARM_GCC_493\Debug\Ball.a(CyLib.o)
 .debug_aranges
                0x00000d10       0x98 .\CortexM3\ARM_GCC_493\Debug\Ball.a(cyPm.o)
 .debug_aranges
                0x00000da8       0xc8 .\CortexM3\ARM_GCC_493\Debug\Ball.a(USBUART.o)
 .debug_aranges
                0x00000e70       0xe8 .\CortexM3\ARM_GCC_493\Debug\Ball.a(USBUART_cdc.o)
 .debug_aranges
                0x00000f58       0x98 .\CortexM3\ARM_GCC_493\Debug\Ball.a(USBUART_drv.o)
 .debug_aranges
                0x00000ff0       0x40 .\CortexM3\ARM_GCC_493\Debug\Ball.a(USBUART_episr.o)
 .debug_aranges
                0x00001030       0x40 .\CortexM3\ARM_GCC_493\Debug\Ball.a(USBUART_pm.o)
 .debug_aranges
                0x00001070       0x80 .\CortexM3\ARM_GCC_493\Debug\Ball.a(USBUART_std.o)
 .debug_aranges
                0x000010f0       0x20 .\CortexM3\ARM_GCC_493\Debug\Ball.a(USBUART_vnd.o)
 .debug_aranges
                0x00001110       0x48 .\CortexM3\ARM_GCC_493\Debug\Ball.a(USBUART_Dp.o)
 .debug_aranges
                0x00001158       0xa8 .\CortexM3\ARM_GCC_493\Debug\Ball.a(RC_Ch2_Timer.o)
 .debug_aranges
                0x00001200       0x80 .\CortexM3\ARM_GCC_493\Debug\Ball.a(RC_Ch2_Timer_Interrupt.o)
 .debug_aranges
                0x00001280       0x80 .\CortexM3\ARM_GCC_493\Debug\Ball.a(Clock_Millis_Interrupt.o)
 .debug_aranges
                0x00001300       0x38 .\CortexM3\ARM_GCC_493\Debug\Ball.a(RC_Ch1.o)
 .debug_aranges
                0x00001338       0xa8 .\CortexM3\ARM_GCC_493\Debug\Ball.a(RC_Ch1_Timer.o)
 .debug_aranges
                0x000013e0       0x38 .\CortexM3\ARM_GCC_493\Debug\Ball.a(RC_Ch2.o)
 .debug_aranges
                0x00001418       0x80 .\CortexM3\ARM_GCC_493\Debug\Ball.a(RC_Ch1_Timer_Interrupt.o)
 .debug_aranges
                0x00001498       0xa8 .\CortexM3\ARM_GCC_493\Debug\Ball.a(RC_Ch4_Timer.o)
 .debug_aranges
                0x00001540       0x38 .\CortexM3\ARM_GCC_493\Debug\Ball.a(RC_Ch4.o)
 .debug_aranges
                0x00001578       0x80 .\CortexM3\ARM_GCC_493\Debug\Ball.a(RC_Ch4_Timer_Interrupt.o)
 .debug_aranges
                0x000015f8       0xa8 .\CortexM3\ARM_GCC_493\Debug\Ball.a(RC_Ch3_Timer.o)
 .debug_aranges
                0x000016a0       0x38 .\CortexM3\ARM_GCC_493\Debug\Ball.a(RC_Ch3.o)
 .debug_aranges
                0x000016d8       0x80 .\CortexM3\ARM_GCC_493\Debug\Ball.a(RC_Ch3_Timer_Interrupt.o)
 .debug_aranges
                0x00001758       0xa8 .\CortexM3\ARM_GCC_493\Debug\Ball.a(Drive_DC_Motor_PWM.o)
 .debug_aranges
                0x00001800       0xa8 .\CortexM3\ARM_GCC_493\Debug\Ball.a(Pendulum_DC_Motor_PWM.o)
 .debug_aranges
                0x000018a8       0xa8 .\CortexM3\ARM_GCC_493\Debug\Ball.a(Flywheel_DC_Motor_PWM.o)
 .debug_aranges
                0x00001950       0x38 .\CortexM3\ARM_GCC_493\Debug\Ball.a(MPU6050_I2C.o)
 .debug_aranges
                0x00001988       0x20 .\CortexM3\ARM_GCC_493\Debug\Ball.a(MPU6050_I2C_INT.o)
 .debug_aranges
                0x000019a8       0x38 .\CortexM3\ARM_GCC_493\Debug\Ball.a(MPU6050_I2C_PM.o)
 .debug_aranges
                0x000019e0       0x80 .\CortexM3\ARM_GCC_493\Debug\Ball.a(MPU6050_I2C_MASTER.o)
 .debug_aranges
                0x00001a60       0x60 .\CortexM3\ARM_GCC_493\Debug\Ball.a(Drive_DC_Motor_Quad_Dec.o)
 .debug_aranges
                0x00001ac0       0x98 .\CortexM3\ARM_GCC_493\Debug\Ball.a(Drive_DC_Motor_Quad_Dec_Cnt16.o)
 .debug_aranges
                0x00001b58       0x60 .\CortexM3\ARM_GCC_493\Debug\Ball.a(Pendulum_DC_Motor_Quad_Dec.o)
 .debug_aranges
                0x00001bb8       0x98 .\CortexM3\ARM_GCC_493\Debug\Ball.a(Pendulum_DC_Motor_Quad_Dec_Cnt16.o)
 .debug_aranges
                0x00001c50       0x80 .\CortexM3\ARM_GCC_493\Debug\Ball.a(CyFlash.o)
 .debug_aranges
                0x00001cd0       0x78 .\CortexM3\ARM_GCC_493\Debug\Ball.a(CySpc.o)
 .debug_aranges
                0x00001d48       0x20 .\CortexM3\ARM_GCC_493\Debug\Ball.a(cyutils.o)
 .debug_aranges
                0x00001d68       0x20 .\CortexM3\ARM_GCC_493\Debug\Ball.a(USBUART_cls.o)
 .debug_aranges
                0x00001d88       0x18 .\CortexM3\ARM_GCC_493\Debug\Ball.a(USBUART_descr.o)

.debug_pubnames
 *(.debug_pubnames)

.debug_info     0x00000000    0x1083b
 *(.debug_info .gnu.linkonce.wi.*)
 .debug_info    0x00000000      0x83a .\CortexM3\ARM_GCC_493\Debug\main.o
 .debug_info    0x0000083a      0x17f .\CortexM3\ARM_GCC_493\Debug\milliseconds.o
 .debug_info    0x000009b9      0x67c .\CortexM3\ARM_GCC_493\Debug\rc_ch.o
 .debug_info    0x00001035      0x595 .\CortexM3\ARM_GCC_493\Debug\dc_motor.o
 .debug_info    0x000015ca     0x4001 .\CortexM3\ARM_GCC_493\Debug\mpu6050.o
 .debug_info    0x000055cb      0x5eb .\CortexM3\ARM_GCC_493\Debug\i2cFunctions.o
 .debug_info    0x00005bb6      0x2fd .\CortexM3\ARM_GCC_493\Debug\imu.o
 .debug_info    0x00005eb3      0x13f .\CortexM3\ARM_GCC_493\Debug\cymetadata.o
 .debug_info    0x00005ff2      0x39f .\CortexM3\ARM_GCC_493\Debug\Cm3Start.o
 .debug_info    0x00006391      0x5fc .\CortexM3\ARM_GCC_493\Debug\Ball.a(cyfitter_cfg.o)
 .debug_info    0x0000698d       0xe3 .\CortexM3\ARM_GCC_493\Debug\Ball.a(CyBootAsmGnu.o)
 .debug_info    0x00006a70     0x136f .\CortexM3\ARM_GCC_493\Debug\Ball.a(CyLib.o)
 .debug_info    0x00007ddf      0xa57 .\CortexM3\ARM_GCC_493\Debug\Ball.a(cyPm.o)
 .debug_info    0x00008836      0x9aa .\CortexM3\ARM_GCC_493\Debug\Ball.a(USBUART.o)
 .debug_info    0x000091e0      0xb16 .\CortexM3\ARM_GCC_493\Debug\Ball.a(USBUART_cdc.o)
 .debug_info    0x00009cf6      0x649 .\CortexM3\ARM_GCC_493\Debug\Ball.a(USBUART_drv.o)
 .debug_info    0x0000a33f      0x244 .\CortexM3\ARM_GCC_493\Debug\Ball.a(USBUART_episr.o)
 .debug_info    0x0000a583      0x2ef .\CortexM3\ARM_GCC_493\Debug\Ball.a(USBUART_pm.o)
 .debug_info    0x0000a872      0xb35 .\CortexM3\ARM_GCC_493\Debug\Ball.a(USBUART_std.o)
 .debug_info    0x0000b3a7       0xe6 .\CortexM3\ARM_GCC_493\Debug\Ball.a(USBUART_vnd.o)
 .debug_info    0x0000b48d      0x174 .\CortexM3\ARM_GCC_493\Debug\Ball.a(USBUART_Dp.o)
 .debug_info    0x0000b601      0x3a5 .\CortexM3\ARM_GCC_493\Debug\Ball.a(RC_Ch2_Timer.o)
 .debug_info    0x0000b9a6      0x2cb .\CortexM3\ARM_GCC_493\Debug\Ball.a(RC_Ch2_Timer_Interrupt.o)
 .debug_info    0x0000bc71      0x2cb .\CortexM3\ARM_GCC_493\Debug\Ball.a(Clock_Millis_Interrupt.o)
 .debug_info    0x0000bf3c      0x11f .\CortexM3\ARM_GCC_493\Debug\Ball.a(RC_Ch1.o)
 .debug_info    0x0000c05b      0x3a5 .\CortexM3\ARM_GCC_493\Debug\Ball.a(RC_Ch1_Timer.o)
 .debug_info    0x0000c400      0x11f .\CortexM3\ARM_GCC_493\Debug\Ball.a(RC_Ch2.o)
 .debug_info    0x0000c51f      0x2cb .\CortexM3\ARM_GCC_493\Debug\Ball.a(RC_Ch1_Timer_Interrupt.o)
 .debug_info    0x0000c7ea      0x3a5 .\CortexM3\ARM_GCC_493\Debug\Ball.a(RC_Ch4_Timer.o)
 .debug_info    0x0000cb8f      0x11f .\CortexM3\ARM_GCC_493\Debug\Ball.a(RC_Ch4.o)
 .debug_info    0x0000ccae      0x2cb .\CortexM3\ARM_GCC_493\Debug\Ball.a(RC_Ch4_Timer_Interrupt.o)
 .debug_info    0x0000cf79      0x3a5 .\CortexM3\ARM_GCC_493\Debug\Ball.a(RC_Ch3_Timer.o)
 .debug_info    0x0000d31e      0x11f .\CortexM3\ARM_GCC_493\Debug\Ball.a(RC_Ch3.o)
 .debug_info    0x0000d43d      0x2cb .\CortexM3\ARM_GCC_493\Debug\Ball.a(RC_Ch3_Timer_Interrupt.o)
 .debug_info    0x0000d708      0x37c .\CortexM3\ARM_GCC_493\Debug\Ball.a(Drive_DC_Motor_PWM.o)
 .debug_info    0x0000da84      0x37c .\CortexM3\ARM_GCC_493\Debug\Ball.a(Pendulum_DC_Motor_PWM.o)
 .debug_info    0x0000de00      0x37c .\CortexM3\ARM_GCC_493\Debug\Ball.a(Flywheel_DC_Motor_PWM.o)
 .debug_info    0x0000e17c      0x2db .\CortexM3\ARM_GCC_493\Debug\Ball.a(MPU6050_I2C.o)
 .debug_info    0x0000e457      0x17f .\CortexM3\ARM_GCC_493\Debug\Ball.a(MPU6050_I2C_INT.o)
 .debug_info    0x0000e5d6      0x1fe .\CortexM3\ARM_GCC_493\Debug\Ball.a(MPU6050_I2C_PM.o)
 .debug_info    0x0000e7d4      0x400 .\CortexM3\ARM_GCC_493\Debug\Ball.a(MPU6050_I2C_MASTER.o)
 .debug_info    0x0000ebd4      0x2d1 .\CortexM3\ARM_GCC_493\Debug\Ball.a(Drive_DC_Motor_Quad_Dec.o)
 .debug_info    0x0000eea5      0x343 .\CortexM3\ARM_GCC_493\Debug\Ball.a(Drive_DC_Motor_Quad_Dec_Cnt16.o)
 .debug_info    0x0000f1e8      0x2d1 .\CortexM3\ARM_GCC_493\Debug\Ball.a(Pendulum_DC_Motor_Quad_Dec.o)
 .debug_info    0x0000f4b9      0x343 .\CortexM3\ARM_GCC_493\Debug\Ball.a(Pendulum_DC_Motor_Quad_Dec_Cnt16.o)
 .debug_info    0x0000f7fc      0x608 .\CortexM3\ARM_GCC_493\Debug\Ball.a(CyFlash.o)
 .debug_info    0x0000fe04      0x4ea .\CortexM3\ARM_GCC_493\Debug\Ball.a(CySpc.o)
 .debug_info    0x000102ee       0xee .\CortexM3\ARM_GCC_493\Debug\Ball.a(cyutils.o)
 .debug_info    0x000103dc      0x1d2 .\CortexM3\ARM_GCC_493\Debug\Ball.a(USBUART_cls.o)
 .debug_info    0x000105ae      0x28d .\CortexM3\ARM_GCC_493\Debug\Ball.a(USBUART_descr.o)

.debug_abbrev   0x00000000     0x438f
 *(.debug_abbrev)
 .debug_abbrev  0x00000000      0x1f1 .\CortexM3\ARM_GCC_493\Debug\main.o
 .debug_abbrev  0x000001f1       0xed .\CortexM3\ARM_GCC_493\Debug\milliseconds.o
 .debug_abbrev  0x000002de      0x1c0 .\CortexM3\ARM_GCC_493\Debug\rc_ch.o
 .debug_abbrev  0x0000049e      0x1e0 .\CortexM3\ARM_GCC_493\Debug\dc_motor.o
 .debug_abbrev  0x0000067e      0x1e1 .\CortexM3\ARM_GCC_493\Debug\mpu6050.o
 .debug_abbrev  0x0000085f      0x155 .\CortexM3\ARM_GCC_493\Debug\i2cFunctions.o
 .debug_abbrev  0x000009b4      0x1a7 .\CortexM3\ARM_GCC_493\Debug\imu.o
 .debug_abbrev  0x00000b5b       0x77 .\CortexM3\ARM_GCC_493\Debug\cymetadata.o
 .debug_abbrev  0x00000bd2      0x200 .\CortexM3\ARM_GCC_493\Debug\Cm3Start.o
 .debug_abbrev  0x00000dd2      0x212 .\CortexM3\ARM_GCC_493\Debug\Ball.a(cyfitter_cfg.o)
 .debug_abbrev  0x00000fe4       0x14 .\CortexM3\ARM_GCC_493\Debug\Ball.a(CyBootAsmGnu.o)
 .debug_abbrev  0x00000ff8      0x296 .\CortexM3\ARM_GCC_493\Debug\Ball.a(CyLib.o)
 .debug_abbrev  0x0000128e      0x1ed .\CortexM3\ARM_GCC_493\Debug\Ball.a(cyPm.o)
 .debug_abbrev  0x0000147b      0x25e .\CortexM3\ARM_GCC_493\Debug\Ball.a(USBUART.o)
 .debug_abbrev  0x000016d9      0x28b .\CortexM3\ARM_GCC_493\Debug\Ball.a(USBUART_cdc.o)
 .debug_abbrev  0x00001964      0x18b .\CortexM3\ARM_GCC_493\Debug\Ball.a(USBUART_drv.o)
 .debug_abbrev  0x00001aef      0x11b .\CortexM3\ARM_GCC_493\Debug\Ball.a(USBUART_episr.o)
 .debug_abbrev  0x00001c0a      0x146 .\CortexM3\ARM_GCC_493\Debug\Ball.a(USBUART_pm.o)
 .debug_abbrev  0x00001d50      0x23d .\CortexM3\ARM_GCC_493\Debug\Ball.a(USBUART_std.o)
 .debug_abbrev  0x00001f8d       0x9b .\CortexM3\ARM_GCC_493\Debug\Ball.a(USBUART_vnd.o)
 .debug_abbrev  0x00002028       0x90 .\CortexM3\ARM_GCC_493\Debug\Ball.a(USBUART_Dp.o)
 .debug_abbrev  0x000020b8      0x170 .\CortexM3\ARM_GCC_493\Debug\Ball.a(RC_Ch2_Timer.o)
 .debug_abbrev  0x00002228      0x173 .\CortexM3\ARM_GCC_493\Debug\Ball.a(RC_Ch2_Timer_Interrupt.o)
 .debug_abbrev  0x0000239b      0x173 .\CortexM3\ARM_GCC_493\Debug\Ball.a(Clock_Millis_Interrupt.o)
 .debug_abbrev  0x0000250e       0x90 .\CortexM3\ARM_GCC_493\Debug\Ball.a(RC_Ch1.o)
 .debug_abbrev  0x0000259e      0x170 .\CortexM3\ARM_GCC_493\Debug\Ball.a(RC_Ch1_Timer.o)
 .debug_abbrev  0x0000270e       0x90 .\CortexM3\ARM_GCC_493\Debug\Ball.a(RC_Ch2.o)
 .debug_abbrev  0x0000279e      0x173 .\CortexM3\ARM_GCC_493\Debug\Ball.a(RC_Ch1_Timer_Interrupt.o)
 .debug_abbrev  0x00002911      0x170 .\CortexM3\ARM_GCC_493\Debug\Ball.a(RC_Ch4_Timer.o)
 .debug_abbrev  0x00002a81       0x90 .\CortexM3\ARM_GCC_493\Debug\Ball.a(RC_Ch4.o)
 .debug_abbrev  0x00002b11      0x173 .\CortexM3\ARM_GCC_493\Debug\Ball.a(RC_Ch4_Timer_Interrupt.o)
 .debug_abbrev  0x00002c84      0x170 .\CortexM3\ARM_GCC_493\Debug\Ball.a(RC_Ch3_Timer.o)
 .debug_abbrev  0x00002df4       0x90 .\CortexM3\ARM_GCC_493\Debug\Ball.a(RC_Ch3.o)