Archive member included because of file (symbol)

.\CortexM3\ARM_GCC_493\Debug\Ball.a(cyfitter_cfg.o)
                              .\CortexM3\ARM_GCC_493\Debug\Cm3Start.o (cyfitter_cfg)
.\CortexM3\ARM_GCC_493\Debug\Ball.a(Motor_A_PWM.o)
                              .\CortexM3\ARM_GCC_493\Debug\main.o (Motor_A_PWM_WriteCompare1)
.\CortexM3\ARM_GCC_493\Debug\Ball.a(CyBootAsmGnu.o)
                              .\CortexM3\ARM_GCC_493\Debug\Ball.a(cyfitter_cfg.o) (CyDelayCycles)
.\CortexM3\ARM_GCC_493\Debug\Ball.a(CyLib.o)
                              .\CortexM3\ARM_GCC_493\Debug\Cm3Start.o (CyHalt)
.\CortexM3\ARM_GCC_493\Debug\Ball.a(cyPm.o)
                              .\CortexM3\ARM_GCC_493\Debug\Ball.a(CyLib.o) (CyPmReadStatus)
.\CortexM3\ARM_GCC_493\Debug\Ball.a(USBUART.o)
                              .\CortexM3\ARM_GCC_493\Debug\main.o (USBUART_Start)
.\CortexM3\ARM_GCC_493\Debug\Ball.a(USBUART_cdc.o)
                              .\CortexM3\ARM_GCC_493\Debug\main.o (USBUART_PutString)
.\CortexM3\ARM_GCC_493\Debug\Ball.a(USBUART_drv.o)
                              .\CortexM3\ARM_GCC_493\Debug\Ball.a(USBUART.o) (USBUART_lastPacketSize)
.\CortexM3\ARM_GCC_493\Debug\Ball.a(USBUART_episr.o)
                              .\CortexM3\ARM_GCC_493\Debug\Ball.a(USBUART.o) (USBUART_EP_1_ISR)
.\CortexM3\ARM_GCC_493\Debug\Ball.a(USBUART_pm.o)
                              .\CortexM3\ARM_GCC_493\Debug\Ball.a(USBUART.o) (USBUART_DP_ISR)
.\CortexM3\ARM_GCC_493\Debug\Ball.a(USBUART_std.o)
                              .\CortexM3\ARM_GCC_493\Debug\Ball.a(USBUART_pm.o) (USBUART_ConfigReg)
.\CortexM3\ARM_GCC_493\Debug\Ball.a(USBUART_vnd.o)
                              .\CortexM3\ARM_GCC_493\Debug\Ball.a(USBUART_drv.o) (USBUART_HandleVendorRqst)
.\CortexM3\ARM_GCC_493\Debug\Ball.a(USBUART_Dp.o)
                              .\CortexM3\ARM_GCC_493\Debug\Ball.a(USBUART_pm.o) (USBUART_Dp_ClearInterrupt)
.\CortexM3\ARM_GCC_493\Debug\Ball.a(RC_Ch2_Timer.o)
                              .\CortexM3\ARM_GCC_493\Debug\rc_ch.o (RC_Ch2_Timer_Stop)
.\CortexM3\ARM_GCC_493\Debug\Ball.a(RC_Ch2_Timer_Interrupt.o)
                              .\CortexM3\ARM_GCC_493\Debug\rc_ch.o (RC_Ch2_Timer_Interrupt_StartEx)
.\CortexM3\ARM_GCC_493\Debug\Ball.a(Clock_Millis_Interrupt.o)
                              .\CortexM3\ARM_GCC_493\Debug\milliseconds.o (Clock_Millis_Interrupt_StartEx)
.\CortexM3\ARM_GCC_493\Debug\Ball.a(RC_Ch1.o)
                              .\CortexM3\ARM_GCC_493\Debug\rc_ch.o (RC_Ch1_Read)
.\CortexM3\ARM_GCC_493\Debug\Ball.a(RC_Ch1_Timer.o)
                              .\CortexM3\ARM_GCC_493\Debug\rc_ch.o (RC_Ch1_Timer_Stop)
.\CortexM3\ARM_GCC_493\Debug\Ball.a(RC_Ch2.o)
                              .\CortexM3\ARM_GCC_493\Debug\rc_ch.o (RC_Ch2_Read)
.\CortexM3\ARM_GCC_493\Debug\Ball.a(RC_Ch1_Timer_Interrupt.o)
                              .\CortexM3\ARM_GCC_493\Debug\rc_ch.o (RC_Ch1_Timer_Interrupt_StartEx)
.\CortexM3\ARM_GCC_493\Debug\Ball.a(RC_Ch4_Timer.o)
                              .\CortexM3\ARM_GCC_493\Debug\rc_ch.o (RC_Ch4_Timer_Stop)
.\CortexM3\ARM_GCC_493\Debug\Ball.a(RC_Ch4.o)
                              .\CortexM3\ARM_GCC_493\Debug\rc_ch.o (RC_Ch4_Read)
.\CortexM3\ARM_GCC_493\Debug\Ball.a(RC_Ch4_Timer_Interrupt.o)
                              .\CortexM3\ARM_GCC_493\Debug\rc_ch.o (RC_Ch4_Timer_Interrupt_StartEx)
.\CortexM3\ARM_GCC_493\Debug\Ball.a(RC_Ch3_Timer.o)
                              .\CortexM3\ARM_GCC_493\Debug\rc_ch.o (RC_Ch3_Timer_Stop)
.\CortexM3\ARM_GCC_493\Debug\Ball.a(RC_Ch3.o)
                              .\CortexM3\ARM_GCC_493\Debug\rc_ch.o (RC_Ch3_Read)
.\CortexM3\ARM_GCC_493\Debug\Ball.a(RC_Ch3_Timer_Interrupt.o)
                              .\CortexM3\ARM_GCC_493\Debug\rc_ch.o (RC_Ch3_Timer_Interrupt_StartEx)
.\CortexM3\ARM_GCC_493\Debug\Ball.a(CyFlash.o)
                              .\CortexM3\ARM_GCC_493\Debug\Ball.a(cyPm.o) (CyFlash_SetWaitCycles)
.\CortexM3\ARM_GCC_493\Debug\Ball.a(CySpc.o)
                              .\CortexM3\ARM_GCC_493\Debug\Ball.a(CyFlash.o) (CySpcStart)
.\CortexM3\ARM_GCC_493\Debug\Ball.a(cyutils.o)
                              .\CortexM3\ARM_GCC_493\Debug\Ball.a(RC_Ch2_Timer.o) (CySetReg24)
.\CortexM3\ARM_GCC_493\Debug\Ball.a(USBUART_cls.o)
                              .\CortexM3\ARM_GCC_493\Debug\Ball.a(USBUART_drv.o) (USBUART_DispatchClassRqst)
.\CortexM3\ARM_GCC_493\Debug\Ball.a(USBUART_descr.o)
                              .\CortexM3\ARM_GCC_493\Debug\Ball.a(USBUART_std.o) (USBUART_idSerialNumberStringDescriptor)
c:/program files (x86)/cypress/psoc creator/3.3/psoc creator/import/gnu/arm/4.9.3/bin/../lib/gcc/arm-none-eabi/4.9.3/../../../../arm-none-eabi/lib/armv7-m\libg_nano.a(lib_a-errno.o)
                              .\CortexM3\ARM_GCC_493\Debug\Cm3Start.o (__errno)
[...]
Memory Configuration

Name             Origin             Length             Attributes
rom              0x00000000         0x00040000         xr
ram              0x1fff8000         0x00010000         xrw
*default*        0x00000000         0xffffffff

Linker script and memory map

LOAD c:/program files (x86)/cypress/psoc creator/3.3/psoc creator/import/gnu/arm/4.9.3/bin/../lib/gcc/arm-none-eabi/4.9.3/armv7-m/crti.o
LOAD c:/program files (x86)/cypress/psoc creator/3.3/psoc creator/import/gnu/arm/4.9.3/bin/../lib/gcc/arm-none-eabi/4.9.3/armv7-m/crtbegin.o
LOAD c:/program files (x86)/cypress/psoc creator/3.3/psoc creator/import/gnu/arm/4.9.3/bin/../lib/gcc/arm-none-eabi/4.9.3/../../../../arm-none-eabi/lib/armv7-m/crt0.o
START GROUP
LOAD .\CortexM3\ARM_GCC_493\Debug\main.o
LOAD .\CortexM3\ARM_GCC_493\Debug\milliseconds.o
LOAD .\CortexM3\ARM_GCC_493\Debug\rc_ch.o
LOAD .\CortexM3\ARM_GCC_493\Debug\cymetadata.o
LOAD .\CortexM3\ARM_GCC_493\Debug\Cm3Start.o
LOAD .\CortexM3\ARM_GCC_493\Debug\Ball.a
LOAD C:\Program Files (x86)\Cypress\PSoC Creator\3.3\PSoC Creator\psoc\content\cycomponentlibrary\CyComponentLibrary.cylib\CortexM3\ARM_GCC_493\Debug\CyComponentLibrary.a
END GROUP
START GROUP
LOAD c:/program files (x86)/cypress/psoc creator/3.3/psoc creator/import/gnu/arm/4.9.3/bin/../lib/gcc/arm-none-eabi/4.9.3/armv7-m\libgcc.a
LOAD c:/program files (x86)/cypress/psoc creator/3.3/psoc creator/import/gnu/arm/4.9.3/bin/../lib/gcc/arm-none-eabi/4.9.3/../../../../arm-none-eabi/lib/armv7-m\libg_nano.a
LOAD c:/program files (x86)/cypress/psoc creator/3.3/psoc creator/import/gnu/arm/4.9.3/bin/../lib/gcc/arm-none-eabi/4.9.3/../../../../arm-none-eabi/lib/armv7-m\libc_nano.a
END GROUP
START GROUP
LOAD c:/program files (x86)/cypress/psoc creator/3.3/psoc creator/import/gnu/arm/4.9.3/bin/../lib/gcc/arm-none-eabi/4.9.3/armv7-m\libgcc.a
LOAD c:/program files (x86)/cypress/psoc creator/3.3/psoc creator/import/gnu/arm/4.9.3/bin/../lib/gcc/arm-none-eabi/4.9.3/../../../../arm-none-eabi/lib/armv7-m\libc_nano.a
END GROUP
LOAD c:/program files (x86)/cypress/psoc creator/3.3/psoc creator/import/gnu/arm/4.9.3/bin/../lib/gcc/arm-none-eabi/4.9.3/armv7-m/crtend.o
LOAD c:/program files (x86)/cypress/psoc creator/3.3/psoc creator/import/gnu/arm/4.9.3/bin/../lib/gcc/arm-none-eabi/4.9.3/armv7-m/crtn.o
START GROUP
LOAD c:/program files (x86)/cypress/psoc creator/3.3/psoc creator/import/gnu/arm/4.9.3/bin/../lib/gcc/arm-none-eabi/4.9.3/armv7-m\libgcc.a
LOAD c:/program files (x86)/cypress/psoc creator/3.3/psoc creator/import/gnu/arm/4.9.3/bin/../lib/gcc/arm-none-eabi/4.9.3/../../../../arm-none-eabi/lib/armv7-m\libc.a
LOAD c:/program files (x86)/cypress/psoc creator/3.3/psoc creator/import/gnu/arm/4.9.3/bin/../lib/gcc/arm-none-eabi/4.9.3/../../../../arm-none-eabi/lib/armv7-m\libnosys.a
END GROUP
                0x00000000                CY_APPL_ORIGIN = 0x0
                0x00000100                CY_FLASH_ROW_SIZE = 0x100
                0x00000020                CY_ECC_ROW_SIZE = 0x20
                0x00000000                CY_EE_IN_BTLDR = 0x0
                0x00000000                CY_APPL_LOADABLE = 0x0
                0x00000800                CY_EE_SIZE = 0x800
                0x00000001                CY_APPL_NUM = 0x1
                0x00000001                CY_APPL_MAX = 0x1
                0x00000040                CY_METADATA_SIZE = 0x40
                0x00000000                CY_APPL_LOADABLE = 0x0
                0x00000000                CY_CHECKSUM_EXCLUDE_SIZE = ALIGN (0x0, CY_FLASH_ROW_SIZE)
                0x1fff82d8                PROVIDE (__cy_heap_start, _end)
                0x00000001                PROVIDE (__cy_region_num, ((__cy_regions_end - __cy_regions) / 0x10))
                0x20008000                PROVIDE (__cy_stack, (ORIGIN (ram) + 0x10000))
                0x20007800                PROVIDE (__cy_heap_end, (__cy_stack - 0x800))

.cybootloader   0x00000000        0x0
 *(.cybootloader)
                0x00000000                appl1_start = CY_APPL_ORIGIN?CY_APPL_ORIGIN:ALIGN (CY_FLASH_ROW_SIZE)
                0x0001ff00                appl2_start = (appl1_start + ALIGN ((((0x40000 - appl1_start) - (0x2 * CY_FLASH_ROW_SIZE)) / 0x2), CY_FLASH_ROW_SIZE))
                0x00000000                appl_start = (CY_APPL_NUM == 0x1)?appl1_start:appl2_start
                0x00000000                ecc_offset = ((appl_start / CY_FLASH_ROW_SIZE) * CY_ECC_ROW_SIZE)
                0x00000000                ee_offset = (CY_APPL_LOADABLE && ! (CY_EE_IN_BTLDR))?((CY_EE_SIZE / CY_APPL_MAX) * (CY_APPL_NUM - 0x1)):0x0
                0x00000800                ee_size = (CY_APPL_LOADABLE && ! (CY_EE_IN_BTLDR))?(CY_EE_SIZE / CY_APPL_MAX):CY_EE_SIZE
                0x00000000                PROVIDE (CY_ECC_OFFSET, ecc_offset)

.text           0x00000000     0x2b64
 CREATE_OBJECT_SYMBOLS
                0x00000000                PROVIDE (__cy_interrupt_vector, RomVectors)
 *(.romvectors)
 .romvectors    0x00000000       0x10 .\CortexM3\ARM_GCC_493\Debug\Cm3Start.o
                0x00000000                RomVectors
                0x00000001                ASSERT ((. != __cy_interrupt_vector), No interrupt vector)
                0x00000001                ASSERT (CY_APPL_ORIGIN?(SIZEOF (.cybootloader) <= CY_APPL_ORIGIN):0x1, Wrong image location)
                0x00000010                PROVIDE (__cy_reset, Reset)
 *(.text.Reset)
 .text.Reset    0x00000010       0x18 .\CortexM3\ARM_GCC_493\Debug\Cm3Start.o
                0x00000010                Reset
                0x00000001                ASSERT ((. != __cy_reset), No reset code)
 *(.dma_init)
                0x00000001                ASSERT ((((appl_start + .) <= 0x10000) || 0x1), DMA Init must be within the first 64k of flash)
 *(.text .text.* .gnu.linkonce.t.*)
 .text          0x00000028       0x5c c:/program files (x86)/cypress/psoc creator/3.3/psoc creator/import/gnu/arm/4.9.3/bin/../lib/gcc/arm-none-eabi/4.9.3/armv7-m/crtbegin.o
 .text.main     0x00000084       0xb8 .\CortexM3\ARM_GCC_493\Debug\main.o
                0x00000084                main
 .text.Millisecond_Interrupt
                0x0000013c       0x70 .\CortexM3\ARM_GCC_493\Debug\milliseconds.o
                0x0000013c                Millisecond_Interrupt
 .text.init_milliseconds
                0x000001ac       0x10 .\CortexM3\ARM_GCC_493\Debug\milliseconds.o
                0x000001ac                init_milliseconds
 .text.RC_Ch1_Timer_ISR_Handler
                0x000001bc       0x44 .\CortexM3\ARM_GCC_493\Debug\rc_ch.o
                0x000001bc                RC_Ch1_Timer_ISR_Handler
 .text.RC_Ch2_Timer_ISR_Handler
                0x00000200       0x44 .\CortexM3\ARM_GCC_493\Debug\rc_ch.o
                0x00000200                RC_Ch2_Timer_ISR_Handler
 .text.RC_Ch3_Timer_ISR_Handler
                0x00000244       0x44 .\CortexM3\ARM_GCC_493\Debug\rc_ch.o
                0x00000244                RC_Ch3_Timer_ISR_Handler
 .text.RC_Ch4_Timer_ISR_Handler
                0x00000288       0x44 .\CortexM3\ARM_GCC_493\Debug\rc_ch.o
                0x00000288                RC_Ch4_Timer_ISR_Handler
 .text.init_rc_channels
                0x000002cc       0x3c .\CortexM3\ARM_GCC_493\Debug\rc_ch.o
                0x000002cc                init_rc_channels
 .text.construct_rc_ch
                0x00000308       0x10 .\CortexM3\ARM_GCC_493\Debug\rc_ch.o
                0x00000308                construct_rc_ch
 .text.get_rc_ch_value
                0x00000318      0x114 .\CortexM3\ARM_GCC_493\Debug\rc_ch.o
                0x00000318                get_rc_ch_value
 .text.IntDefaultHandler
                0x0000042c        0x4 .\CortexM3\ARM_GCC_493\Debug\Cm3Start.o
                0x0000042c                IntDefaultHandler
 .text._sbrk    0x00000430       0x30 .\CortexM3\ARM_GCC_493\Debug\Cm3Start.o
                0x00000430                _sbrk
 .text.Start_c  0x00000460       0x4c .\CortexM3\ARM_GCC_493\Debug\Cm3Start.o
                0x00000460                Start_c
 .text.initialize_psoc
                0x000004ac       0x74 .\CortexM3\ARM_GCC_493\Debug\Cm3Start.o
                0x000004ac                initialize_psoc
 .text.CyClockStartupError
                0x00000520        0x4 .\CortexM3\ARM_GCC_493\Debug\Ball.a(cyfitter_cfg.o)
 .text.cfg_write_bytes32
                0x00000524       0x34 .\CortexM3\ARM_GCC_493\Debug\Ball.a(cyfitter_cfg.o)
 .text.AnalogSetDefault
                0x00000558       0x28 .\CortexM3\ARM_GCC_493\Debug\Ball.a(cyfitter_cfg.o)
 .text.CYMEMZERO
                0x00000580        0xc .\CortexM3\ARM_GCC_493\Debug\Ball.a(cyfitter_cfg.o)
 .text.ClockSetup
                0x0000058c       0xcc .\CortexM3\ARM_GCC_493\Debug\Ball.a(cyfitter_cfg.o)
 .text.CYCONFIGCPY
                0x00000658        0x8 .\CortexM3\ARM_GCC_493\Debug\Ball.a(cyfitter_cfg.o)
 .text.cyfitter_cfg
                0x00000660       0xe4 .\CortexM3\ARM_GCC_493\Debug\Ball.a(cyfitter_cfg.o)
                0x00000660                cyfitter_cfg
 .text.Motor_A_PWM_Enable
                0x00000744       0x10 .\CortexM3\ARM_GCC_493\Debug\Ball.a(Motor_A_PWM.o)
                0x00000744                Motor_A_PWM_Enable
 .text.Motor_A_PWM_WriteCounter
                0x00000754        0xc .\CortexM3\ARM_GCC_493\Debug\Ball.a(Motor_A_PWM.o)
                0x00000754                Motor_A_PWM_WriteCounter
 .text.Motor_A_PWM_WritePeriod
                0x00000760        0xc .\CortexM3\ARM_GCC_493\Debug\Ball.a(Motor_A_PWM.o)
                0x00000760                Motor_A_PWM_WritePeriod
 .text.Motor_A_PWM_WriteCompare1
                0x0000076c        0xc .\CortexM3\ARM_GCC_493\Debug\Ball.a(Motor_A_PWM.o)
                0x0000076c                Motor_A_PWM_WriteCompare1
 .text.Motor_A_PWM_WriteCompare2
                0x00000778        0xc .\CortexM3\ARM_GCC_493\Debug\Ball.a(Motor_A_PWM.o)
                0x00000778                Motor_A_PWM_WriteCompare2
 .text.Motor_A_PWM_SetInterruptMode
                0x00000784        0xc .\CortexM3\ARM_GCC_493\Debug\Ball.a(Motor_A_PWM.o)
                0x00000784                Motor_A_PWM_SetInterruptMode
 .text.Motor_A_PWM_ReadStatusRegister
                0x00000790        0xc .\CortexM3\ARM_GCC_493\Debug\Ball.a(Motor_A_PWM.o)
                0x00000790                Motor_A_PWM_ReadStatusRegister
 .text.Motor_A_PWM_ReadCapture
                0x0000079c        0xc .\CortexM3\ARM_GCC_493\Debug\Ball.a(Motor_A_PWM.o)
                0x0000079c                Motor_A_PWM_ReadCapture
 .text.Motor_A_PWM_ClearFIFO
                0x000007a8       0x14 .\CortexM3\ARM_GCC_493\Debug\Ball.a(Motor_A_PWM.o)
                0x000007a8                Motor_A_PWM_ClearFIFO
 .text.Motor_A_PWM_Init
                0x000007bc       0x58 .\CortexM3\ARM_GCC_493\Debug\Ball.a(Motor_A_PWM.o)
                0x000007bc                Motor_A_PWM_Init
 .text.Motor_A_PWM_Start
                0x00000814       0x1c .\CortexM3\ARM_GCC_493\Debug\Ball.a(Motor_A_PWM.o)
                0x00000814                Motor_A_PWM_Start
 .text          0x00000830       0x20 .\CortexM3\ARM_GCC_493\Debug\Ball.a(CyBootAsmGnu.o)
                0x00000830                CyDelayCycles
                0x00000840                CyEnterCriticalSection
                0x00000848                CyExitCriticalSection
 .text.CyHalt   0x00000850        0x4 .\CortexM3\ARM_GCC_493\Debug\Ball.a(CyLib.o)
                0x00000850                CyHalt
 .text.CyDelayUs
                0x00000854       0x14 .\CortexM3\ARM_GCC_493\Debug\Ball.a(CyLib.o)
                0x00000854                CyDelayUs
 .text.CyIntSetVector
                0x00000868       0x28 .\CortexM3\ARM_GCC_493\Debug\Ball.a(CyLib.o)
                0x00000868                CyIntSetVector
 .text.CyIntSetPriority
                0x00000890       0x30 .\CortexM3\ARM_GCC_493\Debug\Ball.a(CyLib.o)
                0x00000890                CyIntSetPriority
 .text.CyGetUniqueId
                0x000008c0       0x70 .\CortexM3\ARM_GCC_493\Debug\Ball.a(CyLib.o)
                0x000008c0                CyGetUniqueId
 .text.USBUART_Init
                0x00000930      0x140 .\CortexM3\ARM_GCC_493\Debug\Ball.a(USBUART.o)
                0x00000930                USBUART_Init
 .text.USBUART_InitComponent
                0x00000a70       0xb8 .\CortexM3\ARM_GCC_493\Debug\Ball.a(USBUART.o)
                0x00000a70                USBUART_InitComponent
 .text.USBUART_Start
                0x00000b28       0x24 .\CortexM3\ARM_GCC_493\Debug\Ball.a(USBUART.o)
                0x00000b28                USBUART_Start
 .text.USBUART_ReInitComponent
                0x00000b4c       0x4c .\CortexM3\ARM_GCC_493\Debug\Ball.a(USBUART.o)
                0x00000b4c                USBUART_ReInitComponent
 .text.USBUART_GetConfiguration
                0x00000b98        0xc .\CortexM3\ARM_GCC_493\Debug\Ball.a(USBUART.o)
                0x00000b98                USBUART_GetConfiguration
 .text.USBUART_LoadInEP
                0x00000ba4       0x94 .\CortexM3\ARM_GCC_493\Debug\Ball.a(USBUART.o)
                0x00000ba4                USBUART_LoadInEP
 .text.USBUART_StrLen
                0x00000c38       0x14 .\CortexM3\ARM_GCC_493\Debug\Ball.a(USBUART_cdc.o)
 .text.USBUART_GetInterfaceComPort
                0x00000c4c       0x3c .\CortexM3\ARM_GCC_493\Debug\Ball.a(USBUART_cdc.o)
                0x00000c4c                USBUART_GetInterfaceComPort
 .text.USBUART_DispatchCDCClassRqst
                0x00000c88       0x98 .\CortexM3\ARM_GCC_493\Debug\Ball.a(USBUART_cdc.o)
                0x00000c88                USBUART_DispatchCDCClassRqst
 .text.USBUART_PutString
                0x00000d20       0x9c .\CortexM3\ARM_GCC_493\Debug\Ball.a(USBUART_cdc.o)
                0x00000d20                USBUART_PutString
 .text.USBUART_Cdc_EpInit
                0x00000dbc       0x50 .\CortexM3\ARM_GCC_493\Debug\Ball.a(USBUART_cdc.o)
                0x00000dbc                USBUART_Cdc_EpInit
 .text.USBUART_LoadEP0
                0x00000e0c       0x94 .\CortexM3\ARM_GCC_493\Debug\Ball.a(USBUART_drv.o)
                0x00000e0c                USBUART_LoadEP0
 .text.USBUART_InitZeroLengthControlTransfer
                0x00000ea0       0x34 .\CortexM3\ARM_GCC_493\Debug\Ball.a(USBUART_drv.o)
                0x00000ea0                USBUART_InitZeroLengthControlTransfer
 .text.USBUART_ControlReadDataStage
                0x00000ed4        0x8 .\CortexM3\ARM_GCC_493\Debug\Ball.a(USBUART_drv.o)
                0x00000ed4                USBUART_ControlReadDataStage
 .text.USBUART_ControlWriteDataStage
                0x00000edc       0x80 .\CortexM3\ARM_GCC_493\Debug\Ball.a(USBUART_drv.o)
                0x00000edc                USBUART_ControlWriteDataStage
 .text.USBUART_InitNoDataControlTransfer
                0x00000f5c       0x2c .\CortexM3\ARM_GCC_493\Debug\Ball.a(USBUART_drv.o)
                0x00000f5c                USBUART_InitNoDataControlTransfer
 .text.USBUART_UpdateStatusBlock
                0x00000f88       0x24 .\CortexM3\ARM_GCC_493\Debug\Ball.a(USBUART_drv.o)
                0x00000f88                USBUART_UpdateStatusBlock
 .text.USBUART_HandleSetup
                0x00000fac       0x5c .\CortexM3\ARM_GCC_493\Debug\Ball.a(USBUART_drv.o)
                0x00000fac                USBUART_HandleSetup
 .text.USBUART_ControlReadStatusStage
                0x00001008       0x34 .\CortexM3\ARM_GCC_493\Debug\Ball.a(USBUART_drv.o)
                0x00001008                USBUART_ControlReadStatusStage
 .text.USBUART_HandleOUT
                0x0000103c       0x38 .\CortexM3\ARM_GCC_493\Debug\Ball.a(USBUART_drv.o)
                0x0000103c                USBUART_HandleOUT
 .text.USBUART_ControlWriteStatusStage
                0x00001074       0x20 .\CortexM3\ARM_GCC_493\Debug\Ball.a(USBUART_drv.o)
                0x00001074                USBUART_ControlWriteStatusStage
 .text.USBUART_NoDataControlStatusStage
                0x00001094       0x40 .\CortexM3\ARM_GCC_493\Debug\Ball.a(USBUART_drv.o)
                0x00001094                USBUART_NoDataControlStatusStage
 .text.USBUART_HandleIN
                0x000010d4       0x2c .\CortexM3\ARM_GCC_493\Debug\Ball.a(USBUART_drv.o)
                0x000010d4                USBUART_HandleIN
 .text.USBUART_EP_0_ISR
                0x00001100       0xb8 .\CortexM3\ARM_GCC_493\Debug\Ball.a(USBUART_drv.o)
                0x00001100                USBUART_EP_0_ISR
 .text.USBUART_InitializeStatusBlock
                0x000011b8       0x24 .\CortexM3\ARM_GCC_493\Debug\Ball.a(USBUART_drv.o)
                0x000011b8                USBUART_InitializeStatusBlock
 .text.USBUART_InitControlRead
                0x000011dc       0x50 .\CortexM3\ARM_GCC_493\Debug\Ball.a(USBUART_drv.o)
                0x000011dc                USBUART_InitControlRead
 .text.USBUART_InitControlWrite
                0x0000122c       0x48 .\CortexM3\ARM_GCC_493\Debug\Ball.a(USBUART_drv.o)
                0x0000122c                USBUART_InitControlWrite
 .text.USBUART_EP_1_ISR
                0x00001274       0x38 .\CortexM3\ARM_GCC_493\Debug\Ball.a(USBUART_episr.o)
                0x00001274                USBUART_EP_1_ISR
 .text.USBUART_EP_2_ISR
                0x000012ac       0x3c .\CortexM3\ARM_GCC_493\Debug\Ball.a(USBUART_episr.o)
                0x000012ac                USBUART_EP_2_ISR
 .text.USBUART_EP_3_ISR
                0x000012e8       0x44 .\CortexM3\ARM_GCC_493\Debug\Ball.a(USBUART_episr.o)
                0x000012e8                USBUART_EP_3_ISR
 .text.USBUART_SOF_ISR
                0x0000132c        0x4 .\CortexM3\ARM_GCC_493\Debug\Ball.a(USBUART_episr.o)
                0x0000132c                USBUART_SOF_ISR
 .text.USBUART_BUS_RESET_ISR
                0x00001330        0x8 .\CortexM3\ARM_GCC_493\Debug\Ball.a(USBUART_episr.o)
                0x00001330                USBUART_BUS_RESET_ISR
 .text.USBUART_DP_ISR
                0x00001338        0x8 .\CortexM3\ARM_GCC_493\Debug\Ball.a(USBUART_pm.o)
                0x00001338                USBUART_DP_ISR
 .text.USBUART_ReadDieID
                0x00001340       0x6c .\CortexM3\ARM_GCC_493\Debug\Ball.a(USBUART_std.o)
                0x00001340                USBUART_ReadDieID
 .text.USBUART_ConfigReg
                0x000013ac       0xa4 .\CortexM3\ARM_GCC_493\Debug\Ball.a(USBUART_std.o)
                0x000013ac                USBUART_ConfigReg
 .text.USBUART_GetConfigTablePtr
                0x00001450       0x28 .\CortexM3\ARM_GCC_493\Debug\Ball.a(USBUART_std.o)
                0x00001450                USBUART_GetConfigTablePtr
 .text.USBUART_ConfigAltChanged
                0x00001478      0x11c .\CortexM3\ARM_GCC_493\Debug\Ball.a(USBUART_std.o)
                0x00001478                USBUART_ConfigAltChanged
 .text.USBUART_GetDeviceTablePtr
                0x00001594       0x18 .\CortexM3\ARM_GCC_493\Debug\Ball.a(USBUART_std.o)
                0x00001594                USBUART_GetDeviceTablePtr
 .text.USBUART_GetInterfaceClassTablePtr
                0x000015ac       0x24 .\CortexM3\ARM_GCC_493\Debug\Ball.a(USBUART_std.o)
                0x000015ac                USBUART_GetInterfaceClassTablePtr
 .text.USBUART_Config
                0x000015d0      0x1e4 .\CortexM3\ARM_GCC_493\Debug\Ball.a(USBUART_std.o)
                0x000015d0                USBUART_Config
 .text.USBUART_SetEndpointHalt
                0x000017b4       0x64 .\CortexM3\ARM_GCC_493\Debug\Ball.a(USBUART_std.o)
                0x000017b4                USBUART_SetEndpointHalt
 .text.USBUART_ClearEndpointHalt
                0x00001818       0xa8 .\CortexM3\ARM_GCC_493\Debug\Ball.a(USBUART_std.o)
                0x00001818                USBUART_ClearEndpointHalt
 .text.USBUART_ValidateAlternateSetting
                0x000018c0       0x4c .\CortexM3\ARM_GCC_493\Debug\Ball.a(USBUART_std.o)
                0x000018c0                USBUART_ValidateAlternateSetting
 .text.USBUART_HandleStandardRqst
                0x0000190c      0x350 .\CortexM3\ARM_GCC_493\Debug\Ball.a(USBUART_std.o)
                0x0000190c                USBUART_HandleStandardRqst
 .text.USBUART_HandleVendorRqst
                0x00001c5c       0x18 .\CortexM3\ARM_GCC_493\Debug\Ball.a(USBUART_vnd.o)
                0x00001c5c                USBUART_HandleVendorRqst
 .text.USBUART_Dp_ClearInterrupt
                0x00001c74       0x10 .\CortexM3\ARM_GCC_493\Debug\Ball.a(USBUART_Dp.o)
                0x00001c74                USBUART_Dp_ClearInterrupt
 .text.RC_Ch2_Timer_Enable
                0x00001c84       0x10 .\CortexM3\ARM_GCC_493\Debug\Ball.a(RC_Ch2_Timer.o)
                0x00001c84                RC_Ch2_Timer_Enable
 .text.RC_Ch2_Timer_Stop
                0x00001c94       0x10 .\CortexM3\ARM_GCC_493\Debug\Ball.a(RC_Ch2_Timer.o)
                0x00001c94                RC_Ch2_Timer_Stop
 .text.RC_Ch2_Timer_SetInterruptMode
                0x00001ca4        0xc .\CortexM3\ARM_GCC_493\Debug\Ball.a(RC_Ch2_Timer.o)
                0x00001ca4                RC_Ch2_Timer_SetInterruptMode
 .text.RC_Ch2_Timer_ReadStatusRegister
                0x00001cb0        0xc .\CortexM3\ARM_GCC_493\Debug\Ball.a(RC_Ch2_Timer.o)
                0x00001cb0                RC_Ch2_Timer_ReadStatusRegister
 .text.RC_Ch2_Timer_WritePeriod
                0x00001cbc       0x10 .\CortexM3\ARM_GCC_493\Debug\Ball.a(RC_Ch2_Timer.o)
                0x00001cbc                RC_Ch2_Timer_WritePeriod
 .text.RC_Ch2_Timer_ReadCapture
                0x00001ccc       0x10 .\CortexM3\ARM_GCC_493\Debug\Ball.a(RC_Ch2_Timer.o)
                0x00001ccc                RC_Ch2_Timer_ReadCapture
 .text.RC_Ch2_Timer_WriteCounter
                0x00001cdc       0x10 .\CortexM3\ARM_GCC_493\Debug\Ball.a(RC_Ch2_Timer.o)
                0x00001cdc                RC_Ch2_Timer_WriteCounter
 .text.RC_Ch2_Timer_EnableTrigger
                0x00001cec       0x10 .\CortexM3\ARM_GCC_493\Debug\Ball.a(RC_Ch2_Timer.o)
                0x00001cec                RC_Ch2_Timer_EnableTrigger
 .text.RC_Ch2_Timer_SetInterruptCount
                0x00001cfc       0x1c .\CortexM3\ARM_GCC_493\Debug\Ball.a(RC_Ch2_Timer.o)
                0x00001cfc                RC_Ch2_Timer_SetInterruptCount
 .text.RC_Ch2_Timer_ClearFIFO
                0x00001d18       0x14 .\CortexM3\ARM_GCC_493\Debug\Ball.a(RC_Ch2_Timer.o)
                0x00001d18                RC_Ch2_Timer_ClearFIFO
 .text.RC_Ch2_Timer_Init
                0x00001d2c       0x40 .\CortexM3\ARM_GCC_493\Debug\Ball.a(RC_Ch2_Timer.o)
                0x00001d2c                RC_Ch2_Timer_Init
 .text.RC_Ch2_Timer_Start
                0x00001d6c       0x1c .\CortexM3\ARM_GCC_493\Debug\Ball.a(RC_Ch2_Timer.o)
                0x00001d6c                RC_Ch2_Timer_Start
 .text.RC_Ch2_Timer_Interrupt_SetVector
                0x00001d88        0xc .\CortexM3\ARM_GCC_493\Debug\Ball.a(RC_Ch2_Timer_Interrupt.o)
                0x00001d88                RC_Ch2_Timer_Interrupt_SetVector
 .text.RC_Ch2_Timer_Interrupt_SetPriority
                0x00001d94       0x10 .\CortexM3\ARM_GCC_493\Debug\Ball.a(RC_Ch2_Timer_Interrupt.o)
                0x00001d94                RC_Ch2_Timer_Interrupt_SetPriority
 .text.RC_Ch2_Timer_Interrupt_Enable
                0x00001da4        0xc .\CortexM3\ARM_GCC_493\Debug\Ball.a(RC_Ch2_Timer_Interrupt.o)
                0x00001da4                RC_Ch2_Timer_Interrupt_Enable
 .text.RC_Ch2_Timer_Interrupt_Disable
                0x00001db0        0xc .\CortexM3\ARM_GCC_493\Debug\Ball.a(RC_Ch2_Timer_Interrupt.o)
                0x00001db0                RC_Ch2_Timer_Interrupt_Disable
 .text.RC_Ch2_Timer_Interrupt_StartEx
                0x00001dbc       0x1c .\CortexM3\ARM_GCC_493\Debug\Ball.a(RC_Ch2_Timer_Interrupt.o)
                0x00001dbc                RC_Ch2_Timer_Interrupt_StartEx
 .text.Clock_Millis_Interrupt_SetVector
                0x00001dd8        0xc .\CortexM3\ARM_GCC_493\Debug\Ball.a(Clock_Millis_Interrupt.o)
                0x00001dd8                Clock_Millis_Interrupt_SetVector
 .text.Clock_Millis_Interrupt_SetPriority
                0x00001de4       0x10 .\CortexM3\ARM_GCC_493\Debug\Ball.a(Clock_Millis_Interrupt.o)
                0x00001de4                Clock_Millis_Interrupt_SetPriority
 .text.Clock_Millis_Interrupt_Enable
                0x00001df4        0xc .\CortexM3\ARM_GCC_493\Debug\Ball.a(Clock_Millis_Interrupt.o)
                0x00001df4                Clock_Millis_Interrupt_Enable
 .text.Clock_Millis_Interrupt_Disable
                0x00001e00        0xc .\CortexM3\ARM_GCC_493\Debug\Ball.a(Clock_Millis_Interrupt.o)
                0x00001e00                Clock_Millis_Interrupt_Disable
 .text.Clock_Millis_Interrupt_StartEx
                0x00001e0c       0x1c .\CortexM3\ARM_GCC_493\Debug\Ball.a(Clock_Millis_Interrupt.o)
                0x00001e0c                Clock_Millis_Interrupt_StartEx
 .text.RC_Ch1_Read
                0x00001e28       0x10 .\CortexM3\ARM_GCC_493\Debug\Ball.a(RC_Ch1.o)
                0x00001e28                RC_Ch1_Read
 .text.RC_Ch1_Timer_Enable
                0x00001e38       0x10 .\CortexM3\ARM_GCC_493\Debug\Ball.a(RC_Ch1_Timer.o)
                0x00001e38                RC_Ch1_Timer_Enable
 .text.RC_Ch1_Timer_Stop
                0x00001e48       0x10 .\CortexM3\ARM_GCC_493\Debug\Ball.a(RC_Ch1_Timer.o)
                0x00001e48                RC_Ch1_Timer_Stop
 .text.RC_Ch1_Timer_SetInterruptMode
                0x00001e58        0xc .\CortexM3\ARM_GCC_493\Debug\Ball.a(RC_Ch1_Timer.o)
                0x00001e58                RC_Ch1_Timer_SetInterruptMode
 .text.RC_Ch1_Timer_ReadStatusRegister
                0x00001e64        0xc .\CortexM3\ARM_GCC_493\Debug\Ball.a(RC_Ch1_Timer.o)
                0x00001e64                RC_Ch1_Timer_ReadStatusRegister
 .text.RC_Ch1_Timer_WritePeriod
                0x00001e70       0x10 .\CortexM3\ARM_GCC_493\Debug\Ball.a(RC_Ch1_Timer.o)
                0x00001e70                RC_Ch1_Timer_WritePeriod
 .text.RC_Ch1_Timer_ReadCapture
                0x00001e80       0x10 .\CortexM3\ARM_GCC_493\Debug\Ball.a(RC_Ch1_Timer.o)
                0x00001e80                RC_Ch1_Timer_ReadCapture
 .text.RC_Ch1_Timer_WriteCounter
                0x00001e90       0x10 .\CortexM3\ARM_GCC_493\Debug\Ball.a(RC_Ch1_Timer.o)
                0x00001e90                RC_Ch1_Timer_WriteCounter
 .text.RC_Ch1_Timer_EnableTrigger
                0x00001ea0       0x10 .\CortexM3\ARM_GCC_493\Debug\Ball.a(RC_Ch1_Timer.o)
                0x00001ea0                RC_Ch1_Timer_EnableTrigger
 .text.RC_Ch1_Timer_SetInterruptCount
                0x00001eb0       0x1c .\CortexM3\ARM_GCC_493\Debug\Ball.a(RC_Ch1_Timer.o)
                0x00001eb0                RC_Ch1_Timer_SetInterruptCount
 .text.RC_Ch1_Timer_ClearFIFO
                0x00001ecc       0x14 .\CortexM3\ARM_GCC_493\Debug\Ball.a(RC_Ch1_Timer.o)
                0x00001ecc                RC_Ch1_Timer_ClearFIFO
 .text.RC_Ch1_Timer_Init
                0x00001ee0       0x40 .\CortexM3\ARM_GCC_493\Debug\Ball.a(RC_Ch1_Timer.o)
                0x00001ee0                RC_Ch1_Timer_Init
 .text.RC_Ch1_Timer_Start
                0x00001f20       0x1c .\CortexM3\ARM_GCC_493\Debug\Ball.a(RC_Ch1_Timer.o)
                0x00001f20                RC_Ch1_Timer_Start
 .text.RC_Ch2_Read
                0x00001f3c       0x10 .\CortexM3\ARM_GCC_493\Debug\Ball.a(RC_Ch2.o)
                0x00001f3c                RC_Ch2_Read
 .text.RC_Ch1_Timer_Interrupt_SetVector
                0x00001f4c        0xc .\CortexM3\ARM_GCC_493\Debug\Ball.a(RC_Ch1_Timer_Interrupt.o)
                0x00001f4c                RC_Ch1_Timer_Interrupt_SetVector
 .text.RC_Ch1_Timer_Interrupt_SetPriority
                0x00001f58       0x10 .\CortexM3\ARM_GCC_493\Debug\Ball.a(RC_Ch1_Timer_Interrupt.o)
                0x00001f58                RC_Ch1_Timer_Interrupt_SetPriority
 .text.RC_Ch1_Timer_Interrupt_Enable
                0x00001f68        0xc .\CortexM3\ARM_GCC_493\Debug\Ball.a(RC_Ch1_Timer_Interrupt.o)
                0x00001f68                RC_Ch1_Timer_Interrupt_Enable
 .text.RC_Ch1_Timer_Interrupt_Disable
                0x00001f74        0xc .\CortexM3\ARM_GCC_493\Debug\Ball.a(RC_Ch1_Timer_Interrupt.o)
                0x00001f74                RC_Ch1_Timer_Interrupt_Disable
 .text.RC_Ch1_Timer_Interrupt_StartEx
                0x00001f80       0x1c .\CortexM3\ARM_GCC_493\Debug\Ball.a(RC_Ch1_Timer_Interrupt.o)
                0x00001f80                RC_Ch1_Timer_Interrupt_StartEx
 .text.RC_Ch4_Timer_Enable
                0x00001f9c       0x10 .\CortexM3\ARM_GCC_493\Debug\Ball.a(RC_Ch4_Timer.o)
                0x00001f9c                RC_Ch4_Timer_Enable
 .text.RC_Ch4_Timer_Stop
                0x00001fac       0x10 .\CortexM3\ARM_GCC_493\Debug\Ball.a(RC_Ch4_Timer.o)
                0x00001fac                RC_Ch4_Timer_Stop
 .text.RC_Ch4_Timer_SetInterruptMode
                0x00001fbc        0xc .\CortexM3\ARM_GCC_493\Debug\Ball.a(RC_Ch4_Timer.o)
                0x00001fbc                RC_Ch4_Timer_SetInterruptMode
 .text.RC_Ch4_Timer_ReadStatusRegister
                0x00001fc8        0xc .\CortexM3\ARM_GCC_493\Debug\Ball.a(RC_Ch4_Timer.o)
                0x00001fc8                RC_Ch4_Timer_ReadStatusRegister
 .text.RC_Ch4_Timer_WritePeriod
                0x00001fd4       0x10 .\CortexM3\ARM_GCC_493\Debug\Ball.a(RC_Ch4_Timer.o)
                0x00001fd4                RC_Ch4_Timer_WritePeriod
 .text.RC_Ch4_Timer_ReadCapture
                0x00001fe4       0x10 .\CortexM3\ARM_GCC_493\Debug\Ball.a(RC_Ch4_Timer.o)
                0x00001fe4                RC_Ch4_Timer_ReadCapture
 .text.RC_Ch4_Timer_WriteCounter
                0x00001ff4       0x10 .\CortexM3\ARM_GCC_493\Debug\Ball.a(RC_Ch4_Timer.o)
                0x00001ff4                RC_Ch4_Timer_WriteCounter
 .text.RC_Ch4_Timer_EnableTrigger
                0x00002004       0x10 .\CortexM3\ARM_GCC_493\Debug\Ball.a(RC_Ch4_Timer.o)
                0x00002004                RC_Ch4_Timer_EnableTrigger
 .text.RC_Ch4_Timer_SetInterruptCount
                0x00002014       0x1c .\CortexM3\ARM_GCC_493\Debug\Ball.a(RC_Ch4_Timer.o)
                0x00002014                RC_Ch4_Timer_SetInterruptCount
 .text.RC_Ch4_Timer_ClearFIFO
                0x00002030       0x14 .\CortexM3\ARM_GCC_493\Debug\Ball.a(RC_Ch4_Timer.o)
                0x00002030                RC_Ch4_Timer_ClearFIFO
 .text.RC_Ch4_Timer_Init
                0x00002044       0x40 .\CortexM3\ARM_GCC_493\Debug\Ball.a(RC_Ch4_Timer.o)
                0x00002044                RC_Ch4_Timer_Init
 .text.RC_Ch4_Timer_Start
                0x00002084       0x1c .\CortexM3\ARM_GCC_493\Debug\Ball.a(RC_Ch4_Timer.o)
                0x00002084                RC_Ch4_Timer_Start
 .text.RC_Ch4_Read
                0x000020a0       0x10 .\CortexM3\ARM_GCC_493\Debug\Ball.a(RC_Ch4.o)
                0x000020a0                RC_Ch4_Read
 .text.RC_Ch4_Timer_Interrupt_SetVector
                0x000020b0        0xc .\CortexM3\ARM_GCC_493\Debug\Ball.a(RC_Ch4_Timer_Interrupt.o)
                0x000020b0                RC_Ch4_Timer_Interrupt_SetVector
 .text.RC_Ch4_Timer_Interrupt_SetPriority
                0x000020bc       0x10 .\CortexM3\ARM_GCC_493\Debug\Ball.a(RC_Ch4_Timer_Interrupt.o)
                0x000020bc                RC_Ch4_Timer_Interrupt_SetPriority
 .text.RC_Ch4_Timer_Interrupt_Enable
                0x000020cc        0xc .\CortexM3\ARM_GCC_493\Debug\Ball.a(RC_Ch4_Timer_Interrupt.o)
                0x000020cc                RC_Ch4_Timer_Interrupt_Enable
 .text.RC_Ch4_Timer_Interrupt_Disable
                0x000020d8        0xc .\CortexM3\ARM_GCC_493\Debug\Ball.a(RC_Ch4_Timer_Interrupt.o)
                0x000020d8                RC_Ch4_Timer_Interrupt_Disable
 .text.RC_Ch4_Timer_Interrupt_StartEx
                0x000020e4       0x1c .\CortexM3\ARM_GCC_493\Debug\Ball.a(RC_Ch4_Timer_Interrupt.o)
                0x000020e4                RC_Ch4_Timer_Interrupt_StartEx
 .text.RC_Ch3_Timer_Enable
                0x00002100       0x10 .\CortexM3\ARM_GCC_493\Debug\Ball.a(RC_Ch3_Timer.o)
                0x00002100                RC_Ch3_Timer_Enable
 .text.RC_Ch3_Timer_Stop
                0x00002110       0x10 .\CortexM3\ARM_GCC_493\Debug\Ball.a(RC_Ch3_Timer.o)
                0x00002110                RC_Ch3_Timer_Stop
 .text.RC_Ch3_Timer_SetInterruptMode
                0x00002120        0xc .\CortexM3\ARM_GCC_493\Debug\Ball.a(RC_Ch3_Timer.o)
                0x00002120                RC_Ch3_Timer_SetInterruptMode
 .text.RC_Ch3_Timer_ReadStatusRegister
                0x0000212c        0xc .\CortexM3\ARM_GCC_493\Debug\Ball.a(RC_Ch3_Timer.o)
                0x0000212c                RC_Ch3_Timer_ReadStatusRegister
 .text.RC_Ch3_Timer_WritePeriod
                0x00002138       0x10 .\CortexM3\ARM_GCC_493\Debug\Ball.a(RC_Ch3_Timer.o)
                0x00002138                RC_Ch3_Timer_WritePeriod
 .text.RC_Ch3_Timer_ReadCapture
                0x00002148       0x10 .\CortexM3\ARM_GCC_493\Debug\Ball.a(RC_Ch3_Timer.o)
                0x00002148                RC_Ch3_Timer_ReadCapture
 .text.RC_Ch3_Timer_WriteCounter
                0x00002158       0x10 .\CortexM3\ARM_GCC_493\Debug\Ball.a(RC_Ch3_Timer.o)
                0x00002158                RC_Ch3_Timer_WriteCounter
 .text.RC_Ch3_Timer_EnableTrigger
                0x00002168       0x10 .\CortexM3\ARM_GCC_493\Debug\Ball.a(RC_Ch3_Timer.o)
                0x00002168                RC_Ch3_Timer_EnableTrigger
 .text.RC_Ch3_Timer_SetInterruptCount
                0x00002178       0x1c .\CortexM3\ARM_GCC_493\Debug\Ball.a(RC_Ch3_Timer.o)
                0x00002178                RC_Ch3_Timer_SetInterruptCount
 .text.RC_Ch3_Timer_ClearFIFO
                0x00002194       0x14 .\CortexM3\ARM_GCC_493\Debug\Ball.a(RC_Ch3_Timer.o)
                0x00002194                RC_Ch3_Timer_ClearFIFO
 .text.RC_Ch3_Timer_Init
                0x000021a8       0x40 .\CortexM3\ARM_GCC_493\Debug\Ball.a(RC_Ch3_Timer.o)
                0x000021a8                RC_Ch3_Timer_Init
 .text.RC_Ch3_Timer_Start
                0x000021e8       0x1c .\CortexM3\ARM_GCC_493\Debug\Ball.a(RC_Ch3_Timer.o)
                0x000021e8                RC_Ch3_Timer_Start
 .text.RC_Ch3_Read
                0x00002204       0x10 .\CortexM3\ARM_GCC_493\Debug\Ball.a(RC_Ch3.o)
                0x00002204                RC_Ch3_Read
 .text.RC_Ch3_Timer_Interrupt_SetVector
                0x00002214        0xc .\CortexM3\ARM_GCC_493\Debug\Ball.a(RC_Ch3_Timer_Interrupt.o)
                0x00002214                RC_Ch3_Timer_Interrupt_SetVector
 .text.RC_Ch3_Timer_Interrupt_SetPriority
                0x00002220       0x10 .\CortexM3\ARM_GCC_493\Debug\Ball.a(RC_Ch3_Timer_Interrupt.o)
                0x00002220                RC_Ch3_Timer_Interrupt_SetPriority
 .text.RC_Ch3_Timer_Interrupt_Enable
                0x00002230        0xc .\CortexM3\ARM_GCC_493\Debug\Ball.a(RC_Ch3_Timer_Interrupt.o)
                0x00002230                RC_Ch3_Timer_Interrupt_Enable
 .text.RC_Ch3_Timer_Interrupt_Disable
                0x0000223c        0xc .\CortexM3\ARM_GCC_493\Debug\Ball.a(RC_Ch3_Timer_Interrupt.o)
                0x0000223c                RC_Ch3_Timer_Interrupt_Disable
 .text.RC_Ch3_Timer_Interrupt_StartEx
                0x00002248       0x1c .\CortexM3\ARM_GCC_493\Debug\Ball.a(RC_Ch3_Timer_Interrupt.o)
                0x00002248                RC_Ch3_Timer_Interrupt_StartEx
 .text.CySetReg24
                0x00002264       0x14 .\CortexM3\ARM_GCC_493\Debug\Ball.a(cyutils.o)
                0x00002264                CySetReg24
 .text.USBUART_DispatchClassRqst
                0x00002278       0x58 .\CortexM3\ARM_GCC_493\Debug\Ball.a(USBUART_cls.o)
                0x00002278                USBUART_DispatchClassRqst
 .text.__errno  0x000022d0        0xc c:/program files (x86)/cypress/psoc creator/3.3/psoc creator/import/gnu/arm/4.9.3/bin/../lib/gcc/arm-none-eabi/4.9.3/../../../../arm-none-eabi/lib/armv7-m\libg_nano.a(lib_a-errno.o)
                0x000022d0                __errno
 .text.__libc_init_array
                0x000022dc       0x4c c:/program files (x86)/cypress/psoc creator/3.3/psoc creator/import/gnu/arm/4.9.3/bin/../lib/gcc/arm-none-eabi/4.9.3/../../../../arm-none-eabi/lib/armv7-m\libg_nano.a(lib_a-init.o)
                0x000022dc                __libc_init_array
 .text.memcpy   0x00002328       0x16 c:/program files (x86)/cypress/psoc creator/3.3/psoc creator/import/gnu/arm/4.9.3/bin/../lib/gcc/arm-none-eabi/4.9.3/../../../../arm-none-eabi/lib/armv7-m\libg_nano.a(lib_a-memcpy.o)
                0x00002328                memcpy
 .text.memset   0x0000233e       0x10 c:/program files (x86)/cypress/psoc creator/3.3/psoc creator/import/gnu/arm/4.9.3/bin/../lib/gcc/arm-none-eabi/4.9.3/../../../../arm-none-eabi/lib/armv7-m\libg_nano.a(lib_a-memset.o)
                0x0000233e                memset
 *fill*         0x0000234e        0x2 
 .text.sprintf  0x00002350       0x48 c:/program files (x86)/cypress/psoc creator/3.3/psoc creator/import/gnu/arm/4.9.3/bin/../lib/gcc/arm-none-eabi/4.9.3/../../../../arm-none-eabi/lib/armv7-m\libg_nano.a(lib_a-sprintf.o)
                0x00002350                siprintf
                0x00002350                sprintf
 .text.__ssputs_r
                0x00002398       0xb2 c:/program files (x86)/cypress/psoc creator/3.3/psoc creator/import/gnu/arm/4.9.3/bin/../lib/gcc/arm-none-eabi/4.9.3/../../../../arm-none-eabi/lib/armv7-m\libg_nano.a(lib_a-nano-svfprintf.o)
                0x00002398                __ssputs_r
 *fill*         0x0000244a        0x2 
 .text._svfprintf_r
                0x0000244c      0x1e4 c:/program files (x86)/cypress/psoc creator/3.3/psoc creator/import/gnu/arm/4.9.3/bin/../lib/gcc/arm-none-eabi/4.9.3/../../../../arm-none-eabi/lib/armv7-m\libg_nano.a(lib_a-nano-svfprintf.o)
                0x0000244c                _svfiprintf_r
                0x0000244c                _svfprintf_r
 .text._printf_common
                0x00002630       0xea c:/program files (x86)/cypress/psoc creator/3.3/psoc creator/import/gnu/arm/4.9.3/bin/../lib/gcc/arm-none-eabi/4.9.3/../../../../arm-none-eabi/lib/armv7-m\libg_nano.a(lib_a-nano-vfprintf_i.o)
                0x00002630                _printf_common
 *fill*         0x0000271a        0x2 
 .text._printf_i
                0x0000271c      0x240 c:/program files (x86)/cypress/psoc creator/3.3/psoc creator/import/gnu/arm/4.9.3/bin/../lib/gcc/arm-none-eabi/4.9.3/../../../../arm-none-eabi/lib/armv7-m\libg_nano.a(lib_a-nano-vfprintf_i.o)
                0x0000271c                _printf_i
 .text.memchr   0x0000295c       0x1c c:/program files (x86)/cypress/psoc creator/3.3/psoc creator/import/gnu/arm/4.9.3/bin/../lib/gcc/arm-none-eabi/4.9.3/../../../../arm-none-eabi/lib/armv7-m\libg_nano.a(lib_a-memchr.o)
                0x0000295c                memchr
 .text.memmove  0x00002978       0x36 c:/program files (x86)/cypress/psoc creator/3.3/psoc creator/import/gnu/arm/4.9.3/bin/../lib/gcc/arm-none-eabi/4.9.3/../../../../arm-none-eabi/lib/armv7-m\libg_nano.a(lib_a-memmove.o)
                0x00002978                memmove
 *fill*         0x000029ae        0x2 
 .text._free_r  0x000029b0       0x88 c:/program files (x86)/cypress/psoc creator/3.3/psoc creator/import/gnu/arm/4.9.3/bin/../lib/gcc/arm-none-eabi/4.9.3/../../../../arm-none-eabi/lib/armv7-m\libg_nano.a(lib_a-nano-freer.o)
                0x000029b0                _free_r
 .text._malloc_r
                0x00002a38       0xac c:/program files (x86)/cypress/psoc creator/3.3/psoc creator/import/gnu/arm/4.9.3/bin/../lib/gcc/arm-none-eabi/4.9.3/../../../../arm-none-eabi/lib/armv7-m\libg_nano.a(lib_a-nano-mallocr.o)
                0x00002a38                _malloc_r
 .text._realloc_r
                0x00002ae4       0x4c c:/program files (x86)/cypress/psoc creator/3.3/psoc creator/import/gnu/arm/4.9.3/bin/../lib/gcc/arm-none-eabi/4.9.3/../../../../arm-none-eabi/lib/armv7-m\libg_nano.a(lib_a-nano-reallocr.o)
                0x00002ae4                _realloc_r
 .text._sbrk_r  0x00002b30       0x20 c:/program files (x86)/cypress/psoc creator/3.3/psoc creator/import/gnu/arm/4.9.3/bin/../lib/gcc/arm-none-eabi/4.9.3/../../../../arm-none-eabi/lib/armv7-m\libg_nano.a(lib_a-sbrkr.o)
                0x00002b30                _sbrk_r
 .text._malloc_usable_size_r
                0x00002b50       0x14 c:/program files (x86)/cypress/psoc creator/3.3/psoc creator/import/gnu/arm/4.9.3/bin/../lib/gcc/arm-none-eabi/4.9.3/../../../../arm-none-eabi/lib/armv7-m\libg_nano.a(lib_a-nano-msizer.o)
                0x00002b50                _malloc_usable_size_r
 *(.plt)
 *(.gnu.warning)
 *(.glue_7t)
 .glue_7t       0x00000000        0x0 linker stubs
 *(.glue_7)
 .glue_7        0x00000000        0x0 linker stubs
 *(.vfp11_veneer)
 .vfp11_veneer  0x00000000        0x0 linker stubs
 *(.bootloader)
 *(.ARM.extab* .gnu.linkonce.armextab.*)
 *(.gcc_except_table)

.v4_bx          0x00002b64        0x0
 .v4_bx         0x00000000        0x0 linker stubs

.iplt           0x00002b64        0x0
 .iplt          0x00000000        0x0 c:/program files (x86)/cypress/psoc creator/3.3/psoc creator/import/gnu/arm/4.9.3/bin/../lib/gcc/arm-none-eabi/4.9.3/armv7-m/crtbegin.o

.eh_frame_hdr
 *(.eh_frame_hdr)

.eh_frame       0x00002b64        0x4
 *(.eh_frame)
 .eh_frame      0x00002b64        0x0 c:/program files (x86)/cypress/psoc creator/3.3/psoc creator/import/gnu/arm/4.9.3/bin/../lib/gcc/arm-none-eabi/4.9.3/armv7-m/crtbegin.o
 .eh_frame      0x00002b64        0x4 c:/program files (x86)/cypress/psoc creator/3.3/psoc creator/import/gnu/arm/4.9.3/bin/../lib/gcc/arm-none-eabi/4.9.3/armv7-m/crtend.o
                0x00002b68                PROVIDE (__exidx_start, .)

.ARM.exidx
 *(.ARM.exidx* .gnu.linkonce.armexidx.*)
                0x00002b68                __exidx_end = .

.rodata         0x00002b68      0x230
 *(.rodata .rodata.* .gnu.linkonce.r.*)
 .rodata.str1.4
                0x00002b68       0x1d .\CortexM3\ARM_GCC_493\Debug\main.o
                                 0x20 (size before relaxing)
 *fill*         0x00002b85        0x3 
 .rodata        0x00002b88       0x2c .\CortexM3\ARM_GCC_493\Debug\Ball.a(cyfitter_cfg.o)
 .rodata.str1.4
                0x00002bb4       0x14 .\CortexM3\ARM_GCC_493\Debug\Ball.a(USBUART_std.o)
 .rodata        0x00002bc8      0x160 .\CortexM3\ARM_GCC_493\Debug\Ball.a(USBUART_descr.o)
                0x00002bc8                USBUART_TABLE
                0x00002bd0                USBUART_DEVICE0_TABLE
                0x00002be8                USBUART_DEVICE0_CONFIGURATION0_TABLE
                0x00002c10                USBUART_DEVICE0_CONFIGURATION0_INTERFACE_CLASS
                0x00002c14                USBUART_DEVICE0_CONFIGURATION0_EP_SETTINGS_TABLE
                0x00002c2c                USBUART_SN_STRING_DESCRIPTOR
                0x00002c30                USBUART_STRING_DESCRIPTORS
                0x00002cd0                USBUART_DEVICE0_CONFIGURATION0_DESCR
                0x00002d14                USBUART_DEVICE0_DESCR
 .rodata.str1.1
                0x00002d28        0x2 c:/program files (x86)/cypress/psoc creator/3.3/psoc creator/import/gnu/arm/4.9.3/bin/../lib/gcc/arm-none-eabi/4.9.3/../../../../arm-none-eabi/lib/armv7-m\libg_nano.a(lib_a-impure.o)
 .rodata.str1.1
                0x00002d2a       0x11 c:/program files (x86)/cypress/psoc creator/3.3/psoc creator/import/gnu/arm/4.9.3/bin/../lib/gcc/arm-none-eabi/4.9.3/../../../../arm-none-eabi/lib/armv7-m\libg_nano.a(lib_a-nano-svfprintf.o)
 .rodata.str1.1
                0x00002d3b       0x22 c:/program files (x86)/cypress/psoc creator/3.3/psoc creator/import/gnu/arm/4.9.3/bin/../lib/gcc/arm-none-eabi/4.9.3/../../../../arm-none-eabi/lib/armv7-m\libg_nano.a(lib_a-nano-vfprintf_i.o)
                0x00002d60                . = ALIGN (0x4)
 *fill*         0x00002d5d        0x3 
 *(.init)
 .init          0x00002d60        0x4 c:/program files (x86)/cypress/psoc creator/3.3/psoc creator/import/gnu/arm/4.9.3/bin/../lib/gcc/arm-none-eabi/4.9.3/armv7-m/crti.o
                0x00002d60                _init
 .init          0x00002d64        0x8 c:/program files (x86)/cypress/psoc creator/3.3/psoc creator/import/gnu/arm/4.9.3/bin/../lib/gcc/arm-none-eabi/4.9.3/armv7-m/crtn.o
                0x00002d6c                . = ALIGN (0x4)
                0x00002d6c                __preinit_array_start = .
 *(.preinit_array)
                0x00002d6c                __preinit_array_end = .
                0x00002d6c                . = ALIGN (0x4)
                0x00002d6c                __init_array_start = .
 *(SORT(.init_array.*))
 *(.init_array)
 .init_array    0x00002d6c        0x4 c:/program files (x86)/cypress/psoc creator/3.3/psoc creator/import/gnu/arm/4.9.3/bin/../lib/gcc/arm-none-eabi/4.9.3/armv7-m/crtbegin.o
 .init_array    0x00002d70        0x4 .\CortexM3\ARM_GCC_493\Debug\Cm3Start.o
                0x00002d74                __init_array_end = .
                0x00002d74                . = ALIGN (0x4)
 *(.fini)
 .fini          0x00002d74        0x4 c:/program files (x86)/cypress/psoc creator/3.3/psoc creator/import/gnu/arm/4.9.3/bin/../lib/gcc/arm-none-eabi/4.9.3/armv7-m/crti.o
                0x00002d74                _fini
 .fini          0x00002d78        0x8 c:/program files (x86)/cypress/psoc creator/3.3/psoc creator/import/gnu/arm/4.9.3/bin/../lib/gcc/arm-none-eabi/4.9.3/armv7-m/crtn.o
                0x00002d80                . = ALIGN (0x4)
                0x00002d80                __fini_array_start = .
 *(.fini_array)
 .fini_array    0x00002d80        0x4 c:/program files (x86)/cypress/psoc creator/3.3/psoc creator/import/gnu/arm/4.9.3/bin/../lib/gcc/arm-none-eabi/4.9.3/armv7-m/crtbegin.o
 *(SORT(.fini_array.*))
                0x00002d84                __fini_array_end = .
                0x00002d84                . = ALIGN (0x4)
 *crtbegin.o(.ctors)
 *(EXCLUDE_FILE(*crtend.o) .ctors)
 *(SORT(.ctors.*))
 *crtend.o(.ctors)
                0x00002d84                . = ALIGN (0x4)
 *crtbegin.o(.dtors)
 *(EXCLUDE_FILE(*crtend.o) .dtors)
 *(SORT(.dtors.*))
 *crtend.o(.dtors)
                0x00002d84                . = ALIGN (0x4)
                0x00002d84                __cy_regions = .
                0x00002d84        0x4 LONG 0x2d98 __cy_region_init_ram
                0x00002d88        0x4 LONG 0x1fff8108 __cy_region_start_data
                0x00002d8c        0x4 LONG 0x98 __cy_region_init_size_ram
                0x00002d90        0x4 LONG 0x138 __cy_region_zero_size_ram
                0x00002d94                __cy_regions_end = .
                0x00002d98                . = ALIGN (0x8)
 *fill*         0x00002d94        0x4 
                0x00002d98                _etext = .

.cy_checksum_exclude
                0x00002d98        0x0
 *(.cy_checksum_exclude)

.ramvectors     0x1fff8000      0x100
                0x1fff8000                __cy_region_start_ram = .
 *(.ramvectors)
 .ramvectors    0x1fff8000      0x100 .\CortexM3\ARM_GCC_493\Debug\Cm3Start.o
                0x1fff8000                CyRamVectors

.noinit         0x1fff8100        0x5
 *(.noinit)
 .noinit        0x1fff8100        0x4 .\CortexM3\ARM_GCC_493\Debug\Cm3Start.o
 .noinit        0x1fff8104        0x1 .\CortexM3\ARM_GCC_493\Debug\Ball.a(CyLib.o)
                0x1fff8104                CyResetStatus

.data           0x1fff8108       0x98 load address 0x00002d98
                0x1fff8108                __cy_region_start_data = .
 *(.jcr)
 .jcr           0x1fff8108        0x0 c:/program files (x86)/cypress/psoc creator/3.3/psoc creator/import/gnu/arm/4.9.3/bin/../lib/gcc/arm-none-eabi/4.9.3/armv7-m/crtbegin.o
 .jcr           0x1fff8108        0x4 c:/program files (x86)/cypress/psoc creator/3.3/psoc creator/import/gnu/arm/4.9.3/bin/../lib/gcc/arm-none-eabi/4.9.3/armv7-m/crtend.o
 *(.got.plt)
 *(.got)
 *(.shdata)
 *(.data .data.* .gnu.linkonce.d.*)
 .data          0x1fff810c        0x4 .\CortexM3\ARM_GCC_493\Debug\Cm3Start.o
 .data          0x1fff8110       0x10 .\CortexM3\ARM_GCC_493\Debug\Ball.a(CyLib.o)
                0x1fff8110                cydelay_32k_ms
                0x1fff8114                cydelay_freq_khz
                0x1fff8118                cydelay_freq_mhz
                0x1fff811c                cydelay_freq_hz
 .data          0x1fff8120       0x1c .\CortexM3\ARM_GCC_493\Debug\Ball.a(USBUART_cdc.o)
                0x1fff8120                USBUART_linesCoding
 .data.impure_data
                0x1fff813c       0x60 c:/program files (x86)/cypress/psoc creator/3.3/psoc creator/import/gnu/arm/4.9.3/bin/../lib/gcc/arm-none-eabi/4.9.3/../../../../arm-none-eabi/lib/armv7-m\libg_nano.a(lib_a-impure.o)
 .data._impure_ptr
                0x1fff819c        0x4 c:/program files (x86)/cypress/psoc creator/3.3/psoc creator/import/gnu/arm/4.9.3/bin/../lib/gcc/arm-none-eabi/4.9.3/../../../../arm-none-eabi/lib/armv7-m\libg_nano.a(lib_a-impure.o)
                0x1fff819c                _impure_ptr
                0x1fff81a0                . = ALIGN (0x8)
 *(.ram)
                0x1fff81a0                _edata = .

.igot.plt       0x1fff81a0        0x0 load address 0x00002e30
 .igot.plt      0x00000000        0x0 c:/program files (x86)/cypress/psoc creator/3.3/psoc creator/import/gnu/arm/4.9.3/bin/../lib/gcc/arm-none-eabi/4.9.3/armv7-m/crtbegin.o

.bss            0x1fff81a0      0x138 load address 0x00002e30
                0x1fff81a0                PROVIDE (__bss_start__, .)
 *(.shbss)
 *(.bss .bss.* .gnu.linkonce.b.*)
 .bss           0x1fff81a0       0x1c c:/program files (x86)/cypress/psoc creator/3.3/psoc creator/import/gnu/arm/4.9.3/bin/../lib/gcc/arm-none-eabi/4.9.3/armv7-m/crtbegin.o
 .bss           0x1fff81bc       0x20 .\CortexM3\ARM_GCC_493\Debug\rc_ch.o
 .bss           0x1fff81dc        0x1 .\CortexM3\ARM_GCC_493\Debug\Ball.a(Motor_A_PWM.o)
                0x1fff81dc                Motor_A_PWM_initVar
 .bss           0x1fff81dd        0x1 .\CortexM3\ARM_GCC_493\Debug\Ball.a(USBUART.o)
                0x1fff81dd                USBUART_initVar
 .bss           0x1fff81de        0x1 .\CortexM3\ARM_GCC_493\Debug\Ball.a(USBUART_cdc.o)
 *fill*         0x1fff81df        0x1 
 .bss           0x1fff81e0        0x4 .\CortexM3\ARM_GCC_493\Debug\Ball.a(USBUART_std.o)
 .bss           0x1fff81e4        0x1 .\CortexM3\ARM_GCC_493\Debug\Ball.a(RC_Ch2_Timer.o)
                0x1fff81e4                RC_Ch2_Timer_initVar
 .bss           0x1fff81e5        0x1 .\CortexM3\ARM_GCC_493\Debug\Ball.a(RC_Ch1_Timer.o)
                0x1fff81e5                RC_Ch1_Timer_initVar
 .bss           0x1fff81e6        0x1 .\CortexM3\ARM_GCC_493\Debug\Ball.a(RC_Ch4_Timer.o)
                0x1fff81e6                RC_Ch4_Timer_initVar
 .bss           0x1fff81e7        0x1 .\CortexM3\ARM_GCC_493\Debug\Ball.a(RC_Ch3_Timer.o)
                0x1fff81e7                RC_Ch3_Timer_initVar
 .bss.__malloc_sbrk_start
                0x1fff81e8        0x4 c:/program files (x86)/cypress/psoc creator/3.3/psoc creator/import/gnu/arm/4.9.3/bin/../lib/gcc/arm-none-eabi/4.9.3/../../../../arm-none-eabi/lib/armv7-m\libg_nano.a(lib_a-nano-mallocr.o)
                0x1fff81e8                __malloc_sbrk_start
 .bss.__malloc_free_list
                0x1fff81ec        0x4 c:/program files (x86)/cypress/psoc creator/3.3/psoc creator/import/gnu/arm/4.9.3/bin/../lib/gcc/arm-none-eabi/4.9.3/../../../../arm-none-eabi/lib/armv7-m\libg_nano.a(lib_a-nano-mallocr.o)
                0x1fff81ec                __malloc_free_list
 *(COMMON)
 COMMON         0x1fff81f0        0xc .\CortexM3\ARM_GCC_493\Debug\milliseconds.o
                0x1fff81f0                ms
                0x1fff81f2                seconds
                0x1fff81f4                MILLISECONDS
                0x1fff81f8                minutes
                0x1fff81fa                hours
 COMMON         0x1fff81fc       0x18 .\CortexM3\ARM_GCC_493\Debug\Ball.a(USBUART_cdc.o)
                0x1fff81fc                USBUART_linesChanged
                0x1fff8200                USBUART_cdcDataInEp
                0x1fff8204                USBUART_cdcCommInInterruptEp
                0x1fff8208                USBUART_cdcDataOutEp
                0x1fff820c                USBUART_serialStateBitmap
                0x1fff8210                USBUART_linesControlBitmap
 COMMON         0x1fff8214       0x9a .\CortexM3\ARM_GCC_493\Debug\Ball.a(USBUART_drv.o)
                0x1fff8214                USBUART_lastPacketSize
                0x1fff8215                USBUART_device
                0x1fff8216                USBUART_transferByteCount
                0x1fff8218                USBUART_transferState
                0x1fff821c                USBUART_interfaceSettingLast
                0x1fff8220                USBUART_currentTD
                0x1fff822c                USBUART_interfaceNumber
                0x1fff8230                USBUART_interfaceClass
                0x1fff8234                USBUART_configurationChanged
                0x1fff8235                USBUART_ep0Mode
                0x1fff8236                USBUART_deviceAddress
                0x1fff8237                USBUART_configuration
                0x1fff8238                USBUART_ep0Count
                0x1fff8239                USBUART_deviceStatus
                0x1fff823c                USBUART_EP
                0x1fff82a8                USBUART_interfaceSetting
                0x1fff82aa                USBUART_ep0Toggle
                0x1fff82ac                USBUART_interfaceStatus
 *fill*         0x1fff82ae        0x2 
 COMMON         0x1fff82b0       0x22 .\CortexM3\ARM_GCC_493\Debug\Ball.a(USBUART_descr.o)
                0x1fff82b0                USBUART_idSerialNumberStringDescriptor
 *fill*         0x1fff82d2        0x2 
 COMMON         0x1fff82d4        0x4 c:/program files (x86)/cypress/psoc creator/3.3/psoc creator/import/gnu/arm/4.9.3/bin/../lib/gcc/arm-none-eabi/4.9.3/../../../../arm-none-eabi/lib/armv7-m\libg_nano.a(lib_a-reent.o)
                0x1fff82d4                errno
                0x1fff82d8                . = ALIGN (0x8)
 *(.ram.b)
                0x1fff82d8                _end = .
                0x1fff82d8                __end = .
                0x1fff82d8                PROVIDE (end, .)
                0x1fff82d8                PROVIDE (__bss_end__, .)
                0x00002d98                __cy_region_init_ram = LOADADDR (.data)
                0x00000098                __cy_region_init_size_ram = (_edata - ADDR (.data))
                0x00000138                __cy_region_zero_size_ram = (_end - _edata)

.heap           0x1fff82d8       0x80 load address 0x00002e30
                0x1fff82d8                . = _end
                0x1fff8358                . = (. + 0x80)
 *fill*         0x1fff82d8       0x80 
                0x1fff8358                __cy_heap_limit = .

.stack          0x20007800      0x800
                0x20007800                __cy_stack_limit = .
                0x20008000                . = (. + 0x800)
 *fill*         0x20007800      0x800 
                0x00000001                ASSERT ((__cy_stack_limit >= __cy_heap_limit), region RAM overflowed with stack)
                0x00000000                cy_checksum_exclude_size = (CY_APPL_LOADABLE == 0x1)?SIZEOF (.cy_checksum_exclude):0x0
                0x00000001                ASSERT ((cy_checksum_exclude_size <= CY_CHECKSUM_EXCLUDE_SIZE), CY_BOOT: Section .cy_checksum_exclude size exceedes specified limit.)

.cyloadermeta
 *(.cyloadermeta)

.cyloadablemeta
 *(.cyloadablemeta)

.cyconfigecc    0x80000000      0x7c8
 *(.cyconfigecc)
 .cyconfigecc   0x80000000      0x7c8 .\CortexM3\ARM_GCC_493\Debug\cymetadata.o
                0x80000000                cy_meta_configecc

.cycustnvl      0x90000000        0x4
 *(.cycustnvl)
 .cycustnvl     0x90000000        0x4 .\CortexM3\ARM_GCC_493\Debug\cymetadata.o
                0x90000000                cy_meta_custnvl

.cywolatch      0x90100000        0x4
 *(.cywolatch)
 .cywolatch     0x90100000        0x4 .\CortexM3\ARM_GCC_493\Debug\cymetadata.o
                0x90100000                cy_meta_wonvl

.cyeeprom       0x90200000        0x0
 *(.cyeeprom)
                0x00000001                ASSERT ((. <= ((0x90200000 + ee_offset) + ee_size)), .cyeeprom data will not fit in EEPROM)

.cyflashprotect
                0x90400000      0x100
 *(.cyflashprotect)
 .cyflashprotect
                0x90400000      0x100 .\CortexM3\ARM_GCC_493\Debug\cymetadata.o
                0x90400000                cy_meta_flashprotect

.cymeta         0x90500000        0xc
 *(.cymeta)
 .cymeta        0x90500000        0xc .\CortexM3\ARM_GCC_493\Debug\cymetadata.o
                0x90500000                cy_metadata

.rel.dyn        0x00002e30        0x0 load address 0x9050000c
 .rel.iplt      0x00000000        0x0 c:/program files (x86)/cypress/psoc creator/3.3/psoc creator/import/gnu/arm/4.9.3/bin/../lib/gcc/arm-none-eabi/4.9.3/armv7-m/crtbegin.o

.stab
 *(.stab)

.stabstr
 *(.stabstr)

.debug
 *(.debug)

.line
 *(.line)

.debug_srcinfo
 *(.debug_srcinfo)

.debug_sfnames
 *(.debug_sfnames)

.debug_aranges  0x00000000     0x1050
 *(.debug_aranges)
 .debug_aranges
                0x00000000       0x28 .\CortexM3\ARM_GCC_493\Debug\main.o
 .debug_aranges
                0x00000028       0x28 .\CortexM3\ARM_GCC_493\Debug\milliseconds.o
 .debug_aranges
                0x00000050       0x50 .\CortexM3\ARM_GCC_493\Debug\rc_ch.o
 .debug_aranges
                0x000000a0       0x18 .\CortexM3\ARM_GCC_493\Debug\cymetadata.o
 .debug_aranges
                0x000000b8       0x48 .\CortexM3\ARM_GCC_493\Debug\Cm3Start.o
 .debug_aranges
                0x00000100       0x58 .\CortexM3\ARM_GCC_493\Debug\Ball.a(cyfitter_cfg.o)
 .debug_aranges
                0x00000158       0xa8 .\CortexM3\ARM_GCC_493\Debug\Ball.a(Motor_A_PWM.o)
 .debug_aranges
                0x00000200       0x20 .\CortexM3\ARM_GCC_493\Debug\Ball.a(CyBootAsmGnu.o)
 .debug_aranges
                0x00000220      0x298 .\CortexM3\ARM_GCC_493\Debug\Ball.a(CyLib.o)
 .debug_aranges
                0x000004b8       0x98 .\CortexM3\ARM_GCC_493\Debug\Ball.a(cyPm.o)
 .debug_aranges
                0x00000550       0xc8 .\CortexM3\ARM_GCC_493\Debug\Ball.a(USBUART.o)
 .debug_aranges
                0x00000618       0xe8 .\CortexM3\ARM_GCC_493\Debug\Ball.a(USBUART_cdc.o)
 .debug_aranges
                0x00000700       0x98 .\CortexM3\ARM_GCC_493\Debug\Ball.a(USBUART_drv.o)
 .debug_aranges
                0x00000798       0x40 .\CortexM3\ARM_GCC_493\Debug\Ball.a(USBUART_episr.o)
 .debug_aranges
                0x000007d8       0x40 .\CortexM3\ARM_GCC_493\Debug\Ball.a(USBUART_pm.o)
 .debug_aranges
                0x00000818       0x80 .\CortexM3\ARM_GCC_493\Debug\Ball.a(USBUART_std.o)
 .debug_aranges
                0x00000898       0x20 .\CortexM3\ARM_GCC_493\Debug\Ball.a(USBUART_vnd.o)
 .debug_aranges
                0x000008b8       0x48 .\CortexM3\ARM_GCC_493\Debug\Ball.a(USBUART_Dp.o)
 .debug_aranges
                0x00000900       0xa8 .\CortexM3\ARM_GCC_493\Debug\Ball.a(RC_Ch2_Timer.o)
 .debug_aranges
                0x000009a8       0x80 .\CortexM3\ARM_GCC_493\Debug\Ball.a(RC_Ch2_Timer_Interrupt.o)
 .debug_aranges
                0x00000a28       0x80 .\CortexM3\ARM_GCC_493\Debug\Ball.a(Clock_Millis_Interrupt.o)
 .debug_aranges
                0x00000aa8       0x38 .\CortexM3\ARM_GCC_493\Debug\Ball.a(RC_Ch1.o)
 .debug_aranges
                0x00000ae0       0xa8 .\CortexM3\ARM_GCC_493\Debug\Ball.a(RC_Ch1_Timer.o)
 .debug_aranges
                0x00000b88       0x38 .\CortexM3\ARM_GCC_493\Debug\Ball.a(RC_Ch2.o)
 .debug_aranges
                0x00000bc0       0x80 .\CortexM3\ARM_GCC_493\Debug\Ball.a(RC_Ch1_Timer_Interrupt.o)
 .debug_aranges
                0x00000c40       0xa8 .\CortexM3\ARM_GCC_493\Debug\Ball.a(RC_Ch4_Timer.o)
 .debug_aranges
                0x00000ce8       0x38 .\CortexM3\ARM_GCC_493\Debug\Ball.a(RC_Ch4.o)
 .debug_aranges
                0x00000d20       0x80 .\CortexM3\ARM_GCC_493\Debug\Ball.a(RC_Ch4_Timer_Interrupt.o)
 .debug_aranges
                0x00000da0       0xa8 .\CortexM3\ARM_GCC_493\Debug\Ball.a(RC_Ch3_Timer.o)
 .debug_aranges
                0x00000e48       0x38 .\CortexM3\ARM_GCC_493\Debug\Ball.a(RC_Ch3.o)
 .debug_aranges
                0x00000e80       0x80 .\CortexM3\ARM_GCC_493\Debug\Ball.a(RC_Ch3_Timer_Interrupt.o)
 .debug_aranges
                0x00000f00       0x80 .\CortexM3\ARM_GCC_493\Debug\Ball.a(CyFlash.o)
 .debug_aranges
                0x00000f80       0x78 .\CortexM3\ARM_GCC_493\Debug\Ball.a(CySpc.o)
 .debug_aranges
                0x00000ff8       0x20 .\CortexM3\ARM_GCC_493\Debug\Ball.a(cyutils.o)
 .debug_aranges
                0x00001018       0x20 .\CortexM3\ARM_GCC_493\Debug\Ball.a(USBUART_cls.o)
 .debug_aranges
                0x00001038       0x18 .\CortexM3\ARM_GCC_493\Debug\Ball.a(USBUART_descr.o)

.debug_pubnames
 *(.debug_pubnames)

.debug_info     0x00000000     0x986c
 *(.debug_info .gnu.linkonce.wi.*)
 .debug_info    0x00000000      0x58a .\CortexM3\ARM_GCC_493\Debug\main.o
 .debug_info    0x0000058a      0x17f .\CortexM3\ARM_GCC_493\Debug\milliseconds.o
 .debug_info    0x00000709      0x67c .\CortexM3\ARM_GCC_493\Debug\rc_ch.o
 .debug_info    0x00000d85      0x13f .\CortexM3\ARM_GCC_493\Debug\cymetadata.o
 .debug_info    0x00000ec4      0x39f .\CortexM3\ARM_GCC_493\Debug\Cm3Start.o
 .debug_info    0x00001263      0x4d3 .\CortexM3\ARM_GCC_493\Debug\Ball.a(cyfitter_cfg.o)
 .debug_info    0x00001736      0x37c .\CortexM3\ARM_GCC_493\Debug\Ball.a(Motor_A_PWM.o)
 .debug_info    0x00001ab2       0xe3 .\CortexM3\ARM_GCC_493\Debug\Ball.a(CyBootAsmGnu.o)
 .debug_info    0x00001b95     0x136f .\CortexM3\ARM_GCC_493\Debug\Ball.a(CyLib.o)
 .debug_info    0x00002f04      0xa57 .\CortexM3\ARM_GCC_493\Debug\Ball.a(cyPm.o)
 .debug_info    0x0000395b      0x9aa .\CortexM3\ARM_GCC_493\Debug\Ball.a(USBUART.o)
 .debug_info    0x00004305      0xb16 .\CortexM3\ARM_GCC_493\Debug\Ball.a(USBUART_cdc.o)
 .debug_info    0x00004e1b      0x649 .\CortexM3\ARM_GCC_493\Debug\Ball.a(USBUART_drv.o)
 .debug_info    0x00005464      0x244 .\CortexM3\ARM_GCC_493\Debug\Ball.a(USBUART_episr.o)
 .debug_info    0x000056a8      0x2ef .\CortexM3\ARM_GCC_493\Debug\Ball.a(USBUART_pm.o)
 .debug_info    0x00005997      0xb35 .\CortexM3\ARM_GCC_493\Debug\Ball.a(USBUART_std.o)
 .debug_info    0x000064cc       0xe6 .\CortexM3\ARM_GCC_493\Debug\Ball.a(USBUART_vnd.o)
 .debug_info    0x000065b2      0x174 .\CortexM3\ARM_GCC_493\Debug\Ball.a(USBUART_Dp.o)
 .debug_info    0x00006726      0x3a5 .\CortexM3\ARM_GCC_493\Debug\Ball.a(RC_Ch2_Timer.o)
 .debug_info    0x00006acb      0x2cb .\CortexM3\ARM_GCC_493\Debug\Ball.a(RC_Ch2_Timer_Interrupt.o)
 .debug_info    0x00006d96      0x2cb .\CortexM3\ARM_GCC_493\Debug\Ball.a(Clock_Millis_Interrupt.o)
 .debug_info    0x00007061      0x11f .\CortexM3\ARM_GCC_493\Debug\Ball.a(RC_Ch1.o)
 .debug_info    0x00007180      0x3a5 .\CortexM3\ARM_GCC_493\Debug\Ball.a(RC_Ch1_Timer.o)
 .debug_info    0x00007525      0x11f .\CortexM3\ARM_GCC_493\Debug\Ball.a(RC_Ch2.o)
 .debug_info    0x00007644      0x2cb .\CortexM3\ARM_GCC_493\Debug\Ball.a(RC_Ch1_Timer_Interrupt.o)
 .debug_info    0x0000790f      0x3a5 .\CortexM3\ARM_GCC_493\Debug\Ball.a(RC_Ch4_Timer.o)
 .debug_info    0x00007cb4      0x11f .\CortexM3\ARM_GCC_493\Debug\Ball.a(RC_Ch4.o)
 .debug_info    0x00007dd3      0x2cb .\CortexM3\ARM_GCC_493\Debug\Ball.a(RC_Ch4_Timer_Interrupt.o)
 .debug_info    0x0000809e      0x3a5 .\CortexM3\ARM_GCC_493\Debug\Ball.a(RC_Ch3_Timer.o)
 .debug_info    0x00008443      0x11f .\CortexM3\ARM_GCC_493\Debug\Ball.a(RC_Ch3.o)
 .debug_info    0x00008562      0x2cb .\CortexM3\ARM_GCC_493\Debug\Ball.a(RC_Ch3_Timer_Interrupt.o)
 .debug_info    0x0000882d      0x608 .\CortexM3\ARM_GCC_493\Debug\Ball.a(CyFlash.o)
 .debug_info    0x00008e35      0x4ea .\CortexM3\ARM_GCC_493\Debug\Ball.a(CySpc.o)
 .debug_info    0x0000931f       0xee .\CortexM3\ARM_GCC_493\Debug\Ball.a(cyutils.o)
 .debug_info    0x0000940d      0x1d2 .\CortexM3\ARM_GCC_493\Debug\Ball.a(USBUART_cls.o)
 .debug_info    0x000095df      0x28d .\CortexM3\ARM_GCC_493\Debug\Ball.a(USBUART_descr.o)

.debug_abbrev   0x00000000     0x305c
 *(.debug_abbrev)
 .debug_abbrev  0x00000000      0x202 .\CortexM3\ARM_GCC_493\Debug\main.o
 .debug_abbrev  0x00000202       0xed .\CortexM3\ARM_GCC_493\Debug\milliseconds.o
 .debug_abbrev  0x000002ef      0x1c0 .\CortexM3\ARM_GCC_493\Debug\rc_ch.o
 .debug_abbrev  0x000004af       0x77 .\CortexM3\ARM_GCC_493\Debug\cymetadata.o
 .debug_abbrev  0x00000526      0x200 .\CortexM3\ARM_GCC_493\Debug\Cm3Start.o
 .debug_abbrev  0x00000726      0x203 .\CortexM3\ARM_GCC_493\Debug\Ball.a(cyfitter_cfg.o)
 .debug_abbrev  0x00000929      0x14d .\CortexM3\ARM_GCC_493\Debug\Ball.a(Motor_A_PWM.o)
 .debug_abbrev  0x00000a76       0x14 .\CortexM3\ARM_GCC_493\Debug\Ball.a(CyBootAsmGnu.o)
 .debug_abbrev  0x00000a8a      0x296 .\CortexM3\ARM_GCC_493\Debug\Ball.a(CyLib.o)
 .debug_abbrev  0x00000d20      0x1ed .\CortexM3\ARM_GCC_493\Debug\Ball.a(cyPm.o)
 .debug_abbrev  0x00000f0d      0x25e .\CortexM3\ARM_GCC_493\Debug\Ball.a(USBUART.o)
 .debug_abbrev  0x0000116b      0x28b .\CortexM3\ARM_GCC_493\Debug\Ball.a(USBUART_cdc.o)
 .debug_abbrev  0x000013f6      0x18b .\CortexM3\ARM_GCC_493\Debug\Ball.a(USBUART_drv.o)
 .debug_abbrev  0x00001581      0x11b .\CortexM3\ARM_GCC_493\Debug\Ball.a(USBUART_episr.o)
 .debug_abbrev  0x0000169c      0x146 .\CortexM3\ARM_GCC_493\Debug\Ball.a(USBUART_pm.o)
 .debug_abbrev  0x000017e2      0x23d .\CortexM3\ARM_GCC_493\Debug\Ball.a(USBUART_std.o)
 .debug_abbrev  0x00001a1f       0x9b .\CortexM3\ARM_GCC_493\Debug\Ball.a(USBUART_vnd.o)
 .debug_abbrev  0x00001aba       0x90 .\CortexM3\ARM_GCC_493\Debug\Ball.a(USBUART_Dp.o)
 .debug_abbrev  0x00001b4a      0x170 .\CortexM3\ARM_GCC_493\Debug\Ball.a(RC_Ch2_Timer.o)
 .debug_abbrev  0x00001cba      0x173 .\CortexM3\ARM_GCC_493\Debug\Ball.a(RC_Ch2_Timer_Interrupt.o)
 .debug_abbrev  0x00001e2d      0x173 .\CortexM3\ARM_GCC_493\Debug\Ball.a(Clock_Millis_Interrupt.o)
 .debug_abbrev  0x00001fa0       0x90 .\CortexM3\ARM_GCC_493\Debug\Ball.a(RC_Ch1.o)
 .debug_abbrev  0x00002030      0x170 .\CortexM3\ARM_GCC_493\Debug\Ball.a(RC_Ch1_Timer.o)
 .debug_abbrev  0x000021a0       0x90 .\CortexM3\ARM_GCC_493\Debug\Ball.a(RC_Ch2.o)
 .debug_abbrev  0x00002230      0x173 .\CortexM3\ARM_GCC_493\Debug\Ball.a(RC_Ch1_Timer_Interrupt.o)
 .debug_abbrev  0x000023a3      0x170 .\CortexM3\ARM_GCC_493\Debug\Ball.a(RC_Ch4_Timer.o)
 .debug_abbrev  0x00002513       0x90 .\CortexM3\ARM_GCC_493\Debug\Ball.a(RC_Ch4.o)
 .debug_abbrev  0x000025a3      0x173 .\CortexM3\ARM_GCC_493\Debug\Ball.a(RC_Ch4_Timer_Interrupt.o)
 .debug_abbrev  0x00002716      0x170 .\CortexM3\ARM_GCC_493\Debug\Ball.a(RC_Ch3_Timer.o)
 .debug_abbrev  0x00002886       0x90 .\CortexM3\ARM_GCC_493\Debug\Ball.a(RC_Ch3.o)
 .debug_abbrev  0x00002916      0x173 .\CortexM3\ARM_GCC_493\Debug\Ball.a(RC_Ch3_Timer_Interrupt.o)
 .debug_abbrev  0x00002a89      0x1ed .\CortexM3\ARM_GCC_493\Debug\Ball.a(CyFlash.o)
 .debug_abbrev  0x00002c76      0x1c1 .\CortexM3\ARM_GCC_493\Debug\Ball.a(CySpc.o)
 .debug_abbrev  0x00002e37       0x8e .\CortexM3\ARM_GCC_493\Debug\Ball.a(cyutils.o)
 .debug_abbrev  0x00002ec5       0xe3 .\CortexM3\ARM_GCC_493\Debug\Ball.a(USBUART_cls.o)
 .debug_abbrev  0x00002fa8       0xb4 .\CortexM3\ARM_GCC_493\Debug\Ball.a(USBUART_descr.o)

.debug_line     0x00000000     0x3d7b
 *(.debug_line)
 .debug_line    0x00000000      0x1fc .\CortexM3\ARM_GCC_493\Debug\main.o
 .debug_line    0x000001fc      0x19f .\CortexM3\ARM_GCC_493\Debug\milliseconds.o
 .debug_line    0x0000039b      0x396 .\CortexM3\ARM_GCC_493\Debug\rc_ch.o
 .debug_line    0x00000731       0x53 .\CortexM3\ARM_GCC_493\Debug\cymetadata.o
 .debug_line    0x00000784      0x249 .\CortexM3\ARM_GCC_493\Debug\Cm3Start.o
 .debug_line    0x000009cd      0x1df .\CortexM3\ARM_GCC_493\Debug\Ball.a(cyfitter_cfg.o)
 .debug_line    0x00000bac      0x1b1 .\CortexM3\ARM_GCC_493\Debug\Ball.a(Motor_A_PWM.o)
 .debug_line    0x00000d5d       0x68 .\CortexM3\ARM_GCC_493\Debug\Ball.a(CyBootAsmGnu.o)
 .debug_line    0x00000dc5      0x806 .\CortexM3\ARM_GCC_493\Debug\Ball.a(CyLib.o)
 .debug_line    0x000015cb      0x366 .\CortexM3\ARM_GCC_493\Debug\Ball.a(cyPm.o)
 .debug_line    0x00001931      0x2ca .\CortexM3\ARM_GCC_493\Debug\Ball.a(USBUART.o)
 .debug_line    0x00001bfb      0x2f4 .\CortexM3\ARM_GCC_493\Debug\Ball.a(USBUART_cdc.o)
 .debug_line    0x00001eef      0x223 .\CortexM3\ARM_GCC_493\Debug\Ball.a(USBUART_drv.o)
 .debug_line    0x00002112       0xe8 .\CortexM3\ARM_GCC_493\Debug\Ball.a(USBUART_episr.o)
 .debug_line    0x000021fa      0x110 .\CortexM3\ARM_GCC_493\Debug\Ball.a(USBUART_pm.o)
 .debug_line    0x0000230a      0x3e4 .\CortexM3\ARM_GCC_493\Debug\Ball.a(USBUART_std.o)
 .debug_line    0x000026ee       0x75 .\CortexM3\ARM_GCC_493\Debug\Ball.a(USBUART_vnd.o)
 .debug_line    0x00002763       0xbd .\CortexM3\ARM_GCC_493\Debug\Ball.a(USBUART_Dp.o)
 .debug_line    0x00002820      0x1ae .\CortexM3\ARM_GCC_493\Debug\Ball.a(RC_Ch2_Timer.o)
 .debug_line    0x000029ce      0x15c .\CortexM3\ARM_GCC_493\Debug\Ball.a(RC_Ch2_Timer_Interrupt.o)
 .debug_line    0x00002b2a      0x15c .\CortexM3\ARM_GCC_493\Debug\Ball.a(Clock_Millis_Interrupt.o)
 .debug_line    0x00002c86       0x95 .\CortexM3\ARM_GCC_493\Debug\Ball.a(RC_Ch1.o)
 .debug_line    0x00002d1b      0x1ae .\CortexM3\ARM_GCC_493\Debug\Ball.a(RC_Ch1_Timer.o)
 .debug_line    0x00002ec9       0x95 .\CortexM3\ARM_GCC_493\Debug\Ball.a(RC_Ch2.o)
 .debug_line    0x00002f5e      0x15c .\CortexM3\ARM_GCC_493\Debug\Ball.a(RC_Ch1_Timer_Interrupt.o)
 .debug_line    0x000030ba      0x1ae .\CortexM3\ARM_GCC_493\Debug\Ball.a(RC_Ch4_Timer.o)
 .debug_line    0x00003268       0x95 .\CortexM3\ARM_GCC_493\Debug\Ball.a(RC_Ch4.o)
 .debug_line    0x000032fd      0x15c .\CortexM3\ARM_GCC_493\Debug\Ball.a(RC_Ch4_Timer_Interrupt.o)
 .debug_line    0x00003459      0x1ae .\CortexM3\ARM_GCC_493\Debug\Ball.a(RC_Ch3_Timer.o)
 .debug_line    0x00003607       0x95 .\CortexM3\ARM_GCC_493\Debug\Ball.a(RC_Ch3.o)
 .debug_line    0x0000369c      0x15c .\CortexM3\ARM_GCC_493\Debug\Ball.a(RC_Ch3_Timer_Interrupt.o)
 .debug_line    0x000037f8      0x1ec .\CortexM3\ARM_GCC_493\Debug\Ball.a(CyFlash.o)
 .debug_line    0x000039e4      0x23e .\CortexM3\ARM_GCC_493\Debug\Ball.a(CySpc.o)
 .debug_line    0x00003c22       0x62 .\CortexM3\ARM_GCC_493\Debug\Ball.a(cyutils.o)
 .debug_line    0x00003c84       0x94 .\CortexM3\ARM_GCC_493\Debug\Ball.a(USBUART_cls.o)
 .debug_line    0x00003d18       0x63 .\CortexM3\ARM_GCC_493\Debug\Ball.a(USBUART_descr.o)

.debug_frame    0x00000000     0x2918
 *(.debug_frame)
 .debug_frame   0x00000000       0x4c .\CortexM3\ARM_GCC_493\Debug\main.o
 .debug_frame   0x0000004c       0x3c .\CortexM3\ARM_GCC_493\Debug\milliseconds.o
 .debug_frame   0x00000088       0xcc .\CortexM3\ARM_GCC_493\Debug\rc_ch.o
 .debug_frame   0x00000154       0xac .\CortexM3\ARM_GCC_493\Debug\Cm3Start.o
 .debug_frame   0x00000200       0xe4 .\CortexM3\ARM_GCC_493\Debug\Ball.a(cyfitter_cfg.o)
 .debug_frame   0x000002e4      0x154 .\CortexM3\ARM_GCC_493\Debug\Ball.a(Motor_A_PWM.o)
 .debug_frame   0x00000438      0x728 .\CortexM3\ARM_GCC_493\Debug\Ball.a(CyLib.o)
 .debug_frame   0x00000b60      0x1f8 .\CortexM3\ARM_GCC_493\Debug\Ball.a(cyPm.o)
 .debug_frame   0x00000d58      0x1dc .\CortexM3\ARM_GCC_493\Debug\Ball.a(USBUART.o)
 .debug_frame   0x00000f34      0x278 .\CortexM3\ARM_GCC_493\Debug\Ball.a(USBUART_cdc.o)
 .debug_frame   0x000011ac      0x194 .\CortexM3\ARM_GCC_493\Debug\Ball.a(USBUART_drv.o)
 .debug_frame   0x00001340       0x6c .\CortexM3\ARM_GCC_493\Debug\Ball.a(USBUART_episr.o)
 .debug_frame   0x000013ac       0xa0 .\CortexM3\ARM_GCC_493\Debug\Ball.a(USBUART_pm.o)
 .debug_frame   0x0000144c      0x17c .\CortexM3\ARM_GCC_493\Debug\Ball.a(USBUART_std.o)
 .debug_frame   0x000015c8       0x20 .\CortexM3\ARM_GCC_493\Debug\Ball.a(USBUART_vnd.o)
 .debug_frame   0x000015e8       0x70 .\CortexM3\ARM_GCC_493\Debug\Ball.a(USBUART_Dp.o)
 .debug_frame   0x00001658      0x16c .\CortexM3\ARM_GCC_493\Debug\Ball.a(RC_Ch2_Timer.o)
 .debug_frame   0x000017c4      0x104 .\CortexM3\ARM_GCC_493\Debug\Ball.a(RC_Ch2_Timer_Interrupt.o)
 .debug_frame   0x000018c8      0x104 .\CortexM3\ARM_GCC_493\Debug\Ball.a(Clock_Millis_Interrupt.o)
 .debug_frame   0x000019cc       0x50 .\CortexM3\ARM_GCC_493\Debug\Ball.a(RC_Ch1.o)
 .debug_frame   0x00001a1c      0x16c .\CortexM3\ARM_GCC_493\Debug\Ball.a(RC_Ch1_Timer.o)
 .debug_frame   0x00001b88       0x50 .\CortexM3\ARM_GCC_493\Debug\Ball.a(RC_Ch2.o)
 .debug_frame   0x00001bd8      0x104 .\CortexM3\ARM_GCC_493\Debug\Ball.a(RC_Ch1_Timer_Interrupt.o)
 .debug_frame   0x00001cdc      0x16c .\CortexM3\ARM_GCC_493\Debug\Ball.a(RC_Ch4_Timer.o)
 .debug_frame   0x00001e48       0x50 .\CortexM3\ARM_GCC_493\Debug\Ball.a(RC_Ch4.o)
 .debug_frame   0x00001e98      0x104 .\CortexM3\ARM_GCC_493\Debug\Ball.a(RC_Ch4_Timer_Interrupt.o)
 .debug_frame   0x00001f9c      0x16c .\CortexM3\ARM_GCC_493\Debug\Ball.a(RC_Ch3_Timer.o)
 .debug_frame   0x00002108       0x50 .\CortexM3\ARM_GCC_493\Debug\Ball.a(RC_Ch3.o)
 .debug_frame   0x00002158      0x104 .\CortexM3\ARM_GCC_493\Debug\Ball.a(RC_Ch3_Timer_Interrupt.o)
 .debug_frame   0x0000225c      0x174 .\CortexM3\ARM_GCC_493\Debug\Ball.a(CyFlash.o)
 .debug_frame   0x000023d0      0x160 .\CortexM3\ARM_GCC_493\Debug\Ball.a(CySpc.o)
 .debug_frame   0x00002530       0x20 .\CortexM3\ARM_GCC_493\Debug\Ball.a(cyutils.o)
 .debug_frame   0x00002550       0x2c .\CortexM3\ARM_GCC_493\Debug\Ball.a(USBUART_cls.o)
 .debug_frame   0x0000257c       0x20 c:/program files (x86)/cypress/psoc creator/3.3/psoc creator/import/gnu/arm/4.9.3/bin/../lib/gcc/arm-none-eabi/4.9.3/../../../../arm-none-eabi/lib/armv7-m\libg_nano.a(lib_a-errno.o)
 .debug_frame   0x0000259c       0x28 c:/program files (x86)/cypress/psoc creator/3.3/psoc creator/import/gnu/arm/4.9.3/bin/../lib/gcc/arm-none-eabi/4.9.3/../../../../arm-none-eabi/lib/armv7-m\libg_nano.a(lib_a-exit.o)
 .debug_frame   0x000025c4       0x2c c:/program files (x86)/cypress/psoc creator/3.3/psoc creator/import/gnu/arm/4.9.3/bin/../lib/gcc/arm-none-eabi/4.9.3/../../../../arm-none-eabi/lib/armv7-m\libg_nano.a(lib_a-init.o)
 .debug_frame   0x000025f0       0x28 c:/program files (x86)/cypress/psoc creator/3.3/psoc creator/import/gnu/arm/4.9.3/bin/../lib/gcc/arm-none-eabi/4.9.3/../../../../arm-none-eabi/lib/armv7-m\libg_nano.a(lib_a-memcpy.o)
 .debug_frame   0x00002618       0x20 c:/program files (x86)/cypress/psoc creator/3.3/psoc creator/import/gnu/arm/4.9.3/bin/../lib/gcc/arm-none-eabi/4.9.3/../../../../arm-none-eabi/lib/armv7-m\libg_nano.a(lib_a-memset.o)
 .debug_frame   0x00002638       0x70 c:/program files (x86)/cypress/psoc creator/3.3/psoc creator/import/gnu/arm/4.9.3/bin/../lib/gcc/arm-none-eabi/4.9.3/../../../../arm-none-eabi/lib/armv7-m\libg_nano.a(lib_a-sprintf.o)
 .debug_frame   0x000026a8       0x8c c:/program files (x86)/cypress/psoc creator/3.3/psoc creator/import/gnu/arm/4.9.3/bin/../lib/gcc/arm-none-eabi/4.9.3/../../../../arm-none-eabi/lib/armv7-m\libg_nano.a(lib_a-nano-svfprintf.o)
 .debug_frame   0x00002734       0x58 c:/program files (x86)/cypress/psoc creator/3.3/psoc creator/import/gnu/arm/4.9.3/bin/../lib/gcc/arm-none-eabi/4.9.3/../../../../arm-none-eabi/lib/armv7-m\libg_nano.a(lib_a-nano-vfprintf_i.o)
 .debug_frame   0x0000278c       0x28 c:/program files (x86)/cypress/psoc creator/3.3/psoc creator/import/gnu/arm/4.9.3/bin/../lib/gcc/arm-none-eabi/4.9.3/../../../../arm-none-eabi/lib/armv7-m\libg_nano.a(lib_a-memchr.o)
 .debug_frame   0x000027b4       0x28 c:/program files (x86)/cypress/psoc creator/3.3/psoc creator/import/gnu/arm/4.9.3/bin/../lib/gcc/arm-none-eabi/4.9.3/../../../../arm-none-eabi/lib/armv7-m\libg_nano.a(lib_a-memmove.o)
 .debug_frame   0x000027dc       0x2c c:/program files (x86)/cypress/psoc creator/3.3/psoc creator/import/gnu/arm/4.9.3/bin/../lib/gcc/arm-none-eabi/4.9.3/../../../../arm-none-eabi/lib/armv7-m\libg_nano.a(lib_a-nano-freer.o)
 .debug_frame   0x00002808       0x2c c:/program files (x86)/cypress/psoc creator/3.3/psoc creator/import/gnu/arm/4.9.3/bin/../lib/gcc/arm-none-eabi/4.9.3/../../../../arm-none-eabi/lib/armv7-m\libg_nano.a(lib_a-nano-mallocr.o)
 .debug_frame   0x00002834       0x3c c:/program files (x86)/cypress/psoc creator/3.3/psoc creator/import/gnu/arm/4.9.3/bin/../lib/gcc/arm-none-eabi/4.9.3/../../../../arm-none-eabi/lib/armv7-m\libg_nano.a(lib_a-nano-reallocr.o)
 .debug_frame   0x00002870       0x2c c:/program files (x86)/cypress/psoc creator/3.3/psoc creator/import/gnu/arm/4.9.3/bin/../lib/gcc/arm-none-eabi/4.9.3/../../../../arm-none-eabi/lib/armv7-m\libg_nano.a(lib_a-sbrkr.o)
 .debug_frame   0x0000289c       0x20 c:/program files (x86)/cypress/psoc creator/3.3/psoc creator/import/gnu/arm/4.9.3/bin/../lib/gcc/arm-none-eabi/4.9.3/../../../../arm-none-eabi/lib/armv7-m\libg_nano.a(lib_a-nano-msizer.o)
 .debug_frame   0x000028bc       0x5c c:/program files (x86)/cypress/psoc creator/3.3/psoc creator/import/gnu/arm/4.9.3/bin/../lib/gcc/arm-none-eabi/4.9.3/../../../../arm-none-eabi/lib/armv7-m\libg_nano.a(lib_a-reent.o)

.debug_str      0x00000000     0x3d6d
 *(.debug_str)
 .debug_str     0x00000000      0x3a2 .\CortexM3\ARM_GCC_493\Debug\main.o
                                0x3ff (size before relaxing)
 .debug_str     0x000003a2       0x68 .\CortexM3\ARM_GCC_493\Debug\milliseconds.o
                                0x275 (size before relaxing)
 .debug_str     0x0000040a      0x41d .\CortexM3\ARM_GCC_493\Debug\rc_ch.o
                                0x73f (size before relaxing)
 .debug_str     0x00000827       0x77 .\CortexM3\ARM_GCC_493\Debug\cymetadata.o
                                0x23d (size before relaxing)
 .debug_str     0x0000089e      0x152 .\CortexM3\ARM_GCC_493\Debug\Cm3Start.o
                                0x351 (size before relaxing)
 .debug_str     0x000009f0      0x149 .\CortexM3\ARM_GCC_493\Debug\Ball.a(cyfitter_cfg.o)
                                0x356 (size before relaxing)
 .debug_str     0x00000b39      0x22e .\CortexM3\ARM_GCC_493\Debug\Ball.a(Motor_A_PWM.o)
                                0x43f (size before relaxing)
 .debug_str     0x00000d67      0x7ee .\CortexM3\ARM_GCC_493\Debug\Ball.a(CyLib.o)
                                0xa76 (size before relaxing)
 .debug_str     0x00001555      0x35b .\CortexM3\ARM_GCC_493\Debug\Ball.a(cyPm.o)
                                0x76e (size before relaxing)
 .debug_str     0x000018b0      0x403 .\CortexM3\ARM_GCC_493\Debug\Ball.a(USBUART.o)
                                0x6a4 (size before relaxing)
 .debug_str     0x00001cb3      0x516 .\CortexM3\ARM_GCC_493\Debug\Ball.a(USBUART_cdc.o)
                                0x818 (size before relaxing)
 .debug_str     0x000021c9      0x293 .\CortexM3\ARM_GCC_493\Debug\Ball.a(USBUART_drv.o)
                                0x68f (size before relaxing)
 .debug_str     0x0000245c       0x82 .\CortexM3\ARM_GCC_493\Debug\Ball.a(USBUART_episr.o)
                                0x326 (size before relaxing)
 .debug_str     0x000024de       0xee .\CortexM3\ARM_GCC_493\Debug\Ball.a(USBUART_pm.o)
                                0x33e (size before relaxing)
 .debug_str     0x000025cc      0x25b .\CortexM3\ARM_GCC_493\Debug\Ball.a(USBUART_std.o)
                                0x7fe (size before relaxing)
 .debug_str     0x00002827       0x27 .\CortexM3\ARM_GCC_493\Debug\Ball.a(USBUART_vnd.o)
                                0x234 (size before relaxing)
 .debug_str     0x0000284e       0xa6 .\CortexM3\ARM_GCC_493\Debug\Ball.a(USBUART_Dp.o)
                                0x294 (size before relaxing)
 .debug_str     0x000028f4      0x1ce .\CortexM3\ARM_GCC_493\Debug\Ball.a(RC_Ch2_Timer.o)
                                0x470 (size before relaxing)
 .debug_str     0x00002ac2      0x1b7 .\CortexM3\ARM_GCC_493\Debug\Ball.a(RC_Ch2_Timer_Interrupt.o)
                                0x3db (size before relaxing)
 .debug_str     0x00002c79      0x1b7 .\CortexM3\ARM_GCC_493\Debug\Ball.a(Clock_Millis_Interrupt.o)
                                0x3db (size before relaxing)
 .debug_str     0x00002e30       0x56 .\CortexM3\ARM_GCC_493\Debug\Ball.a(RC_Ch1.o)
                                0x23a (size before relaxing)
 .debug_str     0x00002e86      0x1b4 .\CortexM3\ARM_GCC_493\Debug\Ball.a(RC_Ch1_Timer.o)
                                0x470 (size before relaxing)
 .debug_str     0x0000303a       0x56 .\CortexM3\ARM_GCC_493\Debug\Ball.a(RC_Ch2.o)
                                0x23a (size before relaxing)
 .debug_str     0x00003090      0x1b7 .\CortexM3\ARM_GCC_493\Debug\Ball.a(RC_Ch1_Timer_Interrupt.o)
                                0x3db (size before relaxing)
 .debug_str     0x00003247      0x1b4 .\CortexM3\ARM_GCC_493\Debug\Ball.a(RC_Ch4_Timer.o)
                                0x470 (size before relaxing)
 .debug_str     0x000033fb       0x56 .\CortexM3\ARM_GCC_493\Debug\Ball.a(RC_Ch4.o)
                                0x23a (size before relaxing)
 .debug_str     0x00003451      0x1b7 .\CortexM3\ARM_GCC_493\Debug\Ball.a(RC_Ch4_Timer_Interrupt.o)
                                0x3db (size before relaxing)
 .debug_str     0x00003608      0x1b4 .\CortexM3\ARM_GCC_493\Debug\Ball.a(RC_Ch3_Timer.o)
                                0x470 (size before relaxing)
 .debug_str     0x000037bc       0x56 .\CortexM3\ARM_GCC_493\Debug\Ball.a(RC_Ch3.o)
                                0x23a (size before relaxing)
 .debug_str     0x00003812      0x1b7 .\CortexM3\ARM_GCC_493\Debug\Ball.a(RC_Ch3_Timer_Interrupt.o)
                                0x3db (size before relaxing)
 .debug_str     0x000039c9      0x19e .\CortexM3\ARM_GCC_493\Debug\Ball.a(CyFlash.o)
                                0x3e8 (size before relaxing)
 .debug_str     0x00003b67       0xae .\CortexM3\ARM_GCC_493\Debug\Ball.a(CySpc.o)
                                0x371 (size before relaxing)
 .debug_str     0x00003c15       0x2b .\CortexM3\ARM_GCC_493\Debug\Ball.a(cyutils.o)
                                0x205 (size before relaxing)
 .debug_str     0x00003c40       0x27 .\CortexM3\ARM_GCC_493\Debug\Ball.a(USBUART_cls.o)
                                0x2f3 (size before relaxing)
 .debug_str     0x00003c67      0x106 .\CortexM3\ARM_GCC_493\Debug\Ball.a(USBUART_descr.o)
                                0x3a0 (size before relaxing)

.debug_loc      0x00000000     0x339d
 *(.debug_loc)
 .debug_loc     0x00000000       0x4a .\CortexM3\ARM_GCC_493\Debug\main.o
 .debug_loc     0x0000004a       0xe8 .\CortexM3\ARM_GCC_493\Debug\rc_ch.o
 .debug_loc     0x00000132      0x144 .\CortexM3\ARM_GCC_493\Debug\Cm3Start.o
 .debug_loc     0x00000276      0x1d7 .\CortexM3\ARM_GCC_493\Debug\Ball.a(cyfitter_cfg.o)
 .debug_loc     0x0000044d       0x26 .\CortexM3\ARM_GCC_493\Debug\Ball.a(Motor_A_PWM.o)
 .debug_loc     0x00000473      0xa11 .\CortexM3\ARM_GCC_493\Debug\Ball.a(CyLib.o)
 .debug_loc     0x00000e84      0x1e4 .\CortexM3\ARM_GCC_493\Debug\Ball.a(cyPm.o)
 .debug_loc     0x00001068      0x3e1 .\CortexM3\ARM_GCC_493\Debug\Ball.a(USBUART.o)
 .debug_loc     0x00001449      0x56b .\CortexM3\ARM_GCC_493\Debug\Ball.a(USBUART_cdc.o)
 .debug_loc     0x000019b4      0x171 .\CortexM3\ARM_GCC_493\Debug\Ball.a(USBUART_drv.o)
 .debug_loc     0x00001b25       0x26 .\CortexM3\ARM_GCC_493\Debug\Ball.a(USBUART_pm.o)
 .debug_loc     0x00001b4b      0x93f .\CortexM3\ARM_GCC_493\Debug\Ball.a(USBUART_std.o)
 .debug_loc     0x0000248a       0x84 .\CortexM3\ARM_GCC_493\Debug\Ball.a(USBUART_Dp.o)
 .debug_loc     0x0000250e       0x89 .\CortexM3\ARM_GCC_493\Debug\Ball.a(RC_Ch2_Timer.o)
 .debug_loc     0x00002597       0x56 .\CortexM3\ARM_GCC_493\Debug\Ball.a(RC_Ch2_Timer_Interrupt.o)
 .debug_loc     0x000025ed       0x56 .\CortexM3\ARM_GCC_493\Debug\Ball.a(Clock_Millis_Interrupt.o)
 .debug_loc     0x00002643       0x42 .\CortexM3\ARM_GCC_493\Debug\Ball.a(RC_Ch1.o)
 .debug_loc     0x00002685       0x89 .\CortexM3\ARM_GCC_493\Debug\Ball.a(RC_Ch1_Timer.o)
 .debug_loc     0x0000270e       0x42 .\CortexM3\ARM_GCC_493\Debug\Ball.a(RC_Ch2.o)
 .debug_loc     0x00002750       0x56 .\CortexM3\ARM_GCC_493\Debug\Ball.a(RC_Ch1_Timer_Interrupt.o)
 .debug_loc     0x000027a6       0x89 .\CortexM3\ARM_GCC_493\Debug\Ball.a(RC_Ch4_Timer.o)
 .debug_loc     0x0000282f       0x42 .\CortexM3\ARM_GCC_493\Debug\Ball.a(RC_Ch4.o)
 .debug_loc     0x00002871       0x56 .\CortexM3\ARM_GCC_493\Debug\Ball.a(RC_Ch4_Timer_Interrupt.o)
 .debug_loc     0x000028c7       0x89 .\CortexM3\ARM_GCC_493\Debug\Ball.a(RC_Ch3_Timer.o)
 .debug_loc     0x00002950       0x42 .\CortexM3\ARM_GCC_493\Debug\Ball.a(RC_Ch3.o)
 .debug_loc     0x00002992       0x56 .\CortexM3\ARM_GCC_493\Debug\Ball.a(RC_Ch3_Timer_Interrupt.o)
 .debug_loc     0x000029e8      0x300 .\CortexM3\ARM_GCC_493\Debug\Ball.a(CyFlash.o)
 .debug_loc     0x00002ce8      0x64d .\CortexM3\ARM_GCC_493\Debug\Ball.a(CySpc.o)
 .debug_loc     0x00003335       0x21 .\CortexM3\ARM_GCC_493\Debug\Ball.a(cyutils.o)
 .debug_loc     0x00003356       0x47 .\CortexM3\ARM_GCC_493\Debug\Ball.a(USBUART_cls.o)

.debug_macinfo
 *(.debug_macinfo)

.debug_ranges   0x00000000      0xe08
 *(.debug_ranges)
 .debug_ranges  0x00000000       0x18 .\CortexM3\ARM_GCC_493\Debug\main.o
 .debug_ranges  0x00000018       0x18 .\CortexM3\ARM_GCC_493\Debug\milliseconds.o
 .debug_ranges  0x00000030       0x40 .\CortexM3\ARM_GCC_493\Debug\rc_ch.o
 .debug_ranges  0x00000070       0x38 .\CortexM3\ARM_GCC_493\Debug\Cm3Start.o
 .debug_ranges  0x000000a8       0x48 .\CortexM3\ARM_GCC_493\Debug\Ball.a(cyfitter_cfg.o)
 .debug_ranges  0x000000f0       0x98 .\CortexM3\ARM_GCC_493\Debug\Ball.a(Motor_A_PWM.o)
 .debug_ranges  0x00000188      0x288 .\CortexM3\ARM_GCC_493\Debug\Ball.a(CyLib.o)
 .debug_ranges  0x00000410       0x88 .\CortexM3\ARM_GCC_493\Debug\Ball.a(cyPm.o)
 .debug_ranges  0x00000498       0xd0 .\CortexM3\ARM_GCC_493\Debug\Ball.a(USBUART.o)
 .debug_ranges  0x00000568       0xd8 .\CortexM3\ARM_GCC_493\Debug\Ball.a(USBUART_cdc.o)
 .debug_ranges  0x00000640       0x88 .\CortexM3\ARM_GCC_493\Debug\Ball.a(USBUART_drv.o)
 .debug_ranges  0x000006c8       0x30 .\CortexM3\ARM_GCC_493\Debug\Ball.a(USBUART_episr.o)
 .debug_ranges  0x000006f8       0x30 .\CortexM3\ARM_GCC_493\Debug\Ball.a(USBUART_pm.o)
 .debug_ranges  0x00000728       0x70 .\CortexM3\ARM_GCC_493\Debug\Ball.a(USBUART_std.o)
 .debug_ranges  0x00000798       0x10 .\CortexM3\ARM_GCC_493\Debug\Ball.a(USBUART_vnd.o)
 .debug_ranges  0x000007a8       0x38 .\CortexM3\ARM_GCC_493\Debug\Ball.a(USBUART_Dp.o)
 .debug_ranges  0x000007e0       0x98 .\CortexM3\ARM_GCC_493\Debug\Ball.a(RC_Ch2_Timer.o)
 .debug_ranges  0x00000878       0x70 .\CortexM3\ARM_GCC_493\Debug\Ball.a(RC_Ch2_Timer_Interrupt.o)
 .debug_ranges  0x000008e8       0x70 .\CortexM3\ARM_GCC_493\Debug\Ball.a(Clock_Millis_Interrupt.o)
 .debug_ranges  0x00000958       0x28 .\CortexM3\ARM_GCC_493\Debug\Ball.a(RC_Ch1.o)
 .debug_ranges  0x00000980       0x98 .\CortexM3\ARM_GCC_493\Debug\Ball.a(RC_Ch1_Timer.o)
 .debug_ranges  0x00000a18       0x28 .\CortexM3\ARM_GCC_493\Debug\Ball.a(RC_Ch2.o)
 .debug_ranges  0x00000a40       0x70 .\CortexM3\ARM_GCC_493\Debug\Ball.a(RC_Ch1_Timer_Interrupt.o)
 .debug_ranges  0x00000ab0       0x98 .\CortexM3\ARM_GCC_493\Debug\Ball.a(RC_Ch4_Timer.o)
 .debug_ranges  0x00000b48       0x28 .\CortexM3\ARM_GCC_493\Debug\Ball.a(RC_Ch4.o)
 .debug_ranges  0x00000b70       0x70 .\CortexM3\ARM_GCC_493\Debug\Ball.a(RC_Ch4_Timer_Interrupt.o)
 .debug_ranges  0x00000be0       0x98 .\CortexM3\ARM_GCC_493\Debug\Ball.a(RC_Ch3_Timer.o)
 .debug_ranges  0x00000c78       0x28 .\CortexM3\ARM_GCC_493\Debug\Ball.a(RC_Ch3.o)
 .debug_ranges  0x00000ca0       0x70 .\CortexM3\ARM_GCC_493\Debug\Ball.a(RC_Ch3_Timer_Interrupt.o)
 .debug_ranges  0x00000d10       0x70 .\CortexM3\ARM_GCC_493\Debug\Ball.a(CyFlash.o)
 .debug_ranges  0x00000d80       0x68 .\CortexM3\ARM_GCC_493\Debug\Ball.a(CySpc.o)
 .debug_ranges  0x00000de8       0x10 .\CortexM3\ARM_GCC_493\Debug\Ball.a(cyutils.o)
 .debug_ranges  0x00000df8       0x10 .\CortexM3\ARM_GCC_493\Debug\Ball.a(USBUART_cls.o)

.comment        0x00000000       0x70
 .comment       0x00000000       0x70 .\CortexM3\ARM_GCC_493\Debug\main.o
                                 0x71 (size before relaxing)
 .comment       0x00000000       0x71 .\CortexM3\ARM_GCC_493\Debug\milliseconds.o
 .comment       0x00000000       0x71 .\CortexM3\ARM_GCC_493\Debug\rc_ch.o
 .comment       0x00000000       0x71 .\CortexM3\ARM_GCC_493\Debug\cymetadata.o
 .comment       0x00000000       0x71 .\CortexM3\ARM_GCC_493\Debug\Cm3Start.o
 .comment       0x00000000       0x71 .\CortexM3\ARM_GCC_493\Debug\Ball.a(cyfitter_cfg.o)
 .comment       0x00000000       0x71 .\CortexM3\ARM_GCC_493\Debug\Ball.a(Motor_A_PWM.o)
 .comment       0x00000000       0x71 .\CortexM3\ARM_GCC_493\Debug\Ball.a(CyLib.o)
 .comment       0x00000000       0x71 .\CortexM3\ARM_GCC_493\Debug\Ball.a(cyPm.o)
 .comment       0x00000000       0x71 .\CortexM3\ARM_GCC_493\Debug\Ball.a(USBUART.o)
 .comment       0x00000000       0x71 .\CortexM3\ARM_GCC_493\Debug\Ball.a(USBUART_cdc.o)
 .comment       0x00000000       0x71 .\CortexM3\ARM_GCC_493\Debug\Ball.a(USBUART_drv.o)
 .comment       0x00000000       0x71 .\CortexM3\ARM_GCC_493\Debug\Ball.a(USBUART_episr.o)
 .comment       0x00000000       0x71 .\CortexM3\ARM_GCC_493\Debug\Ball.a(USBUART_pm.o)
 .comment       0x00000000       0x71 .\CortexM3\ARM_GCC_493\Debug\Ball.a(USBUART_std.o)
 .comment       0x00000000       0x71 .\CortexM3\ARM_GCC_493\Debug\Ball.a(USBUART_vnd.o)
 .comment       0x00000000       0x71 .\CortexM3\ARM_GCC_493\Debug\Ball.a(USBUART_Dp.o)
 .comment       0x00000000       0x71 .\CortexM3\ARM_GCC_493\Debug\Ball.a(RC_Ch2_Timer.o)
 .comment       0x00000000       0x71 .\CortexM3\ARM_GCC_493\Debug\Ball.a(RC_Ch2_Timer_Interrupt.o)
 .comment       0x00000000       0x71 .\CortexM3\ARM_GCC_493\Debug\Ball.a(Clock_Millis_Interrupt.o)
 .comment       0x00000000       0x71 .\CortexM3\ARM_GCC_493\Debug\Ball.a(RC_Ch1.o)
 .comment       0x00000000       0x71 .\CortexM3\ARM_GCC_493\Debug\Ball.a(RC_Ch1_Timer.o)
 .comment       0x00000000       0x71 .\CortexM3\ARM_GCC_493\Debug\Ball.a(RC_Ch2.o)
 .comment       0x00000000       0x71 .\CortexM3\ARM_GCC_493\Debug\Ball.a(RC_Ch1_Timer_Interrupt.o)
 .comment       0x00000000       0x71 .\CortexM3\ARM_GCC_493\Debug\Ball.a(RC_Ch4_Timer.o)
 .comment       0x00000000       0x71 .\CortexM3\ARM_GCC_493\Debug\Ball.a(RC_Ch4.o)
 .comment       0x00000000       0x71 .\CortexM3\ARM_GCC_493\Debug\Ball.a(RC_Ch4_Timer_Interrupt.o)
 .comment       0x00000000       0x71 .\CortexM3\ARM_GCC_493\Debug\Ball.a(RC_Ch3_Timer.o)
 .comment       0x00000000       0x71 .\CortexM3\ARM_GCC_493\Debug\Ball.a(RC_Ch3.o)
 .comment       0x00000000       0x71 .\CortexM3\ARM_GCC_493\Debug\Ball.a(RC_Ch3_Timer_Interrupt.o)
 .comment       0x00000000       0x71 .\CortexM3\ARM_GCC_493\Debug\Ball.a(CyFlash.o)
 .comment       0x00000000       0x71 .\CortexM3\ARM_GCC_493\Debug\Ball.a(CySpc.o)
 .comment       0x00000000       0x71 .\CortexM3\ARM_GCC_493\Debug\Ball.a(cyutils.o)
 .comment       0x00000000       0x71 .\CortexM3\ARM_GCC_493\Debug\Ball.a(USBUART_cls.o)
 .comment       0x00000000       0x71 .\CortexM3\ARM_GCC_493\Debug\Ball.a(USBUART_descr.o)

.debug_weaknames
 *(.debug_weaknames)

.debug_funcnames
 *(.debug_funcnames)

.debug_typenames
 *(.debug_typenames)

.debug_varnames
 *(.debug_varnames)

.note.gnu.arm.ident
 *(.note.gnu.arm.ident)

.ARM.attributes
                0x00000000       0x29
 *(.ARM.attributes)
 .ARM.attributes
                0x00000000       0x1d c:/program files (x86)/cypress/psoc creator/3.3/psoc creator/import/gnu/arm/4.9.3/bin/../lib/gcc/arm-none-eabi/4.9.3/armv7-m/crti.o
 .ARM.attributes
                0x0000001d       0x2d c:/program files (x86)/cypress/psoc creator/3.3/psoc creator/import/gnu/arm/4.9.3/bin/../lib/gcc/arm-none-eabi/4.9.3/armv7-m/crtbegin.o
 .ARM.attributes
                0x0000004a       0x1b c:/program files (x86)/cypress/psoc creator/3.3/psoc creator/import/gnu/arm/4.9.3/bin/../lib/gcc/arm-none-eabi/4.9.3/../../../../arm-none-eabi/lib/armv7-m/crt0.o
 .ARM.attributes
                0x00000065       0x33 .\CortexM3\ARM_GCC_493\Debug\main.o
 .ARM.attributes
                0x00000098       0x33 .\CortexM3\ARM_GCC_493\Debug\milliseconds.o
 .ARM.attributes
                0x000000cb       0x33 .\CortexM3\ARM_GCC_493\Debug\rc_ch.o
 .ARM.attributes
                0x000000fe       0x33 .\CortexM3\ARM_GCC_493\Debug\cymetadata.o
 .ARM.attributes
                0x00000131       0x33 .\CortexM3\ARM_GCC_493\Debug\Cm3Start.o
 .ARM.attributes
                0x00000164       0x33 .\CortexM3\ARM_GCC_493\Debug\Ball.a(cyfitter_cfg.o)
 .ARM.attributes
                0x00000197       0x33 .\CortexM3\ARM_GCC_493\Debug\Ball.a(Motor_A_PWM.o)
 .ARM.attributes
                0x000001ca       0x21 .\CortexM3\ARM_GCC_493\Debug\Ball.a(CyBootAsmGnu.o)
 .ARM.attributes
                0x000001eb       0x33 .\CortexM3\ARM_GCC_493\Debug\Ball.a(CyLib.o)
 .ARM.attributes
                0x0000021e       0x33 .\CortexM3\ARM_GCC_493\Debug\Ball.a(cyPm.o)
 .ARM.attributes
                0x00000251       0x33 .\CortexM3\ARM_GCC_493\Debug\Ball.a(USBUART.o)
 .ARM.attributes
                0x00000284       0x33 .\CortexM3\ARM_GCC_493\Debug\Ball.a(USBUART_cdc.o)
 .ARM.attributes
                0x000002b7       0x33 .\CortexM3\ARM_GCC_493\Debug\Ball.a(USBUART_drv.o)
 .ARM.attributes
                0x000002ea       0x33 .\CortexM3\ARM_GCC_493\Debug\Ball.a(USBUART_episr.o)
 .ARM.attributes
                0x0000031d       0x33 .\CortexM3\ARM_GCC_493\Debug\Ball.a(USBUART_pm.o)
 .ARM.attributes
                0x00000350       0x33 .\CortexM3\ARM_GCC_493\Debug\Ball.a(USBUART_std.o)
 .ARM.attributes
                0x00000383       0x33 .\CortexM3\ARM_GCC_493\Debug\Ball.a(USBUART_vnd.o)
 .ARM.attributes
                0x000003b6       0x33 .\CortexM3\ARM_GCC_493\Debug\Ball.a(USBUART_Dp.o)
 .ARM.attributes
                0x000003e9       0x33 .\CortexM3\ARM_GCC_493\Debug\Ball.a(RC_Ch2_Timer.o)
 .ARM.attributes
                0x0000041c       0x33 .\CortexM3\ARM_GCC_493\Debug\Ball.a(RC_Ch2_Timer_Interrupt.o)
 .ARM.attributes
                0x0000044f       0x33 .\CortexM3\ARM_GCC_493\Debug\Ball.a(Clock_Millis_Interrupt.o)
 .ARM.attributes
                0x00000482       0x33 .\CortexM3\ARM_GCC_493\Debug\Ball.a(RC_Ch1.o)
 .ARM.attributes
                0x000004b5       0x33 .\CortexM3\ARM_GCC_493\Debug\Ball.a(RC_Ch1_Timer.o)
 .ARM.attributes
                0x000004e8       0x33 .\CortexM3\ARM_GCC_493\Debug\Ball.a(RC_Ch2.o)
 .ARM.attributes
                0x0000051b       0x33 .\CortexM3\ARM_GCC_493\Debug\Ball.a(RC_Ch1_Timer_Interrupt.o)
 .ARM.attributes