Archive member included because of file (symbol)

.\CortexM3\ARM_GCC_493\Debug\Ball.a(cyfitter_cfg.o)
                              .\CortexM3\ARM_GCC_493\Debug\Cm3Start.o (cyfitter_cfg)
.\CortexM3\ARM_GCC_493\Debug\Ball.a(Motor_A_PWM.o)
                              .\CortexM3\ARM_GCC_493\Debug\main.o (Motor_A_PWM_Start)
.\CortexM3\ARM_GCC_493\Debug\Ball.a(CyBootAsmGnu.o)
                              .\CortexM3\ARM_GCC_493\Debug\Ball.a(cyfitter_cfg.o) (CyDelayCycles)
.\CortexM3\ARM_GCC_493\Debug\Ball.a(CyLib.o)
                              .\CortexM3\ARM_GCC_493\Debug\Cm3Start.o (CyHalt)
.\CortexM3\ARM_GCC_493\Debug\Ball.a(cyPm.o)
                              .\CortexM3\ARM_GCC_493\Debug\Ball.a(CyLib.o) (CyPmReadStatus)
.\CortexM3\ARM_GCC_493\Debug\Ball.a(USBUART.o)
                              .\CortexM3\ARM_GCC_493\Debug\main.o (USBUART_Start)
.\CortexM3\ARM_GCC_493\Debug\Ball.a(USBUART_cdc.o)
                              .\CortexM3\ARM_GCC_493\Debug\main.o (USBUART_PutString)
.\CortexM3\ARM_GCC_493\Debug\Ball.a(USBUART_drv.o)
                              .\CortexM3\ARM_GCC_493\Debug\Ball.a(USBUART.o) (USBUART_lastPacketSize)
.\CortexM3\ARM_GCC_493\Debug\Ball.a(USBUART_episr.o)
                              .\CortexM3\ARM_GCC_493\Debug\Ball.a(USBUART.o) (USBUART_EP_1_ISR)
.\CortexM3\ARM_GCC_493\Debug\Ball.a(USBUART_pm.o)
                              .\CortexM3\ARM_GCC_493\Debug\Ball.a(USBUART.o) (USBUART_DP_ISR)
.\CortexM3\ARM_GCC_493\Debug\Ball.a(USBUART_std.o)
                              .\CortexM3\ARM_GCC_493\Debug\Ball.a(USBUART_pm.o) (USBUART_ConfigReg)
.\CortexM3\ARM_GCC_493\Debug\Ball.a(USBUART_vnd.o)
                              .\CortexM3\ARM_GCC_493\Debug\Ball.a(USBUART_drv.o) (USBUART_HandleVendorRqst)
.\CortexM3\ARM_GCC_493\Debug\Ball.a(USBUART_Dp.o)
                              .\CortexM3\ARM_GCC_493\Debug\Ball.a(USBUART_pm.o) (USBUART_Dp_ClearInterrupt)
.\CortexM3\ARM_GCC_493\Debug\Ball.a(RC_Counter.o)
                              .\CortexM3\ARM_GCC_493\Debug\main.o (RC_Counter_Start)
.\CortexM3\ARM_GCC_493\Debug\Ball.a(RC_PWM.o)
                              .\CortexM3\ARM_GCC_493\Debug\main.o (RC_PWM_Start)
.\CortexM3\ARM_GCC_493\Debug\Ball.a(RC_Count_2.o)
                              .\CortexM3\ARM_GCC_493\Debug\main.o (RC_Count_2_Read)
.\CortexM3\ARM_GCC_493\Debug\Ball.a(RC_Timer.o)
                              .\CortexM3\ARM_GCC_493\Debug\main.o (RC_Timer_Stop)
.\CortexM3\ARM_GCC_493\Debug\Ball.a(RC_Timer_Interrupt.o)
                              .\CortexM3\ARM_GCC_493\Debug\main.o (RC_Timer_Interrupt_StartEx)
.\CortexM3\ARM_GCC_493\Debug\Ball.a(CyFlash.o)
                              .\CortexM3\ARM_GCC_493\Debug\Ball.a(cyPm.o) (CyFlash_SetWaitCycles)
.\CortexM3\ARM_GCC_493\Debug\Ball.a(CySpc.o)
                              .\CortexM3\ARM_GCC_493\Debug\Ball.a(CyFlash.o) (CySpcStart)
.\CortexM3\ARM_GCC_493\Debug\Ball.a(USBUART_cls.o)
                              .\CortexM3\ARM_GCC_493\Debug\Ball.a(USBUART_drv.o) (USBUART_DispatchClassRqst)
.\CortexM3\ARM_GCC_493\Debug\Ball.a(USBUART_descr.o)
                              .\CortexM3\ARM_GCC_493\Debug\Ball.a(USBUART_std.o) (USBUART_idSerialNumberStringDescriptor)
c:/program files (x86)/cypress/psoc creator/3.3/psoc creator/import/gnu/arm/4.9.3/bin/../lib/gcc/arm-none-eabi/4.9.3/../../../../arm-none-eabi/lib/armv7-m\libg_nano.a(lib_a-errno.o)
                              .\CortexM3\ARM_GCC_493\Debug\Cm3Start.o (__errno)
c:/program files (x86)/cypress/psoc creator/3.3/psoc creator/import/gnu/arm/4.9.3/bin/../lib/gcc/arm-none-eabi/4.9.3/../../../../arm-none-eabi/lib/armv7-m\libg_nano.a(lib_a-exit.o)
                              c:/program files (x86)/cypress/psoc creator/3.3/psoc creator/import/gnu/arm/4.9.3/bin/../lib/gcc/arm-none-eabi/4.9.3/../../../../arm-none-eabi/lib/armv7-m/crt0.o (exit)
c:/program files (x86)/cypress/psoc creator/3.3/psoc creator/import/gnu/arm/4.9.3/bin/../lib/gcc/arm-none-eabi/4.9.3/../../../../arm-none-eabi/lib/armv7-m\libg_nano.a(lib_a-impure.o)
                              c:/program files (x86)/cypress/psoc creator/3.3/psoc creator/import/gnu/arm/4.9.3/bin/../lib/gcc/arm-none-eabi/4.9.3/../../../../arm-none-eabi/lib/armv7-m\libg_nano.a(lib_a-exit.o) (_global_impure_ptr)
c:/program files (x86)/cypress/psoc creator/3.3/psoc creator/import/gnu/arm/4.9.3/bin/../lib/gcc/arm-none-eabi/4.9.3/../../../../arm-none-eabi/lib/armv7-m\libg_nano.a(lib_a-init.o)
                              c:/program files (x86)/cypress/psoc creator/3.3/psoc creator/import/gnu/arm/4.9.3/bin/../lib/gcc/arm-none-eabi/4.9.3/../../../../arm-none-eabi/lib/armv7-m/crt0.o (__libc_init_array)
c:/program files (x86)/cypress/psoc creator/3.3/psoc creator/import/gnu/arm/4.9.3/bin/../lib/gcc/arm-none-eabi/4.9.3/../../../../arm-none-eabi/lib/armv7-m\libg_nano.a(lib_a-memcpy.o)
                              .\CortexM3\ARM_GCC_493\Debug\Ball.a(cyfitter_cfg.o) (memcpy)
[...]
Memory Configuration

Name             Origin             Length             Attributes
rom              0x00000000         0x00040000         xr
ram              0x1fff8000         0x00010000         xrw
*default*        0x00000000         0xffffffff

Linker script and memory map

LOAD c:/program files (x86)/cypress/psoc creator/3.3/psoc creator/import/gnu/arm/4.9.3/bin/../lib/gcc/arm-none-eabi/4.9.3/armv7-m/crti.o
LOAD c:/program files (x86)/cypress/psoc creator/3.3/psoc creator/import/gnu/arm/4.9.3/bin/../lib/gcc/arm-none-eabi/4.9.3/armv7-m/crtbegin.o
LOAD c:/program files (x86)/cypress/psoc creator/3.3/psoc creator/import/gnu/arm/4.9.3/bin/../lib/gcc/arm-none-eabi/4.9.3/../../../../arm-none-eabi/lib/armv7-m/crt0.o
START GROUP
LOAD .\CortexM3\ARM_GCC_493\Debug\main.o
LOAD .\CortexM3\ARM_GCC_493\Debug\cymetadata.o
LOAD .\CortexM3\ARM_GCC_493\Debug\Cm3Start.o
LOAD .\CortexM3\ARM_GCC_493\Debug\Ball.a
LOAD C:\Program Files (x86)\Cypress\PSoC Creator\3.3\PSoC Creator\psoc\content\cycomponentlibrary\CyComponentLibrary.cylib\CortexM3\ARM_GCC_493\Debug\CyComponentLibrary.a
END GROUP
START GROUP
LOAD c:/program files (x86)/cypress/psoc creator/3.3/psoc creator/import/gnu/arm/4.9.3/bin/../lib/gcc/arm-none-eabi/4.9.3/armv7-m\libgcc.a
LOAD c:/program files (x86)/cypress/psoc creator/3.3/psoc creator/import/gnu/arm/4.9.3/bin/../lib/gcc/arm-none-eabi/4.9.3/../../../../arm-none-eabi/lib/armv7-m\libg_nano.a
LOAD c:/program files (x86)/cypress/psoc creator/3.3/psoc creator/import/gnu/arm/4.9.3/bin/../lib/gcc/arm-none-eabi/4.9.3/../../../../arm-none-eabi/lib/armv7-m\libc_nano.a
END GROUP
START GROUP
LOAD c:/program files (x86)/cypress/psoc creator/3.3/psoc creator/import/gnu/arm/4.9.3/bin/../lib/gcc/arm-none-eabi/4.9.3/armv7-m\libgcc.a
LOAD c:/program files (x86)/cypress/psoc creator/3.3/psoc creator/import/gnu/arm/4.9.3/bin/../lib/gcc/arm-none-eabi/4.9.3/../../../../arm-none-eabi/lib/armv7-m\libc_nano.a
END GROUP
LOAD c:/program files (x86)/cypress/psoc creator/3.3/psoc creator/import/gnu/arm/4.9.3/bin/../lib/gcc/arm-none-eabi/4.9.3/armv7-m/crtend.o
LOAD c:/program files (x86)/cypress/psoc creator/3.3/psoc creator/import/gnu/arm/4.9.3/bin/../lib/gcc/arm-none-eabi/4.9.3/armv7-m/crtn.o
START GROUP
LOAD c:/program files (x86)/cypress/psoc creator/3.3/psoc creator/import/gnu/arm/4.9.3/bin/../lib/gcc/arm-none-eabi/4.9.3/armv7-m\libgcc.a
LOAD c:/program files (x86)/cypress/psoc creator/3.3/psoc creator/import/gnu/arm/4.9.3/bin/../lib/gcc/arm-none-eabi/4.9.3/../../../../arm-none-eabi/lib/armv7-m\libc.a
LOAD c:/program files (x86)/cypress/psoc creator/3.3/psoc creator/import/gnu/arm/4.9.3/bin/../lib/gcc/arm-none-eabi/4.9.3/../../../../arm-none-eabi/lib/armv7-m\libnosys.a
END GROUP
                0x00000000                CY_APPL_ORIGIN = 0x0
                0x00000100                CY_FLASH_ROW_SIZE = 0x100
                0x00000020                CY_ECC_ROW_SIZE = 0x20
                0x00000000                CY_EE_IN_BTLDR = 0x0
                0x00000000                CY_APPL_LOADABLE = 0x0
                0x00000800                CY_EE_SIZE = 0x800
                0x00000001                CY_APPL_NUM = 0x1
                0x00000001                CY_APPL_MAX = 0x1
                0x00000040                CY_METADATA_SIZE = 0x40
                0x00000000                CY_APPL_LOADABLE = 0x0
                0x00000000                CY_CHECKSUM_EXCLUDE_SIZE = ALIGN (0x0, CY_FLASH_ROW_SIZE)
                0x1fff82b8                PROVIDE (__cy_heap_start, _end)
                0x00000001                PROVIDE (__cy_region_num, ((__cy_regions_end - __cy_regions) / 0x10))
                0x20008000                PROVIDE (__cy_stack, (ORIGIN (ram) + 0x10000))
                0x20007800                PROVIDE (__cy_heap_end, (__cy_stack - 0x800))

.cybootloader   0x00000000        0x0
 *(.cybootloader)
                0x00000000                appl1_start = CY_APPL_ORIGIN?CY_APPL_ORIGIN:ALIGN (CY_FLASH_ROW_SIZE)
                0x0001ff00                appl2_start = (appl1_start + ALIGN ((((0x40000 - appl1_start) - (0x2 * CY_FLASH_ROW_SIZE)) / 0x2), CY_FLASH_ROW_SIZE))
                0x00000000                appl_start = (CY_APPL_NUM == 0x1)?appl1_start:appl2_start
                0x00000000                ecc_offset = ((appl_start / CY_FLASH_ROW_SIZE) * CY_ECC_ROW_SIZE)
                0x00000000                ee_offset = (CY_APPL_LOADABLE && ! (CY_EE_IN_BTLDR))?((CY_EE_SIZE / CY_APPL_MAX) * (CY_APPL_NUM - 0x1)):0x0
                0x00000800                ee_size = (CY_APPL_LOADABLE && ! (CY_EE_IN_BTLDR))?(CY_EE_SIZE / CY_APPL_MAX):CY_EE_SIZE
                0x00000000                PROVIDE (CY_ECC_OFFSET, ecc_offset)

.text           0x00000000     0x25d0
 CREATE_OBJECT_SYMBOLS
                0x00000000                PROVIDE (__cy_interrupt_vector, RomVectors)
 *(.romvectors)
 .romvectors    0x00000000       0x10 .\CortexM3\ARM_GCC_493\Debug\Cm3Start.o
                0x00000000                RomVectors
                0x00000001                ASSERT ((. != __cy_interrupt_vector), No interrupt vector)
                0x00000001                ASSERT (CY_APPL_ORIGIN?(SIZEOF (.cybootloader) <= CY_APPL_ORIGIN):0x1, Wrong image location)
                0x00000010                PROVIDE (__cy_reset, Reset)
 *(.text.Reset)
 .text.Reset    0x00000010       0x18 .\CortexM3\ARM_GCC_493\Debug\Cm3Start.o
                0x00000010                Reset
                0x00000001                ASSERT ((. != __cy_reset), No reset code)
 *(.dma_init)
                0x00000001                ASSERT ((((appl_start + .) <= 0x10000) || 0x1), DMA Init must be within the first 64k of flash)
 *(.text .text.* .gnu.linkonce.t.*)
 .text          0x00000028       0x5c c:/program files (x86)/cypress/psoc creator/3.3/psoc creator/import/gnu/arm/4.9.3/bin/../lib/gcc/arm-none-eabi/4.9.3/armv7-m/crtbegin.o
 .text.RC_Timer_ISR_Handler
                0x00000084       0x40 .\CortexM3\ARM_GCC_493\Debug\main.o
                0x00000084                RC_Timer_ISR_Handler
 .text.main     0x000000c4       0x84 .\CortexM3\ARM_GCC_493\Debug\main.o
                0x000000c4                main
 .text.IntDefaultHandler
                0x00000148        0x4 .\CortexM3\ARM_GCC_493\Debug\Cm3Start.o
                0x00000148                IntDefaultHandler
 .text._sbrk    0x0000014c       0x30 .\CortexM3\ARM_GCC_493\Debug\Cm3Start.o
                0x0000014c                _sbrk
 .text.Start_c  0x0000017c       0x4c .\CortexM3\ARM_GCC_493\Debug\Cm3Start.o
                0x0000017c                Start_c
 .text.initialize_psoc
                0x000001c8       0x74 .\CortexM3\ARM_GCC_493\Debug\Cm3Start.o
                0x000001c8                initialize_psoc
 .text.CyClockStartupError
                0x0000023c        0x4 .\CortexM3\ARM_GCC_493\Debug\Ball.a(cyfitter_cfg.o)
 .text.cfg_write_bytes32
                0x00000240       0x34 .\CortexM3\ARM_GCC_493\Debug\Ball.a(cyfitter_cfg.o)
 .text.AnalogSetDefault
                0x00000274       0x28 .\CortexM3\ARM_GCC_493\Debug\Ball.a(cyfitter_cfg.o)
 .text.CYMEMZERO
                0x0000029c        0xc .\CortexM3\ARM_GCC_493\Debug\Ball.a(cyfitter_cfg.o)
 .text.ClockSetup
                0x000002a8       0xbc .\CortexM3\ARM_GCC_493\Debug\Ball.a(cyfitter_cfg.o)
 .text.CYCONFIGCPY
                0x00000364        0x8 .\CortexM3\ARM_GCC_493\Debug\Ball.a(cyfitter_cfg.o)
 .text.cyfitter_cfg
                0x0000036c       0xf8 .\CortexM3\ARM_GCC_493\Debug\Ball.a(cyfitter_cfg.o)
                0x0000036c                cyfitter_cfg
 .text.Motor_A_PWM_Enable
                0x00000464       0x10 .\CortexM3\ARM_GCC_493\Debug\Ball.a(Motor_A_PWM.o)
                0x00000464                Motor_A_PWM_Enable
 .text.Motor_A_PWM_WriteCounter
                0x00000474        0xc .\CortexM3\ARM_GCC_493\Debug\Ball.a(Motor_A_PWM.o)
                0x00000474                Motor_A_PWM_WriteCounter
 .text.Motor_A_PWM_WritePeriod
                0x00000480        0xc .\CortexM3\ARM_GCC_493\Debug\Ball.a(Motor_A_PWM.o)
                0x00000480                Motor_A_PWM_WritePeriod
 .text.Motor_A_PWM_WriteCompare1
                0x0000048c        0xc .\CortexM3\ARM_GCC_493\Debug\Ball.a(Motor_A_PWM.o)
                0x0000048c                Motor_A_PWM_WriteCompare1
 .text.Motor_A_PWM_WriteCompare2
                0x00000498        0xc .\CortexM3\ARM_GCC_493\Debug\Ball.a(Motor_A_PWM.o)
                0x00000498                Motor_A_PWM_WriteCompare2
 .text.Motor_A_PWM_SetInterruptMode
                0x000004a4        0xc .\CortexM3\ARM_GCC_493\Debug\Ball.a(Motor_A_PWM.o)
                0x000004a4                Motor_A_PWM_SetInterruptMode
 .text.Motor_A_PWM_ReadStatusRegister
                0x000004b0        0xc .\CortexM3\ARM_GCC_493\Debug\Ball.a(Motor_A_PWM.o)
                0x000004b0                Motor_A_PWM_ReadStatusRegister
 .text.Motor_A_PWM_ReadCapture
                0x000004bc        0xc .\CortexM3\ARM_GCC_493\Debug\Ball.a(Motor_A_PWM.o)
                0x000004bc                Motor_A_PWM_ReadCapture
 .text.Motor_A_PWM_ClearFIFO
                0x000004c8       0x14 .\CortexM3\ARM_GCC_493\Debug\Ball.a(Motor_A_PWM.o)
                0x000004c8                Motor_A_PWM_ClearFIFO
 .text.Motor_A_PWM_Init
                0x000004dc       0x58 .\CortexM3\ARM_GCC_493\Debug\Ball.a(Motor_A_PWM.o)
                0x000004dc                Motor_A_PWM_Init
 .text.Motor_A_PWM_Start
                0x00000534       0x1c .\CortexM3\ARM_GCC_493\Debug\Ball.a(Motor_A_PWM.o)
                0x00000534                Motor_A_PWM_Start
 .text          0x00000550       0x20 .\CortexM3\ARM_GCC_493\Debug\Ball.a(CyBootAsmGnu.o)
                0x00000550                CyDelayCycles
                0x00000560                CyEnterCriticalSection
                0x00000568                CyExitCriticalSection
 .text.CyHalt   0x00000570        0x4 .\CortexM3\ARM_GCC_493\Debug\Ball.a(CyLib.o)
                0x00000570                CyHalt
 .text.CyDelay  0x00000574       0x2c .\CortexM3\ARM_GCC_493\Debug\Ball.a(CyLib.o)
                0x00000574                CyDelay
 .text.CyDelayUs
                0x000005a0       0x14 .\CortexM3\ARM_GCC_493\Debug\Ball.a(CyLib.o)
                0x000005a0                CyDelayUs
 .text.CyIntSetVector
                0x000005b4       0x28 .\CortexM3\ARM_GCC_493\Debug\Ball.a(CyLib.o)
                0x000005b4                CyIntSetVector
 .text.CyIntSetPriority
                0x000005dc       0x30 .\CortexM3\ARM_GCC_493\Debug\Ball.a(CyLib.o)
                0x000005dc                CyIntSetPriority
 .text.CyGetUniqueId
                0x0000060c       0x70 .\CortexM3\ARM_GCC_493\Debug\Ball.a(CyLib.o)
                0x0000060c                CyGetUniqueId
 .text.USBUART_Init
                0x0000067c      0x140 .\CortexM3\ARM_GCC_493\Debug\Ball.a(USBUART.o)
                0x0000067c                USBUART_Init
 .text.USBUART_InitComponent
                0x000007bc       0xb8 .\CortexM3\ARM_GCC_493\Debug\Ball.a(USBUART.o)
                0x000007bc                USBUART_InitComponent
 .text.USBUART_Start
                0x00000874       0x24 .\CortexM3\ARM_GCC_493\Debug\Ball.a(USBUART.o)
                0x00000874                USBUART_Start
 .text.USBUART_ReInitComponent
                0x00000898       0x4c .\CortexM3\ARM_GCC_493\Debug\Ball.a(USBUART.o)
                0x00000898                USBUART_ReInitComponent
 .text.USBUART_GetConfiguration
                0x000008e4        0xc .\CortexM3\ARM_GCC_493\Debug\Ball.a(USBUART.o)
                0x000008e4                USBUART_GetConfiguration
 .text.USBUART_LoadInEP
                0x000008f0       0x94 .\CortexM3\ARM_GCC_493\Debug\Ball.a(USBUART.o)
                0x000008f0                USBUART_LoadInEP
 .text.USBUART_StrLen
                0x00000984       0x14 .\CortexM3\ARM_GCC_493\Debug\Ball.a(USBUART_cdc.o)
 .text.USBUART_GetInterfaceComPort
                0x00000998       0x3c .\CortexM3\ARM_GCC_493\Debug\Ball.a(USBUART_cdc.o)
                0x00000998                USBUART_GetInterfaceComPort
 .text.USBUART_DispatchCDCClassRqst
                0x000009d4       0x98 .\CortexM3\ARM_GCC_493\Debug\Ball.a(USBUART_cdc.o)
                0x000009d4                USBUART_DispatchCDCClassRqst
 .text.USBUART_PutString
                0x00000a6c       0x9c .\CortexM3\ARM_GCC_493\Debug\Ball.a(USBUART_cdc.o)
                0x00000a6c                USBUART_PutString
 .text.USBUART_Cdc_EpInit
                0x00000b08       0x50 .\CortexM3\ARM_GCC_493\Debug\Ball.a(USBUART_cdc.o)
                0x00000b08                USBUART_Cdc_EpInit
 .text.USBUART_LoadEP0
                0x00000b58       0x94 .\CortexM3\ARM_GCC_493\Debug\Ball.a(USBUART_drv.o)
                0x00000b58                USBUART_LoadEP0
 .text.USBUART_InitZeroLengthControlTransfer
                0x00000bec       0x34 .\CortexM3\ARM_GCC_493\Debug\Ball.a(USBUART_drv.o)
                0x00000bec                USBUART_InitZeroLengthControlTransfer
 .text.USBUART_ControlReadDataStage
                0x00000c20        0x8 .\CortexM3\ARM_GCC_493\Debug\Ball.a(USBUART_drv.o)
                0x00000c20                USBUART_ControlReadDataStage
 .text.USBUART_ControlWriteDataStage
                0x00000c28       0x80 .\CortexM3\ARM_GCC_493\Debug\Ball.a(USBUART_drv.o)
                0x00000c28                USBUART_ControlWriteDataStage
 .text.USBUART_InitNoDataControlTransfer
                0x00000ca8       0x2c .\CortexM3\ARM_GCC_493\Debug\Ball.a(USBUART_drv.o)
                0x00000ca8                USBUART_InitNoDataControlTransfer
 .text.USBUART_UpdateStatusBlock
                0x00000cd4       0x24 .\CortexM3\ARM_GCC_493\Debug\Ball.a(USBUART_drv.o)
                0x00000cd4                USBUART_UpdateStatusBlock
 .text.USBUART_HandleSetup
                0x00000cf8       0x5c .\CortexM3\ARM_GCC_493\Debug\Ball.a(USBUART_drv.o)
                0x00000cf8                USBUART_HandleSetup
 .text.USBUART_ControlReadStatusStage
                0x00000d54       0x34 .\CortexM3\ARM_GCC_493\Debug\Ball.a(USBUART_drv.o)
                0x00000d54                USBUART_ControlReadStatusStage
 .text.USBUART_HandleOUT
                0x00000d88       0x38 .\CortexM3\ARM_GCC_493\Debug\Ball.a(USBUART_drv.o)
                0x00000d88                USBUART_HandleOUT
 .text.USBUART_ControlWriteStatusStage
                0x00000dc0       0x20 .\CortexM3\ARM_GCC_493\Debug\Ball.a(USBUART_drv.o)
                0x00000dc0                USBUART_ControlWriteStatusStage
 .text.USBUART_NoDataControlStatusStage
                0x00000de0       0x40 .\CortexM3\ARM_GCC_493\Debug\Ball.a(USBUART_drv.o)
                0x00000de0                USBUART_NoDataControlStatusStage
 .text.USBUART_HandleIN
                0x00000e20       0x2c .\CortexM3\ARM_GCC_493\Debug\Ball.a(USBUART_drv.o)
                0x00000e20                USBUART_HandleIN
 .text.USBUART_EP_0_ISR
                0x00000e4c       0xb8 .\CortexM3\ARM_GCC_493\Debug\Ball.a(USBUART_drv.o)
                0x00000e4c                USBUART_EP_0_ISR
 .text.USBUART_InitializeStatusBlock
                0x00000f04       0x24 .\CortexM3\ARM_GCC_493\Debug\Ball.a(USBUART_drv.o)
                0x00000f04                USBUART_InitializeStatusBlock
 .text.USBUART_InitControlRead
                0x00000f28       0x50 .\CortexM3\ARM_GCC_493\Debug\Ball.a(USBUART_drv.o)
                0x00000f28                USBUART_InitControlRead
 .text.USBUART_InitControlWrite
                0x00000f78       0x48 .\CortexM3\ARM_GCC_493\Debug\Ball.a(USBUART_drv.o)
                0x00000f78                USBUART_InitControlWrite
 .text.USBUART_EP_1_ISR
                0x00000fc0       0x38 .\CortexM3\ARM_GCC_493\Debug\Ball.a(USBUART_episr.o)
                0x00000fc0                USBUART_EP_1_ISR
 .text.USBUART_EP_2_ISR
                0x00000ff8       0x3c .\CortexM3\ARM_GCC_493\Debug\Ball.a(USBUART_episr.o)
                0x00000ff8                USBUART_EP_2_ISR
 .text.USBUART_EP_3_ISR
                0x00001034       0x44 .\CortexM3\ARM_GCC_493\Debug\Ball.a(USBUART_episr.o)
                0x00001034                USBUART_EP_3_ISR
 .text.USBUART_SOF_ISR
                0x00001078        0x4 .\CortexM3\ARM_GCC_493\Debug\Ball.a(USBUART_episr.o)
                0x00001078                USBUART_SOF_ISR
 .text.USBUART_BUS_RESET_ISR
                0x0000107c        0x8 .\CortexM3\ARM_GCC_493\Debug\Ball.a(USBUART_episr.o)
                0x0000107c                USBUART_BUS_RESET_ISR
 .text.USBUART_DP_ISR
                0x00001084        0x8 .\CortexM3\ARM_GCC_493\Debug\Ball.a(USBUART_pm.o)
                0x00001084                USBUART_DP_ISR
 .text.USBUART_ReadDieID
                0x0000108c       0x6c .\CortexM3\ARM_GCC_493\Debug\Ball.a(USBUART_std.o)
                0x0000108c                USBUART_ReadDieID
 .text.USBUART_ConfigReg
                0x000010f8       0xa4 .\CortexM3\ARM_GCC_493\Debug\Ball.a(USBUART_std.o)
                0x000010f8                USBUART_ConfigReg
 .text.USBUART_GetConfigTablePtr
                0x0000119c       0x28 .\CortexM3\ARM_GCC_493\Debug\Ball.a(USBUART_std.o)
                0x0000119c                USBUART_GetConfigTablePtr
 .text.USBUART_ConfigAltChanged
                0x000011c4      0x11c .\CortexM3\ARM_GCC_493\Debug\Ball.a(USBUART_std.o)
                0x000011c4                USBUART_ConfigAltChanged
 .text.USBUART_GetDeviceTablePtr
                0x000012e0       0x18 .\CortexM3\ARM_GCC_493\Debug\Ball.a(USBUART_std.o)
                0x000012e0                USBUART_GetDeviceTablePtr
 .text.USBUART_GetInterfaceClassTablePtr
                0x000012f8       0x24 .\CortexM3\ARM_GCC_493\Debug\Ball.a(USBUART_std.o)
                0x000012f8                USBUART_GetInterfaceClassTablePtr
 .text.USBUART_Config
                0x0000131c      0x1e4 .\CortexM3\ARM_GCC_493\Debug\Ball.a(USBUART_std.o)
                0x0000131c                USBUART_Config
 .text.USBUART_SetEndpointHalt
                0x00001500       0x64 .\CortexM3\ARM_GCC_493\Debug\Ball.a(USBUART_std.o)
                0x00001500                USBUART_SetEndpointHalt
 .text.USBUART_ClearEndpointHalt
                0x00001564       0xa8 .\CortexM3\ARM_GCC_493\Debug\Ball.a(USBUART_std.o)
                0x00001564                USBUART_ClearEndpointHalt
 .text.USBUART_ValidateAlternateSetting
                0x0000160c       0x4c .\CortexM3\ARM_GCC_493\Debug\Ball.a(USBUART_std.o)
                0x0000160c                USBUART_ValidateAlternateSetting
 .text.USBUART_HandleStandardRqst
                0x00001658      0x350 .\CortexM3\ARM_GCC_493\Debug\Ball.a(USBUART_std.o)
                0x00001658                USBUART_HandleStandardRqst
 .text.USBUART_HandleVendorRqst
                0x000019a8       0x18 .\CortexM3\ARM_GCC_493\Debug\Ball.a(USBUART_vnd.o)
                0x000019a8                USBUART_HandleVendorRqst
 .text.USBUART_Dp_ClearInterrupt
                0x000019c0       0x10 .\CortexM3\ARM_GCC_493\Debug\Ball.a(USBUART_Dp.o)
                0x000019c0                USBUART_Dp_ClearInterrupt
 .text.RC_Counter_Enable
                0x000019d0       0x10 .\CortexM3\ARM_GCC_493\Debug\Ball.a(RC_Counter.o)
                0x000019d0                RC_Counter_Enable
 .text.RC_Counter_SetInterruptMode
                0x000019e0        0xc .\CortexM3\ARM_GCC_493\Debug\Ball.a(RC_Counter.o)
                0x000019e0                RC_Counter_SetInterruptMode
 .text.RC_Counter_ReadStatusRegister
                0x000019ec        0xc .\CortexM3\ARM_GCC_493\Debug\Ball.a(RC_Counter.o)
                0x000019ec                RC_Counter_ReadStatusRegister
 .text.RC_Counter_WriteCounter
                0x000019f8        0xc .\CortexM3\ARM_GCC_493\Debug\Ball.a(RC_Counter.o)
                0x000019f8                RC_Counter_WriteCounter
 .text.RC_Counter_ReadCapture
                0x00001a04        0xc .\CortexM3\ARM_GCC_493\Debug\Ball.a(RC_Counter.o)
                0x00001a04                RC_Counter_ReadCapture
 .text.RC_Counter_WritePeriod
                0x00001a10        0xc .\CortexM3\ARM_GCC_493\Debug\Ball.a(RC_Counter.o)
                0x00001a10                RC_Counter_WritePeriod
 .text.RC_Counter_WriteCompare
                0x00001a1c        0xc .\CortexM3\ARM_GCC_493\Debug\Ball.a(RC_Counter.o)
                0x00001a1c                RC_Counter_WriteCompare
 .text.RC_Counter_ClearFIFO
                0x00001a28       0x14 .\CortexM3\ARM_GCC_493\Debug\Ball.a(RC_Counter.o)
                0x00001a28                RC_Counter_ClearFIFO
 .text.RC_Counter_Init
                0x00001a3c       0x5c .\CortexM3\ARM_GCC_493\Debug\Ball.a(RC_Counter.o)
                0x00001a3c                RC_Counter_Init
 .text.RC_Counter_Start
                0x00001a98       0x1c .\CortexM3\ARM_GCC_493\Debug\Ball.a(RC_Counter.o)
                0x00001a98                RC_Counter_Start
 .text.RC_PWM_Enable
                0x00001ab4       0x10 .\CortexM3\ARM_GCC_493\Debug\Ball.a(RC_PWM.o)
                0x00001ab4                RC_PWM_Enable
 .text.RC_PWM_WriteCounter
                0x00001ac4        0xc .\CortexM3\ARM_GCC_493\Debug\Ball.a(RC_PWM.o)
                0x00001ac4                RC_PWM_WriteCounter
 .text.RC_PWM_WritePeriod
                0x00001ad0        0xc .\CortexM3\ARM_GCC_493\Debug\Ball.a(RC_PWM.o)
                0x00001ad0                RC_PWM_WritePeriod
 .text.RC_PWM_WriteCompare
                0x00001adc        0xc .\CortexM3\ARM_GCC_493\Debug\Ball.a(RC_PWM.o)
                0x00001adc                RC_PWM_WriteCompare
 .text.RC_PWM_SetInterruptMode
                0x00001ae8        0xc .\CortexM3\ARM_GCC_493\Debug\Ball.a(RC_PWM.o)
                0x00001ae8                RC_PWM_SetInterruptMode
 .text.RC_PWM_ReadStatusRegister
                0x00001af4        0xc .\CortexM3\ARM_GCC_493\Debug\Ball.a(RC_PWM.o)
                0x00001af4                RC_PWM_ReadStatusRegister
 .text.RC_PWM_ReadCapture
                0x00001b00        0xc .\CortexM3\ARM_GCC_493\Debug\Ball.a(RC_PWM.o)
                0x00001b00                RC_PWM_ReadCapture
 .text.RC_PWM_ClearFIFO
                0x00001b0c       0x14 .\CortexM3\ARM_GCC_493\Debug\Ball.a(RC_PWM.o)
                0x00001b0c                RC_PWM_ClearFIFO
 .text.RC_PWM_Init
                0x00001b20       0x50 .\CortexM3\ARM_GCC_493\Debug\Ball.a(RC_PWM.o)
                0x00001b20                RC_PWM_Init
 .text.RC_PWM_Start
                0x00001b70       0x1c .\CortexM3\ARM_GCC_493\Debug\Ball.a(RC_PWM.o)
                0x00001b70                RC_PWM_Start
 .text.RC_Count_2_Read
                0x00001b8c       0x10 .\CortexM3\ARM_GCC_493\Debug\Ball.a(RC_Count_2.o)
                0x00001b8c                RC_Count_2_Read
 .text.RC_Timer_Enable
                0x00001b9c       0x10 .\CortexM3\ARM_GCC_493\Debug\Ball.a(RC_Timer.o)
                0x00001b9c                RC_Timer_Enable
 .text.RC_Timer_Stop
                0x00001bac       0x10 .\CortexM3\ARM_GCC_493\Debug\Ball.a(RC_Timer.o)
                0x00001bac                RC_Timer_Stop
 .text.RC_Timer_SetInterruptMode
                0x00001bbc        0xc .\CortexM3\ARM_GCC_493\Debug\Ball.a(RC_Timer.o)
                0x00001bbc                RC_Timer_SetInterruptMode
 .text.RC_Timer_ReadStatusRegister
                0x00001bc8        0xc .\CortexM3\ARM_GCC_493\Debug\Ball.a(RC_Timer.o)
                0x00001bc8                RC_Timer_ReadStatusRegister
 .text.RC_Timer_WritePeriod
                0x00001bd4        0xc .\CortexM3\ARM_GCC_493\Debug\Ball.a(RC_Timer.o)
                0x00001bd4                RC_Timer_WritePeriod
 .text.RC_Timer_ReadCapture
                0x00001be0        0xc .\CortexM3\ARM_GCC_493\Debug\Ball.a(RC_Timer.o)
                0x00001be0                RC_Timer_ReadCapture
 .text.RC_Timer_WriteCounter
                0x00001bec        0xc .\CortexM3\ARM_GCC_493\Debug\Ball.a(RC_Timer.o)
                0x00001bec                RC_Timer_WriteCounter
 .text.RC_Timer_EnableTrigger
                0x00001bf8       0x10 .\CortexM3\ARM_GCC_493\Debug\Ball.a(RC_Timer.o)
                0x00001bf8                RC_Timer_EnableTrigger
 .text.RC_Timer_SetInterruptCount
                0x00001c08       0x1c .\CortexM3\ARM_GCC_493\Debug\Ball.a(RC_Timer.o)
                0x00001c08                RC_Timer_SetInterruptCount
 .text.RC_Timer_ClearFIFO
                0x00001c24       0x14 .\CortexM3\ARM_GCC_493\Debug\Ball.a(RC_Timer.o)
                0x00001c24                RC_Timer_ClearFIFO
 .text.RC_Timer_Init
                0x00001c38       0x40 .\CortexM3\ARM_GCC_493\Debug\Ball.a(RC_Timer.o)
                0x00001c38                RC_Timer_Init
 .text.RC_Timer_Start
                0x00001c78       0x1c .\CortexM3\ARM_GCC_493\Debug\Ball.a(RC_Timer.o)
                0x00001c78                RC_Timer_Start
 .text.RC_Timer_Interrupt_SetVector
                0x00001c94        0xc .\CortexM3\ARM_GCC_493\Debug\Ball.a(RC_Timer_Interrupt.o)
                0x00001c94                RC_Timer_Interrupt_SetVector
 .text.RC_Timer_Interrupt_SetPriority
                0x00001ca0       0x10 .\CortexM3\ARM_GCC_493\Debug\Ball.a(RC_Timer_Interrupt.o)
                0x00001ca0                RC_Timer_Interrupt_SetPriority
 .text.RC_Timer_Interrupt_Enable
                0x00001cb0        0xc .\CortexM3\ARM_GCC_493\Debug\Ball.a(RC_Timer_Interrupt.o)
                0x00001cb0                RC_Timer_Interrupt_Enable
 .text.RC_Timer_Interrupt_Disable
                0x00001cbc        0xc .\CortexM3\ARM_GCC_493\Debug\Ball.a(RC_Timer_Interrupt.o)
                0x00001cbc                RC_Timer_Interrupt_Disable
 .text.RC_Timer_Interrupt_StartEx
                0x00001cc8       0x1c .\CortexM3\ARM_GCC_493\Debug\Ball.a(RC_Timer_Interrupt.o)
                0x00001cc8                RC_Timer_Interrupt_StartEx
 .text.USBUART_DispatchClassRqst
                0x00001ce4       0x58 .\CortexM3\ARM_GCC_493\Debug\Ball.a(USBUART_cls.o)
                0x00001ce4                USBUART_DispatchClassRqst
 .text.__errno  0x00001d3c        0xc c:/program files (x86)/cypress/psoc creator/3.3/psoc creator/import/gnu/arm/4.9.3/bin/../lib/gcc/arm-none-eabi/4.9.3/../../../../arm-none-eabi/lib/armv7-m\libg_nano.a(lib_a-errno.o)
                0x00001d3c                __errno
 .text.__libc_init_array
                0x00001d48       0x4c c:/program files (x86)/cypress/psoc creator/3.3/psoc creator/import/gnu/arm/4.9.3/bin/../lib/gcc/arm-none-eabi/4.9.3/../../../../arm-none-eabi/lib/armv7-m\libg_nano.a(lib_a-init.o)
                0x00001d48                __libc_init_array
 .text.memcpy   0x00001d94       0x16 c:/program files (x86)/cypress/psoc creator/3.3/psoc creator/import/gnu/arm/4.9.3/bin/../lib/gcc/arm-none-eabi/4.9.3/../../../../arm-none-eabi/lib/armv7-m\libg_nano.a(lib_a-memcpy.o)
                0x00001d94                memcpy
 .text.memset   0x00001daa       0x10 c:/program files (x86)/cypress/psoc creator/3.3/psoc creator/import/gnu/arm/4.9.3/bin/../lib/gcc/arm-none-eabi/4.9.3/../../../../arm-none-eabi/lib/armv7-m\libg_nano.a(lib_a-memset.o)
                0x00001daa                memset
 *fill*         0x00001dba        0x2 
 .text.sprintf  0x00001dbc       0x48 c:/program files (x86)/cypress/psoc creator/3.3/psoc creator/import/gnu/arm/4.9.3/bin/../lib/gcc/arm-none-eabi/4.9.3/../../../../arm-none-eabi/lib/armv7-m\libg_nano.a(lib_a-sprintf.o)
                0x00001dbc                siprintf
                0x00001dbc                sprintf
 .text.__ssputs_r
                0x00001e04       0xb2 c:/program files (x86)/cypress/psoc creator/3.3/psoc creator/import/gnu/arm/4.9.3/bin/../lib/gcc/arm-none-eabi/4.9.3/../../../../arm-none-eabi/lib/armv7-m\libg_nano.a(lib_a-nano-svfprintf.o)
                0x00001e04                __ssputs_r
 *fill*         0x00001eb6        0x2 
 .text._svfprintf_r
                0x00001eb8      0x1e4 c:/program files (x86)/cypress/psoc creator/3.3/psoc creator/import/gnu/arm/4.9.3/bin/../lib/gcc/arm-none-eabi/4.9.3/../../../../arm-none-eabi/lib/armv7-m\libg_nano.a(lib_a-nano-svfprintf.o)
                0x00001eb8                _svfiprintf_r
                0x00001eb8                _svfprintf_r
 .text._printf_common
                0x0000209c       0xea c:/program files (x86)/cypress/psoc creator/3.3/psoc creator/import/gnu/arm/4.9.3/bin/../lib/gcc/arm-none-eabi/4.9.3/../../../../arm-none-eabi/lib/armv7-m\libg_nano.a(lib_a-nano-vfprintf_i.o)
                0x0000209c                _printf_common
 *fill*         0x00002186        0x2 
 .text._printf_i
                0x00002188      0x240 c:/program files (x86)/cypress/psoc creator/3.3/psoc creator/import/gnu/arm/4.9.3/bin/../lib/gcc/arm-none-eabi/4.9.3/../../../../arm-none-eabi/lib/armv7-m\libg_nano.a(lib_a-nano-vfprintf_i.o)
                0x00002188                _printf_i
 .text.memchr   0x000023c8       0x1c c:/program files (x86)/cypress/psoc creator/3.3/psoc creator/import/gnu/arm/4.9.3/bin/../lib/gcc/arm-none-eabi/4.9.3/../../../../arm-none-eabi/lib/armv7-m\libg_nano.a(lib_a-memchr.o)
                0x000023c8                memchr
 .text.memmove  0x000023e4       0x36 c:/program files (x86)/cypress/psoc creator/3.3/psoc creator/import/gnu/arm/4.9.3/bin/../lib/gcc/arm-none-eabi/4.9.3/../../../../arm-none-eabi/lib/armv7-m\libg_nano.a(lib_a-memmove.o)
                0x000023e4                memmove
 *fill*         0x0000241a        0x2 
 .text._free_r  0x0000241c       0x88 c:/program files (x86)/cypress/psoc creator/3.3/psoc creator/import/gnu/arm/4.9.3/bin/../lib/gcc/arm-none-eabi/4.9.3/../../../../arm-none-eabi/lib/armv7-m\libg_nano.a(lib_a-nano-freer.o)
                0x0000241c                _free_r
 .text._malloc_r
                0x000024a4       0xac c:/program files (x86)/cypress/psoc creator/3.3/psoc creator/import/gnu/arm/4.9.3/bin/../lib/gcc/arm-none-eabi/4.9.3/../../../../arm-none-eabi/lib/armv7-m\libg_nano.a(lib_a-nano-mallocr.o)
                0x000024a4                _malloc_r
 .text._realloc_r
                0x00002550       0x4c c:/program files (x86)/cypress/psoc creator/3.3/psoc creator/import/gnu/arm/4.9.3/bin/../lib/gcc/arm-none-eabi/4.9.3/../../../../arm-none-eabi/lib/armv7-m\libg_nano.a(lib_a-nano-reallocr.o)
                0x00002550                _realloc_r
 .text._sbrk_r  0x0000259c       0x20 c:/program files (x86)/cypress/psoc creator/3.3/psoc creator/import/gnu/arm/4.9.3/bin/../lib/gcc/arm-none-eabi/4.9.3/../../../../arm-none-eabi/lib/armv7-m\libg_nano.a(lib_a-sbrkr.o)
                0x0000259c                _sbrk_r
 .text._malloc_usable_size_r
                0x000025bc       0x14 c:/program files (x86)/cypress/psoc creator/3.3/psoc creator/import/gnu/arm/4.9.3/bin/../lib/gcc/arm-none-eabi/4.9.3/../../../../arm-none-eabi/lib/armv7-m\libg_nano.a(lib_a-nano-msizer.o)
                0x000025bc                _malloc_usable_size_r
 *(.plt)
 *(.gnu.warning)
 *(.glue_7t)
 .glue_7t       0x00000000        0x0 linker stubs
 *(.glue_7)
 .glue_7        0x00000000        0x0 linker stubs
 *(.vfp11_veneer)
 .vfp11_veneer  0x00000000        0x0 linker stubs
 *(.bootloader)
 *(.ARM.extab* .gnu.linkonce.armextab.*)
 *(.gcc_except_table)

.v4_bx          0x000025d0        0x0
 .v4_bx         0x00000000        0x0 linker stubs

.iplt           0x000025d0        0x0
 .iplt          0x00000000        0x0 c:/program files (x86)/cypress/psoc creator/3.3/psoc creator/import/gnu/arm/4.9.3/bin/../lib/gcc/arm-none-eabi/4.9.3/armv7-m/crtbegin.o

.eh_frame_hdr
 *(.eh_frame_hdr)

.eh_frame       0x000025d0        0x4
 *(.eh_frame)
 .eh_frame      0x000025d0        0x0 c:/program files (x86)/cypress/psoc creator/3.3/psoc creator/import/gnu/arm/4.9.3/bin/../lib/gcc/arm-none-eabi/4.9.3/armv7-m/crtbegin.o
 .eh_frame      0x000025d0        0x4 c:/program files (x86)/cypress/psoc creator/3.3/psoc creator/import/gnu/arm/4.9.3/bin/../lib/gcc/arm-none-eabi/4.9.3/armv7-m/crtend.o
                0x000025d4                PROVIDE (__exidx_start, .)

.ARM.exidx
 *(.ARM.exidx* .gnu.linkonce.armexidx.*)
                0x000025d4                __exidx_end = .

.rodata         0x000025d4      0x23c
 *(.rodata .rodata.* .gnu.linkonce.r.*)
 .rodata.str1.4
                0x000025d4       0x26 .\CortexM3\ARM_GCC_493\Debug\main.o
                                 0x28 (size before relaxing)
 *fill*         0x000025fa        0x2 
 .rodata        0x000025fc       0x30 .\CortexM3\ARM_GCC_493\Debug\Ball.a(cyfitter_cfg.o)
 .rodata.str1.4
                0x0000262c       0x14 .\CortexM3\ARM_GCC_493\Debug\Ball.a(USBUART_std.o)
 .rodata        0x00002640      0x160 .\CortexM3\ARM_GCC_493\Debug\Ball.a(USBUART_descr.o)
                0x00002640                USBUART_TABLE
                0x00002648                USBUART_DEVICE0_TABLE
                0x00002660                USBUART_DEVICE0_CONFIGURATION0_TABLE
                0x00002688                USBUART_DEVICE0_CONFIGURATION0_INTERFACE_CLASS
                0x0000268c                USBUART_DEVICE0_CONFIGURATION0_EP_SETTINGS_TABLE
                0x000026a4                USBUART_SN_STRING_DESCRIPTOR
                0x000026a8                USBUART_STRING_DESCRIPTORS
                0x00002748                USBUART_DEVICE0_CONFIGURATION0_DESCR
                0x0000278c                USBUART_DEVICE0_DESCR
 .rodata.str1.1
                0x000027a0        0x2 c:/program files (x86)/cypress/psoc creator/3.3/psoc creator/import/gnu/arm/4.9.3/bin/../lib/gcc/arm-none-eabi/4.9.3/../../../../arm-none-eabi/lib/armv7-m\libg_nano.a(lib_a-impure.o)
 .rodata.str1.1
                0x000027a2       0x11 c:/program files (x86)/cypress/psoc creator/3.3/psoc creator/import/gnu/arm/4.9.3/bin/../lib/gcc/arm-none-eabi/4.9.3/../../../../arm-none-eabi/lib/armv7-m\libg_nano.a(lib_a-nano-svfprintf.o)
 .rodata.str1.1
                0x000027b3       0x22 c:/program files (x86)/cypress/psoc creator/3.3/psoc creator/import/gnu/arm/4.9.3/bin/../lib/gcc/arm-none-eabi/4.9.3/../../../../arm-none-eabi/lib/armv7-m\libg_nano.a(lib_a-nano-vfprintf_i.o)
                0x000027d8                . = ALIGN (0x4)
 *fill*         0x000027d5        0x3 
 *(.init)
 .init          0x000027d8        0x4 c:/program files (x86)/cypress/psoc creator/3.3/psoc creator/import/gnu/arm/4.9.3/bin/../lib/gcc/arm-none-eabi/4.9.3/armv7-m/crti.o
                0x000027d8                _init
 .init          0x000027dc        0x8 c:/program files (x86)/cypress/psoc creator/3.3/psoc creator/import/gnu/arm/4.9.3/bin/../lib/gcc/arm-none-eabi/4.9.3/armv7-m/crtn.o
                0x000027e4                . = ALIGN (0x4)
                0x000027e4                __preinit_array_start = .
 *(.preinit_array)
                0x000027e4                __preinit_array_end = .
                0x000027e4                . = ALIGN (0x4)
                0x000027e4                __init_array_start = .
 *(SORT(.init_array.*))
 *(.init_array)
 .init_array    0x000027e4        0x4 c:/program files (x86)/cypress/psoc creator/3.3/psoc creator/import/gnu/arm/4.9.3/bin/../lib/gcc/arm-none-eabi/4.9.3/armv7-m/crtbegin.o
 .init_array    0x000027e8        0x4 .\CortexM3\ARM_GCC_493\Debug\Cm3Start.o
                0x000027ec                __init_array_end = .
                0x000027ec                . = ALIGN (0x4)
 *(.fini)
 .fini          0x000027ec        0x4 c:/program files (x86)/cypress/psoc creator/3.3/psoc creator/import/gnu/arm/4.9.3/bin/../lib/gcc/arm-none-eabi/4.9.3/armv7-m/crti.o
                0x000027ec                _fini
 .fini          0x000027f0        0x8 c:/program files (x86)/cypress/psoc creator/3.3/psoc creator/import/gnu/arm/4.9.3/bin/../lib/gcc/arm-none-eabi/4.9.3/armv7-m/crtn.o
                0x000027f8                . = ALIGN (0x4)
                0x000027f8                __fini_array_start = .
 *(.fini_array)
 .fini_array    0x000027f8        0x4 c:/program files (x86)/cypress/psoc creator/3.3/psoc creator/import/gnu/arm/4.9.3/bin/../lib/gcc/arm-none-eabi/4.9.3/armv7-m/crtbegin.o
 *(SORT(.fini_array.*))
                0x000027fc                __fini_array_end = .
                0x000027fc                . = ALIGN (0x4)
 *crtbegin.o(.ctors)
 *(EXCLUDE_FILE(*crtend.o) .ctors)
 *(SORT(.ctors.*))
 *crtend.o(.ctors)
                0x000027fc                . = ALIGN (0x4)
 *crtbegin.o(.dtors)
 *(EXCLUDE_FILE(*crtend.o) .dtors)
 *(SORT(.dtors.*))
 *crtend.o(.dtors)
                0x000027fc                . = ALIGN (0x4)
                0x000027fc                __cy_regions = .
                0x000027fc        0x4 LONG 0x2810 __cy_region_init_ram
                0x00002800        0x4 LONG 0x1fff8108 __cy_region_start_data
                0x00002804        0x4 LONG 0x98 __cy_region_init_size_ram
                0x00002808        0x4 LONG 0x118 __cy_region_zero_size_ram
                0x0000280c                __cy_regions_end = .
                0x00002810                . = ALIGN (0x8)
 *fill*         0x0000280c        0x4 
                0x00002810                _etext = .

.cy_checksum_exclude
                0x00002810        0x0
 *(.cy_checksum_exclude)

.ramvectors     0x1fff8000      0x100
                0x1fff8000                __cy_region_start_ram = .
 *(.ramvectors)
 .ramvectors    0x1fff8000      0x100 .\CortexM3\ARM_GCC_493\Debug\Cm3Start.o
                0x1fff8000                CyRamVectors

.noinit         0x1fff8100        0x5
 *(.noinit)
 .noinit        0x1fff8100        0x4 .\CortexM3\ARM_GCC_493\Debug\Cm3Start.o
 .noinit        0x1fff8104        0x1 .\CortexM3\ARM_GCC_493\Debug\Ball.a(CyLib.o)
                0x1fff8104                CyResetStatus

.data           0x1fff8108       0x98 load address 0x00002810
                0x1fff8108                __cy_region_start_data = .
 *(.jcr)
 .jcr           0x1fff8108        0x0 c:/program files (x86)/cypress/psoc creator/3.3/psoc creator/import/gnu/arm/4.9.3/bin/../lib/gcc/arm-none-eabi/4.9.3/armv7-m/crtbegin.o
 .jcr           0x1fff8108        0x4 c:/program files (x86)/cypress/psoc creator/3.3/psoc creator/import/gnu/arm/4.9.3/bin/../lib/gcc/arm-none-eabi/4.9.3/armv7-m/crtend.o
 *(.got.plt)
 *(.got)
 *(.shdata)
 *(.data .data.* .gnu.linkonce.d.*)
 .data          0x1fff810c        0x4 .\CortexM3\ARM_GCC_493\Debug\Cm3Start.o
 .data          0x1fff8110       0x10 .\CortexM3\ARM_GCC_493\Debug\Ball.a(CyLib.o)
                0x1fff8110                cydelay_32k_ms
                0x1fff8114                cydelay_freq_khz
                0x1fff8118                cydelay_freq_mhz
                0x1fff811c                cydelay_freq_hz
 .data          0x1fff8120       0x1c .\CortexM3\ARM_GCC_493\Debug\Ball.a(USBUART_cdc.o)
                0x1fff8120                USBUART_linesCoding
 .data.impure_data
                0x1fff813c       0x60 c:/program files (x86)/cypress/psoc creator/3.3/psoc creator/import/gnu/arm/4.9.3/bin/../lib/gcc/arm-none-eabi/4.9.3/../../../../arm-none-eabi/lib/armv7-m\libg_nano.a(lib_a-impure.o)
 .data._impure_ptr
                0x1fff819c        0x4 c:/program files (x86)/cypress/psoc creator/3.3/psoc creator/import/gnu/arm/4.9.3/bin/../lib/gcc/arm-none-eabi/4.9.3/../../../../arm-none-eabi/lib/armv7-m\libg_nano.a(lib_a-impure.o)
                0x1fff819c                _impure_ptr
                0x1fff81a0                . = ALIGN (0x8)
 *(.ram)
                0x1fff81a0                _edata = .

.igot.plt       0x1fff81a0        0x0 load address 0x000028a8
 .igot.plt      0x00000000        0x0 c:/program files (x86)/cypress/psoc creator/3.3/psoc creator/import/gnu/arm/4.9.3/bin/../lib/gcc/arm-none-eabi/4.9.3/armv7-m/crtbegin.o

.bss            0x1fff81a0      0x118 load address 0x000028a8
                0x1fff81a0                PROVIDE (__bss_start__, .)
 *(.shbss)
 *(.bss .bss.* .gnu.linkonce.b.*)
 .bss           0x1fff81a0       0x1c c:/program files (x86)/cypress/psoc creator/3.3/psoc creator/import/gnu/arm/4.9.3/bin/../lib/gcc/arm-none-eabi/4.9.3/armv7-m/crtbegin.o
 .bss           0x1fff81bc        0x8 .\CortexM3\ARM_GCC_493\Debug\main.o
 .bss           0x1fff81c4        0x1 .\CortexM3\ARM_GCC_493\Debug\Ball.a(Motor_A_PWM.o)
                0x1fff81c4                Motor_A_PWM_initVar
 .bss           0x1fff81c5        0x1 .\CortexM3\ARM_GCC_493\Debug\Ball.a(USBUART.o)
                0x1fff81c5                USBUART_initVar
 .bss           0x1fff81c6        0x1 .\CortexM3\ARM_GCC_493\Debug\Ball.a(USBUART_cdc.o)
 *fill*         0x1fff81c7        0x1 
 .bss           0x1fff81c8        0x4 .\CortexM3\ARM_GCC_493\Debug\Ball.a(USBUART_std.o)
 .bss           0x1fff81cc        0x1 .\CortexM3\ARM_GCC_493\Debug\Ball.a(RC_Counter.o)
                0x1fff81cc                RC_Counter_initVar
 .bss           0x1fff81cd        0x1 .\CortexM3\ARM_GCC_493\Debug\Ball.a(RC_PWM.o)
                0x1fff81cd                RC_PWM_initVar
 .bss           0x1fff81ce        0x1 .\CortexM3\ARM_GCC_493\Debug\Ball.a(RC_Timer.o)
                0x1fff81ce                RC_Timer_initVar
 *fill*         0x1fff81cf        0x1 
 .bss.__malloc_sbrk_start
                0x1fff81d0        0x4 c:/program files (x86)/cypress/psoc creator/3.3/psoc creator/import/gnu/arm/4.9.3/bin/../lib/gcc/arm-none-eabi/4.9.3/../../../../arm-none-eabi/lib/armv7-m\libg_nano.a(lib_a-nano-mallocr.o)
                0x1fff81d0                __malloc_sbrk_start
 .bss.__malloc_free_list
                0x1fff81d4        0x4 c:/program files (x86)/cypress/psoc creator/3.3/psoc creator/import/gnu/arm/4.9.3/bin/../lib/gcc/arm-none-eabi/4.9.3/../../../../arm-none-eabi/lib/armv7-m\libg_nano.a(lib_a-nano-mallocr.o)
                0x1fff81d4                __malloc_free_list
 *(COMMON)
 COMMON         0x1fff81d8       0x18 .\CortexM3\ARM_GCC_493\Debug\Ball.a(USBUART_cdc.o)
                0x1fff81d8                USBUART_linesChanged
                0x1fff81dc                USBUART_cdcDataInEp
                0x1fff81e0                USBUART_cdcCommInInterruptEp
                0x1fff81e4                USBUART_cdcDataOutEp
                0x1fff81e8                USBUART_serialStateBitmap
                0x1fff81ec                USBUART_linesControlBitmap
 COMMON         0x1fff81f0       0x9a .\CortexM3\ARM_GCC_493\Debug\Ball.a(USBUART_drv.o)
                0x1fff81f0                USBUART_lastPacketSize
                0x1fff81f1                USBUART_device
                0x1fff81f2                USBUART_transferByteCount
                0x1fff81f4                USBUART_transferState
                0x1fff81f8                USBUART_interfaceSettingLast
                0x1fff81fc                USBUART_currentTD
                0x1fff8208                USBUART_interfaceNumber
                0x1fff820c                USBUART_interfaceClass
                0x1fff8210                USBUART_configurationChanged
                0x1fff8211                USBUART_ep0Mode
                0x1fff8212                USBUART_deviceAddress
                0x1fff8213                USBUART_configuration
                0x1fff8214                USBUART_ep0Count
                0x1fff8215                USBUART_deviceStatus
                0x1fff8218                USBUART_EP
                0x1fff8284                USBUART_interfaceSetting
                0x1fff8286                USBUART_ep0Toggle
                0x1fff8288                USBUART_interfaceStatus
 *fill*         0x1fff828a        0x2 
 COMMON         0x1fff828c       0x22 .\CortexM3\ARM_GCC_493\Debug\Ball.a(USBUART_descr.o)
                0x1fff828c                USBUART_idSerialNumberStringDescriptor
 *fill*         0x1fff82ae        0x2 
 COMMON         0x1fff82b0        0x4 c:/program files (x86)/cypress/psoc creator/3.3/psoc creator/import/gnu/arm/4.9.3/bin/../lib/gcc/arm-none-eabi/4.9.3/../../../../arm-none-eabi/lib/armv7-m\libg_nano.a(lib_a-reent.o)
                0x1fff82b0                errno
                0x1fff82b8                . = ALIGN (0x8)
 *fill*         0x1fff82b4        0x4 
 *(.ram.b)
                0x1fff82b8                _end = .
                0x1fff82b8                __end = .
                0x1fff82b8                PROVIDE (end, .)
                0x1fff82b8                PROVIDE (__bss_end__, .)
                0x00002810                __cy_region_init_ram = LOADADDR (.data)
                0x00000098                __cy_region_init_size_ram = (_edata - ADDR (.data))
                0x00000118                __cy_region_zero_size_ram = (_end - _edata)

.heap           0x1fff82b8       0x80 load address 0x000028a8
                0x1fff82b8                . = _end
                0x1fff8338                . = (. + 0x80)
 *fill*         0x1fff82b8       0x80 
                0x1fff8338                __cy_heap_limit = .

.stack          0x20007800      0x800
                0x20007800                __cy_stack_limit = .
                0x20008000                . = (. + 0x800)
 *fill*         0x20007800      0x800 
                0x00000001                ASSERT ((__cy_stack_limit >= __cy_heap_limit), region RAM overflowed with stack)
                0x00000000                cy_checksum_exclude_size = (CY_APPL_LOADABLE == 0x1)?SIZEOF (.cy_checksum_exclude):0x0
                0x00000001                ASSERT ((cy_checksum_exclude_size <= CY_CHECKSUM_EXCLUDE_SIZE), CY_BOOT: Section .cy_checksum_exclude size exceedes specified limit.)

.cyloadermeta
 *(.cyloadermeta)

.cyloadablemeta
 *(.cyloadablemeta)

.cyconfigecc    0x80000000      0x534
 *(.cyconfigecc)
 .cyconfigecc   0x80000000      0x534 .\CortexM3\ARM_GCC_493\Debug\cymetadata.o
                0x80000000                cy_meta_configecc

.cycustnvl      0x90000000        0x4
 *(.cycustnvl)
 .cycustnvl     0x90000000        0x4 .\CortexM3\ARM_GCC_493\Debug\cymetadata.o
                0x90000000                cy_meta_custnvl

.cywolatch      0x90100000        0x4
 *(.cywolatch)
 .cywolatch     0x90100000        0x4 .\CortexM3\ARM_GCC_493\Debug\cymetadata.o
                0x90100000                cy_meta_wonvl

.cyeeprom       0x90200000        0x0
 *(.cyeeprom)
                0x00000001                ASSERT ((. <= ((0x90200000 + ee_offset) + ee_size)), .cyeeprom data will not fit in EEPROM)

.cyflashprotect
                0x90400000      0x100
 *(.cyflashprotect)
 .cyflashprotect
                0x90400000      0x100 .\CortexM3\ARM_GCC_493\Debug\cymetadata.o
                0x90400000                cy_meta_flashprotect

.cymeta         0x90500000        0xc
 *(.cymeta)
 .cymeta        0x90500000        0xc .\CortexM3\ARM_GCC_493\Debug\cymetadata.o
                0x90500000                cy_metadata

.rel.dyn        0x000028a8        0x0 load address 0x9050000c
 .rel.iplt      0x00000000        0x0 c:/program files (x86)/cypress/psoc creator/3.3/psoc creator/import/gnu/arm/4.9.3/bin/../lib/gcc/arm-none-eabi/4.9.3/armv7-m/crtbegin.o

.stab
 *(.stab)

.stabstr
 *(.stabstr)

.debug
 *(.debug)

.line
 *(.line)

.debug_srcinfo
 *(.debug_srcinfo)

.debug_sfnames
 *(.debug_sfnames)

.debug_aranges  0x00000000      0xc48
 *(.debug_aranges)
 .debug_aranges
                0x00000000       0x28 .\CortexM3\ARM_GCC_493\Debug\main.o
 .debug_aranges
                0x00000028       0x18 .\CortexM3\ARM_GCC_493\Debug\cymetadata.o
 .debug_aranges
                0x00000040       0x48 .\CortexM3\ARM_GCC_493\Debug\Cm3Start.o
 .debug_aranges
                0x00000088       0x58 .\CortexM3\ARM_GCC_493\Debug\Ball.a(cyfitter_cfg.o)
 .debug_aranges
                0x000000e0       0xa8 .\CortexM3\ARM_GCC_493\Debug\Ball.a(Motor_A_PWM.o)
 .debug_aranges
                0x00000188       0x20 .\CortexM3\ARM_GCC_493\Debug\Ball.a(CyBootAsmGnu.o)
 .debug_aranges
                0x000001a8      0x298 .\CortexM3\ARM_GCC_493\Debug\Ball.a(CyLib.o)
 .debug_aranges
                0x00000440       0x98 .\CortexM3\ARM_GCC_493\Debug\Ball.a(cyPm.o)
 .debug_aranges
                0x000004d8       0xc8 .\CortexM3\ARM_GCC_493\Debug\Ball.a(USBUART.o)
 .debug_aranges
                0x000005a0       0xe8 .\CortexM3\ARM_GCC_493\Debug\Ball.a(USBUART_cdc.o)
 .debug_aranges
                0x00000688       0x98 .\CortexM3\ARM_GCC_493\Debug\Ball.a(USBUART_drv.o)
 .debug_aranges
                0x00000720       0x40 .\CortexM3\ARM_GCC_493\Debug\Ball.a(USBUART_episr.o)
 .debug_aranges
                0x00000760       0x40 .\CortexM3\ARM_GCC_493\Debug\Ball.a(USBUART_pm.o)
 .debug_aranges
                0x000007a0       0x80 .\CortexM3\ARM_GCC_493\Debug\Ball.a(USBUART_std.o)
 .debug_aranges
                0x00000820       0x20 .\CortexM3\ARM_GCC_493\Debug\Ball.a(USBUART_vnd.o)
 .debug_aranges
                0x00000840       0x48 .\CortexM3\ARM_GCC_493\Debug\Ball.a(USBUART_Dp.o)
 .debug_aranges
                0x00000888       0x98 .\CortexM3\ARM_GCC_493\Debug\Ball.a(RC_Counter.o)
 .debug_aranges
                0x00000920       0x98 .\CortexM3\ARM_GCC_493\Debug\Ball.a(RC_PWM.o)
 .debug_aranges
                0x000009b8       0x38 .\CortexM3\ARM_GCC_493\Debug\Ball.a(RC_Count_2.o)
 .debug_aranges
                0x000009f0       0xa8 .\CortexM3\ARM_GCC_493\Debug\Ball.a(RC_Timer.o)
 .debug_aranges
                0x00000a98       0x80 .\CortexM3\ARM_GCC_493\Debug\Ball.a(RC_Timer_Interrupt.o)
 .debug_aranges
                0x00000b18       0x80 .\CortexM3\ARM_GCC_493\Debug\Ball.a(CyFlash.o)
 .debug_aranges
                0x00000b98       0x78 .\CortexM3\ARM_GCC_493\Debug\Ball.a(CySpc.o)
 .debug_aranges
                0x00000c10       0x20 .\CortexM3\ARM_GCC_493\Debug\Ball.a(USBUART_cls.o)
 .debug_aranges
                0x00000c30       0x18 .\CortexM3\ARM_GCC_493\Debug\Ball.a(USBUART_descr.o)

.debug_pubnames
 *(.debug_pubnames)

.debug_info     0x00000000     0x7a84
 *(.debug_info .gnu.linkonce.wi.*)
 .debug_info    0x00000000      0x3c5 .\CortexM3\ARM_GCC_493\Debug\main.o
 .debug_info    0x000003c5      0x13c .\CortexM3\ARM_GCC_493\Debug\cymetadata.o
 .debug_info    0x00000501      0x39f .\CortexM3\ARM_GCC_493\Debug\Cm3Start.o
 .debug_info    0x000008a0      0x4f8 .\CortexM3\ARM_GCC_493\Debug\Ball.a(cyfitter_cfg.o)
 .debug_info    0x00000d98      0x37c .\CortexM3\ARM_GCC_493\Debug\Ball.a(Motor_A_PWM.o)
 .debug_info    0x00001114       0xe3 .\CortexM3\ARM_GCC_493\Debug\Ball.a(CyBootAsmGnu.o)
 .debug_info    0x000011f7     0x136f .\CortexM3\ARM_GCC_493\Debug\Ball.a(CyLib.o)
 .debug_info    0x00002566      0xa57 .\CortexM3\ARM_GCC_493\Debug\Ball.a(cyPm.o)
 .debug_info    0x00002fbd      0x9ae .\CortexM3\ARM_GCC_493\Debug\Ball.a(USBUART.o)
 .debug_info    0x0000396b      0xb16 .\CortexM3\ARM_GCC_493\Debug\Ball.a(USBUART_cdc.o)
 .debug_info    0x00004481      0x649 .\CortexM3\ARM_GCC_493\Debug\Ball.a(USBUART_drv.o)
 .debug_info    0x00004aca      0x244 .\CortexM3\ARM_GCC_493\Debug\Ball.a(USBUART_episr.o)
 .debug_info    0x00004d0e      0x2ef .\CortexM3\ARM_GCC_493\Debug\Ball.a(USBUART_pm.o)
 .debug_info    0x00004ffd      0xb35 .\CortexM3\ARM_GCC_493\Debug\Ball.a(USBUART_std.o)
 .debug_info    0x00005b32       0xe6 .\CortexM3\ARM_GCC_493\Debug\Ball.a(USBUART_vnd.o)
 .debug_info    0x00005c18      0x174 .\CortexM3\ARM_GCC_493\Debug\Ball.a(USBUART_Dp.o)
 .debug_info    0x00005d8c      0x33e .\CortexM3\ARM_GCC_493\Debug\Ball.a(RC_Counter.o)
 .debug_info    0x000060ca      0x32f .\CortexM3\ARM_GCC_493\Debug\Ball.a(RC_PWM.o)
 .debug_info    0x000063f9      0x11f .\CortexM3\ARM_GCC_493\Debug\Ball.a(RC_Count_2.o)
 .debug_info    0x00006518      0x350 .\CortexM3\ARM_GCC_493\Debug\Ball.a(RC_Timer.o)
 .debug_info    0x00006868      0x2cb .\CortexM3\ARM_GCC_493\Debug\Ball.a(RC_Timer_Interrupt.o)
 .debug_info    0x00006b33      0x608 .\CortexM3\ARM_GCC_493\Debug\Ball.a(CyFlash.o)
 .debug_info    0x0000713b      0x4ea .\CortexM3\ARM_GCC_493\Debug\Ball.a(CySpc.o)
 .debug_info    0x00007625      0x1d2 .\CortexM3\ARM_GCC_493\Debug\Ball.a(USBUART_cls.o)
 .debug_info    0x000077f7      0x28d .\CortexM3\ARM_GCC_493\Debug\Ball.a(USBUART_descr.o)

.debug_abbrev   0x00000000     0x237a
 *(.debug_abbrev)
 .debug_abbrev  0x00000000      0x1c5 .\CortexM3\ARM_GCC_493\Debug\main.o
 .debug_abbrev  0x000001c5       0x77 .\CortexM3\ARM_GCC_493\Debug\cymetadata.o
 .debug_abbrev  0x0000023c      0x200 .\CortexM3\ARM_GCC_493\Debug\Cm3Start.o
 .debug_abbrev  0x0000043c      0x203 .\CortexM3\ARM_GCC_493\Debug\Ball.a(cyfitter_cfg.o)
 .debug_abbrev  0x0000063f      0x14d .\CortexM3\ARM_GCC_493\Debug\Ball.a(Motor_A_PWM.o)
 .debug_abbrev  0x0000078c       0x14 .\CortexM3\ARM_GCC_493\Debug\Ball.a(CyBootAsmGnu.o)
 .debug_abbrev  0x000007a0      0x296 .\CortexM3\ARM_GCC_493\Debug\Ball.a(CyLib.o)
 .debug_abbrev  0x00000a36      0x1ed .\CortexM3\ARM_GCC_493\Debug\Ball.a(cyPm.o)
 .debug_abbrev  0x00000c23      0x25e .\CortexM3\ARM_GCC_493\Debug\Ball.a(USBUART.o)
 .debug_abbrev  0x00000e81      0x28b .\CortexM3\ARM_GCC_493\Debug\Ball.a(USBUART_cdc.o)
 .debug_abbrev  0x0000110c      0x18b .\CortexM3\ARM_GCC_493\Debug\Ball.a(USBUART_drv.o)
 .debug_abbrev  0x00001297      0x11b .\CortexM3\ARM_GCC_493\Debug\Ball.a(USBUART_episr.o)
 .debug_abbrev  0x000013b2      0x146 .\CortexM3\ARM_GCC_493\Debug\Ball.a(USBUART_pm.o)
 .debug_abbrev  0x000014f8      0x23d .\CortexM3\ARM_GCC_493\Debug\Ball.a(USBUART_std.o)
 .debug_abbrev  0x00001735       0x9b .\CortexM3\ARM_GCC_493\Debug\Ball.a(USBUART_vnd.o)
 .debug_abbrev  0x000017d0       0x90 .\CortexM3\ARM_GCC_493\Debug\Ball.a(USBUART_Dp.o)
 .debug_abbrev  0x00001860      0x131 .\CortexM3\ARM_GCC_493\Debug\Ball.a(RC_Counter.o)
 .debug_abbrev  0x00001991      0x14d .\CortexM3\ARM_GCC_493\Debug\Ball.a(RC_PWM.o)
 .debug_abbrev  0x00001ade       0x90 .\CortexM3\ARM_GCC_493\Debug\Ball.a(RC_Count_2.o)
 .debug_abbrev  0x00001b6e      0x154 .\CortexM3\ARM_GCC_493\Debug\Ball.a(RC_Timer.o)
 .debug_abbrev  0x00001cc2      0x173 .\CortexM3\ARM_GCC_493\Debug\Ball.a(RC_Timer_Interrupt.o)
 .debug_abbrev  0x00001e35      0x1ed .\CortexM3\ARM_GCC_493\Debug\Ball.a(CyFlash.o)
 .debug_abbrev  0x00002022      0x1c1 .\CortexM3\ARM_GCC_493\Debug\Ball.a(CySpc.o)
 .debug_abbrev  0x000021e3       0xe3 .\CortexM3\ARM_GCC_493\Debug\Ball.a(USBUART_cls.o)
 .debug_abbrev  0x000022c6       0xb4 .\CortexM3\ARM_GCC_493\Debug\Ball.a(USBUART_descr.o)

.debug_line     0x00000000     0x2efc
 *(.debug_line)
 .debug_line    0x00000000      0x23c .\CortexM3\ARM_GCC_493\Debug\main.o
 .debug_line    0x0000023c       0x53 .\CortexM3\ARM_GCC_493\Debug\cymetadata.o
 .debug_line    0x0000028f      0x249 .\CortexM3\ARM_GCC_493\Debug\Cm3Start.o
 .debug_line    0x000004d8      0x1de .\CortexM3\ARM_GCC_493\Debug\Ball.a(cyfitter_cfg.o)
 .debug_line    0x000006b6      0x1b1 .\CortexM3\ARM_GCC_493\Debug\Ball.a(Motor_A_PWM.o)
 .debug_line    0x00000867       0x68 .\CortexM3\ARM_GCC_493\Debug\Ball.a(CyBootAsmGnu.o)
 .debug_line    0x000008cf      0x806 .\CortexM3\ARM_GCC_493\Debug\Ball.a(CyLib.o)
 .debug_line    0x000010d5      0x366 .\CortexM3\ARM_GCC_493\Debug\Ball.a(cyPm.o)
 .debug_line    0x0000143b      0x2ca .\CortexM3\ARM_GCC_493\Debug\Ball.a(USBUART.o)
 .debug_line    0x00001705      0x2f4 .\CortexM3\ARM_GCC_493\Debug\Ball.a(USBUART_cdc.o)
 .debug_line    0x000019f9      0x223 .\CortexM3\ARM_GCC_493\Debug\Ball.a(USBUART_drv.o)
 .debug_line    0x00001c1c       0xe8 .\CortexM3\ARM_GCC_493\Debug\Ball.a(USBUART_episr.o)
 .debug_line    0x00001d04      0x110 .\CortexM3\ARM_GCC_493\Debug\Ball.a(USBUART_pm.o)
 .debug_line    0x00001e14      0x3e4 .\CortexM3\ARM_GCC_493\Debug\Ball.a(USBUART_std.o)
 .debug_line    0x000021f8       0x75 .\CortexM3\ARM_GCC_493\Debug\Ball.a(USBUART_vnd.o)
 .debug_line    0x0000226d       0xbd .\CortexM3\ARM_GCC_493\Debug\Ball.a(USBUART_Dp.o)
 .debug_line    0x0000232a      0x18e .\CortexM3\ARM_GCC_493\Debug\Ball.a(RC_Counter.o)
 .debug_line    0x000024b8      0x188 .\CortexM3\ARM_GCC_493\Debug\Ball.a(RC_PWM.o)
 .debug_line    0x00002640       0x99 .\CortexM3\ARM_GCC_493\Debug\Ball.a(RC_Count_2.o)
 .debug_line    0x000026d9      0x1aa .\CortexM3\ARM_GCC_493\Debug\Ball.a(RC_Timer.o)
 .debug_line    0x00002883      0x158 .\CortexM3\ARM_GCC_493\Debug\Ball.a(RC_Timer_Interrupt.o)
 .debug_line    0x000029db      0x1ec .\CortexM3\ARM_GCC_493\Debug\Ball.a(CyFlash.o)
 .debug_line    0x00002bc7      0x23e .\CortexM3\ARM_GCC_493\Debug\Ball.a(CySpc.o)
 .debug_line    0x00002e05       0x94 .\CortexM3\ARM_GCC_493\Debug\Ball.a(USBUART_cls.o)
 .debug_line    0x00002e99       0x63 .\CortexM3\ARM_GCC_493\Debug\Ball.a(USBUART_descr.o)

.debug_frame    0x00000000     0x20f8
 *(.debug_frame)
 .debug_frame   0x00000000       0x48 .\CortexM3\ARM_GCC_493\Debug\main.o
 .debug_frame   0x00000048       0xac .\CortexM3\ARM_GCC_493\Debug\Cm3Start.o
 .debug_frame   0x000000f4       0xe4 .\CortexM3\ARM_GCC_493\Debug\Ball.a(cyfitter_cfg.o)
 .debug_frame   0x000001d8      0x154 .\CortexM3\ARM_GCC_493\Debug\Ball.a(Motor_A_PWM.o)
 .debug_frame   0x0000032c      0x728 .\CortexM3\ARM_GCC_493\Debug\Ball.a(CyLib.o)
 .debug_frame   0x00000a54      0x1f8 .\CortexM3\ARM_GCC_493\Debug\Ball.a(cyPm.o)
 .debug_frame   0x00000c4c      0x1dc .\CortexM3\ARM_GCC_493\Debug\Ball.a(USBUART.o)
 .debug_frame   0x00000e28      0x278 .\CortexM3\ARM_GCC_493\Debug\Ball.a(USBUART_cdc.o)
 .debug_frame   0x000010a0      0x194 .\CortexM3\ARM_GCC_493\Debug\Ball.a(USBUART_drv.o)
 .debug_frame   0x00001234       0x6c .\CortexM3\ARM_GCC_493\Debug\Ball.a(USBUART_episr.o)
 .debug_frame   0x000012a0       0xa0 .\CortexM3\ARM_GCC_493\Debug\Ball.a(USBUART_pm.o)
 .debug_frame   0x00001340      0x17c .\CortexM3\ARM_GCC_493\Debug\Ball.a(USBUART_std.o)
 .debug_frame   0x000014bc       0x20 .\CortexM3\ARM_GCC_493\Debug\Ball.a(USBUART_vnd.o)
 .debug_frame   0x000014dc       0x70 .\CortexM3\ARM_GCC_493\Debug\Ball.a(USBUART_Dp.o)
 .debug_frame   0x0000154c      0x134 .\CortexM3\ARM_GCC_493\Debug\Ball.a(RC_Counter.o)
 .debug_frame   0x00001680      0x134 .\CortexM3\ARM_GCC_493\Debug\Ball.a(RC_PWM.o)
 .debug_frame   0x000017b4       0x50 .\CortexM3\ARM_GCC_493\Debug\Ball.a(RC_Count_2.o)
 .debug_frame   0x00001804      0x154 .\CortexM3\ARM_GCC_493\Debug\Ball.a(RC_Timer.o)
 .debug_frame   0x00001958      0x104 .\CortexM3\ARM_GCC_493\Debug\Ball.a(RC_Timer_Interrupt.o)
 .debug_frame   0x00001a5c      0x174 .\CortexM3\ARM_GCC_493\Debug\Ball.a(CyFlash.o)
 .debug_frame   0x00001bd0      0x160 .\CortexM3\ARM_GCC_493\Debug\Ball.a(CySpc.o)
 .debug_frame   0x00001d30       0x2c .\CortexM3\ARM_GCC_493\Debug\Ball.a(USBUART_cls.o)
 .debug_frame   0x00001d5c       0x20 c:/program files (x86)/cypress/psoc creator/3.3/psoc creator/import/gnu/arm/4.9.3/bin/../lib/gcc/arm-none-eabi/4.9.3/../../../../arm-none-eabi/lib/armv7-m\libg_nano.a(lib_a-errno.o)
 .debug_frame   0x00001d7c       0x28 c:/program files (x86)/cypress/psoc creator/3.3/psoc creator/import/gnu/arm/4.9.3/bin/../lib/gcc/arm-none-eabi/4.9.3/../../../../arm-none-eabi/lib/armv7-m\libg_nano.a(lib_a-exit.o)
 .debug_frame   0x00001da4       0x2c c:/program files (x86)/cypress/psoc creator/3.3/psoc creator/import/gnu/arm/4.9.3/bin/../lib/gcc/arm-none-eabi/4.9.3/../../../../arm-none-eabi/lib/armv7-m\libg_nano.a(lib_a-init.o)
 .debug_frame   0x00001dd0       0x28 c:/program files (x86)/cypress/psoc creator/3.3/psoc creator/import/gnu/arm/4.9.3/bin/../lib/gcc/arm-none-eabi/4.9.3/../../../../arm-none-eabi/lib/armv7-m\libg_nano.a(lib_a-memcpy.o)
 .debug_frame   0x00001df8       0x20 c:/program files (x86)/cypress/psoc creator/3.3/psoc creator/import/gnu/arm/4.9.3/bin/../lib/gcc/arm-none-eabi/4.9.3/../../../../arm-none-eabi/lib/armv7-m\libg_nano.a(lib_a-memset.o)
 .debug_frame   0x00001e18       0x70 c:/program files (x86)/cypress/psoc creator/3.3/psoc creator/import/gnu/arm/4.9.3/bin/../lib/gcc/arm-none-eabi/4.9.3/../../../../arm-none-eabi/lib/armv7-m\libg_nano.a(lib_a-sprintf.o)
 .debug_frame   0x00001e88       0x8c c:/program files (x86)/cypress/psoc creator/3.3/psoc creator/import/gnu/arm/4.9.3/bin/../lib/gcc/arm-none-eabi/4.9.3/../../../../arm-none-eabi/lib/armv7-m\libg_nano.a(lib_a-nano-svfprintf.o)
 .debug_frame   0x00001f14       0x58 c:/program files (x86)/cypress/psoc creator/3.3/psoc creator/import/gnu/arm/4.9.3/bin/../lib/gcc/arm-none-eabi/4.9.3/../../../../arm-none-eabi/lib/armv7-m\libg_nano.a(lib_a-nano-vfprintf_i.o)
 .debug_frame   0x00001f6c       0x28 c:/program files (x86)/cypress/psoc creator/3.3/psoc creator/import/gnu/arm/4.9.3/bin/../lib/gcc/arm-none-eabi/4.9.3/../../../../arm-none-eabi/lib/armv7-m\libg_nano.a(lib_a-memchr.o)
 .debug_frame   0x00001f94       0x28 c:/program files (x86)/cypress/psoc creator/3.3/psoc creator/import/gnu/arm/4.9.3/bin/../lib/gcc/arm-none-eabi/4.9.3/../../../../arm-none-eabi/lib/armv7-m\libg_nano.a(lib_a-memmove.o)
 .debug_frame   0x00001fbc       0x2c c:/program files (x86)/cypress/psoc creator/3.3/psoc creator/import/gnu/arm/4.9.3/bin/../lib/gcc/arm-none-eabi/4.9.3/../../../../arm-none-eabi/lib/armv7-m\libg_nano.a(lib_a-nano-freer.o)
 .debug_frame   0x00001fe8       0x2c c:/program files (x86)/cypress/psoc creator/3.3/psoc creator/import/gnu/arm/4.9.3/bin/../lib/gcc/arm-none-eabi/4.9.3/../../../../arm-none-eabi/lib/armv7-m\libg_nano.a(lib_a-nano-mallocr.o)
 .debug_frame   0x00002014       0x3c c:/program files (x86)/cypress/psoc creator/3.3/psoc creator/import/gnu/arm/4.9.3/bin/../lib/gcc/arm-none-eabi/4.9.3/../../../../arm-none-eabi/lib/armv7-m\libg_nano.a(lib_a-nano-reallocr.o)
 .debug_frame   0x00002050       0x2c c:/program files (x86)/cypress/psoc creator/3.3/psoc creator/import/gnu/arm/4.9.3/bin/../lib/gcc/arm-none-eabi/4.9.3/../../../../arm-none-eabi/lib/armv7-m\libg_nano.a(lib_a-sbrkr.o)
 .debug_frame   0x0000207c       0x20 c:/program files (x86)/cypress/psoc creator/3.3/psoc creator/import/gnu/arm/4.9.3/bin/../lib/gcc/arm-none-eabi/4.9.3/../../../../arm-none-eabi/lib/armv7-m\libg_nano.a(lib_a-nano-msizer.o)
 .debug_frame   0x0000209c       0x5c c:/program files (x86)/cypress/psoc creator/3.3/psoc creator/import/gnu/arm/4.9.3/bin/../lib/gcc/arm-none-eabi/4.9.3/../../../../arm-none-eabi/lib/armv7-m\libg_nano.a(lib_a-reent.o)

.debug_str      0x00000000     0x2e6e
 *(.debug_str)
 .debug_str     0x00000000      0x344 .\CortexM3\ARM_GCC_493\Debug\main.o
                                0x38b (size before relaxing)
 .debug_str     0x00000344       0x77 .\CortexM3\ARM_GCC_493\Debug\cymetadata.o
                                0x23d (size before relaxing)
 .debug_str     0x000003bb      0x152 .\CortexM3\ARM_GCC_493\Debug\Cm3Start.o
                                0x351 (size before relaxing)
 .debug_str     0x0000050d      0x150 .\CortexM3\ARM_GCC_493\Debug\Ball.a(cyfitter_cfg.o)
                                0x356 (size before relaxing)
 .debug_str     0x0000065d      0x262 .\CortexM3\ARM_GCC_493\Debug\Ball.a(Motor_A_PWM.o)
                                0x43f (size before relaxing)
 .debug_str     0x000008bf      0x7fa .\CortexM3\ARM_GCC_493\Debug\Ball.a(CyLib.o)
                                0xa76 (size before relaxing)
 .debug_str     0x000010b9      0x35b .\CortexM3\ARM_GCC_493\Debug\Ball.a(cyPm.o)
                                0x76e (size before relaxing)
 .debug_str     0x00001414      0x403 .\CortexM3\ARM_GCC_493\Debug\Ball.a(USBUART.o)
                                0x6a4 (size before relaxing)
 .debug_str     0x00001817      0x516 .\CortexM3\ARM_GCC_493\Debug\Ball.a(USBUART_cdc.o)
                                0x818 (size before relaxing)
 .debug_str     0x00001d2d      0x293 .\CortexM3\ARM_GCC_493\Debug\Ball.a(USBUART_drv.o)
                                0x68f (size before relaxing)
 .debug_str     0x00001fc0       0x82 .\CortexM3\ARM_GCC_493\Debug\Ball.a(USBUART_episr.o)
                                0x326 (size before relaxing)
 .debug_str     0x00002042       0xee .\CortexM3\ARM_GCC_493\Debug\Ball.a(USBUART_pm.o)
                                0x33e (size before relaxing)
 .debug_str     0x00002130      0x25b .\CortexM3\ARM_GCC_493\Debug\Ball.a(USBUART_std.o)
                                0x7fe (size before relaxing)
 .debug_str     0x0000238b       0x27 .\CortexM3\ARM_GCC_493\Debug\Ball.a(USBUART_vnd.o)
                                0x234 (size before relaxing)
 .debug_str     0x000023b2       0xa6 .\CortexM3\ARM_GCC_493\Debug\Ball.a(USBUART_Dp.o)
                                0x294 (size before relaxing)
 .debug_str     0x00002458      0x1c4 .\CortexM3\ARM_GCC_493\Debug\Ball.a(RC_Counter.o)
                                0x3fe (size before relaxing)
 .debug_str     0x0000261c      0x16d .\CortexM3\ARM_GCC_493\Debug\Ball.a(RC_PWM.o)
                                0x3ab (size before relaxing)
 .debug_str     0x00002789       0x66 .\CortexM3\ARM_GCC_493\Debug\Ball.a(RC_Count_2.o)
                                0x24e (size before relaxing)
 .debug_str     0x000027ef      0x183 .\CortexM3\ARM_GCC_493\Debug\Ball.a(RC_Timer.o)
                                0x411 (size before relaxing)
 .debug_str     0x00002972      0x183 .\CortexM3\ARM_GCC_493\Debug\Ball.a(RC_Timer_Interrupt.o)
                                0x3a3 (size before relaxing)
 .debug_str     0x00002af5      0x19e .\CortexM3\ARM_GCC_493\Debug\Ball.a(CyFlash.o)
                                0x3e8 (size before relaxing)
 .debug_str     0x00002c93       0xae .\CortexM3\ARM_GCC_493\Debug\Ball.a(CySpc.o)
                                0x371 (size before relaxing)
 .debug_str     0x00002d41       0x27 .\CortexM3\ARM_GCC_493\Debug\Ball.a(USBUART_cls.o)
                                0x2f3 (size before relaxing)
 .debug_str     0x00002d68      0x106 .\CortexM3\ARM_GCC_493\Debug\Ball.a(USBUART_descr.o)
                                0x3a0 (size before relaxing)

.debug_loc      0x00000000     0x2e90
 *(.debug_loc)
 .debug_loc     0x00000000      0x144 .\CortexM3\ARM_GCC_493\Debug\Cm3Start.o
 .debug_loc     0x00000144      0x1d7 .\CortexM3\ARM_GCC_493\Debug\Ball.a(cyfitter_cfg.o)
 .debug_loc     0x0000031b       0x26 .\CortexM3\ARM_GCC_493\Debug\Ball.a(Motor_A_PWM.o)
 .debug_loc     0x00000341      0xa11 .\CortexM3\ARM_GCC_493\Debug\Ball.a(CyLib.o)
 .debug_loc     0x00000d52      0x1e4 .\CortexM3\ARM_GCC_493\Debug\Ball.a(cyPm.o)
 .debug_loc     0x00000f36      0x3e1 .\CortexM3\ARM_GCC_493\Debug\Ball.a(USBUART.o)
 .debug_loc     0x00001317      0x56b .\CortexM3\ARM_GCC_493\Debug\Ball.a(USBUART_cdc.o)
 .debug_loc     0x00001882      0x171 .\CortexM3\ARM_GCC_493\Debug\Ball.a(USBUART_drv.o)
 .debug_loc     0x000019f3       0x26 .\CortexM3\ARM_GCC_493\Debug\Ball.a(USBUART_pm.o)
 .debug_loc     0x00001a19      0x93f .\CortexM3\ARM_GCC_493\Debug\Ball.a(USBUART_std.o)
 .debug_loc     0x00002358       0x84 .\CortexM3\ARM_GCC_493\Debug\Ball.a(USBUART_Dp.o)
 .debug_loc     0x000023dc       0x31 .\CortexM3\ARM_GCC_493\Debug\Ball.a(RC_Counter.o)
 .debug_loc     0x0000240d       0x26 .\CortexM3\ARM_GCC_493\Debug\Ball.a(RC_PWM.o)
 .debug_loc     0x00002433       0x42 .\CortexM3\ARM_GCC_493\Debug\Ball.a(RC_Count_2.o)
 .debug_loc     0x00002475       0x31 .\CortexM3\ARM_GCC_493\Debug\Ball.a(RC_Timer.o)
 .debug_loc     0x000024a6       0x56 .\CortexM3\ARM_GCC_493\Debug\Ball.a(RC_Timer_Interrupt.o)
 .debug_loc     0x000024fc      0x300 .\CortexM3\ARM_GCC_493\Debug\Ball.a(CyFlash.o)
 .debug_loc     0x000027fc      0x64d .\CortexM3\ARM_GCC_493\Debug\Ball.a(CySpc.o)
 .debug_loc     0x00002e49       0x47 .\CortexM3\ARM_GCC_493\Debug\Ball.a(USBUART_cls.o)

.debug_macinfo
 *(.debug_macinfo)

.debug_ranges   0x00000000      0xab0
 *(.debug_ranges)
 .debug_ranges  0x00000000       0x18 .\CortexM3\ARM_GCC_493\Debug\main.o
 .debug_ranges  0x00000018       0x38 .\CortexM3\ARM_GCC_493\Debug\Cm3Start.o
 .debug_ranges  0x00000050       0x48 .\CortexM3\ARM_GCC_493\Debug\Ball.a(cyfitter_cfg.o)
 .debug_ranges  0x00000098       0x98 .\CortexM3\ARM_GCC_493\Debug\Ball.a(Motor_A_PWM.o)
 .debug_ranges  0x00000130      0x288 .\CortexM3\ARM_GCC_493\Debug\Ball.a(CyLib.o)
 .debug_ranges  0x000003b8       0x88 .\CortexM3\ARM_GCC_493\Debug\Ball.a(cyPm.o)
 .debug_ranges  0x00000440       0xd0 .\CortexM3\ARM_GCC_493\Debug\Ball.a(USBUART.o)
 .debug_ranges  0x00000510       0xd8 .\CortexM3\ARM_GCC_493\Debug\Ball.a(USBUART_cdc.o)
 .debug_ranges  0x000005e8       0x88 .\CortexM3\ARM_GCC_493\Debug\Ball.a(USBUART_drv.o)
 .debug_ranges  0x00000670       0x30 .\CortexM3\ARM_GCC_493\Debug\Ball.a(USBUART_episr.o)
 .debug_ranges  0x000006a0       0x30 .\CortexM3\ARM_GCC_493\Debug\Ball.a(USBUART_pm.o)
 .debug_ranges  0x000006d0       0x70 .\CortexM3\ARM_GCC_493\Debug\Ball.a(USBUART_std.o)
 .debug_ranges  0x00000740       0x10 .\CortexM3\ARM_GCC_493\Debug\Ball.a(USBUART_vnd.o)
 .debug_ranges  0x00000750       0x38 .\CortexM3\ARM_GCC_493\Debug\Ball.a(USBUART_Dp.o)
 .debug_ranges  0x00000788       0x88 .\CortexM3\ARM_GCC_493\Debug\Ball.a(RC_Counter.o)
 .debug_ranges  0x00000810       0x88 .\CortexM3\ARM_GCC_493\Debug\Ball.a(RC_PWM.o)
 .debug_ranges  0x00000898       0x28 .\CortexM3\ARM_GCC_493\Debug\Ball.a(RC_Count_2.o)
 .debug_ranges  0x000008c0       0x98 .\CortexM3\ARM_GCC_493\Debug\Ball.a(RC_Timer.o)
 .debug_ranges  0x00000958       0x70 .\CortexM3\ARM_GCC_493\Debug\Ball.a(RC_Timer_Interrupt.o)
 .debug_ranges  0x000009c8       0x70 .\CortexM3\ARM_GCC_493\Debug\Ball.a(CyFlash.o)
 .debug_ranges  0x00000a38       0x68 .\CortexM3\ARM_GCC_493\Debug\Ball.a(CySpc.o)
 .debug_ranges  0x00000aa0       0x10 .\CortexM3\ARM_GCC_493\Debug\Ball.a(USBUART_cls.o)

.comment        0x00000000       0x70
 .comment       0x00000000       0x70 .\CortexM3\ARM_GCC_493\Debug\main.o
                                 0x71 (size before relaxing)
 .comment       0x00000000       0x71 .\CortexM3\ARM_GCC_493\Debug\cymetadata.o
 .comment       0x00000000       0x71 .\CortexM3\ARM_GCC_493\Debug\Cm3Start.o
 .comment       0x00000000       0x71 .\CortexM3\ARM_GCC_493\Debug\Ball.a(cyfitter_cfg.o)
 .comment       0x00000000       0x71 .\CortexM3\ARM_GCC_493\Debug\Ball.a(Motor_A_PWM.o)
 .comment       0x00000000       0x71 .\CortexM3\ARM_GCC_493\Debug\Ball.a(CyLib.o)
 .comment       0x00000000       0x71 .\CortexM3\ARM_GCC_493\Debug\Ball.a(cyPm.o)
 .comment       0x00000000       0x71 .\CortexM3\ARM_GCC_493\Debug\Ball.a(USBUART.o)
 .comment       0x00000000       0x71 .\CortexM3\ARM_GCC_493\Debug\Ball.a(USBUART_cdc.o)
 .comment       0x00000000       0x71 .\CortexM3\ARM_GCC_493\Debug\Ball.a(USBUART_drv.o)
 .comment       0x00000000       0x71 .\CortexM3\ARM_GCC_493\Debug\Ball.a(USBUART_episr.o)
 .comment       0x00000000       0x71 .\CortexM3\ARM_GCC_493\Debug\Ball.a(USBUART_pm.o)
 .comment       0x00000000       0x71 .\CortexM3\ARM_GCC_493\Debug\Ball.a(USBUART_std.o)
 .comment       0x00000000       0x71 .\CortexM3\ARM_GCC_493\Debug\Ball.a(USBUART_vnd.o)
 .comment       0x00000000       0x71 .\CortexM3\ARM_GCC_493\Debug\Ball.a(USBUART_Dp.o)
 .comment       0x00000000       0x71 .\CortexM3\ARM_GCC_493\Debug\Ball.a(RC_Counter.o)
 .comment       0x00000000       0x71 .\CortexM3\ARM_GCC_493\Debug\Ball.a(RC_PWM.o)
 .comment       0x00000000       0x71 .\CortexM3\ARM_GCC_493\Debug\Ball.a(RC_Count_2.o)
 .comment       0x00000000       0x71 .\CortexM3\ARM_GCC_493\Debug\Ball.a(RC_Timer.o)
 .comment       0x00000000       0x71 .\CortexM3\ARM_GCC_493\Debug\Ball.a(RC_Timer_Interrupt.o)
 .comment       0x00000000       0x71 .\CortexM3\ARM_GCC_493\Debug\Ball.a(CyFlash.o)
 .comment       0x00000000       0x71 .\CortexM3\ARM_GCC_493\Debug\Ball.a(CySpc.o)
 .comment       0x00000000       0x71 .\CortexM3\ARM_GCC_493\Debug\Ball.a(USBUART_cls.o)
 .comment       0x00000000       0x71 .\CortexM3\ARM_GCC_493\Debug\Ball.a(USBUART_descr.o)

.debug_weaknames
 *(.debug_weaknames)

.debug_funcnames
 *(.debug_funcnames)

.debug_typenames
 *(.debug_typenames)

.debug_varnames
 *(.debug_varnames)

.note.gnu.arm.ident
 *(.note.gnu.arm.ident)

.ARM.attributes
                0x00000000       0x29
 *(.ARM.attributes)
 .ARM.attributes
                0x00000000       0x1d c:/program files (x86)/cypress/psoc creator/3.3/psoc creator/import/gnu/arm/4.9.3/bin/../lib/gcc/arm-none-eabi/4.9.3/armv7-m/crti.o
 .ARM.attributes
                0x0000001d       0x2d c:/program files (x86)/cypress/psoc creator/3.3/psoc creator/import/gnu/arm/4.9.3/bin/../lib/gcc/arm-none-eabi/4.9.3/armv7-m/crtbegin.o
 .ARM.attributes
                0x0000004a       0x1b c:/program files (x86)/cypress/psoc creator/3.3/psoc creator/import/gnu/arm/4.9.3/bin/../lib/gcc/arm-none-eabi/4.9.3/../../../../arm-none-eabi/lib/armv7-m/crt0.o
 .ARM.attributes
                0x00000065       0x33 .\CortexM3\ARM_GCC_493\Debug\main.o
 .ARM.attributes
                0x00000098       0x33 .\CortexM3\ARM_GCC_493\Debug\cymetadata.o
 .ARM.attributes
                0x000000cb       0x33 .\CortexM3\ARM_GCC_493\Debug\Cm3Start.o
 .ARM.attributes
                0x000000fe       0x33 .\CortexM3\ARM_GCC_493\Debug\Ball.a(cyfitter_cfg.o)
 .ARM.attributes
                0x00000131       0x33 .\CortexM3\ARM_GCC_493\Debug\Ball.a(Motor_A_PWM.o)
 .ARM.attributes
                0x00000164       0x21 .\CortexM3\ARM_GCC_493\Debug\Ball.a(CyBootAsmGnu.o)
 .ARM.attributes
                0x00000185       0x33 .\CortexM3\ARM_GCC_493\Debug\Ball.a(CyLib.o)
 .ARM.attributes
                0x000001b8       0x33 .\CortexM3\ARM_GCC_493\Debug\Ball.a(cyPm.o)
 .ARM.attributes
                0x000001eb       0x33 .\CortexM3\ARM_GCC_493\Debug\Ball.a(USBUART.o)
 .ARM.attributes
                0x0000021e       0x33 .\CortexM3\ARM_GCC_493\Debug\Ball.a(USBUART_cdc.o)
 .ARM.attributes
                0x00000251       0x33 .\CortexM3\ARM_GCC_493\Debug\Ball.a(USBUART_drv.o)
 .ARM.attributes
                0x00000284       0x33 .\CortexM3\ARM_GCC_493\Debug\Ball.a(USBUART_episr.o)
 .ARM.attributes
                0x000002b7       0x33 .\CortexM3\ARM_GCC_493\Debug\Ball.a(USBUART_pm.o)
 .ARM.attributes
                0x000002ea       0x33 .\CortexM3\ARM_GCC_493\Debug\Ball.a(USBUART_std.o)
 .ARM.attributes
                0x0000031d       0x33 .\CortexM3\ARM_GCC_493\Debug\Ball.a(USBUART_vnd.o)
 .ARM.attributes
                0x00000350       0x33 .\CortexM3\ARM_GCC_493\Debug\Ball.a(USBUART_Dp.o)
 .ARM.attributes
                0x00000383       0x33 .\CortexM3\ARM_GCC_493\Debug\Ball.a(RC_Counter.o)
 .ARM.attributes
                0x000003b6       0x33 .\CortexM3\ARM_GCC_493\Debug\Ball.a(RC_PWM.o)
 .ARM.attributes
                0x000003e9       0x33 .\CortexM3\ARM_GCC_493\Debug\Ball.a(RC_Count_2.o)
 .ARM.attributes
                0x0000041c       0x33 .\CortexM3\ARM_GCC_493\Debug\Ball.a(RC_Timer.o)
 .ARM.attributes
                0x0000044f       0x33 .\CortexM3\ARM_GCC_493\Debug\Ball.a(RC_Timer_Interrupt.o)
 .ARM.attributes
                0x00000482       0x33 .\CortexM3\ARM_GCC_493\Debug\Ball.a(CyFlash.o)
 .ARM.attributes
                0x000004b5       0x33 .\CortexM3\ARM_GCC_493\Debug\Ball.a(CySpc.o)
 .ARM.attributes
                0x000004e8       0x33 .\CortexM3\ARM_GCC_493\Debug\Ball.a(USBUART_cls.o)
 .ARM.attributes
                0x0000051b       0x33 .\CortexM3\ARM_GCC_493\Debug\Ball.a(USBUART_descr.o)
 .ARM.attributes
                0x0000054e       0x2d c:/program files (x86)/cypress/psoc creator/3.3/psoc creator/import/gnu/arm/4.9.3/bin/../lib/gcc/arm-none-eabi/4.9.3/../../../../arm-none-eabi/lib/armv7-m\libg_nano.a(lib_a-errno.o)
 .ARM.attributes
                0x0000057b       0x2d c:/program files (x86)/cypress/psoc creator/3.3/psoc creator/import/gnu/arm/4.9.3/bin/../lib/gcc/arm-none-eabi/4.9.3/../../../../arm-none-eabi/lib/armv7-m\libg_nano.a(lib_a-exit.o)
 .ARM.attributes
                0x000005a8       0x2d c:/program files (x86)/cypress/psoc creator/3.3/psoc creator/import/gnu/arm/4.9.3/bin/../lib/gcc/arm-none-eabi/4.9.3/../../../../arm-none-eabi/lib/armv7-m\libg_nano.a(lib_a-impure.o)
 .ARM.attributes
                0x000005d5       0x2d c:/program files (x86)/cypress/psoc creator/3.3/psoc creator/import/gnu/arm/4.9.3/bin/../lib/gcc/arm-none-eabi/4.9.3/../../../../arm-none-eabi/lib/armv7-m\libg_nano.a(lib_a-init.o)
 .ARM.attributes
                0x00000602       0x2d c:/program files (x86)/cypress/psoc creator/3.3/psoc creator/import/gnu/arm/4.9.3/bin/../lib/gcc/arm-none-eabi/4.9.3/../../../../arm-none-eabi/lib/armv7-m\libg_nano.a(lib_a-memcpy.o)
 .ARM.attributes
                0x0000062f       0x2d c:/program files (x86)/cypress/psoc creator/3.3/psoc creator/import/gnu/arm/4.9.3/bin/../lib/gcc/arm-none-eabi/4.9.3/../../../../arm-none-eabi/lib/armv7-m\libg_nano.a(lib_a-memset.o)
 .ARM.attributes
                0x0000065c       0x2d c:/program files (x86)/cypress/psoc creator/3.3/psoc creator/import/gnu/arm/4.9.3/bin/../lib/gcc/arm-none-eabi/4.9.3/../../../../arm-none-eabi/lib/armv7-m\libg_nano.a(lib_a-sprintf.o)
 .ARM.attributes
                0x00000689       0x2d c:/program files (x86)/cypress/psoc creator/3.3/psoc creator/import/gnu/arm/4.9.3/bin/../lib/gcc/arm-none-eabi/4.9.3/../../../../arm-none-eabi/lib/armv7-m\libg_nano.a(lib_a-nano-svfprintf.o)
 .ARM.attributes
                0x000006b6       0x2d c:/program files (x86)/cypress/psoc creator/3.3/psoc creator/import/gnu/arm/4.9.3/bin/../lib/gcc/arm-none-eabi/4.9.3/../../../../arm-none-eabi/lib/armv7-m\libg_nano.a(lib_a-nano-vfprintf_i.o)
 .ARM.attributes
                0x000006e3       0x2d c:/program files (x86)/cypress/psoc creator/3.3/psoc creator/import/gnu/arm/4.9.3/bin/../lib/gcc/arm-none-eabi/4.9.3/../../../../arm-none-eabi/lib/armv7-m\libg_nano.a(lib_a-memchr.o)
 .ARM.attributes
                0x00000710       0x2d c:/program files (x86)/cypress/psoc creator/3.3/psoc creator/import/gnu/arm/4.9.3/bin/../lib/gcc/arm-none-eabi/4.9.3/../../../../arm-none-eabi/lib/armv7-m\libg_nano.a(lib_a-memmove.o)
 .ARM.attributes
                0x0000073d       0x2d c:/program files (x86)/cypress/psoc creator/3.3/psoc creator/import/gnu/arm/4.9.3/bin/../lib/gcc/arm-none-eabi/4.9.3/../../../../arm-none-eabi/lib/armv7-m\libg_nano.a(lib_a-nano-freer.o)
 .ARM.attributes
                0x0000076a       0x2d c:/program files (x86)/cypress/psoc creator/3.3/psoc creator/import/gnu/arm/4.9.3/bin/../lib/gcc/arm-none-eabi/4.9.3/../../../../arm-none-eabi/lib/armv7-m\libg_nano.a(lib_a-nano-mallocr.o)
 .ARM.attributes
                0x00000797       0x2d c:/program files (x86)/cypress/psoc creator/3.3/psoc creator/import/gnu/arm/4.9.3/bin/../lib/gcc/arm-none-eabi/4.9.3/../../../../arm-none-eabi/lib/armv7-m\libg_nano.a(lib_a-nano-reallocr.o)
 .ARM.attributes
                0x000007c4       0x2d c:/program files (x86)/cypress/psoc creator/3.3/psoc creator/import/gnu/arm/4.9.3/bin/../lib/gcc/arm-none-eabi/4.9.3/../../../../arm-none-eabi/lib/armv7-m\libg_nano.a(lib_a-sbrkr.o)
 .ARM.attributes
                0x000007f1       0x2d c:/program files (x86)/cypress/psoc creator/3.3/psoc creator/import/gnu/arm/4.9.3/bin/../lib/gcc/arm-none-eabi/4.9.3/../../../../arm-none-eabi/lib/armv7-m\libg_nano.a(lib_a-nano-msizer.o)
 .ARM.attributes
                0x0000081e       0x2d c:/program files (x86)/cypress/psoc creator/3.3/psoc creator/import/gnu/arm/4.9.3/bin/../lib/gcc/arm-none-eabi/4.9.3/../../../../arm-none-eabi/lib/armv7-m\libg_nano.a(lib_a-reent.o)
 .ARM.attributes
                0x0000084b       0x2d c:/program files (x86)/cypress/psoc creator/3.3/psoc creator/import/gnu/arm/4.9.3/bin/../lib/gcc/arm-none-eabi/4.9.3/armv7-m/crtend.o
 .ARM.attributes
                0x00000878       0x1d c:/program files (x86)/cypress/psoc creator/3.3/psoc creator/import/gnu/arm/4.9.3/bin/../lib/gcc/arm-none-eabi/4.9.3/armv7-m/crtn.o

/DISCARD/
 *(.note.GNU-stack)
OUTPUT(.\CortexM3\ARM_GCC_493\Debug\Ball.elf elf32-littlearm)
