Archive member included because of file (symbol)

.\CortexM3\ARM_GCC_493\Debug\Ball.a(cyfitter_cfg.o)
                              .\CortexM3\ARM_GCC_493\Debug\Cm3Start.o (cyfitter_cfg)
.\CortexM3\ARM_GCC_493\Debug\Ball.a(Motor_A_PWM.o)
                              .\CortexM3\ARM_GCC_493\Debug\main.o (Motor_A_PWM_WriteCompare1)
.\CortexM3\ARM_GCC_493\Debug\Ball.a(CyBootAsmGnu.o)
                              .\CortexM3\ARM_GCC_493\Debug\Ball.a(cyfitter_cfg.o) (CyDelayCycles)
.\CortexM3\ARM_GCC_493\Debug\Ball.a(CyLib.o)
                              .\CortexM3\ARM_GCC_493\Debug\Cm3Start.o (CyHalt)
.\CortexM3\ARM_GCC_493\Debug\Ball.a(cyPm.o)
                              .\CortexM3\ARM_GCC_493\Debug\Ball.a(CyLib.o) (CyPmReadStatus)
.\CortexM3\ARM_GCC_493\Debug\Ball.a(USBUART.o)
                              .\CortexM3\ARM_GCC_493\Debug\main.o (USBUART_Start)
.\CortexM3\ARM_GCC_493\Debug\Ball.a(USBUART_cdc.o)
                              .\CortexM3\ARM_GCC_493\Debug\main.o (USBUART_PutString)
.\CortexM3\ARM_GCC_493\Debug\Ball.a(USBUART_drv.o)
                              .\CortexM3\ARM_GCC_493\Debug\Ball.a(USBUART.o) (USBUART_lastPacketSize)
.\CortexM3\ARM_GCC_493\Debug\Ball.a(USBUART_episr.o)
                              .\CortexM3\ARM_GCC_493\Debug\Ball.a(USBUART.o) (USBUART_EP_1_ISR)
.\CortexM3\ARM_GCC_493\Debug\Ball.a(USBUART_pm.o)
                              .\CortexM3\ARM_GCC_493\Debug\Ball.a(USBUART.o) (USBUART_DP_ISR)
.\CortexM3\ARM_GCC_493\Debug\Ball.a(USBUART_std.o)
                              .\CortexM3\ARM_GCC_493\Debug\Ball.a(USBUART_pm.o) (USBUART_ConfigReg)
.\CortexM3\ARM_GCC_493\Debug\Ball.a(USBUART_vnd.o)
                              .\CortexM3\ARM_GCC_493\Debug\Ball.a(USBUART_drv.o) (USBUART_HandleVendorRqst)
.\CortexM3\ARM_GCC_493\Debug\Ball.a(USBUART_Dp.o)
                              .\CortexM3\ARM_GCC_493\Debug\Ball.a(USBUART_pm.o) (USBUART_Dp_ClearInterrupt)
.\CortexM3\ARM_GCC_493\Debug\Ball.a(RC_Ch2_Timer.o)
                              .\CortexM3\ARM_GCC_493\Debug\rc_ch.o (RC_Ch2_Timer_Stop)
.\CortexM3\ARM_GCC_493\Debug\Ball.a(RC_Ch2_Timer_Interrupt.o)
                              .\CortexM3\ARM_GCC_493\Debug\rc_ch.o (RC_Ch2_Timer_Interrupt_StartEx)
.\CortexM3\ARM_GCC_493\Debug\Ball.a(Clock_Millis_Interrupt.o)
                              .\CortexM3\ARM_GCC_493\Debug\milliseconds.o (Clock_Millis_Interrupt_StartEx)
.\CortexM3\ARM_GCC_493\Debug\Ball.a(RC_Ch1.o)
                              .\CortexM3\ARM_GCC_493\Debug\rc_ch.o (RC_Ch1_Read)
.\CortexM3\ARM_GCC_493\Debug\Ball.a(RC_Ch1_Timer.o)
                              .\CortexM3\ARM_GCC_493\Debug\rc_ch.o (RC_Ch1_Timer_Stop)
.\CortexM3\ARM_GCC_493\Debug\Ball.a(RC_Ch2.o)
                              .\CortexM3\ARM_GCC_493\Debug\rc_ch.o (RC_Ch2_Read)
.\CortexM3\ARM_GCC_493\Debug\Ball.a(RC_Ch1_Timer_Interrupt.o)
                              .\CortexM3\ARM_GCC_493\Debug\rc_ch.o (RC_Ch1_Timer_Interrupt_StartEx)
.\CortexM3\ARM_GCC_493\Debug\Ball.a(RC_Ch4_Timer.o)
                              .\CortexM3\ARM_GCC_493\Debug\rc_ch.o (RC_Ch4_Timer_Stop)
.\CortexM3\ARM_GCC_493\Debug\Ball.a(RC_Ch4.o)
                              .\CortexM3\ARM_GCC_493\Debug\rc_ch.o (RC_Ch4_Read)
.\CortexM3\ARM_GCC_493\Debug\Ball.a(RC_Ch4_Timer_Interrupt.o)
                              .\CortexM3\ARM_GCC_493\Debug\rc_ch.o (RC_Ch4_Timer_Interrupt_StartEx)
.\CortexM3\ARM_GCC_493\Debug\Ball.a(RC_Ch3_Timer.o)
                              .\CortexM3\ARM_GCC_493\Debug\rc_ch.o (RC_Ch3_Timer_Stop)
.\CortexM3\ARM_GCC_493\Debug\Ball.a(RC_Ch3.o)
                              .\CortexM3\ARM_GCC_493\Debug\rc_ch.o (RC_Ch3_Read)
.\CortexM3\ARM_GCC_493\Debug\Ball.a(RC_Ch3_Timer_Interrupt.o)
                              .\CortexM3\ARM_GCC_493\Debug\rc_ch.o (RC_Ch3_Timer_Interrupt_StartEx)
.\CortexM3\ARM_GCC_493\Debug\Ball.a(CyFlash.o)
                              .\CortexM3\ARM_GCC_493\Debug\Ball.a(cyPm.o) (CyFlash_SetWaitCycles)
.\CortexM3\ARM_GCC_493\Debug\Ball.a(CySpc.o)
                              .\CortexM3\ARM_GCC_493\Debug\Ball.a(CyFlash.o) (CySpcStart)
.\CortexM3\ARM_GCC_493\Debug\Ball.a(cyutils.o)
                              .\CortexM3\ARM_GCC_493\Debug\Ball.a(RC_Ch2_Timer.o) (CySetReg24)
.\CortexM3\ARM_GCC_493\Debug\Ball.a(USBUART_cls.o)
                              .\CortexM3\ARM_GCC_493\Debug\Ball.a(USBUART_drv.o) (USBUART_DispatchClassRqst)
.\CortexM3\ARM_GCC_493\Debug\Ball.a(USBUART_descr.o)
                              .\CortexM3\ARM_GCC_493\Debug\Ball.a(USBUART_std.o) (USBUART_idSerialNumberStringDescriptor)
c:/program files (x86)/cypress/psoc creator/3.3/psoc creator/import/gnu/arm/4.9.3/bin/../lib/gcc/arm-none-eabi/4.9.3/../../../../arm-none-eabi/lib/armv7-m\libg_nano.a(lib_a-errno.o)
                              .\CortexM3\ARM_GCC_493\Debug\Cm3Start.o (__errno)
[...]
Memory Configuration

Name             Origin             Length             Attributes
rom              0x00000000         0x00040000         xr
ram              0x1fff8000         0x00010000         xrw
*default*        0x00000000         0xffffffff

Linker script and memory map

LOAD c:/program files (x86)/cypress/psoc creator/3.3/psoc creator/import/gnu/arm/4.9.3/bin/../lib/gcc/arm-none-eabi/4.9.3/armv7-m/crti.o
LOAD c:/program files (x86)/cypress/psoc creator/3.3/psoc creator/import/gnu/arm/4.9.3/bin/../lib/gcc/arm-none-eabi/4.9.3/armv7-m/crtbegin.o
LOAD c:/program files (x86)/cypress/psoc creator/3.3/psoc creator/import/gnu/arm/4.9.3/bin/../lib/gcc/arm-none-eabi/4.9.3/../../../../arm-none-eabi/lib/armv7-m/crt0.o
START GROUP
LOAD .\CortexM3\ARM_GCC_493\Debug\main.o
LOAD .\CortexM3\ARM_GCC_493\Debug\milliseconds.o
LOAD .\CortexM3\ARM_GCC_493\Debug\rc_ch.o
LOAD .\CortexM3\ARM_GCC_493\Debug\cymetadata.o
LOAD .\CortexM3\ARM_GCC_493\Debug\Cm3Start.o
LOAD .\CortexM3\ARM_GCC_493\Debug\Ball.a
LOAD C:\Program Files (x86)\Cypress\PSoC Creator\3.3\PSoC Creator\psoc\content\cycomponentlibrary\CyComponentLibrary.cylib\CortexM3\ARM_GCC_493\Debug\CyComponentLibrary.a
END GROUP
START GROUP
LOAD c:/program files (x86)/cypress/psoc creator/3.3/psoc creator/import/gnu/arm/4.9.3/bin/../lib/gcc/arm-none-eabi/4.9.3/armv7-m\libgcc.a
LOAD c:/program files (x86)/cypress/psoc creator/3.3/psoc creator/import/gnu/arm/4.9.3/bin/../lib/gcc/arm-none-eabi/4.9.3/../../../../arm-none-eabi/lib/armv7-m\libg_nano.a
LOAD c:/program files (x86)/cypress/psoc creator/3.3/psoc creator/import/gnu/arm/4.9.3/bin/../lib/gcc/arm-none-eabi/4.9.3/../../../../arm-none-eabi/lib/armv7-m\libc_nano.a
END GROUP
START GROUP
LOAD c:/program files (x86)/cypress/psoc creator/3.3/psoc creator/import/gnu/arm/4.9.3/bin/../lib/gcc/arm-none-eabi/4.9.3/armv7-m\libgcc.a
LOAD c:/program files (x86)/cypress/psoc creator/3.3/psoc creator/import/gnu/arm/4.9.3/bin/../lib/gcc/arm-none-eabi/4.9.3/../../../../arm-none-eabi/lib/armv7-m\libc_nano.a
END GROUP
LOAD c:/program files (x86)/cypress/psoc creator/3.3/psoc creator/import/gnu/arm/4.9.3/bin/../lib/gcc/arm-none-eabi/4.9.3/armv7-m/crtend.o
LOAD c:/program files (x86)/cypress/psoc creator/3.3/psoc creator/import/gnu/arm/4.9.3/bin/../lib/gcc/arm-none-eabi/4.9.3/armv7-m/crtn.o
START GROUP
LOAD c:/program files (x86)/cypress/psoc creator/3.3/psoc creator/import/gnu/arm/4.9.3/bin/../lib/gcc/arm-none-eabi/4.9.3/armv7-m\libgcc.a
LOAD c:/program files (x86)/cypress/psoc creator/3.3/psoc creator/import/gnu/arm/4.9.3/bin/../lib/gcc/arm-none-eabi/4.9.3/../../../../arm-none-eabi/lib/armv7-m\libc.a
LOAD c:/program files (x86)/cypress/psoc creator/3.3/psoc creator/import/gnu/arm/4.9.3/bin/../lib/gcc/arm-none-eabi/4.9.3/../../../../arm-none-eabi/lib/armv7-m\libnosys.a
END GROUP
                0x00000000                CY_APPL_ORIGIN = 0x0
                0x00000100                CY_FLASH_ROW_SIZE = 0x100
                0x00000020                CY_ECC_ROW_SIZE = 0x20
                0x00000000                CY_EE_IN_BTLDR = 0x0
                0x00000000                CY_APPL_LOADABLE = 0x0
                0x00000800                CY_EE_SIZE = 0x800
                0x00000001                CY_APPL_NUM = 0x1
                0x00000001                CY_APPL_MAX = 0x1
                0x00000040                CY_METADATA_SIZE = 0x40
                0x00000000                CY_APPL_LOADABLE = 0x0
                0x00000000                CY_CHECKSUM_EXCLUDE_SIZE = ALIGN (0x0, CY_FLASH_ROW_SIZE)
                0x1fff82d0                PROVIDE (__cy_heap_start, _end)
                0x00000001                PROVIDE (__cy_region_num, ((__cy_regions_end - __cy_regions) / 0x10))
                0x20008000                PROVIDE (__cy_stack, (ORIGIN (ram) + 0x10000))
                0x20007800                PROVIDE (__cy_heap_end, (__cy_stack - 0x800))

.cybootloader   0x00000000        0x0
 *(.cybootloader)
                0x00000000                appl1_start = CY_APPL_ORIGIN?CY_APPL_ORIGIN:ALIGN (CY_FLASH_ROW_SIZE)
                0x0001ff00                appl2_start = (appl1_start + ALIGN ((((0x40000 - appl1_start) - (0x2 * CY_FLASH_ROW_SIZE)) / 0x2), CY_FLASH_ROW_SIZE))
                0x00000000                appl_start = (CY_APPL_NUM == 0x1)?appl1_start:appl2_start
                0x00000000                ecc_offset = ((appl_start / CY_FLASH_ROW_SIZE) * CY_ECC_ROW_SIZE)
                0x00000000                ee_offset = (CY_APPL_LOADABLE && ! (CY_EE_IN_BTLDR))?((CY_EE_SIZE / CY_APPL_MAX) * (CY_APPL_NUM - 0x1)):0x0
                0x00000800                ee_size = (CY_APPL_LOADABLE && ! (CY_EE_IN_BTLDR))?(CY_EE_SIZE / CY_APPL_MAX):CY_EE_SIZE
                0x00000000                PROVIDE (CY_ECC_OFFSET, ecc_offset)

.text           0x00000000     0x2ae4
 CREATE_OBJECT_SYMBOLS
                0x00000000                PROVIDE (__cy_interrupt_vector, RomVectors)
 *(.romvectors)
 .romvectors    0x00000000       0x10 .\CortexM3\ARM_GCC_493\Debug\Cm3Start.o
                0x00000000                RomVectors
                0x00000001                ASSERT ((. != __cy_interrupt_vector), No interrupt vector)
                0x00000001                ASSERT (CY_APPL_ORIGIN?(SIZEOF (.cybootloader) <= CY_APPL_ORIGIN):0x1, Wrong image location)
                0x00000010                PROVIDE (__cy_reset, Reset)
 *(.text.Reset)
 .text.Reset    0x00000010       0x18 .\CortexM3\ARM_GCC_493\Debug\Cm3Start.o
                0x00000010                Reset
                0x00000001                ASSERT ((. != __cy_reset), No reset code)
 *(.dma_init)
                0x00000001                ASSERT ((((appl_start + .) <= 0x10000) || 0x1), DMA Init must be within the first 64k of flash)
 *(.text .text.* .gnu.linkonce.t.*)
 .text          0x00000028       0x5c c:/program files (x86)/cypress/psoc creator/3.3/psoc creator/import/gnu/arm/4.9.3/bin/../lib/gcc/arm-none-eabi/4.9.3/armv7-m/crtbegin.o
 .text.main     0x00000084       0x54 .\CortexM3\ARM_GCC_493\Debug\main.o
                0x00000084                main
 .text.Millisecond_Interrupt
                0x000000d8       0x70 .\CortexM3\ARM_GCC_493\Debug\milliseconds.o
                0x000000d8                Millisecond_Interrupt
 .text.init_milliseconds
                0x00000148       0x10 .\CortexM3\ARM_GCC_493\Debug\milliseconds.o
                0x00000148                init_milliseconds
 .text.rc_ch_timer_isr_handler
                0x00000158       0xa4 .\CortexM3\ARM_GCC_493\Debug\rc_ch.o
                0x00000158                rc_ch_timer_isr_handler
 .text.RC_Ch1_Timer_ISR_Handler
                0x000001fc        0xc .\CortexM3\ARM_GCC_493\Debug\rc_ch.o
                0x000001fc                RC_Ch1_Timer_ISR_Handler
 .text.RC_Ch2_Timer_ISR_Handler
                0x00000208        0xc .\CortexM3\ARM_GCC_493\Debug\rc_ch.o
                0x00000208                RC_Ch2_Timer_ISR_Handler
 .text.RC_Ch3_Timer_ISR_Handler
                0x00000214        0xc .\CortexM3\ARM_GCC_493\Debug\rc_ch.o
                0x00000214                RC_Ch3_Timer_ISR_Handler
 .text.RC_Ch4_Timer_ISR_Handler
                0x00000220        0xc .\CortexM3\ARM_GCC_493\Debug\rc_ch.o
                0x00000220                RC_Ch4_Timer_ISR_Handler
 .text.init_rc_channels
                0x0000022c       0x3c .\CortexM3\ARM_GCC_493\Debug\rc_ch.o
                0x0000022c                init_rc_channels
 .text.construct_rc_ch
                0x00000268       0x10 .\CortexM3\ARM_GCC_493\Debug\rc_ch.o
                0x00000268                construct_rc_ch
 .text.get_rc_ch_value
                0x00000278      0x130 .\CortexM3\ARM_GCC_493\Debug\rc_ch.o
                0x00000278                get_rc_ch_value
 .text.IntDefaultHandler
                0x000003a8        0x4 .\CortexM3\ARM_GCC_493\Debug\Cm3Start.o
                0x000003a8                IntDefaultHandler
 .text._sbrk    0x000003ac       0x30 .\CortexM3\ARM_GCC_493\Debug\Cm3Start.o
                0x000003ac                _sbrk
 .text.Start_c  0x000003dc       0x4c .\CortexM3\ARM_GCC_493\Debug\Cm3Start.o
                0x000003dc                Start_c
 .text.initialize_psoc
                0x00000428       0x74 .\CortexM3\ARM_GCC_493\Debug\Cm3Start.o
                0x00000428                initialize_psoc
 .text.CyClockStartupError
                0x0000049c        0x4 .\CortexM3\ARM_GCC_493\Debug\Ball.a(cyfitter_cfg.o)
 .text.cfg_write_bytes32
                0x000004a0       0x34 .\CortexM3\ARM_GCC_493\Debug\Ball.a(cyfitter_cfg.o)
 .text.AnalogSetDefault
                0x000004d4       0x28 .\CortexM3\ARM_GCC_493\Debug\Ball.a(cyfitter_cfg.o)
 .text.CYMEMZERO
                0x000004fc        0xc .\CortexM3\ARM_GCC_493\Debug\Ball.a(cyfitter_cfg.o)
 .text.ClockSetup
                0x00000508       0xcc .\CortexM3\ARM_GCC_493\Debug\Ball.a(cyfitter_cfg.o)
 .text.CYCONFIGCPY
                0x000005d4        0x8 .\CortexM3\ARM_GCC_493\Debug\Ball.a(cyfitter_cfg.o)
 .text.cyfitter_cfg
                0x000005dc       0xe4 .\CortexM3\ARM_GCC_493\Debug\Ball.a(cyfitter_cfg.o)
                0x000005dc                cyfitter_cfg
 .text.Motor_A_PWM_Enable
                0x000006c0       0x10 .\CortexM3\ARM_GCC_493\Debug\Ball.a(Motor_A_PWM.o)
                0x000006c0                Motor_A_PWM_Enable
 .text.Motor_A_PWM_WriteCounter
                0x000006d0        0xc .\CortexM3\ARM_GCC_493\Debug\Ball.a(Motor_A_PWM.o)
                0x000006d0                Motor_A_PWM_WriteCounter
 .text.Motor_A_PWM_WritePeriod
                0x000006dc        0xc .\CortexM3\ARM_GCC_493\Debug\Ball.a(Motor_A_PWM.o)
                0x000006dc                Motor_A_PWM_WritePeriod
 .text.Motor_A_PWM_WriteCompare1
                0x000006e8        0xc .\CortexM3\ARM_GCC_493\Debug\Ball.a(Motor_A_PWM.o)
                0x000006e8                Motor_A_PWM_WriteCompare1
 .text.Motor_A_PWM_WriteCompare2
                0x000006f4        0xc .\CortexM3\ARM_GCC_493\Debug\Ball.a(Motor_A_PWM.o)
                0x000006f4                Motor_A_PWM_WriteCompare2
 .text.Motor_A_PWM_SetInterruptMode
                0x00000700        0xc .\CortexM3\ARM_GCC_493\Debug\Ball.a(Motor_A_PWM.o)
                0x00000700                Motor_A_PWM_SetInterruptMode
 .text.Motor_A_PWM_ReadStatusRegister
                0x0000070c        0xc .\CortexM3\ARM_GCC_493\Debug\Ball.a(Motor_A_PWM.o)
                0x0000070c                Motor_A_PWM_ReadStatusRegister
 .text.Motor_A_PWM_ReadCapture
                0x00000718        0xc .\CortexM3\ARM_GCC_493\Debug\Ball.a(Motor_A_PWM.o)
                0x00000718                Motor_A_PWM_ReadCapture
 .text.Motor_A_PWM_ClearFIFO
                0x00000724       0x14 .\CortexM3\ARM_GCC_493\Debug\Ball.a(Motor_A_PWM.o)
                0x00000724                Motor_A_PWM_ClearFIFO
 .text.Motor_A_PWM_Init
                0x00000738       0x58 .\CortexM3\ARM_GCC_493\Debug\Ball.a(Motor_A_PWM.o)
                0x00000738                Motor_A_PWM_Init
 .text.Motor_A_PWM_Start
                0x00000790       0x1c .\CortexM3\ARM_GCC_493\Debug\Ball.a(Motor_A_PWM.o)
                0x00000790                Motor_A_PWM_Start
 *fill*         0x000007ac        0x4 
 .text          0x000007b0       0x20 .\CortexM3\ARM_GCC_493\Debug\Ball.a(CyBootAsmGnu.o)
                0x000007b0                CyDelayCycles
                0x000007c0                CyEnterCriticalSection
                0x000007c8                CyExitCriticalSection
 .text.CyHalt   0x000007d0        0x4 .\CortexM3\ARM_GCC_493\Debug\Ball.a(CyLib.o)
                0x000007d0                CyHalt
 .text.CyDelayUs
                0x000007d4       0x14 .\CortexM3\ARM_GCC_493\Debug\Ball.a(CyLib.o)
                0x000007d4                CyDelayUs
 .text.CyIntSetVector
                0x000007e8       0x28 .\CortexM3\ARM_GCC_493\Debug\Ball.a(CyLib.o)
                0x000007e8                CyIntSetVector
 .text.CyIntSetPriority
                0x00000810       0x30 .\CortexM3\ARM_GCC_493\Debug\Ball.a(CyLib.o)
                0x00000810                CyIntSetPriority
 .text.CyGetUniqueId
                0x00000840       0x70 .\CortexM3\ARM_GCC_493\Debug\Ball.a(CyLib.o)
                0x00000840                CyGetUniqueId
 .text.USBUART_Init
                0x000008b0      0x140 .\CortexM3\ARM_GCC_493\Debug\Ball.a(USBUART.o)
                0x000008b0                USBUART_Init
 .text.USBUART_InitComponent
                0x000009f0       0xb8 .\CortexM3\ARM_GCC_493\Debug\Ball.a(USBUART.o)
                0x000009f0                USBUART_InitComponent
 .text.USBUART_Start
                0x00000aa8       0x24 .\CortexM3\ARM_GCC_493\Debug\Ball.a(USBUART.o)
                0x00000aa8                USBUART_Start
 .text.USBUART_ReInitComponent
                0x00000acc       0x4c .\CortexM3\ARM_GCC_493\Debug\Ball.a(USBUART.o)
                0x00000acc                USBUART_ReInitComponent
 .text.USBUART_GetConfiguration
                0x00000b18        0xc .\CortexM3\ARM_GCC_493\Debug\Ball.a(USBUART.o)
                0x00000b18                USBUART_GetConfiguration
 .text.USBUART_LoadInEP
                0x00000b24       0x94 .\CortexM3\ARM_GCC_493\Debug\Ball.a(USBUART.o)
                0x00000b24                USBUART_LoadInEP
 .text.USBUART_StrLen
                0x00000bb8       0x14 .\CortexM3\ARM_GCC_493\Debug\Ball.a(USBUART_cdc.o)
 .text.USBUART_GetInterfaceComPort
                0x00000bcc       0x3c .\CortexM3\ARM_GCC_493\Debug\Ball.a(USBUART_cdc.o)
                0x00000bcc                USBUART_GetInterfaceComPort
 .text.USBUART_DispatchCDCClassRqst
                0x00000c08       0x98 .\CortexM3\ARM_GCC_493\Debug\Ball.a(USBUART_cdc.o)
                0x00000c08                USBUART_DispatchCDCClassRqst
 .text.USBUART_PutString
                0x00000ca0       0x9c .\CortexM3\ARM_GCC_493\Debug\Ball.a(USBUART_cdc.o)
                0x00000ca0                USBUART_PutString
 .text.USBUART_Cdc_EpInit
                0x00000d3c       0x50 .\CortexM3\ARM_GCC_493\Debug\Ball.a(USBUART_cdc.o)
                0x00000d3c                USBUART_Cdc_EpInit
 .text.USBUART_LoadEP0
                0x00000d8c       0x94 .\CortexM3\ARM_GCC_493\Debug\Ball.a(USBUART_drv.o)
                0x00000d8c                USBUART_LoadEP0
 .text.USBUART_InitZeroLengthControlTransfer
                0x00000e20       0x34 .\CortexM3\ARM_GCC_493\Debug\Ball.a(USBUART_drv.o)
                0x00000e20                USBUART_InitZeroLengthControlTransfer
 .text.USBUART_ControlReadDataStage
                0x00000e54        0x8 .\CortexM3\ARM_GCC_493\Debug\Ball.a(USBUART_drv.o)
                0x00000e54                USBUART_ControlReadDataStage
 .text.USBUART_ControlWriteDataStage
                0x00000e5c       0x80 .\CortexM3\ARM_GCC_493\Debug\Ball.a(USBUART_drv.o)
                0x00000e5c                USBUART_ControlWriteDataStage
 .text.USBUART_InitNoDataControlTransfer
                0x00000edc       0x2c .\CortexM3\ARM_GCC_493\Debug\Ball.a(USBUART_drv.o)
                0x00000edc                USBUART_InitNoDataControlTransfer
 .text.USBUART_UpdateStatusBlock
                0x00000f08       0x24 .\CortexM3\ARM_GCC_493\Debug\Ball.a(USBUART_drv.o)
                0x00000f08                USBUART_UpdateStatusBlock
 .text.USBUART_HandleSetup
                0x00000f2c       0x5c .\CortexM3\ARM_GCC_493\Debug\Ball.a(USBUART_drv.o)
                0x00000f2c                USBUART_HandleSetup
 .text.USBUART_ControlReadStatusStage
                0x00000f88       0x34 .\CortexM3\ARM_GCC_493\Debug\Ball.a(USBUART_drv.o)
                0x00000f88                USBUART_ControlReadStatusStage
 .text.USBUART_HandleOUT
                0x00000fbc       0x38 .\CortexM3\ARM_GCC_493\Debug\Ball.a(USBUART_drv.o)
                0x00000fbc                USBUART_HandleOUT
 .text.USBUART_ControlWriteStatusStage
                0x00000ff4       0x20 .\CortexM3\ARM_GCC_493\Debug\Ball.a(USBUART_drv.o)
                0x00000ff4                USBUART_ControlWriteStatusStage
 .text.USBUART_NoDataControlStatusStage
                0x00001014       0x40 .\CortexM3\ARM_GCC_493\Debug\Ball.a(USBUART_drv.o)
                0x00001014                USBUART_NoDataControlStatusStage
 .text.USBUART_HandleIN
                0x00001054       0x2c .\CortexM3\ARM_GCC_493\Debug\Ball.a(USBUART_drv.o)
                0x00001054                USBUART_HandleIN
 .text.USBUART_EP_0_ISR
                0x00001080       0xb8 .\CortexM3\ARM_GCC_493\Debug\Ball.a(USBUART_drv.o)
                0x00001080                USBUART_EP_0_ISR
 .text.USBUART_InitializeStatusBlock
                0x00001138       0x24 .\CortexM3\ARM_GCC_493\Debug\Ball.a(USBUART_drv.o)
                0x00001138                USBUART_InitializeStatusBlock
 .text.USBUART_InitControlRead
                0x0000115c       0x50 .\CortexM3\ARM_GCC_493\Debug\Ball.a(USBUART_drv.o)
                0x0000115c                USBUART_InitControlRead
 .text.USBUART_InitControlWrite
                0x000011ac       0x48 .\CortexM3\ARM_GCC_493\Debug\Ball.a(USBUART_drv.o)
                0x000011ac                USBUART_InitControlWrite
 .text.USBUART_EP_1_ISR
                0x000011f4       0x38 .\CortexM3\ARM_GCC_493\Debug\Ball.a(USBUART_episr.o)
                0x000011f4                USBUART_EP_1_ISR
 .text.USBUART_EP_2_ISR
                0x0000122c       0x3c .\CortexM3\ARM_GCC_493\Debug\Ball.a(USBUART_episr.o)
                0x0000122c                USBUART_EP_2_ISR
 .text.USBUART_EP_3_ISR
                0x00001268       0x44 .\CortexM3\ARM_GCC_493\Debug\Ball.a(USBUART_episr.o)
                0x00001268                USBUART_EP_3_ISR
 .text.USBUART_SOF_ISR
                0x000012ac        0x4 .\CortexM3\ARM_GCC_493\Debug\Ball.a(USBUART_episr.o)
                0x000012ac                USBUART_SOF_ISR
 .text.USBUART_BUS_RESET_ISR
                0x000012b0        0x8 .\CortexM3\ARM_GCC_493\Debug\Ball.a(USBUART_episr.o)
                0x000012b0                USBUART_BUS_RESET_ISR
 .text.USBUART_DP_ISR
                0x000012b8        0x8 .\CortexM3\ARM_GCC_493\Debug\Ball.a(USBUART_pm.o)
                0x000012b8                USBUART_DP_ISR
 .text.USBUART_ReadDieID
                0x000012c0       0x6c .\CortexM3\ARM_GCC_493\Debug\Ball.a(USBUART_std.o)
                0x000012c0                USBUART_ReadDieID
 .text.USBUART_ConfigReg
                0x0000132c       0xa4 .\CortexM3\ARM_GCC_493\Debug\Ball.a(USBUART_std.o)
                0x0000132c                USBUART_ConfigReg
 .text.USBUART_GetConfigTablePtr
                0x000013d0       0x28 .\CortexM3\ARM_GCC_493\Debug\Ball.a(USBUART_std.o)
                0x000013d0                USBUART_GetConfigTablePtr
 .text.USBUART_ConfigAltChanged
                0x000013f8      0x11c .\CortexM3\ARM_GCC_493\Debug\Ball.a(USBUART_std.o)
                0x000013f8                USBUART_ConfigAltChanged
 .text.USBUART_GetDeviceTablePtr
                0x00001514       0x18 .\CortexM3\ARM_GCC_493\Debug\Ball.a(USBUART_std.o)
                0x00001514                USBUART_GetDeviceTablePtr
 .text.USBUART_GetInterfaceClassTablePtr
                0x0000152c       0x24 .\CortexM3\ARM_GCC_493\Debug\Ball.a(USBUART_std.o)
                0x0000152c                USBUART_GetInterfaceClassTablePtr
 .text.USBUART_Config
                0x00001550      0x1e4 .\CortexM3\ARM_GCC_493\Debug\Ball.a(USBUART_std.o)
                0x00001550                USBUART_Config
 .text.USBUART_SetEndpointHalt
                0x00001734       0x64 .\CortexM3\ARM_GCC_493\Debug\Ball.a(USBUART_std.o)
                0x00001734                USBUART_SetEndpointHalt
 .text.USBUART_ClearEndpointHalt
                0x00001798       0xa8 .\CortexM3\ARM_GCC_493\Debug\Ball.a(USBUART_std.o)
                0x00001798                USBUART_ClearEndpointHalt
 .text.USBUART_ValidateAlternateSetting
                0x00001840       0x4c .\CortexM3\ARM_GCC_493\Debug\Ball.a(USBUART_std.o)
                0x00001840                USBUART_ValidateAlternateSetting
 .text.USBUART_HandleStandardRqst
                0x0000188c      0x350 .\CortexM3\ARM_GCC_493\Debug\Ball.a(USBUART_std.o)
                0x0000188c                USBUART_HandleStandardRqst
 .text.USBUART_HandleVendorRqst
                0x00001bdc       0x18 .\CortexM3\ARM_GCC_493\Debug\Ball.a(USBUART_vnd.o)
                0x00001bdc                USBUART_HandleVendorRqst
 .text.USBUART_Dp_ClearInterrupt
                0x00001bf4       0x10 .\CortexM3\ARM_GCC_493\Debug\Ball.a(USBUART_Dp.o)
                0x00001bf4                USBUART_Dp_ClearInterrupt
 .text.RC_Ch2_Timer_Enable
                0x00001c04       0x10 .\CortexM3\ARM_GCC_493\Debug\Ball.a(RC_Ch2_Timer.o)
                0x00001c04                RC_Ch2_Timer_Enable
 .text.RC_Ch2_Timer_Stop
                0x00001c14       0x10 .\CortexM3\ARM_GCC_493\Debug\Ball.a(RC_Ch2_Timer.o)
                0x00001c14                RC_Ch2_Timer_Stop
 .text.RC_Ch2_Timer_SetInterruptMode
                0x00001c24        0xc .\CortexM3\ARM_GCC_493\Debug\Ball.a(RC_Ch2_Timer.o)
                0x00001c24                RC_Ch2_Timer_SetInterruptMode
 .text.RC_Ch2_Timer_ReadStatusRegister
                0x00001c30        0xc .\CortexM3\ARM_GCC_493\Debug\Ball.a(RC_Ch2_Timer.o)
                0x00001c30                RC_Ch2_Timer_ReadStatusRegister
 .text.RC_Ch2_Timer_WritePeriod
                0x00001c3c       0x10 .\CortexM3\ARM_GCC_493\Debug\Ball.a(RC_Ch2_Timer.o)
                0x00001c3c                RC_Ch2_Timer_WritePeriod
 .text.RC_Ch2_Timer_ReadCapture
                0x00001c4c       0x10 .\CortexM3\ARM_GCC_493\Debug\Ball.a(RC_Ch2_Timer.o)
                0x00001c4c                RC_Ch2_Timer_ReadCapture
 .text.RC_Ch2_Timer_WriteCounter
                0x00001c5c       0x10 .\CortexM3\ARM_GCC_493\Debug\Ball.a(RC_Ch2_Timer.o)
                0x00001c5c                RC_Ch2_Timer_WriteCounter
 .text.RC_Ch2_Timer_EnableTrigger
                0x00001c6c       0x10 .\CortexM3\ARM_GCC_493\Debug\Ball.a(RC_Ch2_Timer.o)
                0x00001c6c                RC_Ch2_Timer_EnableTrigger
 .text.RC_Ch2_Timer_SetInterruptCount
                0x00001c7c       0x1c .\CortexM3\ARM_GCC_493\Debug\Ball.a(RC_Ch2_Timer.o)
                0x00001c7c                RC_Ch2_Timer_SetInterruptCount
 .text.RC_Ch2_Timer_ClearFIFO
                0x00001c98       0x14 .\CortexM3\ARM_GCC_493\Debug\Ball.a(RC_Ch2_Timer.o)
                0x00001c98                RC_Ch2_Timer_ClearFIFO
 .text.RC_Ch2_Timer_Init
                0x00001cac       0x40 .\CortexM3\ARM_GCC_493\Debug\Ball.a(RC_Ch2_Timer.o)
                0x00001cac                RC_Ch2_Timer_Init
 .text.RC_Ch2_Timer_Start
                0x00001cec       0x1c .\CortexM3\ARM_GCC_493\Debug\Ball.a(RC_Ch2_Timer.o)
                0x00001cec                RC_Ch2_Timer_Start
 .text.RC_Ch2_Timer_Interrupt_SetVector
                0x00001d08        0xc .\CortexM3\ARM_GCC_493\Debug\Ball.a(RC_Ch2_Timer_Interrupt.o)
                0x00001d08                RC_Ch2_Timer_Interrupt_SetVector
 .text.RC_Ch2_Timer_Interrupt_SetPriority
                0x00001d14       0x10 .\CortexM3\ARM_GCC_493\Debug\Ball.a(RC_Ch2_Timer_Interrupt.o)
                0x00001d14                RC_Ch2_Timer_Interrupt_SetPriority
 .text.RC_Ch2_Timer_Interrupt_Enable
                0x00001d24        0xc .\CortexM3\ARM_GCC_493\Debug\Ball.a(RC_Ch2_Timer_Interrupt.o)
                0x00001d24                RC_Ch2_Timer_Interrupt_Enable
 .text.RC_Ch2_Timer_Interrupt_Disable
                0x00001d30        0xc .\CortexM3\ARM_GCC_493\Debug\Ball.a(RC_Ch2_Timer_Interrupt.o)
                0x00001d30                RC_Ch2_Timer_Interrupt_Disable
 .text.RC_Ch2_Timer_Interrupt_StartEx
                0x00001d3c       0x1c .\CortexM3\ARM_GCC_493\Debug\Ball.a(RC_Ch2_Timer_Interrupt.o)
                0x00001d3c                RC_Ch2_Timer_Interrupt_StartEx
 .text.Clock_Millis_Interrupt_SetVector
                0x00001d58        0xc .\CortexM3\ARM_GCC_493\Debug\Ball.a(Clock_Millis_Interrupt.o)
                0x00001d58                Clock_Millis_Interrupt_SetVector
 .text.Clock_Millis_Interrupt_SetPriority
                0x00001d64       0x10 .\CortexM3\ARM_GCC_493\Debug\Ball.a(Clock_Millis_Interrupt.o)
                0x00001d64                Clock_Millis_Interrupt_SetPriority
 .text.Clock_Millis_Interrupt_Enable
                0x00001d74        0xc .\CortexM3\ARM_GCC_493\Debug\Ball.a(Clock_Millis_Interrupt.o)
                0x00001d74                Clock_Millis_Interrupt_Enable
 .text.Clock_Millis_Interrupt_Disable
                0x00001d80        0xc .\CortexM3\ARM_GCC_493\Debug\Ball.a(Clock_Millis_Interrupt.o)
                0x00001d80                Clock_Millis_Interrupt_Disable
 .text.Clock_Millis_Interrupt_StartEx
                0x00001d8c       0x1c .\CortexM3\ARM_GCC_493\Debug\Ball.a(Clock_Millis_Interrupt.o)
                0x00001d8c                Clock_Millis_Interrupt_StartEx
 .text.RC_Ch1_Read
                0x00001da8       0x10 .\CortexM3\ARM_GCC_493\Debug\Ball.a(RC_Ch1.o)
                0x00001da8                RC_Ch1_Read
 .text.RC_Ch1_Timer_Enable
                0x00001db8       0x10 .\CortexM3\ARM_GCC_493\Debug\Ball.a(RC_Ch1_Timer.o)
                0x00001db8                RC_Ch1_Timer_Enable
 .text.RC_Ch1_Timer_Stop
                0x00001dc8       0x10 .\CortexM3\ARM_GCC_493\Debug\Ball.a(RC_Ch1_Timer.o)
                0x00001dc8                RC_Ch1_Timer_Stop
 .text.RC_Ch1_Timer_SetInterruptMode
                0x00001dd8        0xc .\CortexM3\ARM_GCC_493\Debug\Ball.a(RC_Ch1_Timer.o)
                0x00001dd8                RC_Ch1_Timer_SetInterruptMode
 .text.RC_Ch1_Timer_ReadStatusRegister
                0x00001de4        0xc .\CortexM3\ARM_GCC_493\Debug\Ball.a(RC_Ch1_Timer.o)
                0x00001de4                RC_Ch1_Timer_ReadStatusRegister
 .text.RC_Ch1_Timer_WritePeriod
                0x00001df0       0x10 .\CortexM3\ARM_GCC_493\Debug\Ball.a(RC_Ch1_Timer.o)
                0x00001df0                RC_Ch1_Timer_WritePeriod
 .text.RC_Ch1_Timer_ReadCapture
                0x00001e00       0x10 .\CortexM3\ARM_GCC_493\Debug\Ball.a(RC_Ch1_Timer.o)
                0x00001e00                RC_Ch1_Timer_ReadCapture
 .text.RC_Ch1_Timer_WriteCounter
                0x00001e10       0x10 .\CortexM3\ARM_GCC_493\Debug\Ball.a(RC_Ch1_Timer.o)
                0x00001e10                RC_Ch1_Timer_WriteCounter
 .text.RC_Ch1_Timer_EnableTrigger
                0x00001e20       0x10 .\CortexM3\ARM_GCC_493\Debug\Ball.a(RC_Ch1_Timer.o)
                0x00001e20                RC_Ch1_Timer_EnableTrigger
 .text.RC_Ch1_Timer_SetInterruptCount
                0x00001e30       0x1c .\CortexM3\ARM_GCC_493\Debug\Ball.a(RC_Ch1_Timer.o)
                0x00001e30                RC_Ch1_Timer_SetInterruptCount
 .text.RC_Ch1_Timer_ClearFIFO
                0x00001e4c       0x14 .\CortexM3\ARM_GCC_493\Debug\Ball.a(RC_Ch1_Timer.o)
                0x00001e4c                RC_Ch1_Timer_ClearFIFO
 .text.RC_Ch1_Timer_Init
                0x00001e60       0x40 .\CortexM3\ARM_GCC_493\Debug\Ball.a(RC_Ch1_Timer.o)
                0x00001e60                RC_Ch1_Timer_Init
 .text.RC_Ch1_Timer_Start
                0x00001ea0       0x1c .\CortexM3\ARM_GCC_493\Debug\Ball.a(RC_Ch1_Timer.o)
                0x00001ea0                RC_Ch1_Timer_Start
 .text.RC_Ch2_Read
                0x00001ebc       0x10 .\CortexM3\ARM_GCC_493\Debug\Ball.a(RC_Ch2.o)
                0x00001ebc                RC_Ch2_Read
 .text.RC_Ch1_Timer_Interrupt_SetVector
                0x00001ecc        0xc .\CortexM3\ARM_GCC_493\Debug\Ball.a(RC_Ch1_Timer_Interrupt.o)
                0x00001ecc                RC_Ch1_Timer_Interrupt_SetVector
 .text.RC_Ch1_Timer_Interrupt_SetPriority
                0x00001ed8       0x10 .\CortexM3\ARM_GCC_493\Debug\Ball.a(RC_Ch1_Timer_Interrupt.o)
                0x00001ed8                RC_Ch1_Timer_Interrupt_SetPriority
 .text.RC_Ch1_Timer_Interrupt_Enable
                0x00001ee8        0xc .\CortexM3\ARM_GCC_493\Debug\Ball.a(RC_Ch1_Timer_Interrupt.o)
                0x00001ee8                RC_Ch1_Timer_Interrupt_Enable
 .text.RC_Ch1_Timer_Interrupt_Disable
                0x00001ef4        0xc .\CortexM3\ARM_GCC_493\Debug\Ball.a(RC_Ch1_Timer_Interrupt.o)
                0x00001ef4                RC_Ch1_Timer_Interrupt_Disable
 .text.RC_Ch1_Timer_Interrupt_StartEx
                0x00001f00       0x1c .\CortexM3\ARM_GCC_493\Debug\Ball.a(RC_Ch1_Timer_Interrupt.o)
                0x00001f00                RC_Ch1_Timer_Interrupt_StartEx
 .text.RC_Ch4_Timer_Enable
                0x00001f1c       0x10 .\CortexM3\ARM_GCC_493\Debug\Ball.a(RC_Ch4_Timer.o)
                0x00001f1c                RC_Ch4_Timer_Enable
 .text.RC_Ch4_Timer_Stop
                0x00001f2c       0x10 .\CortexM3\ARM_GCC_493\Debug\Ball.a(RC_Ch4_Timer.o)
                0x00001f2c                RC_Ch4_Timer_Stop
 .text.RC_Ch4_Timer_SetInterruptMode
                0x00001f3c        0xc .\CortexM3\ARM_GCC_493\Debug\Ball.a(RC_Ch4_Timer.o)
                0x00001f3c                RC_Ch4_Timer_SetInterruptMode
 .text.RC_Ch4_Timer_ReadStatusRegister
                0x00001f48        0xc .\CortexM3\ARM_GCC_493\Debug\Ball.a(RC_Ch4_Timer.o)
                0x00001f48                RC_Ch4_Timer_ReadStatusRegister
 .text.RC_Ch4_Timer_WritePeriod
                0x00001f54       0x10 .\CortexM3\ARM_GCC_493\Debug\Ball.a(RC_Ch4_Timer.o)
                0x00001f54                RC_Ch4_Timer_WritePeriod
 .text.RC_Ch4_Timer_ReadCapture
                0x00001f64       0x10 .\CortexM3\ARM_GCC_493\Debug\Ball.a(RC_Ch4_Timer.o)
                0x00001f64                RC_Ch4_Timer_ReadCapture
 .text.RC_Ch4_Timer_WriteCounter
                0x00001f74       0x10 .\CortexM3\ARM_GCC_493\Debug\Ball.a(RC_Ch4_Timer.o)
                0x00001f74                RC_Ch4_Timer_WriteCounter
 .text.RC_Ch4_Timer_EnableTrigger
                0x00001f84       0x10 .\CortexM3\ARM_GCC_493\Debug\Ball.a(RC_Ch4_Timer.o)
                0x00001f84                RC_Ch4_Timer_EnableTrigger
 .text.RC_Ch4_Timer_SetInterruptCount
                0x00001f94       0x1c .\CortexM3\ARM_GCC_493\Debug\Ball.a(RC_Ch4_Timer.o)
                0x00001f94                RC_Ch4_Timer_SetInterruptCount
 .text.RC_Ch4_Timer_ClearFIFO
                0x00001fb0       0x14 .\CortexM3\ARM_GCC_493\Debug\Ball.a(RC_Ch4_Timer.o)
                0x00001fb0                RC_Ch4_Timer_ClearFIFO
 .text.RC_Ch4_Timer_Init
                0x00001fc4       0x40 .\CortexM3\ARM_GCC_493\Debug\Ball.a(RC_Ch4_Timer.o)
                0x00001fc4                RC_Ch4_Timer_Init
 .text.RC_Ch4_Timer_Start
                0x00002004       0x1c .\CortexM3\ARM_GCC_493\Debug\Ball.a(RC_Ch4_Timer.o)
                0x00002004                RC_Ch4_Timer_Start
 .text.RC_Ch4_Read
                0x00002020       0x10 .\CortexM3\ARM_GCC_493\Debug\Ball.a(RC_Ch4.o)
                0x00002020                RC_Ch4_Read
 .text.RC_Ch4_Timer_Interrupt_SetVector
                0x00002030        0xc .\CortexM3\ARM_GCC_493\Debug\Ball.a(RC_Ch4_Timer_Interrupt.o)
                0x00002030                RC_Ch4_Timer_Interrupt_SetVector
 .text.RC_Ch4_Timer_Interrupt_SetPriority
                0x0000203c       0x10 .\CortexM3\ARM_GCC_493\Debug\Ball.a(RC_Ch4_Timer_Interrupt.o)
                0x0000203c                RC_Ch4_Timer_Interrupt_SetPriority
 .text.RC_Ch4_Timer_Interrupt_Enable
                0x0000204c        0xc .\CortexM3\ARM_GCC_493\Debug\Ball.a(RC_Ch4_Timer_Interrupt.o)
                0x0000204c                RC_Ch4_Timer_Interrupt_Enable
 .text.RC_Ch4_Timer_Interrupt_Disable
                0x00002058        0xc .\CortexM3\ARM_GCC_493\Debug\Ball.a(RC_Ch4_Timer_Interrupt.o)
                0x00002058                RC_Ch4_Timer_Interrupt_Disable
 .text.RC_Ch4_Timer_Interrupt_StartEx
                0x00002064       0x1c .\CortexM3\ARM_GCC_493\Debug\Ball.a(RC_Ch4_Timer_Interrupt.o)
                0x00002064                RC_Ch4_Timer_Interrupt_StartEx
 .text.RC_Ch3_Timer_Enable
                0x00002080       0x10 .\CortexM3\ARM_GCC_493\Debug\Ball.a(RC_Ch3_Timer.o)
                0x00002080                RC_Ch3_Timer_Enable
 .text.RC_Ch3_Timer_Stop
                0x00002090       0x10 .\CortexM3\ARM_GCC_493\Debug\Ball.a(RC_Ch3_Timer.o)
                0x00002090                RC_Ch3_Timer_Stop
 .text.RC_Ch3_Timer_SetInterruptMode
                0x000020a0        0xc .\CortexM3\ARM_GCC_493\Debug\Ball.a(RC_Ch3_Timer.o)
                0x000020a0                RC_Ch3_Timer_SetInterruptMode
 .text.RC_Ch3_Timer_ReadStatusRegister
                0x000020ac        0xc .\CortexM3\ARM_GCC_493\Debug\Ball.a(RC_Ch3_Timer.o)
                0x000020ac                RC_Ch3_Timer_ReadStatusRegister
 .text.RC_Ch3_Timer_WritePeriod
                0x000020b8       0x10 .\CortexM3\ARM_GCC_493\Debug\Ball.a(RC_Ch3_Timer.o)
                0x000020b8                RC_Ch3_Timer_WritePeriod
 .text.RC_Ch3_Timer_ReadCapture
                0x000020c8       0x10 .\CortexM3\ARM_GCC_493\Debug\Ball.a(RC_Ch3_Timer.o)
                0x000020c8                RC_Ch3_Timer_ReadCapture
 .text.RC_Ch3_Timer_WriteCounter
                0x000020d8       0x10 .\CortexM3\ARM_GCC_493\Debug\Ball.a(RC_Ch3_Timer.o)
                0x000020d8                RC_Ch3_Timer_WriteCounter
 .text.RC_Ch3_Timer_EnableTrigger
                0x000020e8       0x10 .\CortexM3\ARM_GCC_493\Debug\Ball.a(RC_Ch3_Timer.o)
                0x000020e8                RC_Ch3_Timer_EnableTrigger
 .text.RC_Ch3_Timer_SetInterruptCount
                0x000020f8       0x1c .\CortexM3\ARM_GCC_493\Debug\Ball.a(RC_Ch3_Timer.o)
                0x000020f8                RC_Ch3_Timer_SetInterruptCount
 .text.RC_Ch3_Timer_ClearFIFO
                0x00002114       0x14 .\CortexM3\ARM_GCC_493\Debug\Ball.a(RC_Ch3_Timer.o)
                0x00002114                RC_Ch3_Timer_ClearFIFO
 .text.RC_Ch3_Timer_Init
                0x00002128       0x40 .\CortexM3\ARM_GCC_493\Debug\Ball.a(RC_Ch3_Timer.o)
                0x00002128                RC_Ch3_Timer_Init
 .text.RC_Ch3_Timer_Start
                0x00002168       0x1c .\CortexM3\ARM_GCC_493\Debug\Ball.a(RC_Ch3_Timer.o)
                0x00002168                RC_Ch3_Timer_Start
 .text.RC_Ch3_Read
                0x00002184       0x10 .\CortexM3\ARM_GCC_493\Debug\Ball.a(RC_Ch3.o)
                0x00002184                RC_Ch3_Read
 .text.RC_Ch3_Timer_Interrupt_SetVector
                0x00002194        0xc .\CortexM3\ARM_GCC_493\Debug\Ball.a(RC_Ch3_Timer_Interrupt.o)
                0x00002194                RC_Ch3_Timer_Interrupt_SetVector
 .text.RC_Ch3_Timer_Interrupt_SetPriority
                0x000021a0       0x10 .\CortexM3\ARM_GCC_493\Debug\Ball.a(RC_Ch3_Timer_Interrupt.o)
                0x000021a0                RC_Ch3_Timer_Interrupt_SetPriority
 .text.RC_Ch3_Timer_Interrupt_Enable
                0x000021b0        0xc .\CortexM3\ARM_GCC_493\Debug\Ball.a(RC_Ch3_Timer_Interrupt.o)
                0x000021b0                RC_Ch3_Timer_Interrupt_Enable
 .text.RC_Ch3_Timer_Interrupt_Disable
                0x000021bc        0xc .\CortexM3\ARM_GCC_493\Debug\Ball.a(RC_Ch3_Timer_Interrupt.o)
                0x000021bc                RC_Ch3_Timer_Interrupt_Disable
 .text.RC_Ch3_Timer_Interrupt_StartEx
                0x000021c8       0x1c .\CortexM3\ARM_GCC_493\Debug\Ball.a(RC_Ch3_Timer_Interrupt.o)
                0x000021c8                RC_Ch3_Timer_Interrupt_StartEx
 .text.CySetReg24
                0x000021e4       0x14 .\CortexM3\ARM_GCC_493\Debug\Ball.a(cyutils.o)
                0x000021e4                CySetReg24
 .text.USBUART_DispatchClassRqst
                0x000021f8       0x58 .\CortexM3\ARM_GCC_493\Debug\Ball.a(USBUART_cls.o)
                0x000021f8                USBUART_DispatchClassRqst
 .text.__errno  0x00002250        0xc c:/program files (x86)/cypress/psoc creator/3.3/psoc creator/import/gnu/arm/4.9.3/bin/../lib/gcc/arm-none-eabi/4.9.3/../../../../arm-none-eabi/lib/armv7-m\libg_nano.a(lib_a-errno.o)
                0x00002250                __errno
 .text.__libc_init_array
                0x0000225c       0x4c c:/program files (x86)/cypress/psoc creator/3.3/psoc creator/import/gnu/arm/4.9.3/bin/../lib/gcc/arm-none-eabi/4.9.3/../../../../arm-none-eabi/lib/armv7-m\libg_nano.a(lib_a-init.o)
                0x0000225c                __libc_init_array
 .text.memcpy   0x000022a8       0x16 c:/program files (x86)/cypress/psoc creator/3.3/psoc creator/import/gnu/arm/4.9.3/bin/../lib/gcc/arm-none-eabi/4.9.3/../../../../arm-none-eabi/lib/armv7-m\libg_nano.a(lib_a-memcpy.o)
                0x000022a8                memcpy
 .text.memset   0x000022be       0x10 c:/program files (x86)/cypress/psoc creator/3.3/psoc creator/import/gnu/arm/4.9.3/bin/../lib/gcc/arm-none-eabi/4.9.3/../../../../arm-none-eabi/lib/armv7-m\libg_nano.a(lib_a-memset.o)
                0x000022be                memset
 *fill*         0x000022ce        0x2 
 .text.sprintf  0x000022d0       0x48 c:/program files (x86)/cypress/psoc creator/3.3/psoc creator/import/gnu/arm/4.9.3/bin/../lib/gcc/arm-none-eabi/4.9.3/../../../../arm-none-eabi/lib/armv7-m\libg_nano.a(lib_a-sprintf.o)
                0x000022d0                siprintf
                0x000022d0                sprintf
 .text.__ssputs_r
                0x00002318       0xb2 c:/program files (x86)/cypress/psoc creator/3.3/psoc creator/import/gnu/arm/4.9.3/bin/../lib/gcc/arm-none-eabi/4.9.3/../../../../arm-none-eabi/lib/armv7-m\libg_nano.a(lib_a-nano-svfprintf.o)
                0x00002318                __ssputs_r
 *fill*         0x000023ca        0x2 
 .text._svfprintf_r
                0x000023cc      0x1e4 c:/program files (x86)/cypress/psoc creator/3.3/psoc creator/import/gnu/arm/4.9.3/bin/../lib/gcc/arm-none-eabi/4.9.3/../../../../arm-none-eabi/lib/armv7-m\libg_nano.a(lib_a-nano-svfprintf.o)
                0x000023cc                _svfiprintf_r
                0x000023cc                _svfprintf_r
 .text._printf_common
                0x000025b0       0xea c:/program files (x86)/cypress/psoc creator/3.3/psoc creator/import/gnu/arm/4.9.3/bin/../lib/gcc/arm-none-eabi/4.9.3/../../../../arm-none-eabi/lib/armv7-m\libg_nano.a(lib_a-nano-vfprintf_i.o)
                0x000025b0                _printf_common
 *fill*         0x0000269a        0x2 
 .text._printf_i
                0x0000269c      0x240 c:/program files (x86)/cypress/psoc creator/3.3/psoc creator/import/gnu/arm/4.9.3/bin/../lib/gcc/arm-none-eabi/4.9.3/../../../../arm-none-eabi/lib/armv7-m\libg_nano.a(lib_a-nano-vfprintf_i.o)
                0x0000269c                _printf_i
 .text.memchr   0x000028dc       0x1c c:/program files (x86)/cypress/psoc creator/3.3/psoc creator/import/gnu/arm/4.9.3/bin/../lib/gcc/arm-none-eabi/4.9.3/../../../../arm-none-eabi/lib/armv7-m\libg_nano.a(lib_a-memchr.o)
                0x000028dc                memchr
 .text.memmove  0x000028f8       0x36 c:/program files (x86)/cypress/psoc creator/3.3/psoc creator/import/gnu/arm/4.9.3/bin/../lib/gcc/arm-none-eabi/4.9.3/../../../../arm-none-eabi/lib/armv7-m\libg_nano.a(lib_a-memmove.o)
                0x000028f8                memmove
 *fill*         0x0000292e        0x2 
 .text._free_r  0x00002930       0x88 c:/program files (x86)/cypress/psoc creator/3.3/psoc creator/import/gnu/arm/4.9.3/bin/../lib/gcc/arm-none-eabi/4.9.3/../../../../arm-none-eabi/lib/armv7-m\libg_nano.a(lib_a-nano-freer.o)
                0x00002930                _free_r
 .text._malloc_r
                0x000029b8       0xac c:/program files (x86)/cypress/psoc creator/3.3/psoc creator/import/gnu/arm/4.9.3/bin/../lib/gcc/arm-none-eabi/4.9.3/../../../../arm-none-eabi/lib/armv7-m\libg_nano.a(lib_a-nano-mallocr.o)
                0x000029b8                _malloc_r
 .text._realloc_r
                0x00002a64       0x4c c:/program files (x86)/cypress/psoc creator/3.3/psoc creator/import/gnu/arm/4.9.3/bin/../lib/gcc/arm-none-eabi/4.9.3/../../../../arm-none-eabi/lib/armv7-m\libg_nano.a(lib_a-nano-reallocr.o)
                0x00002a64                _realloc_r
 .text._sbrk_r  0x00002ab0       0x20 c:/program files (x86)/cypress/psoc creator/3.3/psoc creator/import/gnu/arm/4.9.3/bin/../lib/gcc/arm-none-eabi/4.9.3/../../../../arm-none-eabi/lib/armv7-m\libg_nano.a(lib_a-sbrkr.o)
                0x00002ab0                _sbrk_r
 .text._malloc_usable_size_r
                0x00002ad0       0x14 c:/program files (x86)/cypress/psoc creator/3.3/psoc creator/import/gnu/arm/4.9.3/bin/../lib/gcc/arm-none-eabi/4.9.3/../../../../arm-none-eabi/lib/armv7-m\libg_nano.a(lib_a-nano-msizer.o)
                0x00002ad0                _malloc_usable_size_r
 *(.plt)
 *(.gnu.warning)
 *(.glue_7t)
 .glue_7t       0x00000000        0x0 linker stubs
 *(.glue_7)
 .glue_7        0x00000000        0x0 linker stubs
 *(.vfp11_veneer)
 .vfp11_veneer  0x00000000        0x0 linker stubs
 *(.bootloader)
 *(.ARM.extab* .gnu.linkonce.armextab.*)
 *(.gcc_except_table)

.v4_bx          0x00002ae4        0x0
 .v4_bx         0x00000000        0x0 linker stubs

.iplt           0x00002ae4        0x0
 .iplt          0x00000000        0x0 c:/program files (x86)/cypress/psoc creator/3.3/psoc creator/import/gnu/arm/4.9.3/bin/../lib/gcc/arm-none-eabi/4.9.3/armv7-m/crtbegin.o

.eh_frame_hdr
 *(.eh_frame_hdr)

.eh_frame       0x00002ae4        0x4
 *(.eh_frame)
 .eh_frame      0x00002ae4        0x0 c:/program files (x86)/cypress/psoc creator/3.3/psoc creator/import/gnu/arm/4.9.3/bin/../lib/gcc/arm-none-eabi/4.9.3/armv7-m/crtbegin.o
 .eh_frame      0x00002ae4        0x4 c:/program files (x86)/cypress/psoc creator/3.3/psoc creator/import/gnu/arm/4.9.3/bin/../lib/gcc/arm-none-eabi/4.9.3/armv7-m/crtend.o
                0x00002ae8                PROVIDE (__exidx_start, .)

.ARM.exidx
 *(.ARM.exidx* .gnu.linkonce.armexidx.*)
                0x00002ae8                __exidx_end = .

.rodata         0x00002ae8      0x238
 *(.rodata .rodata.* .gnu.linkonce.r.*)
 .rodata.str1.4
                0x00002ae8        0x8 .\CortexM3\ARM_GCC_493\Debug\main.o
 .rodata.str1.4
                0x00002af0       0x1e .\CortexM3\ARM_GCC_493\Debug\rc_ch.o
                                 0x20 (size before relaxing)
 *fill*         0x00002b0e        0x2 
 .rodata        0x00002b10       0x2c .\CortexM3\ARM_GCC_493\Debug\Ball.a(cyfitter_cfg.o)
 .rodata.str1.4
                0x00002b3c       0x14 .\CortexM3\ARM_GCC_493\Debug\Ball.a(USBUART_std.o)
 .rodata        0x00002b50      0x160 .\CortexM3\ARM_GCC_493\Debug\Ball.a(USBUART_descr.o)
                0x00002b50                USBUART_TABLE
                0x00002b58                USBUART_DEVICE0_TABLE
                0x00002b70                USBUART_DEVICE0_CONFIGURATION0_TABLE
                0x00002b98                USBUART_DEVICE0_CONFIGURATION0_INTERFACE_CLASS
                0x00002b9c                USBUART_DEVICE0_CONFIGURATION0_EP_SETTINGS_TABLE
                0x00002bb4                USBUART_SN_STRING_DESCRIPTOR
                0x00002bb8                USBUART_STRING_DESCRIPTORS
                0x00002c58                USBUART_DEVICE0_CONFIGURATION0_DESCR
                0x00002c9c                USBUART_DEVICE0_DESCR
 .rodata.str1.1
                0x00002cb0        0x2 c:/program files (x86)/cypress/psoc creator/3.3/psoc creator/import/gnu/arm/4.9.3/bin/../lib/gcc/arm-none-eabi/4.9.3/../../../../arm-none-eabi/lib/armv7-m\libg_nano.a(lib_a-impure.o)
 .rodata.str1.1
                0x00002cb2       0x11 c:/program files (x86)/cypress/psoc creator/3.3/psoc creator/import/gnu/arm/4.9.3/bin/../lib/gcc/arm-none-eabi/4.9.3/../../../../arm-none-eabi/lib/armv7-m\libg_nano.a(lib_a-nano-svfprintf.o)
 .rodata.str1.1
                0x00002cc3       0x22 c:/program files (x86)/cypress/psoc creator/3.3/psoc creator/import/gnu/arm/4.9.3/bin/../lib/gcc/arm-none-eabi/4.9.3/../../../../arm-none-eabi/lib/armv7-m\libg_nano.a(lib_a-nano-vfprintf_i.o)
                0x00002ce8                . = ALIGN (0x4)
 *fill*         0x00002ce5        0x3 
 *(.init)
 .init          0x00002ce8        0x4 c:/program files (x86)/cypress/psoc creator/3.3/psoc creator/import/gnu/arm/4.9.3/bin/../lib/gcc/arm-none-eabi/4.9.3/armv7-m/crti.o
                0x00002ce8                _init
 .init          0x00002cec        0x8 c:/program files (x86)/cypress/psoc creator/3.3/psoc creator/import/gnu/arm/4.9.3/bin/../lib/gcc/arm-none-eabi/4.9.3/armv7-m/crtn.o
                0x00002cf4                . = ALIGN (0x4)
                0x00002cf4                __preinit_array_start = .
 *(.preinit_array)
                0x00002cf4                __preinit_array_end = .
                0x00002cf4                . = ALIGN (0x4)
                0x00002cf4                __init_array_start = .
 *(SORT(.init_array.*))
 *(.init_array)
 .init_array    0x00002cf4        0x4 c:/program files (x86)/cypress/psoc creator/3.3/psoc creator/import/gnu/arm/4.9.3/bin/../lib/gcc/arm-none-eabi/4.9.3/armv7-m/crtbegin.o
 .init_array    0x00002cf8        0x4 .\CortexM3\ARM_GCC_493\Debug\Cm3Start.o
                0x00002cfc                __init_array_end = .
                0x00002cfc                . = ALIGN (0x4)
 *(.fini)
 .fini          0x00002cfc        0x4 c:/program files (x86)/cypress/psoc creator/3.3/psoc creator/import/gnu/arm/4.9.3/bin/../lib/gcc/arm-none-eabi/4.9.3/armv7-m/crti.o
                0x00002cfc                _fini
 .fini          0x00002d00        0x8 c:/program files (x86)/cypress/psoc creator/3.3/psoc creator/import/gnu/arm/4.9.3/bin/../lib/gcc/arm-none-eabi/4.9.3/armv7-m/crtn.o
                0x00002d08                . = ALIGN (0x4)
                0x00002d08                __fini_array_start = .
 *(.fini_array)
 .fini_array    0x00002d08        0x4 c:/program files (x86)/cypress/psoc creator/3.3/psoc creator/import/gnu/arm/4.9.3/bin/../lib/gcc/arm-none-eabi/4.9.3/armv7-m/crtbegin.o
 *(SORT(.fini_array.*))
                0x00002d0c                __fini_array_end = .
                0x00002d0c                . = ALIGN (0x4)
 *crtbegin.o(.ctors)
 *(EXCLUDE_FILE(*crtend.o) .ctors)
 *(SORT(.ctors.*))
 *crtend.o(.ctors)
                0x00002d0c                . = ALIGN (0x4)
 *crtbegin.o(.dtors)
 *(EXCLUDE_FILE(*crtend.o) .dtors)
 *(SORT(.dtors.*))
 *crtend.o(.dtors)
                0x00002d0c                . = ALIGN (0x4)
                0x00002d0c                __cy_regions = .
                0x00002d0c        0x4 LONG 0x2d20 __cy_region_init_ram
                0x00002d10        0x4 LONG 0x1fff8108 __cy_region_start_data
                0x00002d14        0x4 LONG 0x98 __cy_region_init_size_ram
                0x00002d18        0x4 LONG 0x130 __cy_region_zero_size_ram
                0x00002d1c                __cy_regions_end = .
                0x00002d20                . = ALIGN (0x8)
 *fill*         0x00002d1c        0x4 
                0x00002d20                _etext = .

.cy_checksum_exclude
                0x00002d20        0x0
 *(.cy_checksum_exclude)

.ramvectors     0x1fff8000      0x100
                0x1fff8000                __cy_region_start_ram = .
 *(.ramvectors)
 .ramvectors    0x1fff8000      0x100 .\CortexM3\ARM_GCC_493\Debug\Cm3Start.o
                0x1fff8000                CyRamVectors

.noinit         0x1fff8100        0x5
 *(.noinit)
 .noinit        0x1fff8100        0x4 .\CortexM3\ARM_GCC_493\Debug\Cm3Start.o
 .noinit        0x1fff8104        0x1 .\CortexM3\ARM_GCC_493\Debug\Ball.a(CyLib.o)
                0x1fff8104                CyResetStatus

.data           0x1fff8108       0x98 load address 0x00002d20
                0x1fff8108                __cy_region_start_data = .
 *(.jcr)
 .jcr           0x1fff8108        0x0 c:/program files (x86)/cypress/psoc creator/3.3/psoc creator/import/gnu/arm/4.9.3/bin/../lib/gcc/arm-none-eabi/4.9.3/armv7-m/crtbegin.o
 .jcr           0x1fff8108        0x4 c:/program files (x86)/cypress/psoc creator/3.3/psoc creator/import/gnu/arm/4.9.3/bin/../lib/gcc/arm-none-eabi/4.9.3/armv7-m/crtend.o
 *(.got.plt)
 *(.got)
 *(.shdata)
 *(.data .data.* .gnu.linkonce.d.*)
 .data          0x1fff810c        0x4 .\CortexM3\ARM_GCC_493\Debug\Cm3Start.o
 .data          0x1fff8110       0x10 .\CortexM3\ARM_GCC_493\Debug\Ball.a(CyLib.o)
                0x1fff8110                cydelay_32k_ms
                0x1fff8114                cydelay_freq_khz
                0x1fff8118                cydelay_freq_mhz
                0x1fff811c                cydelay_freq_hz
 .data          0x1fff8120       0x1c .\CortexM3\ARM_GCC_493\Debug\Ball.a(USBUART_cdc.o)
                0x1fff8120                USBUART_linesCoding
 .data.impure_data
                0x1fff813c       0x60 c:/program files (x86)/cypress/psoc creator/3.3/psoc creator/import/gnu/arm/4.9.3/bin/../lib/gcc/arm-none-eabi/4.9.3/../../../../arm-none-eabi/lib/armv7-m\libg_nano.a(lib_a-impure.o)
 .data._impure_ptr
                0x1fff819c        0x4 c:/program files (x86)/cypress/psoc creator/3.3/psoc creator/import/gnu/arm/4.9.3/bin/../lib/gcc/arm-none-eabi/4.9.3/../../../../arm-none-eabi/lib/armv7-m\libg_nano.a(lib_a-impure.o)
                0x1fff819c                _impure_ptr
                0x1fff81a0                . = ALIGN (0x8)
 *(.ram)
                0x1fff81a0                _edata = .

.igot.plt       0x1fff81a0        0x0 load address 0x00002db8
 .igot.plt      0x00000000        0x0 c:/program files (x86)/cypress/psoc creator/3.3/psoc creator/import/gnu/arm/4.9.3/bin/../lib/gcc/arm-none-eabi/4.9.3/armv7-m/crtbegin.o

.bss            0x1fff81a0      0x130 load address 0x00002db8
                0x1fff81a0                PROVIDE (__bss_start__, .)
 *(.shbss)
 *(.bss .bss.* .gnu.linkonce.b.*)
 .bss           0x1fff81a0       0x1c c:/program files (x86)/cypress/psoc creator/3.3/psoc creator/import/gnu/arm/4.9.3/bin/../lib/gcc/arm-none-eabi/4.9.3/armv7-m/crtbegin.o
 .bss           0x1fff81bc       0x14 .\CortexM3\ARM_GCC_493\Debug\rc_ch.o
 .bss           0x1fff81d0        0x1 .\CortexM3\ARM_GCC_493\Debug\Ball.a(Motor_A_PWM.o)
                0x1fff81d0                Motor_A_PWM_initVar
 .bss           0x1fff81d1        0x1 .\CortexM3\ARM_GCC_493\Debug\Ball.a(USBUART.o)
                0x1fff81d1                USBUART_initVar
 .bss           0x1fff81d2        0x1 .\CortexM3\ARM_GCC_493\Debug\Ball.a(USBUART_cdc.o)
 *fill*         0x1fff81d3        0x1 
 .bss           0x1fff81d4        0x4 .\CortexM3\ARM_GCC_493\Debug\Ball.a(USBUART_std.o)
 .bss           0x1fff81d8        0x1 .\CortexM3\ARM_GCC_493\Debug\Ball.a(RC_Ch2_Timer.o)
                0x1fff81d8                RC_Ch2_Timer_initVar
 .bss           0x1fff81d9        0x1 .\CortexM3\ARM_GCC_493\Debug\Ball.a(RC_Ch1_Timer.o)
                0x1fff81d9                RC_Ch1_Timer_initVar
 .bss           0x1fff81da        0x1 .\CortexM3\ARM_GCC_493\Debug\Ball.a(RC_Ch4_Timer.o)
                0x1fff81da                RC_Ch4_Timer_initVar
 .bss           0x1fff81db        0x1 .\CortexM3\ARM_GCC_493\Debug\Ball.a(RC_Ch3_Timer.o)
                0x1fff81db                RC_Ch3_Timer_initVar
 .bss.__malloc_sbrk_start
                0x1fff81dc        0x4 c:/program files (x86)/cypress/psoc creator/3.3/psoc creator/import/gnu/arm/4.9.3/bin/../lib/gcc/arm-none-eabi/4.9.3/../../../../arm-none-eabi/lib/armv7-m\libg_nano.a(lib_a-nano-mallocr.o)
                0x1fff81dc                __malloc_sbrk_start
 .bss.__malloc_free_list
                0x1fff81e0        0x4 c:/program files (x86)/cypress/psoc creator/3.3/psoc creator/import/gnu/arm/4.9.3/bin/../lib/gcc/arm-none-eabi/4.9.3/../../../../arm-none-eabi/lib/armv7-m\libg_nano.a(lib_a-nano-mallocr.o)
                0x1fff81e0                __malloc_free_list
 *(COMMON)
 COMMON         0x1fff81e4        0xc .\CortexM3\ARM_GCC_493\Debug\milliseconds.o
                0x1fff81e4                ms
                0x1fff81e6                seconds
                0x1fff81e8                MILLISECONDS
                0x1fff81ec                minutes
                0x1fff81ee                hours
 COMMON         0x1fff81f0       0x18 .\CortexM3\ARM_GCC_493\Debug\Ball.a(USBUART_cdc.o)
                0x1fff81f0                USBUART_linesChanged
                0x1fff81f4                USBUART_cdcDataInEp
                0x1fff81f8                USBUART_cdcCommInInterruptEp
                0x1fff81fc                USBUART_cdcDataOutEp
                0x1fff8200                USBUART_serialStateBitmap
                0x1fff8204                USBUART_linesControlBitmap
 COMMON         0x1fff8208       0x9a .\CortexM3\ARM_GCC_493\Debug\Ball.a(USBUART_drv.o)
                0x1fff8208                USBUART_lastPacketSize
                0x1fff8209                USBUART_device
                0x1fff820a                USBUART_transferByteCount
                0x1fff820c                USBUART_transferState
                0x1fff8210                USBUART_interfaceSettingLast
                0x1fff8214                USBUART_currentTD
                0x1fff8220                USBUART_interfaceNumber
                0x1fff8224                USBUART_interfaceClass
                0x1fff8228                USBUART_configurationChanged
                0x1fff8229                USBUART_ep0Mode
                0x1fff822a                USBUART_deviceAddress
                0x1fff822b                USBUART_configuration
                0x1fff822c                USBUART_ep0Count
                0x1fff822d                USBUART_deviceStatus
                0x1fff8230                USBUART_EP
                0x1fff829c                USBUART_interfaceSetting
                0x1fff829e                USBUART_ep0Toggle
                0x1fff82a0                USBUART_interfaceStatus
 *fill*         0x1fff82a2        0x2 
 COMMON         0x1fff82a4       0x22 .\CortexM3\ARM_GCC_493\Debug\Ball.a(USBUART_descr.o)
                0x1fff82a4                USBUART_idSerialNumberStringDescriptor
 *fill*         0x1fff82c6        0x2 
 COMMON         0x1fff82c8        0x4 c:/program files (x86)/cypress/psoc creator/3.3/psoc creator/import/gnu/arm/4.9.3/bin/../lib/gcc/arm-none-eabi/4.9.3/../../../../arm-none-eabi/lib/armv7-m\libg_nano.a(lib_a-reent.o)
                0x1fff82c8                errno
                0x1fff82d0                . = ALIGN (0x8)
 *fill*         0x1fff82cc        0x4 
 *(.ram.b)
                0x1fff82d0                _end = .
                0x1fff82d0                __end = .
                0x1fff82d0                PROVIDE (end, .)
                0x1fff82d0                PROVIDE (__bss_end__, .)
                0x00002d20                __cy_region_init_ram = LOADADDR (.data)
                0x00000098                __cy_region_init_size_ram = (_edata - ADDR (.data))
                0x00000130                __cy_region_zero_size_ram = (_end - _edata)

.heap           0x1fff82d0       0x80 load address 0x00002db8
                0x1fff82d0                . = _end
                0x1fff8350                . = (. + 0x80)
 *fill*         0x1fff82d0       0x80 
                0x1fff8350                __cy_heap_limit = .

.stack          0x20007800      0x800
                0x20007800                __cy_stack_limit = .
                0x20008000                . = (. + 0x800)
 *fill*         0x20007800      0x800 
                0x00000001                ASSERT ((__cy_stack_limit >= __cy_heap_limit), region RAM overflowed with stack)
                0x00000000                cy_checksum_exclude_size = (CY_APPL_LOADABLE == 0x1)?SIZEOF (.cy_checksum_exclude):0x0
                0x00000001                ASSERT ((cy_checksum_exclude_size <= CY_CHECKSUM_EXCLUDE_SIZE), CY_BOOT: Section .cy_checksum_exclude size exceedes specified limit.)

.cyloadermeta
 *(.cyloadermeta)

.cyloadablemeta
 *(.cyloadablemeta)

.cyconfigecc    0x80000000      0x7c8
 *(.cyconfigecc)
 .cyconfigecc   0x80000000      0x7c8 .\CortexM3\ARM_GCC_493\Debug\cymetadata.o
                0x80000000                cy_meta_configecc

.cycustnvl      0x90000000        0x4
 *(.cycustnvl)
 .cycustnvl     0x90000000        0x4 .\CortexM3\ARM_GCC_493\Debug\cymetadata.o
                0x90000000                cy_meta_custnvl

.cywolatch      0x90100000        0x4
 *(.cywolatch)
 .cywolatch     0x90100000        0x4 .\CortexM3\ARM_GCC_493\Debug\cymetadata.o
                0x90100000                cy_meta_wonvl

.cyeeprom       0x90200000        0x0
 *(.cyeeprom)
                0x00000001                ASSERT ((. <= ((0x90200000 + ee_offset) + ee_size)), .cyeeprom data will not fit in EEPROM)

.cyflashprotect
                0x90400000      0x100
 *(.cyflashprotect)
 .cyflashprotect
                0x90400000      0x100 .\CortexM3\ARM_GCC_493\Debug\cymetadata.o
                0x90400000                cy_meta_flashprotect

.cymeta         0x90500000        0xc
 *(.cymeta)
 .cymeta        0x90500000        0xc .\CortexM3\ARM_GCC_493\Debug\cymetadata.o
                0x90500000                cy_metadata

.rel.dyn        0x00002db8        0x0 load address 0x9050000c
 .rel.iplt      0x00000000        0x0 c:/program files (x86)/cypress/psoc creator/3.3/psoc creator/import/gnu/arm/4.9.3/bin/../lib/gcc/arm-none-eabi/4.9.3/armv7-m/crtbegin.o

.stab
 *(.stab)

.stabstr
 *(.stabstr)

.debug
 *(.debug)

.line
 *(.line)

.debug_srcinfo
 *(.debug_srcinfo)

.debug_sfnames
 *(.debug_sfnames)

.debug_aranges  0x00000000     0x1058
 *(.debug_aranges)
 .debug_aranges
                0x00000000       0x28 .\CortexM3\ARM_GCC_493\Debug\main.o
 .debug_aranges
                0x00000028       0x28 .\CortexM3\ARM_GCC_493\Debug\milliseconds.o
 .debug_aranges
                0x00000050       0x58 .\CortexM3\ARM_GCC_493\Debug\rc_ch.o
 .debug_aranges
                0x000000a8       0x18 .\CortexM3\ARM_GCC_493\Debug\cymetadata.o
 .debug_aranges
                0x000000c0       0x48 .\CortexM3\ARM_GCC_493\Debug\Cm3Start.o
 .debug_aranges
                0x00000108       0x58 .\CortexM3\ARM_GCC_493\Debug\Ball.a(cyfitter_cfg.o)
 .debug_aranges
                0x00000160       0xa8 .\CortexM3\ARM_GCC_493\Debug\Ball.a(Motor_A_PWM.o)
 .debug_aranges
                0x00000208       0x20 .\CortexM3\ARM_GCC_493\Debug\Ball.a(CyBootAsmGnu.o)
 .debug_aranges
                0x00000228      0x298 .\CortexM3\ARM_GCC_493\Debug\Ball.a(CyLib.o)
 .debug_aranges
                0x000004c0       0x98 .\CortexM3\ARM_GCC_493\Debug\Ball.a(cyPm.o)
 .debug_aranges
                0x00000558       0xc8 .\CortexM3\ARM_GCC_493\Debug\Ball.a(USBUART.o)
 .debug_aranges
                0x00000620       0xe8 .\CortexM3\ARM_GCC_493\Debug\Ball.a(USBUART_cdc.o)
 .debug_aranges
                0x00000708       0x98 .\CortexM3\ARM_GCC_493\Debug\Ball.a(USBUART_drv.o)
 .debug_aranges
                0x000007a0       0x40 .\CortexM3\ARM_GCC_493\Debug\Ball.a(USBUART_episr.o)
 .debug_aranges
                0x000007e0       0x40 .\CortexM3\ARM_GCC_493\Debug\Ball.a(USBUART_pm.o)
 .debug_aranges
                0x00000820       0x80 .\CortexM3\ARM_GCC_493\Debug\Ball.a(USBUART_std.o)
 .debug_aranges
                0x000008a0       0x20 .\CortexM3\ARM_GCC_493\Debug\Ball.a(USBUART_vnd.o)
 .debug_aranges
                0x000008c0       0x48 .\CortexM3\ARM_GCC_493\Debug\Ball.a(USBUART_Dp.o)
 .debug_aranges
                0x00000908       0xa8 .\CortexM3\ARM_GCC_493\Debug\Ball.a(RC_Ch2_Timer.o)
 .debug_aranges
                0x000009b0       0x80 .\CortexM3\ARM_GCC_493\Debug\Ball.a(RC_Ch2_Timer_Interrupt.o)
 .debug_aranges
                0x00000a30       0x80 .\CortexM3\ARM_GCC_493\Debug\Ball.a(Clock_Millis_Interrupt.o)
 .debug_aranges
                0x00000ab0       0x38 .\CortexM3\ARM_GCC_493\Debug\Ball.a(RC_Ch1.o)
 .debug_aranges
                0x00000ae8       0xa8 .\CortexM3\ARM_GCC_493\Debug\Ball.a(RC_Ch1_Timer.o)
 .debug_aranges
                0x00000b90       0x38 .\CortexM3\ARM_GCC_493\Debug\Ball.a(RC_Ch2.o)
 .debug_aranges
                0x00000bc8       0x80 .\CortexM3\ARM_GCC_493\Debug\Ball.a(RC_Ch1_Timer_Interrupt.o)
 .debug_aranges
                0x00000c48       0xa8 .\CortexM3\ARM_GCC_493\Debug\Ball.a(RC_Ch4_Timer.o)
 .debug_aranges
                0x00000cf0       0x38 .\CortexM3\ARM_GCC_493\Debug\Ball.a(RC_Ch4.o)
 .debug_aranges
                0x00000d28       0x80 .\CortexM3\ARM_GCC_493\Debug\Ball.a(RC_Ch4_Timer_Interrupt.o)
 .debug_aranges
                0x00000da8       0xa8 .\CortexM3\ARM_GCC_493\Debug\Ball.a(RC_Ch3_Timer.o)
 .debug_aranges
                0x00000e50       0x38 .\CortexM3\ARM_GCC_493\Debug\Ball.a(RC_Ch3.o)
 .debug_aranges
                0x00000e88       0x80 .\CortexM3\ARM_GCC_493\Debug\Ball.a(RC_Ch3_Timer_Interrupt.o)
 .debug_aranges
                0x00000f08       0x80 .\CortexM3\ARM_GCC_493\Debug\Ball.a(CyFlash.o)
 .debug_aranges
                0x00000f88       0x78 .\CortexM3\ARM_GCC_493\Debug\Ball.a(CySpc.o)
 .debug_aranges
                0x00001000       0x20 .\CortexM3\ARM_GCC_493\Debug\Ball.a(cyutils.o)
 .debug_aranges
                0x00001020       0x20 .\CortexM3\ARM_GCC_493\Debug\Ball.a(USBUART_cls.o)
 .debug_aranges
                0x00001040       0x18 .\CortexM3\ARM_GCC_493\Debug\Ball.a(USBUART_descr.o)

.debug_pubnames
 *(.debug_pubnames)

.debug_info     0x00000000     0x9842
 *(.debug_info .gnu.linkonce.wi.*)
 .debug_info    0x00000000      0x460 .\CortexM3\ARM_GCC_493\Debug\main.o
 .debug_info    0x00000460      0x17f .\CortexM3\ARM_GCC_493\Debug\milliseconds.o
 .debug_info    0x000005df      0x77c .\CortexM3\ARM_GCC_493\Debug\rc_ch.o
 .debug_info    0x00000d5b      0x13f .\CortexM3\ARM_GCC_493\Debug\cymetadata.o
 .debug_info    0x00000e9a      0x39f .\CortexM3\ARM_GCC_493\Debug\Cm3Start.o
 .debug_info    0x00001239      0x4d3 .\CortexM3\ARM_GCC_493\Debug\Ball.a(cyfitter_cfg.o)
 .debug_info    0x0000170c      0x37c .\CortexM3\ARM_GCC_493\Debug\Ball.a(Motor_A_PWM.o)
 .debug_info    0x00001a88       0xe3 .\CortexM3\ARM_GCC_493\Debug\Ball.a(CyBootAsmGnu.o)
 .debug_info    0x00001b6b     0x136f .\CortexM3\ARM_GCC_493\Debug\Ball.a(CyLib.o)
 .debug_info    0x00002eda      0xa57 .\CortexM3\ARM_GCC_493\Debug\Ball.a(cyPm.o)
 .debug_info    0x00003931      0x9aa .\CortexM3\ARM_GCC_493\Debug\Ball.a(USBUART.o)
 .debug_info    0x000042db      0xb16 .\CortexM3\ARM_GCC_493\Debug\Ball.a(USBUART_cdc.o)
 .debug_info    0x00004df1      0x649 .\CortexM3\ARM_GCC_493\Debug\Ball.a(USBUART_drv.o)
 .debug_info    0x0000543a      0x244 .\CortexM3\ARM_GCC_493\Debug\Ball.a(USBUART_episr.o)
 .debug_info    0x0000567e      0x2ef .\CortexM3\ARM_GCC_493\Debug\Ball.a(USBUART_pm.o)
 .debug_info    0x0000596d      0xb35 .\CortexM3\ARM_GCC_493\Debug\Ball.a(USBUART_std.o)
 .debug_info    0x000064a2       0xe6 .\CortexM3\ARM_GCC_493\Debug\Ball.a(USBUART_vnd.o)
 .debug_info    0x00006588      0x174 .\CortexM3\ARM_GCC_493\Debug\Ball.a(USBUART_Dp.o)
 .debug_info    0x000066fc      0x3a5 .\CortexM3\ARM_GCC_493\Debug\Ball.a(RC_Ch2_Timer.o)
 .debug_info    0x00006aa1      0x2cb .\CortexM3\ARM_GCC_493\Debug\Ball.a(RC_Ch2_Timer_Interrupt.o)
 .debug_info    0x00006d6c      0x2cb .\CortexM3\ARM_GCC_493\Debug\Ball.a(Clock_Millis_Interrupt.o)
 .debug_info    0x00007037      0x11f .\CortexM3\ARM_GCC_493\Debug\Ball.a(RC_Ch1.o)
 .debug_info    0x00007156      0x3a5 .\CortexM3\ARM_GCC_493\Debug\Ball.a(RC_Ch1_Timer.o)
 .debug_info    0x000074fb      0x11f .\CortexM3\ARM_GCC_493\Debug\Ball.a(RC_Ch2.o)
 .debug_info    0x0000761a      0x2cb .\CortexM3\ARM_GCC_493\Debug\Ball.a(RC_Ch1_Timer_Interrupt.o)
 .debug_info    0x000078e5      0x3a5 .\CortexM3\ARM_GCC_493\Debug\Ball.a(RC_Ch4_Timer.o)
 .debug_info    0x00007c8a      0x11f .\CortexM3\ARM_GCC_493\Debug\Ball.a(RC_Ch4.o)
 .debug_info    0x00007da9      0x2cb .\CortexM3\ARM_GCC_493\Debug\Ball.a(RC_Ch4_Timer_Interrupt.o)
 .debug_info    0x00008074      0x3a5 .\CortexM3\ARM_GCC_493\Debug\Ball.a(RC_Ch3_Timer.o)
 .debug_info    0x00008419      0x11f .\CortexM3\ARM_GCC_493\Debug\Ball.a(RC_Ch3.o)
 .debug_info    0x00008538      0x2cb .\CortexM3\ARM_GCC_493\Debug\Ball.a(RC_Ch3_Timer_Interrupt.o)
 .debug_info    0x00008803      0x608 .\CortexM3\ARM_GCC_493\Debug\Ball.a(CyFlash.o)
 .debug_info    0x00008e0b      0x4ea .\CortexM3\ARM_GCC_493\Debug\Ball.a(CySpc.o)
 .debug_info    0x000092f5       0xee .\CortexM3\ARM_GCC_493\Debug\Ball.a(cyutils.o)
 .debug_info    0x000093e3      0x1d2 .\CortexM3\ARM_GCC_493\Debug\Ball.a(USBUART_cls.o)
 .debug_info    0x000095b5      0x28d .\CortexM3\ARM_GCC_493\Debug\Ball.a(USBUART_descr.o)

.debug_abbrev   0x00000000     0x305d
 *(.debug_abbrev)
 .debug_abbrev  0x00000000      0x1c2 .\CortexM3\ARM_GCC_493\Debug\main.o
 .debug_abbrev  0x000001c2       0xed .\CortexM3\ARM_GCC_493\Debug\milliseconds.o
 .debug_abbrev  0x000002af      0x201 .\CortexM3\ARM_GCC_493\Debug\rc_ch.o
 .debug_abbrev  0x000004b0       0x77 .\CortexM3\ARM_GCC_493\Debug\cymetadata.o
 .debug_abbrev  0x00000527      0x200 .\CortexM3\ARM_GCC_493\Debug\Cm3Start.o
 .debug_abbrev  0x00000727      0x203 .\CortexM3\ARM_GCC_493\Debug\Ball.a(cyfitter_cfg.o)
 .debug_abbrev  0x0000092a      0x14d .\CortexM3\ARM_GCC_493\Debug\Ball.a(Motor_A_PWM.o)
 .debug_abbrev  0x00000a77       0x14 .\CortexM3\ARM_GCC_493\Debug\Ball.a(CyBootAsmGnu.o)
 .debug_abbrev  0x00000a8b      0x296 .\CortexM3\ARM_GCC_493\Debug\Ball.a(CyLib.o)
 .debug_abbrev  0x00000d21      0x1ed .\CortexM3\ARM_GCC_493\Debug\Ball.a(cyPm.o)
 .debug_abbrev  0x00000f0e      0x25e .\CortexM3\ARM_GCC_493\Debug\Ball.a(USBUART.o)
 .debug_abbrev  0x0000116c      0x28b .\CortexM3\ARM_GCC_493\Debug\Ball.a(USBUART_cdc.o)
 .debug_abbrev  0x000013f7      0x18b .\CortexM3\ARM_GCC_493\Debug\Ball.a(USBUART_drv.o)
 .debug_abbrev  0x00001582      0x11b .\CortexM3\ARM_GCC_493\Debug\Ball.a(USBUART_episr.o)
 .debug_abbrev  0x0000169d      0x146 .\CortexM3\ARM_GCC_493\Debug\Ball.a(USBUART_pm.o)
 .debug_abbrev  0x000017e3      0x23d .\CortexM3\ARM_GCC_493\Debug\Ball.a(USBUART_std.o)
 .debug_abbrev  0x00001a20       0x9b .\CortexM3\ARM_GCC_493\Debug\Ball.a(USBUART_vnd.o)
 .debug_abbrev  0x00001abb       0x90 .\CortexM3\ARM_GCC_493\Debug\Ball.a(USBUART_Dp.o)
 .debug_abbrev  0x00001b4b      0x170 .\CortexM3\ARM_GCC_493\Debug\Ball.a(RC_Ch2_Timer.o)
 .debug_abbrev  0x00001cbb      0x173 .\CortexM3\ARM_GCC_493\Debug\Ball.a(RC_Ch2_Timer_Interrupt.o)
 .debug_abbrev  0x00001e2e      0x173 .\CortexM3\ARM_GCC_493\Debug\Ball.a(Clock_Millis_Interrupt.o)
 .debug_abbrev  0x00001fa1       0x90 .\CortexM3\ARM_GCC_493\Debug\Ball.a(RC_Ch1.o)
 .debug_abbrev  0x00002031      0x170 .\CortexM3\ARM_GCC_493\Debug\Ball.a(RC_Ch1_Timer.o)
 .debug_abbrev  0x000021a1       0x90 .\CortexM3\ARM_GCC_493\Debug\Ball.a(RC_Ch2.o)
 .debug_abbrev  0x00002231      0x173 .\CortexM3\ARM_GCC_493\Debug\Ball.a(RC_Ch1_Timer_Interrupt.o)
 .debug_abbrev  0x000023a4      0x170 .\CortexM3\ARM_GCC_493\Debug\Ball.a(RC_Ch4_Timer.o)
 .debug_abbrev  0x00002514       0x90 .\CortexM3\ARM_GCC_493\Debug\Ball.a(RC_Ch4.o)
 .debug_abbrev  0x000025a4      0x173 .\CortexM3\ARM_GCC_493\Debug\Ball.a(RC_Ch4_Timer_Interrupt.o)
 .debug_abbrev  0x00002717      0x170 .\CortexM3\ARM_GCC_493\Debug\Ball.a(RC_Ch3_Timer.o)
 .debug_abbrev  0x00002887       0x90 .\CortexM3\ARM_GCC_493\Debug\Ball.a(RC_Ch3.o)
 .debug_abbrev  0x00002917      0x173 .\CortexM3\ARM_GCC_493\Debug\Ball.a(RC_Ch3_Timer_Interrupt.o)
 .debug_abbrev  0x00002a8a      0x1ed .\CortexM3\ARM_GCC_493\Debug\Ball.a(CyFlash.o)
 .debug_abbrev  0x00002c77      0x1c1 .\CortexM3\ARM_GCC_493\Debug\Ball.a(CySpc.o)
 .debug_abbrev  0x00002e38       0x8e .\CortexM3\ARM_GCC_493\Debug\Ball.a(cyutils.o)
 .debug_abbrev  0x00002ec6       0xe3 .\CortexM3\ARM_GCC_493\Debug\Ball.a(USBUART_cls.o)
 .debug_abbrev  0x00002fa9       0xb4 .\CortexM3\ARM_GCC_493\Debug\Ball.a(USBUART_descr.o)

.debug_line     0x00000000     0x3d7c
 *(.debug_line)
 .debug_line    0x00000000      0x1f3 .\CortexM3\ARM_GCC_493\Debug\main.o
 .debug_line    0x000001f3      0x19f .\CortexM3\ARM_GCC_493\Debug\milliseconds.o
 .debug_line    0x00000392      0x3a0 .\CortexM3\ARM_GCC_493\Debug\rc_ch.o
 .debug_line    0x00000732       0x53 .\CortexM3\ARM_GCC_493\Debug\cymetadata.o
 .debug_line    0x00000785      0x249 .\CortexM3\ARM_GCC_493\Debug\Cm3Start.o
 .debug_line    0x000009ce      0x1df .\CortexM3\ARM_GCC_493\Debug\Ball.a(cyfitter_cfg.o)
 .debug_line    0x00000bad      0x1b1 .\CortexM3\ARM_GCC_493\Debug\Ball.a(Motor_A_PWM.o)
 .debug_line    0x00000d5e       0x68 .\CortexM3\ARM_GCC_493\Debug\Ball.a(CyBootAsmGnu.o)
 .debug_line    0x00000dc6      0x806 .\CortexM3\ARM_GCC_493\Debug\Ball.a(CyLib.o)
 .debug_line    0x000015cc      0x366 .\CortexM3\ARM_GCC_493\Debug\Ball.a(cyPm.o)
 .debug_line    0x00001932      0x2ca .\CortexM3\ARM_GCC_493\Debug\Ball.a(USBUART.o)
 .debug_line    0x00001bfc      0x2f4 .\CortexM3\ARM_GCC_493\Debug\Ball.a(USBUART_cdc.o)
 .debug_line    0x00001ef0      0x223 .\CortexM3\ARM_GCC_493\Debug\Ball.a(USBUART_drv.o)
 .debug_line    0x00002113       0xe8 .\CortexM3\ARM_GCC_493\Debug\Ball.a(USBUART_episr.o)
 .debug_line    0x000021fb      0x110 .\CortexM3\ARM_GCC_493\Debug\Ball.a(USBUART_pm.o)
 .debug_line    0x0000230b      0x3e4 .\CortexM3\ARM_GCC_493\Debug\Ball.a(USBUART_std.o)
 .debug_line    0x000026ef       0x75 .\CortexM3\ARM_GCC_493\Debug\Ball.a(USBUART_vnd.o)
 .debug_line    0x00002764       0xbd .\CortexM3\ARM_GCC_493\Debug\Ball.a(USBUART_Dp.o)
 .debug_line    0x00002821      0x1ae .\CortexM3\ARM_GCC_493\Debug\Ball.a(RC_Ch2_Timer.o)
 .debug_line    0x000029cf      0x15c .\CortexM3\ARM_GCC_493\Debug\Ball.a(RC_Ch2_Timer_Interrupt.o)
 .debug_line    0x00002b2b      0x15c .\CortexM3\ARM_GCC_493\Debug\Ball.a(Clock_Millis_Interrupt.o)
 .debug_line    0x00002c87       0x95 .\CortexM3\ARM_GCC_493\Debug\Ball.a(RC_Ch1.o)
 .debug_line    0x00002d1c      0x1ae .\CortexM3\ARM_GCC_493\Debug\Ball.a(RC_Ch1_Timer.o)
 .debug_line    0x00002eca       0x95 .\CortexM3\ARM_GCC_493\Debug\Ball.a(RC_Ch2.o)
 .debug_line    0x00002f5f      0x15c .\CortexM3\ARM_GCC_493\Debug\Ball.a(RC_Ch1_Timer_Interrupt.o)
 .debug_line    0x000030bb      0x1ae .\CortexM3\ARM_GCC_493\Debug\Ball.a(RC_Ch4_Timer.o)
 .debug_line    0x00003269       0x95 .\CortexM3\ARM_GCC_493\Debug\Ball.a(RC_Ch4.o)
 .debug_line    0x000032fe      0x15c .\CortexM3\ARM_GCC_493\Debug\Ball.a(RC_Ch4_Timer_Interrupt.o)
 .debug_line    0x0000345a      0x1ae .\CortexM3\ARM_GCC_493\Debug\Ball.a(RC_Ch3_Timer.o)
 .debug_line    0x00003608       0x95 .\CortexM3\ARM_GCC_493\Debug\Ball.a(RC_Ch3.o)
 .debug_line    0x0000369d      0x15c .\CortexM3\ARM_GCC_493\Debug\Ball.a(RC_Ch3_Timer_Interrupt.o)
 .debug_line    0x000037f9      0x1ec .\CortexM3\ARM_GCC_493\Debug\Ball.a(CyFlash.o)
 .debug_line    0x000039e5      0x23e .\CortexM3\ARM_GCC_493\Debug\Ball.a(CySpc.o)
 .debug_line    0x00003c23       0x62 .\CortexM3\ARM_GCC_493\Debug\Ball.a(cyutils.o)
 .debug_line    0x00003c85       0x94 .\CortexM3\ARM_GCC_493\Debug\Ball.a(USBUART_cls.o)
 .debug_line    0x00003d19       0x63 .\CortexM3\ARM_GCC_493\Debug\Ball.a(USBUART_descr.o)

.debug_frame    0x00000000     0x2938
 *(.debug_frame)
 .debug_frame   0x00000000       0x48 .\CortexM3\ARM_GCC_493\Debug\main.o
 .debug_frame   0x00000048       0x3c .\CortexM3\ARM_GCC_493\Debug\milliseconds.o
 .debug_frame   0x00000084       0xf0 .\CortexM3\ARM_GCC_493\Debug\rc_ch.o
 .debug_frame   0x00000174       0xac .\CortexM3\ARM_GCC_493\Debug\Cm3Start.o
 .debug_frame   0x00000220       0xe4 .\CortexM3\ARM_GCC_493\Debug\Ball.a(cyfitter_cfg.o)
 .debug_frame   0x00000304      0x154 .\CortexM3\ARM_GCC_493\Debug\Ball.a(Motor_A_PWM.o)
 .debug_frame   0x00000458      0x728 .\CortexM3\ARM_GCC_493\Debug\Ball.a(CyLib.o)
 .debug_frame   0x00000b80      0x1f8 .\CortexM3\ARM_GCC_493\Debug\Ball.a(cyPm.o)
 .debug_frame   0x00000d78      0x1dc .\CortexM3\ARM_GCC_493\Debug\Ball.a(USBUART.o)
 .debug_frame   0x00000f54      0x278 .\CortexM3\ARM_GCC_493\Debug\Ball.a(USBUART_cdc.o)
 .debug_frame   0x000011cc      0x194 .\CortexM3\ARM_GCC_493\Debug\Ball.a(USBUART_drv.o)
 .debug_frame   0x00001360       0x6c .\CortexM3\ARM_GCC_493\Debug\Ball.a(USBUART_episr.o)
 .debug_frame   0x000013cc       0xa0 .\CortexM3\ARM_GCC_493\Debug\Ball.a(USBUART_pm.o)
 .debug_frame   0x0000146c      0x17c .\CortexM3\ARM_GCC_493\Debug\Ball.a(USBUART_std.o)
 .debug_frame   0x000015e8       0x20 .\CortexM3\ARM_GCC_493\Debug\Ball.a(USBUART_vnd.o)
 .debug_frame   0x00001608       0x70 .\CortexM3\ARM_GCC_493\Debug\Ball.a(USBUART_Dp.o)
 .debug_frame   0x00001678      0x16c .\CortexM3\ARM_GCC_493\Debug\Ball.a(RC_Ch2_Timer.o)
 .debug_frame   0x000017e4      0x104 .\CortexM3\ARM_GCC_493\Debug\Ball.a(RC_Ch2_Timer_Interrupt.o)
 .debug_frame   0x000018e8      0x104 .\CortexM3\ARM_GCC_493\Debug\Ball.a(Clock_Millis_Interrupt.o)
 .debug_frame   0x000019ec       0x50 .\CortexM3\ARM_GCC_493\Debug\Ball.a(RC_Ch1.o)
 .debug_frame   0x00001a3c      0x16c .\CortexM3\ARM_GCC_493\Debug\Ball.a(RC_Ch1_Timer.o)
 .debug_frame   0x00001ba8       0x50 .\CortexM3\ARM_GCC_493\Debug\Ball.a(RC_Ch2.o)
 .debug_frame   0x00001bf8      0x104 .\CortexM3\ARM_GCC_493\Debug\Ball.a(RC_Ch1_Timer_Interrupt.o)
 .debug_frame   0x00001cfc      0x16c .\CortexM3\ARM_GCC_493\Debug\Ball.a(RC_Ch4_Timer.o)
 .debug_frame   0x00001e68       0x50 .\CortexM3\ARM_GCC_493\Debug\Ball.a(RC_Ch4.o)
 .debug_frame   0x00001eb8      0x104 .\CortexM3\ARM_GCC_493\Debug\Ball.a(RC_Ch4_Timer_Interrupt.o)
 .debug_frame   0x00001fbc      0x16c .\CortexM3\ARM_GCC_493\Debug\Ball.a(RC_Ch3_Timer.o)
 .debug_frame   0x00002128       0x50 .\CortexM3\ARM_GCC_493\Debug\Ball.a(RC_Ch3.o)
 .debug_frame   0x00002178      0x104 .\CortexM3\ARM_GCC_493\Debug\Ball.a(RC_Ch3_Timer_Interrupt.o)
 .debug_frame   0x0000227c      0x174 .\CortexM3\ARM_GCC_493\Debug\Ball.a(CyFlash.o)
 .debug_frame   0x000023f0      0x160 .\CortexM3\ARM_GCC_493\Debug\Ball.a(CySpc.o)
 .debug_frame   0x00002550       0x20 .\CortexM3\ARM_GCC_493\Debug\Ball.a(cyutils.o)
 .debug_frame   0x00002570       0x2c .\CortexM3\ARM_GCC_493\Debug\Ball.a(USBUART_cls.o)
 .debug_frame   0x0000259c       0x20 c:/program files (x86)/cypress/psoc creator/3.3/psoc creator/import/gnu/arm/4.9.3/bin/../lib/gcc/arm-none-eabi/4.9.3/../../../../arm-none-eabi/lib/armv7-m\libg_nano.a(lib_a-errno.o)
 .debug_frame   0x000025bc       0x28 c:/program files (x86)/cypress/psoc creator/3.3/psoc creator/import/gnu/arm/4.9.3/bin/../lib/gcc/arm-none-eabi/4.9.3/../../../../arm-none-eabi/lib/armv7-m\libg_nano.a(lib_a-exit.o)
 .debug_frame   0x000025e4       0x2c c:/program files (x86)/cypress/psoc creator/3.3/psoc creator/import/gnu/arm/4.9.3/bin/../lib/gcc/arm-none-eabi/4.9.3/../../../../arm-none-eabi/lib/armv7-m\libg_nano.a(lib_a-init.o)
 .debug_frame   0x00002610       0x28 c:/program files (x86)/cypress/psoc creator/3.3/psoc creator/import/gnu/arm/4.9.3/bin/../lib/gcc/arm-none-eabi/4.9.3/../../../../arm-none-eabi/lib/armv7-m\libg_nano.a(lib_a-memcpy.o)
 .debug_frame   0x00002638       0x20 c:/program files (x86)/cypress/psoc creator/3.3/psoc creator/import/gnu/arm/4.9.3/bin/../lib/gcc/arm-none-eabi/4.9.3/../../../../arm-none-eabi/lib/armv7-m\libg_nano.a(lib_a-memset.o)
 .debug_frame   0x00002658       0x70 c:/program files (x86)/cypress/psoc creator/3.3/psoc creator/import/gnu/arm/4.9.3/bin/../lib/gcc/arm-none-eabi/4.9.3/../../../../arm-none-eabi/lib/armv7-m\libg_nano.a(lib_a-sprintf.o)
 .debug_frame   0x000026c8       0x8c c:/program files (x86)/cypress/psoc creator/3.3/psoc creator/import/gnu/arm/4.9.3/bin/../lib/gcc/arm-none-eabi/4.9.3/../../../../arm-none-eabi/lib/armv7-m\libg_nano.a(lib_a-nano-svfprintf.o)
 .debug_frame   0x00002754       0x58 c:/program files (x86)/cypress/psoc creator/3.3/psoc creator/import/gnu/arm/4.9.3/bin/../lib/gcc/arm-none-eabi/4.9.3/../../../../arm-none-eabi/lib/armv7-m\libg_nano.a(lib_a-nano-vfprintf_i.o)
 .debug_frame   0x000027ac       0x28 c:/program files (x86)/cypress/psoc creator/3.3/psoc creator/import/gnu/arm/4.9.3/bin/../lib/gcc/arm-none-eabi/4.9.3/../../../../arm-none-eabi/lib/armv7-m\libg_nano.a(lib_a-memchr.o)
 .debug_frame   0x000027d4       0x28 c:/program files (x86)/cypress/psoc creator/3.3/psoc creator/import/gnu/arm/4.9.3/bin/../lib/gcc/arm-none-eabi/4.9.3/../../../../arm-none-eabi/lib/armv7-m\libg_nano.a(lib_a-memmove.o)
 .debug_frame   0x000027fc       0x2c c:/program files (x86)/cypress/psoc creator/3.3/psoc creator/import/gnu/arm/4.9.3/bin/../lib/gcc/arm-none-eabi/4.9.3/../../../../arm-none-eabi/lib/armv7-m\libg_nano.a(lib_a-nano-freer.o)
 .debug_frame   0x00002828       0x2c c:/program files (x86)/cypress/psoc creator/3.3/psoc creator/import/gnu/arm/4.9.3/bin/../lib/gcc/arm-none-eabi/4.9.3/../../../../arm-none-eabi/lib/armv7-m\libg_nano.a(lib_a-nano-mallocr.o)
 .debug_frame   0x00002854       0x3c c:/program files (x86)/cypress/psoc creator/3.3/psoc creator/import/gnu/arm/4.9.3/bin/../lib/gcc/arm-none-eabi/4.9.3/../../../../arm-none-eabi/lib/armv7-m\libg_nano.a(lib_a-nano-reallocr.o)
 .debug_frame   0x00002890       0x2c c:/program files (x86)/cypress/psoc creator/3.3/psoc creator/import/gnu/arm/4.9.3/bin/../lib/gcc/arm-none-eabi/4.9.3/../../../../arm-none-eabi/lib/armv7-m\libg_nano.a(lib_a-sbrkr.o)
 .debug_frame   0x000028bc       0x20 c:/program files (x86)/cypress/psoc creator/3.3/psoc creator/import/gnu/arm/4.9.3/bin/../lib/gcc/arm-none-eabi/4.9.3/../../../../arm-none-eabi/lib/armv7-m\libg_nano.a(lib_a-nano-msizer.o)
 .debug_frame   0x000028dc       0x5c c:/program files (x86)/cypress/psoc creator/3.3/psoc creator/import/gnu/arm/4.9.3/bin/../lib/gcc/arm-none-eabi/4.9.3/../../../../arm-none-eabi/lib/armv7-m\libg_nano.a(lib_a-reent.o)

.debug_str      0x00000000     0x3cf2
 *(.debug_str)
 .debug_str     0x00000000      0x380 .\CortexM3\ARM_GCC_493\Debug\main.o
                                0x3dd (size before relaxing)
 .debug_str     0x00000380       0x75 .\CortexM3\ARM_GCC_493\Debug\milliseconds.o
                                0x275 (size before relaxing)
 .debug_str     0x000003f5      0x36c .\CortexM3\ARM_GCC_493\Debug\rc_ch.o
                                0x6a6 (size before relaxing)
 .debug_str     0x00000761       0x77 .\CortexM3\ARM_GCC_493\Debug\cymetadata.o
                                0x23d (size before relaxing)
 .debug_str     0x000007d8      0x152 .\CortexM3\ARM_GCC_493\Debug\Cm3Start.o
                                0x351 (size before relaxing)
 .debug_str     0x0000092a      0x149 .\CortexM3\ARM_GCC_493\Debug\Ball.a(cyfitter_cfg.o)
                                0x356 (size before relaxing)
 .debug_str     0x00000a73      0x22e .\CortexM3\ARM_GCC_493\Debug\Ball.a(Motor_A_PWM.o)
                                0x43f (size before relaxing)
 .debug_str     0x00000ca1      0x7ee .\CortexM3\ARM_GCC_493\Debug\Ball.a(CyLib.o)
                                0xa76 (size before relaxing)
 .debug_str     0x0000148f      0x35b .\CortexM3\ARM_GCC_493\Debug\Ball.a(cyPm.o)
                                0x76e (size before relaxing)
 .debug_str     0x000017ea      0x403 .\CortexM3\ARM_GCC_493\Debug\Ball.a(USBUART.o)
                                0x6a4 (size before relaxing)
 .debug_str     0x00001bed      0x516 .\CortexM3\ARM_GCC_493\Debug\Ball.a(USBUART_cdc.o)
                                0x818 (size before relaxing)
 .debug_str     0x00002103      0x293 .\CortexM3\ARM_GCC_493\Debug\Ball.a(USBUART_drv.o)
                                0x68f (size before relaxing)
 .debug_str     0x00002396       0x82 .\CortexM3\ARM_GCC_493\Debug\Ball.a(USBUART_episr.o)
                                0x326 (size before relaxing)
 .debug_str     0x00002418       0xee .\CortexM3\ARM_GCC_493\Debug\Ball.a(USBUART_pm.o)
                                0x33e (size before relaxing)
 .debug_str     0x00002506      0x25b .\CortexM3\ARM_GCC_493\Debug\Ball.a(USBUART_std.o)
                                0x7fe (size before relaxing)
 .debug_str     0x00002761       0x27 .\CortexM3\ARM_GCC_493\Debug\Ball.a(USBUART_vnd.o)
                                0x234 (size before relaxing)
 .debug_str     0x00002788       0xa6 .\CortexM3\ARM_GCC_493\Debug\Ball.a(USBUART_Dp.o)
                                0x294 (size before relaxing)
 .debug_str     0x0000282e      0x1ce .\CortexM3\ARM_GCC_493\Debug\Ball.a(RC_Ch2_Timer.o)
                                0x470 (size before relaxing)
 .debug_str     0x000029fc      0x1b7 .\CortexM3\ARM_GCC_493\Debug\Ball.a(RC_Ch2_Timer_Interrupt.o)
                                0x3db (size before relaxing)
 .debug_str     0x00002bb3      0x1b7 .\CortexM3\ARM_GCC_493\Debug\Ball.a(Clock_Millis_Interrupt.o)
                                0x3db (size before relaxing)
 .debug_str     0x00002d6a       0x56 .\CortexM3\ARM_GCC_493\Debug\Ball.a(RC_Ch1.o)
                                0x23a (size before relaxing)
 .debug_str     0x00002dc0      0x1cd .\CortexM3\ARM_GCC_493\Debug\Ball.a(RC_Ch1_Timer.o)
                                0x470 (size before relaxing)
 .debug_str     0x00002f8d       0x56 .\CortexM3\ARM_GCC_493\Debug\Ball.a(RC_Ch2.o)
                                0x23a (size before relaxing)
 .debug_str     0x00002fe3      0x1b7 .\CortexM3\ARM_GCC_493\Debug\Ball.a(RC_Ch1_Timer_Interrupt.o)
                                0x3db (size before relaxing)
 .debug_str     0x0000319a      0x1cd .\CortexM3\ARM_GCC_493\Debug\Ball.a(RC_Ch4_Timer.o)
                                0x470 (size before relaxing)
 .debug_str     0x00003367       0x56 .\CortexM3\ARM_GCC_493\Debug\Ball.a(RC_Ch4.o)
                                0x23a (size before relaxing)
 .debug_str     0x000033bd      0x1b7 .\CortexM3\ARM_GCC_493\Debug\Ball.a(RC_Ch4_Timer_Interrupt.o)
                                0x3db (size before relaxing)
 .debug_str     0x00003574      0x1cd .\CortexM3\ARM_GCC_493\Debug\Ball.a(RC_Ch3_Timer.o)
                                0x470 (size before relaxing)
 .debug_str     0x00003741       0x56 .\CortexM3\ARM_GCC_493\Debug\Ball.a(RC_Ch3.o)
                                0x23a (size before relaxing)
 .debug_str     0x00003797      0x1b7 .\CortexM3\ARM_GCC_493\Debug\Ball.a(RC_Ch3_Timer_Interrupt.o)
                                0x3db (size before relaxing)
 .debug_str     0x0000394e      0x19e .\CortexM3\ARM_GCC_493\Debug\Ball.a(CyFlash.o)
                                0x3e8 (size before relaxing)
 .debug_str     0x00003aec       0xae .\CortexM3\ARM_GCC_493\Debug\Ball.a(CySpc.o)
                                0x371 (size before relaxing)
 .debug_str     0x00003b9a       0x2b .\CortexM3\ARM_GCC_493\Debug\Ball.a(cyutils.o)
                                0x205 (size before relaxing)
 .debug_str     0x00003bc5       0x27 .\CortexM3\ARM_GCC_493\Debug\Ball.a(USBUART_cls.o)
                                0x2f3 (size before relaxing)
 .debug_str     0x00003bec      0x106 .\CortexM3\ARM_GCC_493\Debug\Ball.a(USBUART_descr.o)
                                0x3a0 (size before relaxing)

.debug_loc      0x00000000     0x33c8
 *(.debug_loc)
 .debug_loc     0x00000000       0x4a .\CortexM3\ARM_GCC_493\Debug\main.o
 .debug_loc     0x0000004a      0x113 .\CortexM3\ARM_GCC_493\Debug\rc_ch.o
 .debug_loc     0x0000015d      0x144 .\CortexM3\ARM_GCC_493\Debug\Cm3Start.o
 .debug_loc     0x000002a1      0x1d7 .\CortexM3\ARM_GCC_493\Debug\Ball.a(cyfitter_cfg.o)
 .debug_loc     0x00000478       0x26 .\CortexM3\ARM_GCC_493\Debug\Ball.a(Motor_A_PWM.o)
 .debug_loc     0x0000049e      0xa11 .\CortexM3\ARM_GCC_493\Debug\Ball.a(CyLib.o)
 .debug_loc     0x00000eaf      0x1e4 .\CortexM3\ARM_GCC_493\Debug\Ball.a(cyPm.o)
 .debug_loc     0x00001093      0x3e1 .\CortexM3\ARM_GCC_493\Debug\Ball.a(USBUART.o)
 .debug_loc     0x00001474      0x56b .\CortexM3\ARM_GCC_493\Debug\Ball.a(USBUART_cdc.o)
 .debug_loc     0x000019df      0x171 .\CortexM3\ARM_GCC_493\Debug\Ball.a(USBUART_drv.o)
 .debug_loc     0x00001b50       0x26 .\CortexM3\ARM_GCC_493\Debug\Ball.a(USBUART_pm.o)
 .debug_loc     0x00001b76      0x93f .\CortexM3\ARM_GCC_493\Debug\Ball.a(USBUART_std.o)
 .debug_loc     0x000024b5       0x84 .\CortexM3\ARM_GCC_493\Debug\Ball.a(USBUART_Dp.o)
 .debug_loc     0x00002539       0x89 .\CortexM3\ARM_GCC_493\Debug\Ball.a(RC_Ch2_Timer.o)
 .debug_loc     0x000025c2       0x56 .\CortexM3\ARM_GCC_493\Debug\Ball.a(RC_Ch2_Timer_Interrupt.o)
 .debug_loc     0x00002618       0x56 .\CortexM3\ARM_GCC_493\Debug\Ball.a(Clock_Millis_Interrupt.o)
 .debug_loc     0x0000266e       0x42 .\CortexM3\ARM_GCC_493\Debug\Ball.a(RC_Ch1.o)
 .debug_loc     0x000026b0       0x89 .\CortexM3\ARM_GCC_493\Debug\Ball.a(RC_Ch1_Timer.o)
 .debug_loc     0x00002739       0x42 .\CortexM3\ARM_GCC_493\Debug\Ball.a(RC_Ch2.o)
 .debug_loc     0x0000277b       0x56 .\CortexM3\ARM_GCC_493\Debug\Ball.a(RC_Ch1_Timer_Interrupt.o)
 .debug_loc     0x000027d1       0x89 .\CortexM3\ARM_GCC_493\Debug\Ball.a(RC_Ch4_Timer.o)
 .debug_loc     0x0000285a       0x42 .\CortexM3\ARM_GCC_493\Debug\Ball.a(RC_Ch4.o)
 .debug_loc     0x0000289c       0x56 .\CortexM3\ARM_GCC_493\Debug\Ball.a(RC_Ch4_Timer_Interrupt.o)
 .debug_loc     0x000028f2       0x89 .\CortexM3\ARM_GCC_493\Debug\Ball.a(RC_Ch3_Timer.o)
 .debug_loc     0x0000297b       0x42 .\CortexM3\ARM_GCC_493\Debug\Ball.a(RC_Ch3.o)
 .debug_loc     0x000029bd       0x56 .\CortexM3\ARM_GCC_493\Debug\Ball.a(RC_Ch3_Timer_Interrupt.o)
 .debug_loc     0x00002a13      0x300 .\CortexM3\ARM_GCC_493\Debug\Ball.a(CyFlash.o)
 .debug_loc     0x00002d13      0x64d .\CortexM3\ARM_GCC_493\Debug\Ball.a(CySpc.o)
 .debug_loc     0x00003360       0x21 .\CortexM3\ARM_GCC_493\Debug\Ball.a(cyutils.o)
 .debug_loc     0x00003381       0x47 .\CortexM3\ARM_GCC_493\Debug\Ball.a(USBUART_cls.o)

.debug_macinfo
 *(.debug_macinfo)

.debug_ranges   0x00000000      0xe10
 *(.debug_ranges)
 .debug_ranges  0x00000000       0x18 .\CortexM3\ARM_GCC_493\Debug\main.o
 .debug_ranges  0x00000018       0x18 .\CortexM3\ARM_GCC_493\Debug\milliseconds.o
 .debug_ranges  0x00000030       0x48 .\CortexM3\ARM_GCC_493\Debug\rc_ch.o
 .debug_ranges  0x00000078       0x38 .\CortexM3\ARM_GCC_493\Debug\Cm3Start.o
 .debug_ranges  0x000000b0       0x48 .\CortexM3\ARM_GCC_493\Debug\Ball.a(cyfitter_cfg.o)
 .debug_ranges  0x000000f8       0x98 .\CortexM3\ARM_GCC_493\Debug\Ball.a(Motor_A_PWM.o)
 .debug_ranges  0x00000190      0x288 .\CortexM3\ARM_GCC_493\Debug\Ball.a(CyLib.o)
 .debug_ranges  0x00000418       0x88 .\CortexM3\ARM_GCC_493\Debug\Ball.a(cyPm.o)
 .debug_ranges  0x000004a0       0xd0 .\CortexM3\ARM_GCC_493\Debug\Ball.a(USBUART.o)
 .debug_ranges  0x00000570       0xd8 .\CortexM3\ARM_GCC_493\Debug\Ball.a(USBUART_cdc.o)
 .debug_ranges  0x00000648       0x88 .\CortexM3\ARM_GCC_493\Debug\Ball.a(USBUART_drv.o)
 .debug_ranges  0x000006d0       0x30 .\CortexM3\ARM_GCC_493\Debug\Ball.a(USBUART_episr.o)
 .debug_ranges  0x00000700       0x30 .\CortexM3\ARM_GCC_493\Debug\Ball.a(USBUART_pm.o)
 .debug_ranges  0x00000730       0x70 .\CortexM3\ARM_GCC_493\Debug\Ball.a(USBUART_std.o)
 .debug_ranges  0x000007a0       0x10 .\CortexM3\ARM_GCC_493\Debug\Ball.a(USBUART_vnd.o)
 .debug_ranges  0x000007b0       0x38 .\CortexM3\ARM_GCC_493\Debug\Ball.a(USBUART_Dp.o)
 .debug_ranges  0x000007e8       0x98 .\CortexM3\ARM_GCC_493\Debug\Ball.a(RC_Ch2_Timer.o)
 .debug_ranges  0x00000880       0x70 .\CortexM3\ARM_GCC_493\Debug\Ball.a(RC_Ch2_Timer_Interrupt.o)
 .debug_ranges  0x000008f0       0x70 .\CortexM3\ARM_GCC_493\Debug\Ball.a(Clock_Millis_Interrupt.o)
 .debug_ranges  0x00000960       0x28 .\CortexM3\ARM_GCC_493\Debug\Ball.a(RC_Ch1.o)
 .debug_ranges  0x00000988       0x98 .\CortexM3\ARM_GCC_493\Debug\Ball.a(RC_Ch1_Timer.o)
 .debug_ranges  0x00000a20       0x28 .\CortexM3\ARM_GCC_493\Debug\Ball.a(RC_Ch2.o)
 .debug_ranges  0x00000a48       0x70 .\CortexM3\ARM_GCC_493\Debug\Ball.a(RC_Ch1_Timer_Interrupt.o)
 .debug_ranges  0x00000ab8       0x98 .\CortexM3\ARM_GCC_493\Debug\Ball.a(RC_Ch4_Timer.o)
 .debug_ranges  0x00000b50       0x28 .\CortexM3\ARM_GCC_493\Debug\Ball.a(RC_Ch4.o)
 .debug_ranges  0x00000b78       0x70 .\CortexM3\ARM_GCC_493\Debug\Ball.a(RC_Ch4_Timer_Interrupt.o)
 .debug_ranges  0x00000be8       0x98 .\CortexM3\ARM_GCC_493\Debug\Ball.a(RC_Ch3_Timer.o)
 .debug_ranges  0x00000c80       0x28 .\CortexM3\ARM_GCC_493\Debug\Ball.a(RC_Ch3.o)
 .debug_ranges  0x00000ca8       0x70 .\CortexM3\ARM_GCC_493\Debug\Ball.a(RC_Ch3_Timer_Interrupt.o)
 .debug_ranges  0x00000d18       0x70 .\CortexM3\ARM_GCC_493\Debug\Ball.a(CyFlash.o)
 .debug_ranges  0x00000d88       0x68 .\CortexM3\ARM_GCC_493\Debug\Ball.a(CySpc.o)
 .debug_ranges  0x00000df0       0x10 .\CortexM3\ARM_GCC_493\Debug\Ball.a(cyutils.o)
 .debug_ranges  0x00000e00       0x10 .\CortexM3\ARM_GCC_493\Debug\Ball.a(USBUART_cls.o)

.comment        0x00000000       0x70
 .comment       0x00000000       0x70 .\CortexM3\ARM_GCC_493\Debug\main.o
                                 0x71 (size before relaxing)
 .comment       0x00000000       0x71 .\CortexM3\ARM_GCC_493\Debug\milliseconds.o
 .comment       0x00000000       0x71 .\CortexM3\ARM_GCC_493\Debug\rc_ch.o
 .comment       0x00000000       0x71 .\CortexM3\ARM_GCC_493\Debug\cymetadata.o
 .comment       0x00000000       0x71 .\CortexM3\ARM_GCC_493\Debug\Cm3Start.o
 .comment       0x00000000       0x71 .\CortexM3\ARM_GCC_493\Debug\Ball.a(cyfitter_cfg.o)
 .comment       0x00000000       0x71 .\CortexM3\ARM_GCC_493\Debug\Ball.a(Motor_A_PWM.o)
 .comment       0x00000000       0x71 .\CortexM3\ARM_GCC_493\Debug\Ball.a(CyLib.o)
 .comment       0x00000000       0x71 .\CortexM3\ARM_GCC_493\Debug\Ball.a(cyPm.o)
 .comment       0x00000000       0x71 .\CortexM3\ARM_GCC_493\Debug\Ball.a(USBUART.o)
 .comment       0x00000000       0x71 .\CortexM3\ARM_GCC_493\Debug\Ball.a(USBUART_cdc.o)
 .comment       0x00000000       0x71 .\CortexM3\ARM_GCC_493\Debug\Ball.a(USBUART_drv.o)
 .comment       0x00000000       0x71 .\CortexM3\ARM_GCC_493\Debug\Ball.a(USBUART_episr.o)
 .comment       0x00000000       0x71 .\CortexM3\ARM_GCC_493\Debug\Ball.a(USBUART_pm.o)
 .comment       0x00000000       0x71 .\CortexM3\ARM_GCC_493\Debug\Ball.a(USBUART_std.o)
 .comment       0x00000000       0x71 .\CortexM3\ARM_GCC_493\Debug\Ball.a(USBUART_vnd.o)
 .comment       0x00000000       0x71 .\CortexM3\ARM_GCC_493\Debug\Ball.a(USBUART_Dp.o)
 .comment       0x00000000       0x71 .\CortexM3\ARM_GCC_493\Debug\Ball.a(RC_Ch2_Timer.o)
 .comment       0x00000000       0x71 .\CortexM3\ARM_GCC_493\Debug\Ball.a(RC_Ch2_Timer_Interrupt.o)
 .comment       0x00000000       0x71 .\CortexM3\ARM_GCC_493\Debug\Ball.a(Clock_Millis_Interrupt.o)
 .comment       0x00000000       0x71 .\CortexM3\ARM_GCC_493\Debug\Ball.a(RC_Ch1.o)
 .comment       0x00000000       0x71 .\CortexM3\ARM_GCC_493\Debug\Ball.a(RC_Ch1_Timer.o)
 .comment       0x00000000       0x71 .\CortexM3\ARM_GCC_493\Debug\Ball.a(RC_Ch2.o)
 .comment       0x00000000       0x71 .\CortexM3\ARM_GCC_493\Debug\Ball.a(RC_Ch1_Timer_Interrupt.o)
 .comment       0x00000000       0x71 .\CortexM3\ARM_GCC_493\Debug\Ball.a(RC_Ch4_Timer.o)
 .comment       0x00000000       0x71 .\CortexM3\ARM_GCC_493\Debug\Ball.a(RC_Ch4.o)
 .comment       0x00000000       0x71 .\CortexM3\ARM_GCC_493\Debug\Ball.a(RC_Ch4_Timer_Interrupt.o)
 .comment       0x00000000       0x71 .\CortexM3\ARM_GCC_493\Debug\Ball.a(RC_Ch3_Timer.o)
 .comment       0x00000000       0x71 .\CortexM3\ARM_GCC_493\Debug\Ball.a(RC_Ch3.o)
 .comment       0x00000000       0x71 .\CortexM3\ARM_GCC_493\Debug\Ball.a(RC_Ch3_Timer_Interrupt.o)
 .comment       0x00000000       0x71 .\CortexM3\ARM_GCC_493\Debug\Ball.a(CyFlash.o)
 .comment       0x00000000       0x71 .\CortexM3\ARM_GCC_493\Debug\Ball.a(CySpc.o)
 .comment       0x00000000       0x71 .\CortexM3\ARM_GCC_493\Debug\Ball.a(cyutils.o)
 .comment       0x00000000       0x71 .\CortexM3\ARM_GCC_493\Debug\Ball.a(USBUART_cls.o)
 .comment       0x00000000       0x71 .\CortexM3\ARM_GCC_493\Debug\Ball.a(USBUART_descr.o)

.debug_weaknames
 *(.debug_weaknames)

.debug_funcnames
 *(.debug_funcnames)

.debug_typenames
 *(.debug_typenames)

.debug_varnames
 *(.debug_varnames)

.note.gnu.arm.ident
 *(.note.gnu.arm.ident)

.ARM.attributes
                0x00000000       0x29
 *(.ARM.attributes)
 .ARM.attributes
                0x00000000       0x1d c:/program files (x86)/cypress/psoc creator/3.3/psoc creator/import/gnu/arm/4.9.3/bin/../lib/gcc/arm-none-eabi/4.9.3/armv7-m/crti.o
 .ARM.attributes
                0x0000001d       0x2d c:/program files (x86)/cypress/psoc creator/3.3/psoc creator/import/gnu/arm/4.9.3/bin/../lib/gcc/arm-none-eabi/4.9.3/armv7-m/crtbegin.o
 .ARM.attributes
                0x0000004a       0x1b c:/program files (x86)/cypress/psoc creator/3.3/psoc creator/import/gnu/arm/4.9.3/bin/../lib/gcc/arm-none-eabi/4.9.3/../../../../arm-none-eabi/lib/armv7-m/crt0.o
 .ARM.attributes
                0x00000065       0x33 .\CortexM3\ARM_GCC_493\Debug\main.o
 .ARM.attributes
                0x00000098       0x33 .\CortexM3\ARM_GCC_493\Debug\milliseconds.o
 .ARM.attributes
                0x000000cb       0x33 .\CortexM3\ARM_GCC_493\Debug\rc_ch.o
 .ARM.attributes
                0x000000fe       0x33 .\CortexM3\ARM_GCC_493\Debug\cymetadata.o
 .ARM.attributes
                0x00000131       0x33 .\CortexM3\ARM_GCC_493\Debug\Cm3Start.o
 .ARM.attributes
                0x00000164       0x33 .\CortexM3\ARM_GCC_493\Debug\Ball.a(cyfitter_cfg.o)
 .ARM.attributes
                0x00000197       0x33 .\CortexM3\ARM_GCC_493\Debug\Ball.a(Motor_A_PWM.o)
 .ARM.attributes
                0x000001ca       0x21 .\CortexM3\ARM_GCC_493\Debug\Ball.a(CyBootAsmGnu.o)
 .ARM.attributes
                0x000001eb       0x33 .\CortexM3\ARM_GCC_493\Debug\Ball.a(CyLib.o)
 .ARM.attributes
                0x0000021e       0x33 .\CortexM3\ARM_GCC_493\Debug\Ball.a(cyPm.o)
 .ARM.attributes
                0x00000251       0x33 .\CortexM3\ARM_GCC_493\Debug\Ball.a(USBUART.o)
 .ARM.attributes
                0x00000284       0x33 .\CortexM3\ARM_GCC_493\Debug\Ball.a(USBUART_cdc.o)
 .ARM.attributes
                0x000002b7       0x33 .\CortexM3\ARM_GCC_493\Debug\Ball.a(USBUART_drv.o)
 .ARM.attributes
                0x000002ea       0x33 .\CortexM3\ARM_GCC_493\Debug\Ball.a(USBUART_episr.o)
 .ARM.attributes
                0x0000031d       0x33 .\CortexM3\ARM_GCC_493\Debug\Ball.a(USBUART_pm.o)
 .ARM.attributes
                0x00000350       0x33 .\CortexM3\ARM_GCC_493\Debug\Ball.a(USBUART_std.o)
 .ARM.attributes
                0x00000383       0x33 .\CortexM3\ARM_GCC_493\Debug\Ball.a(USBUART_vnd.o)
 .ARM.attributes
                0x000003b6       0x33 .\CortexM3\ARM_GCC_493\Debug\Ball.a(USBUART_Dp.o)
 .ARM.attributes
                0x000003e9       0x33 .\CortexM3\ARM_GCC_493\Debug\Ball.a(RC_Ch2_Timer.o)
 .ARM.attributes
                0x0000041c       0x33 .\CortexM3\ARM_GCC_493\Debug\Ball.a(RC_Ch2_Timer_Interrupt.o)
 .ARM.attributes
                0x0000044f       0x33 .\CortexM3\ARM_GCC_493\Debug\Ball.a(Clock_Millis_Interrupt.o)
 .ARM.attributes
                0x00000482       0x33 .\CortexM3\ARM_GCC_493\Debug\Ball.a(RC_Ch1.o)
 .ARM.attributes