Archive member included because of file (symbol)

.\CortexM3\ARM_GCC_493\Debug\Ball.a(cyfitter_cfg.o)
                              .\CortexM3\ARM_GCC_493\Debug\Cm3Start.o (cyfitter_cfg)
.\CortexM3\ARM_GCC_493\Debug\Ball.a(CyBootAsmGnu.o)
                              .\CortexM3\ARM_GCC_493\Debug\Ball.a(cyfitter_cfg.o) (CyDelayCycles)
.\CortexM3\ARM_GCC_493\Debug\Ball.a(CyLib.o)
                              .\CortexM3\ARM_GCC_493\Debug\Cm3Start.o (CyHalt)
.\CortexM3\ARM_GCC_493\Debug\Ball.a(cyPm.o)
                              .\CortexM3\ARM_GCC_493\Debug\Ball.a(CyLib.o) (CyPmReadStatus)
.\CortexM3\ARM_GCC_493\Debug\Ball.a(RC_Ch2_Timer.o)
                              .\CortexM3\ARM_GCC_493\Debug\rc_ch.o (RC_Ch2_Timer_Stop)
.\CortexM3\ARM_GCC_493\Debug\Ball.a(RC_Ch2_Timer_Interrupt.o)
                              .\CortexM3\ARM_GCC_493\Debug\rc_ch.o (RC_Ch2_Timer_Interrupt_StartEx)
.\CortexM3\ARM_GCC_493\Debug\Ball.a(Clock_Millis_Interrupt.o)
                              .\CortexM3\ARM_GCC_493\Debug\milliseconds.o (Clock_Millis_Interrupt_StartEx)
.\CortexM3\ARM_GCC_493\Debug\Ball.a(RC_Ch1.o)
                              .\CortexM3\ARM_GCC_493\Debug\rc_ch.o (RC_Ch1_Read)
.\CortexM3\ARM_GCC_493\Debug\Ball.a(RC_Ch1_Timer.o)
                              .\CortexM3\ARM_GCC_493\Debug\rc_ch.o (RC_Ch1_Timer_Stop)
.\CortexM3\ARM_GCC_493\Debug\Ball.a(RC_Ch2.o)
                              .\CortexM3\ARM_GCC_493\Debug\rc_ch.o (RC_Ch2_Read)
.\CortexM3\ARM_GCC_493\Debug\Ball.a(RC_Ch1_Timer_Interrupt.o)
                              .\CortexM3\ARM_GCC_493\Debug\rc_ch.o (RC_Ch1_Timer_Interrupt_StartEx)
.\CortexM3\ARM_GCC_493\Debug\Ball.a(RC_Ch4_Timer.o)
                              .\CortexM3\ARM_GCC_493\Debug\rc_ch.o (RC_Ch4_Timer_Stop)
.\CortexM3\ARM_GCC_493\Debug\Ball.a(RC_Ch4.o)
                              .\CortexM3\ARM_GCC_493\Debug\rc_ch.o (RC_Ch4_Read)
.\CortexM3\ARM_GCC_493\Debug\Ball.a(RC_Ch4_Timer_Interrupt.o)
                              .\CortexM3\ARM_GCC_493\Debug\rc_ch.o (RC_Ch4_Timer_Interrupt_StartEx)
.\CortexM3\ARM_GCC_493\Debug\Ball.a(RC_Ch3_Timer.o)
                              .\CortexM3\ARM_GCC_493\Debug\rc_ch.o (RC_Ch3_Timer_Stop)
.\CortexM3\ARM_GCC_493\Debug\Ball.a(RC_Ch3.o)
                              .\CortexM3\ARM_GCC_493\Debug\rc_ch.o (RC_Ch3_Read)
.\CortexM3\ARM_GCC_493\Debug\Ball.a(RC_Ch3_Timer_Interrupt.o)
                              .\CortexM3\ARM_GCC_493\Debug\rc_ch.o (RC_Ch3_Timer_Interrupt_StartEx)
.\CortexM3\ARM_GCC_493\Debug\Ball.a(Drive_DC_Motor_PWM.o)
                              .\CortexM3\ARM_GCC_493\Debug\dc_motor.o (Drive_DC_Motor_PWM_WriteCompare1)
.\CortexM3\ARM_GCC_493\Debug\Ball.a(Pendulum_DC_Motor_PWM.o)
                              .\CortexM3\ARM_GCC_493\Debug\dc_motor.o (Pendulum_DC_Motor_PWM_WriteCompare1)
.\CortexM3\ARM_GCC_493\Debug\Ball.a(Flywheel_DC_Motor_PWM.o)
                              .\CortexM3\ARM_GCC_493\Debug\dc_motor.o (Flywheel_DC_Motor_PWM_WriteCompare1)
.\CortexM3\ARM_GCC_493\Debug\Ball.a(MPU6050_I2C.o)
                              .\CortexM3\ARM_GCC_493\Debug\imu.o (MPU6050_I2C_Start)
.\CortexM3\ARM_GCC_493\Debug\Ball.a(MPU6050_I2C_INT.o)
                              .\CortexM3\ARM_GCC_493\Debug\Ball.a(MPU6050_I2C.o) (MPU6050_I2C_ISR)
.\CortexM3\ARM_GCC_493\Debug\Ball.a(MPU6050_I2C_PM.o)
                              .\CortexM3\ARM_GCC_493\Debug\Ball.a(MPU6050_I2C.o) (MPU6050_I2C_backup)
.\CortexM3\ARM_GCC_493\Debug\Ball.a(MPU6050_I2C_MASTER.o)
                              .\CortexM3\ARM_GCC_493\Debug\Ball.a(MPU6050_I2C.o) (MPU6050_I2C_mstrStatus)
.\CortexM3\ARM_GCC_493\Debug\Ball.a(Drive_DC_Motor_Quad_Dec.o)
                              .\CortexM3\ARM_GCC_493\Debug\dc_motor.o (Drive_DC_Motor_Quad_Dec_GetCounter)
.\CortexM3\ARM_GCC_493\Debug\Ball.a(Drive_DC_Motor_Quad_Dec_Cnt16.o)
                              .\CortexM3\ARM_GCC_493\Debug\Ball.a(Drive_DC_Motor_Quad_Dec.o) (Drive_DC_Motor_Quad_Dec_Cnt16_Stop)
.\CortexM3\ARM_GCC_493\Debug\Ball.a(Pendulum_DC_Motor_Quad_Dec.o)
                              .\CortexM3\ARM_GCC_493\Debug\dc_motor.o (Pendulum_DC_Motor_Quad_Dec_GetCounter)
.\CortexM3\ARM_GCC_493\Debug\Ball.a(Pendulum_DC_Motor_Quad_Dec_Cnt16.o)
                              .\CortexM3\ARM_GCC_493\Debug\Ball.a(Pendulum_DC_Motor_Quad_Dec.o) (Pendulum_DC_Motor_Quad_Dec_Cnt16_Stop)
.\CortexM3\ARM_GCC_493\Debug\Ball.a(Status_LED.o)
                              .\CortexM3\ARM_GCC_493\Debug\main.o (Status_LED_Write)
.\CortexM3\ARM_GCC_493\Debug\Ball.a(CyFlash.o)
                              .\CortexM3\ARM_GCC_493\Debug\Ball.a(cyPm.o) (CyFlash_SetWaitCycles)
.\CortexM3\ARM_GCC_493\Debug\Ball.a(CySpc.o)
                              .\CortexM3\ARM_GCC_493\Debug\Ball.a(CyFlash.o) (CySpcStart)
.\CortexM3\ARM_GCC_493\Debug\Ball.a(cyutils.o)
                              .\CortexM3\ARM_GCC_493\Debug\Ball.a(RC_Ch2_Timer.o) (CySetReg24)
[...]
Memory Configuration

Name             Origin             Length             Attributes
rom              0x00000000         0x00040000         xr
ram              0x1fff8000         0x00010000         xrw
*default*        0x00000000         0xffffffff

Linker script and memory map

LOAD c:/program files (x86)/cypress/psoc creator/3.3/psoc creator/import/gnu/arm/4.9.3/bin/../lib/gcc/arm-none-eabi/4.9.3/armv7-m/crti.o
LOAD c:/program files (x86)/cypress/psoc creator/3.3/psoc creator/import/gnu/arm/4.9.3/bin/../lib/gcc/arm-none-eabi/4.9.3/armv7-m/crtbegin.o
LOAD c:/program files (x86)/cypress/psoc creator/3.3/psoc creator/import/gnu/arm/4.9.3/bin/../lib/gcc/arm-none-eabi/4.9.3/../../../../arm-none-eabi/lib/armv7-m/crt0.o
START GROUP
LOAD .\CortexM3\ARM_GCC_493\Debug\main.o
LOAD .\CortexM3\ARM_GCC_493\Debug\milliseconds.o
LOAD .\CortexM3\ARM_GCC_493\Debug\rc_ch.o
LOAD .\CortexM3\ARM_GCC_493\Debug\dc_motor.o
LOAD .\CortexM3\ARM_GCC_493\Debug\mpu6050.o
LOAD .\CortexM3\ARM_GCC_493\Debug\i2cFunctions.o
LOAD .\CortexM3\ARM_GCC_493\Debug\imu.o
LOAD .\CortexM3\ARM_GCC_493\Debug\pid.o
LOAD .\CortexM3\ARM_GCC_493\Debug\cymetadata.o
LOAD .\CortexM3\ARM_GCC_493\Debug\Cm3Start.o
LOAD .\CortexM3\ARM_GCC_493\Debug\Ball.a
LOAD C:\Program Files (x86)\Cypress\PSoC Creator\3.3\PSoC Creator\psoc\content\cycomponentlibrary\CyComponentLibrary.cylib\CortexM3\ARM_GCC_493\Debug\CyComponentLibrary.a
LOAD c:/program files (x86)/cypress/psoc creator/3.3/psoc creator/import/gnu/arm/4.9.3/bin/../lib/gcc/arm-none-eabi/4.9.3/../../../../arm-none-eabi/lib/armv7-m\libm.a
END GROUP
START GROUP
LOAD c:/program files (x86)/cypress/psoc creator/3.3/psoc creator/import/gnu/arm/4.9.3/bin/../lib/gcc/arm-none-eabi/4.9.3/armv7-m\libgcc.a
LOAD c:/program files (x86)/cypress/psoc creator/3.3/psoc creator/import/gnu/arm/4.9.3/bin/../lib/gcc/arm-none-eabi/4.9.3/../../../../arm-none-eabi/lib/armv7-m\libg_nano.a
LOAD c:/program files (x86)/cypress/psoc creator/3.3/psoc creator/import/gnu/arm/4.9.3/bin/../lib/gcc/arm-none-eabi/4.9.3/../../../../arm-none-eabi/lib/armv7-m\libc_nano.a
END GROUP
START GROUP
LOAD c:/program files (x86)/cypress/psoc creator/3.3/psoc creator/import/gnu/arm/4.9.3/bin/../lib/gcc/arm-none-eabi/4.9.3/armv7-m\libgcc.a
LOAD c:/program files (x86)/cypress/psoc creator/3.3/psoc creator/import/gnu/arm/4.9.3/bin/../lib/gcc/arm-none-eabi/4.9.3/../../../../arm-none-eabi/lib/armv7-m\libc_nano.a
END GROUP
LOAD c:/program files (x86)/cypress/psoc creator/3.3/psoc creator/import/gnu/arm/4.9.3/bin/../lib/gcc/arm-none-eabi/4.9.3/armv7-m/crtend.o
LOAD c:/program files (x86)/cypress/psoc creator/3.3/psoc creator/import/gnu/arm/4.9.3/bin/../lib/gcc/arm-none-eabi/4.9.3/armv7-m/crtn.o
START GROUP
LOAD c:/program files (x86)/cypress/psoc creator/3.3/psoc creator/import/gnu/arm/4.9.3/bin/../lib/gcc/arm-none-eabi/4.9.3/armv7-m\libgcc.a
LOAD c:/program files (x86)/cypress/psoc creator/3.3/psoc creator/import/gnu/arm/4.9.3/bin/../lib/gcc/arm-none-eabi/4.9.3/../../../../arm-none-eabi/lib/armv7-m\libc.a
LOAD c:/program files (x86)/cypress/psoc creator/3.3/psoc creator/import/gnu/arm/4.9.3/bin/../lib/gcc/arm-none-eabi/4.9.3/../../../../arm-none-eabi/lib/armv7-m\libnosys.a
END GROUP
                0x00000000                CY_APPL_ORIGIN = 0x0
                0x00000100                CY_FLASH_ROW_SIZE = 0x100
                0x00000020                CY_ECC_ROW_SIZE = 0x20
                0x00000000                CY_EE_IN_BTLDR = 0x0
                0x00000000                CY_APPL_LOADABLE = 0x0
                0x00000800                CY_EE_SIZE = 0x800
                0x00000001                CY_APPL_NUM = 0x1
                0x00000001                CY_APPL_MAX = 0x1
                0x00000040                CY_METADATA_SIZE = 0x40
                0x00000000                CY_APPL_LOADABLE = 0x0
                0x00000000                CY_CHECKSUM_EXCLUDE_SIZE = ALIGN (0x0, CY_FLASH_ROW_SIZE)
                0x1fff8190                PROVIDE (__cy_heap_start, _end)
                0x00000001                PROVIDE (__cy_region_num, ((__cy_regions_end - __cy_regions) / 0x10))
                0x20008000                PROVIDE (__cy_stack, (ORIGIN (ram) + 0x10000))
                0x20007800                PROVIDE (__cy_heap_end, (__cy_stack - 0x800))

.cybootloader   0x00000000        0x0
 *(.cybootloader)
                0x00000000                appl1_start = CY_APPL_ORIGIN?CY_APPL_ORIGIN:ALIGN (CY_FLASH_ROW_SIZE)
                0x0001ff00                appl2_start = (appl1_start + ALIGN ((((0x40000 - appl1_start) - (0x2 * CY_FLASH_ROW_SIZE)) / 0x2), CY_FLASH_ROW_SIZE))
                0x00000000                appl_start = (CY_APPL_NUM == 0x1)?appl1_start:appl2_start
                0x00000000                ecc_offset = ((appl_start / CY_FLASH_ROW_SIZE) * CY_ECC_ROW_SIZE)
                0x00000000                ee_offset = (CY_APPL_LOADABLE && ! (CY_EE_IN_BTLDR))?((CY_EE_SIZE / CY_APPL_MAX) * (CY_APPL_NUM - 0x1)):0x0
                0x00000800                ee_size = (CY_APPL_LOADABLE && ! (CY_EE_IN_BTLDR))?(CY_EE_SIZE / CY_APPL_MAX):CY_EE_SIZE
                0x00000000                PROVIDE (CY_ECC_OFFSET, ecc_offset)

.text           0x00000000     0x364a
 CREATE_OBJECT_SYMBOLS
                0x00000000                PROVIDE (__cy_interrupt_vector, RomVectors)
 *(.romvectors)
 .romvectors    0x00000000       0x10 .\CortexM3\ARM_GCC_493\Debug\Cm3Start.o
                0x00000000                RomVectors
                0x00000001                ASSERT ((. != __cy_interrupt_vector), No interrupt vector)
                0x00000001                ASSERT (CY_APPL_ORIGIN?(SIZEOF (.cybootloader) <= CY_APPL_ORIGIN):0x1, Wrong image location)
                0x00000010                PROVIDE (__cy_reset, Reset)
 *(.text.Reset)
 .text.Reset    0x00000010       0x18 .\CortexM3\ARM_GCC_493\Debug\Cm3Start.o
                0x00000010                Reset
                0x00000001                ASSERT ((. != __cy_reset), No reset code)
 *(.dma_init)
                0x00000001                ASSERT ((((appl_start + .) <= 0x10000) || 0x1), DMA Init must be within the first 64k of flash)
 *(.text .text.* .gnu.linkonce.t.*)
 .text          0x00000028       0x5c c:/program files (x86)/cypress/psoc creator/3.3/psoc creator/import/gnu/arm/4.9.3/bin/../lib/gcc/arm-none-eabi/4.9.3/armv7-m/crtbegin.o
 .text.main     0x00000084      0x230 .\CortexM3\ARM_GCC_493\Debug\main.o
                0x00000084                main
 .text.Millisecond_Interrupt
                0x000002b4       0x70 .\CortexM3\ARM_GCC_493\Debug\milliseconds.o
                0x000002b4                Millisecond_Interrupt
 .text.init_milliseconds
                0x00000324       0x10 .\CortexM3\ARM_GCC_493\Debug\milliseconds.o
                0x00000324                init_milliseconds
 .text.RC_Ch1_Timer_ISR_Handler
                0x00000334       0x44 .\CortexM3\ARM_GCC_493\Debug\rc_ch.o
                0x00000334                RC_Ch1_Timer_ISR_Handler
 .text.RC_Ch2_Timer_ISR_Handler
                0x00000378       0x44 .\CortexM3\ARM_GCC_493\Debug\rc_ch.o
                0x00000378                RC_Ch2_Timer_ISR_Handler
 .text.RC_Ch3_Timer_ISR_Handler
                0x000003bc       0x44 .\CortexM3\ARM_GCC_493\Debug\rc_ch.o
                0x000003bc                RC_Ch3_Timer_ISR_Handler
 .text.RC_Ch4_Timer_ISR_Handler
                0x00000400       0x44 .\CortexM3\ARM_GCC_493\Debug\rc_ch.o
                0x00000400                RC_Ch4_Timer_ISR_Handler
 .text.init_rc_channels
                0x00000444       0x3c .\CortexM3\ARM_GCC_493\Debug\rc_ch.o
                0x00000444                init_rc_channels
 .text.construct_rc_ch
                0x00000480       0x10 .\CortexM3\ARM_GCC_493\Debug\rc_ch.o
                0x00000480                construct_rc_ch
 .text.get_rc_ch_value
                0x00000490      0x130 .\CortexM3\ARM_GCC_493\Debug\rc_ch.o
                0x00000490                get_rc_ch_value
 .text.init_dc_motors
                0x000005c0       0x24 .\CortexM3\ARM_GCC_493\Debug\dc_motor.o
                0x000005c0                init_dc_motors
 .text.construct_dc_motor
                0x000005e4       0x28 .\CortexM3\ARM_GCC_493\Debug\dc_motor.o
                0x000005e4                construct_dc_motor
 .text.set_dc_motor_pwm
                0x0000060c       0xe8 .\CortexM3\ARM_GCC_493\Debug\dc_motor.o
                0x0000060c                set_dc_motor_pwm
 *fill*         0x000006f4        0x4 
 .text.get_dc_motor_pos
                0x000006f8       0x78 .\CortexM3\ARM_GCC_493\Debug\dc_motor.o
                0x000006f8                get_dc_motor_pos
 .text.set_dc_motor_pos
                0x00000770       0xac .\CortexM3\ARM_GCC_493\Debug\dc_motor.o
                0x00000770                set_dc_motor_pos
 .text.MPU6050_init
                0x0000081c        0xc .\CortexM3\ARM_GCC_493\Debug\mpu6050.o
                0x0000081c                MPU6050_init
 .text.MPU6050_setDLPFMode
                0x00000828       0x20 .\CortexM3\ARM_GCC_493\Debug\mpu6050.o
                0x00000828                MPU6050_setDLPFMode
 .text.MPU6050_setFullScaleGyroRange
                0x00000848       0x20 .\CortexM3\ARM_GCC_493\Debug\mpu6050.o
                0x00000848                MPU6050_setFullScaleGyroRange
 .text.MPU6050_setFullScaleAccelRange
                0x00000868       0x20 .\CortexM3\ARM_GCC_493\Debug\mpu6050.o
                0x00000868                MPU6050_setFullScaleAccelRange
 .text.MPU6050_getMotion6
                0x00000888       0x6c .\CortexM3\ARM_GCC_493\Debug\mpu6050.o
                0x00000888                MPU6050_getMotion6
 .text.MPU6050_setSleepEnabled
                0x000008f4       0x18 .\CortexM3\ARM_GCC_493\Debug\mpu6050.o
                0x000008f4                MPU6050_setSleepEnabled
 .text.MPU6050_setClockSource
                0x0000090c       0x20 .\CortexM3\ARM_GCC_493\Debug\mpu6050.o
                0x0000090c                MPU6050_setClockSource
 .text.MPU6050_initialize
                0x0000092c       0x1c .\CortexM3\ARM_GCC_493\Debug\mpu6050.o
                0x0000092c                MPU6050_initialize
 .text.I2CReadBytes
                0x00000948       0x44 .\CortexM3\ARM_GCC_493\Debug\i2cFunctions.o
                0x00000948                I2CReadBytes
 .text.I2CWriteBytes
                0x0000098c       0x30 .\CortexM3\ARM_GCC_493\Debug\i2cFunctions.o
                0x0000098c                I2CWriteBytes
 .text.I2CReadByte
                0x000009bc        0xc .\CortexM3\ARM_GCC_493\Debug\i2cFunctions.o
                0x000009bc                I2CReadByte
 .text.I2CWriteByte
                0x000009c8       0x18 .\CortexM3\ARM_GCC_493\Debug\i2cFunctions.o
                0x000009c8                I2CWriteByte
 .text.I2CWriteBits
                0x000009e0       0x4c .\CortexM3\ARM_GCC_493\Debug\i2cFunctions.o
                0x000009e0                I2CWriteBits
 .text.I2CWriteBit
                0x00000a2c       0x40 .\CortexM3\ARM_GCC_493\Debug\i2cFunctions.o
                0x00000a2c                I2CWriteBit
 .text.init_imu
                0x00000a6c       0x18 .\CortexM3\ARM_GCC_493\Debug\imu.o
                0x00000a6c                init_imu
 .text.construct_imu
                0x00000a84       0x28 .\CortexM3\ARM_GCC_493\Debug\imu.o
                0x00000a84                construct_imu
 *fill*         0x00000aac        0x4 
 .text.get_imu_values
                0x00000ab0      0x150 .\CortexM3\ARM_GCC_493\Debug\imu.o
                0x00000ab0                get_imu_values
 .text.init_pid
                0x00000c00        0x4 .\CortexM3\ARM_GCC_493\Debug\pid.o
                0x00000c00                init_pid
 .text.construct_pid
                0x00000c04       0x1c .\CortexM3\ARM_GCC_493\Debug\pid.o
                0x00000c04                construct_pid
 .text.get_pid_output
                0x00000c20       0x8c .\CortexM3\ARM_GCC_493\Debug\pid.o
                0x00000c20                get_pid_output
 .text.IntDefaultHandler
                0x00000cac        0x4 .\CortexM3\ARM_GCC_493\Debug\Cm3Start.o
                0x00000cac                IntDefaultHandler
 .text.Start_c  0x00000cb0       0x4c .\CortexM3\ARM_GCC_493\Debug\Cm3Start.o
                0x00000cb0                Start_c
 .text.initialize_psoc
                0x00000cfc       0x74 .\CortexM3\ARM_GCC_493\Debug\Cm3Start.o
                0x00000cfc                initialize_psoc
 .text.CyClockStartupError
                0x00000d70        0x4 .\CortexM3\ARM_GCC_493\Debug\Ball.a(cyfitter_cfg.o)
 .text.cfg_write_bytes32
                0x00000d74       0x34 .\CortexM3\ARM_GCC_493\Debug\Ball.a(cyfitter_cfg.o)
 .text.AnalogSetDefault
                0x00000da8       0x28 .\CortexM3\ARM_GCC_493\Debug\Ball.a(cyfitter_cfg.o)
 .text.CYMEMZERO
                0x00000dd0        0xc .\CortexM3\ARM_GCC_493\Debug\Ball.a(cyfitter_cfg.o)
 .text.ClockSetup
                0x00000ddc       0xcc .\CortexM3\ARM_GCC_493\Debug\Ball.a(cyfitter_cfg.o)
 .text.CYCONFIGCPY
                0x00000ea8        0x8 .\CortexM3\ARM_GCC_493\Debug\Ball.a(cyfitter_cfg.o)
 .text.cyfitter_cfg
                0x00000eb0      0x144 .\CortexM3\ARM_GCC_493\Debug\Ball.a(cyfitter_cfg.o)
                0x00000eb0                cyfitter_cfg
 *fill*         0x00000ff4        0x4 
 .text          0x00000ff8       0x20 .\CortexM3\ARM_GCC_493\Debug\Ball.a(CyBootAsmGnu.o)
                0x00000ff8                CyDelayCycles
                0x00001008                CyEnterCriticalSection
                0x00001010                CyExitCriticalSection
 .text.CyHalt   0x00001018        0x4 .\CortexM3\ARM_GCC_493\Debug\Ball.a(CyLib.o)
                0x00001018                CyHalt
 .text.CyIntSetVector
                0x0000101c       0x28 .\CortexM3\ARM_GCC_493\Debug\Ball.a(CyLib.o)
                0x0000101c                CyIntSetVector
 .text.CyIntSetPriority
                0x00001044       0x30 .\CortexM3\ARM_GCC_493\Debug\Ball.a(CyLib.o)
                0x00001044                CyIntSetPriority
 .text.RC_Ch2_Timer_Enable
                0x00001074       0x10 .\CortexM3\ARM_GCC_493\Debug\Ball.a(RC_Ch2_Timer.o)
                0x00001074                RC_Ch2_Timer_Enable
 .text.RC_Ch2_Timer_Stop
                0x00001084       0x10 .\CortexM3\ARM_GCC_493\Debug\Ball.a(RC_Ch2_Timer.o)
                0x00001084                RC_Ch2_Timer_Stop
 .text.RC_Ch2_Timer_SetInterruptMode
                0x00001094        0xc .\CortexM3\ARM_GCC_493\Debug\Ball.a(RC_Ch2_Timer.o)
                0x00001094                RC_Ch2_Timer_SetInterruptMode
 .text.RC_Ch2_Timer_ReadStatusRegister
                0x000010a0        0xc .\CortexM3\ARM_GCC_493\Debug\Ball.a(RC_Ch2_Timer.o)
                0x000010a0                RC_Ch2_Timer_ReadStatusRegister
 .text.RC_Ch2_Timer_WritePeriod
                0x000010ac       0x10 .\CortexM3\ARM_GCC_493\Debug\Ball.a(RC_Ch2_Timer.o)
                0x000010ac                RC_Ch2_Timer_WritePeriod
 .text.RC_Ch2_Timer_ReadCapture
                0x000010bc       0x10 .\CortexM3\ARM_GCC_493\Debug\Ball.a(RC_Ch2_Timer.o)
                0x000010bc                RC_Ch2_Timer_ReadCapture
 .text.RC_Ch2_Timer_WriteCounter
                0x000010cc       0x10 .\CortexM3\ARM_GCC_493\Debug\Ball.a(RC_Ch2_Timer.o)
                0x000010cc                RC_Ch2_Timer_WriteCounter
 .text.RC_Ch2_Timer_EnableTrigger
                0x000010dc       0x10 .\CortexM3\ARM_GCC_493\Debug\Ball.a(RC_Ch2_Timer.o)
                0x000010dc                RC_Ch2_Timer_EnableTrigger
 .text.RC_Ch2_Timer_SetInterruptCount
                0x000010ec       0x1c .\CortexM3\ARM_GCC_493\Debug\Ball.a(RC_Ch2_Timer.o)
                0x000010ec                RC_Ch2_Timer_SetInterruptCount
 .text.RC_Ch2_Timer_ClearFIFO
                0x00001108       0x14 .\CortexM3\ARM_GCC_493\Debug\Ball.a(RC_Ch2_Timer.o)
                0x00001108                RC_Ch2_Timer_ClearFIFO
 .text.RC_Ch2_Timer_Init
                0x0000111c       0x40 .\CortexM3\ARM_GCC_493\Debug\Ball.a(RC_Ch2_Timer.o)
                0x0000111c                RC_Ch2_Timer_Init
 .text.RC_Ch2_Timer_Start
                0x0000115c       0x1c .\CortexM3\ARM_GCC_493\Debug\Ball.a(RC_Ch2_Timer.o)
                0x0000115c                RC_Ch2_Timer_Start
 .text.RC_Ch2_Timer_Interrupt_SetVector
                0x00001178        0xc .\CortexM3\ARM_GCC_493\Debug\Ball.a(RC_Ch2_Timer_Interrupt.o)
                0x00001178                RC_Ch2_Timer_Interrupt_SetVector
 .text.RC_Ch2_Timer_Interrupt_SetPriority
                0x00001184       0x10 .\CortexM3\ARM_GCC_493\Debug\Ball.a(RC_Ch2_Timer_Interrupt.o)
                0x00001184                RC_Ch2_Timer_Interrupt_SetPriority
 .text.RC_Ch2_Timer_Interrupt_Enable
                0x00001194        0xc .\CortexM3\ARM_GCC_493\Debug\Ball.a(RC_Ch2_Timer_Interrupt.o)
                0x00001194                RC_Ch2_Timer_Interrupt_Enable
 .text.RC_Ch2_Timer_Interrupt_Disable
                0x000011a0        0xc .\CortexM3\ARM_GCC_493\Debug\Ball.a(RC_Ch2_Timer_Interrupt.o)
                0x000011a0                RC_Ch2_Timer_Interrupt_Disable
 .text.RC_Ch2_Timer_Interrupt_StartEx
                0x000011ac       0x1c .\CortexM3\ARM_GCC_493\Debug\Ball.a(RC_Ch2_Timer_Interrupt.o)
                0x000011ac                RC_Ch2_Timer_Interrupt_StartEx
 .text.Clock_Millis_Interrupt_SetVector
                0x000011c8        0xc .\CortexM3\ARM_GCC_493\Debug\Ball.a(Clock_Millis_Interrupt.o)
                0x000011c8                Clock_Millis_Interrupt_SetVector
 .text.Clock_Millis_Interrupt_SetPriority
                0x000011d4       0x10 .\CortexM3\ARM_GCC_493\Debug\Ball.a(Clock_Millis_Interrupt.o)
                0x000011d4                Clock_Millis_Interrupt_SetPriority
 .text.Clock_Millis_Interrupt_Enable
                0x000011e4        0xc .\CortexM3\ARM_GCC_493\Debug\Ball.a(Clock_Millis_Interrupt.o)
                0x000011e4                Clock_Millis_Interrupt_Enable
 .text.Clock_Millis_Interrupt_Disable
                0x000011f0        0xc .\CortexM3\ARM_GCC_493\Debug\Ball.a(Clock_Millis_Interrupt.o)
                0x000011f0                Clock_Millis_Interrupt_Disable
 .text.Clock_Millis_Interrupt_StartEx
                0x000011fc       0x1c .\CortexM3\ARM_GCC_493\Debug\Ball.a(Clock_Millis_Interrupt.o)
                0x000011fc                Clock_Millis_Interrupt_StartEx
 .text.RC_Ch1_Read
                0x00001218       0x10 .\CortexM3\ARM_GCC_493\Debug\Ball.a(RC_Ch1.o)
                0x00001218                RC_Ch1_Read
 .text.RC_Ch1_Timer_Enable
                0x00001228       0x10 .\CortexM3\ARM_GCC_493\Debug\Ball.a(RC_Ch1_Timer.o)
                0x00001228                RC_Ch1_Timer_Enable
 .text.RC_Ch1_Timer_Stop
                0x00001238       0x10 .\CortexM3\ARM_GCC_493\Debug\Ball.a(RC_Ch1_Timer.o)
                0x00001238                RC_Ch1_Timer_Stop
 .text.RC_Ch1_Timer_SetInterruptMode
                0x00001248        0xc .\CortexM3\ARM_GCC_493\Debug\Ball.a(RC_Ch1_Timer.o)
                0x00001248                RC_Ch1_Timer_SetInterruptMode
 .text.RC_Ch1_Timer_ReadStatusRegister
                0x00001254        0xc .\CortexM3\ARM_GCC_493\Debug\Ball.a(RC_Ch1_Timer.o)
                0x00001254                RC_Ch1_Timer_ReadStatusRegister
 .text.RC_Ch1_Timer_WritePeriod
                0x00001260       0x10 .\CortexM3\ARM_GCC_493\Debug\Ball.a(RC_Ch1_Timer.o)
                0x00001260                RC_Ch1_Timer_WritePeriod
 .text.RC_Ch1_Timer_ReadCapture
                0x00001270       0x10 .\CortexM3\ARM_GCC_493\Debug\Ball.a(RC_Ch1_Timer.o)
                0x00001270                RC_Ch1_Timer_ReadCapture
 .text.RC_Ch1_Timer_WriteCounter
                0x00001280       0x10 .\CortexM3\ARM_GCC_493\Debug\Ball.a(RC_Ch1_Timer.o)
                0x00001280                RC_Ch1_Timer_WriteCounter
 .text.RC_Ch1_Timer_EnableTrigger
                0x00001290       0x10 .\CortexM3\ARM_GCC_493\Debug\Ball.a(RC_Ch1_Timer.o)
                0x00001290                RC_Ch1_Timer_EnableTrigger
 .text.RC_Ch1_Timer_SetInterruptCount
                0x000012a0       0x1c .\CortexM3\ARM_GCC_493\Debug\Ball.a(RC_Ch1_Timer.o)
                0x000012a0                RC_Ch1_Timer_SetInterruptCount
 .text.RC_Ch1_Timer_ClearFIFO
                0x000012bc       0x14 .\CortexM3\ARM_GCC_493\Debug\Ball.a(RC_Ch1_Timer.o)
                0x000012bc                RC_Ch1_Timer_ClearFIFO
 .text.RC_Ch1_Timer_Init
                0x000012d0       0x40 .\CortexM3\ARM_GCC_493\Debug\Ball.a(RC_Ch1_Timer.o)
                0x000012d0                RC_Ch1_Timer_Init
 .text.RC_Ch1_Timer_Start
                0x00001310       0x1c .\CortexM3\ARM_GCC_493\Debug\Ball.a(RC_Ch1_Timer.o)
                0x00001310                RC_Ch1_Timer_Start
 .text.RC_Ch2_Read
                0x0000132c       0x10 .\CortexM3\ARM_GCC_493\Debug\Ball.a(RC_Ch2.o)
                0x0000132c                RC_Ch2_Read
 .text.RC_Ch1_Timer_Interrupt_SetVector
                0x0000133c        0xc .\CortexM3\ARM_GCC_493\Debug\Ball.a(RC_Ch1_Timer_Interrupt.o)
                0x0000133c                RC_Ch1_Timer_Interrupt_SetVector
 .text.RC_Ch1_Timer_Interrupt_SetPriority
                0x00001348       0x10 .\CortexM3\ARM_GCC_493\Debug\Ball.a(RC_Ch1_Timer_Interrupt.o)
                0x00001348                RC_Ch1_Timer_Interrupt_SetPriority
 .text.RC_Ch1_Timer_Interrupt_Enable
                0x00001358        0xc .\CortexM3\ARM_GCC_493\Debug\Ball.a(RC_Ch1_Timer_Interrupt.o)
                0x00001358                RC_Ch1_Timer_Interrupt_Enable
 .text.RC_Ch1_Timer_Interrupt_Disable
                0x00001364        0xc .\CortexM3\ARM_GCC_493\Debug\Ball.a(RC_Ch1_Timer_Interrupt.o)
                0x00001364                RC_Ch1_Timer_Interrupt_Disable
 .text.RC_Ch1_Timer_Interrupt_StartEx
                0x00001370       0x1c .\CortexM3\ARM_GCC_493\Debug\Ball.a(RC_Ch1_Timer_Interrupt.o)
                0x00001370                RC_Ch1_Timer_Interrupt_StartEx
 .text.RC_Ch4_Timer_Enable
                0x0000138c       0x10 .\CortexM3\ARM_GCC_493\Debug\Ball.a(RC_Ch4_Timer.o)
                0x0000138c                RC_Ch4_Timer_Enable
 .text.RC_Ch4_Timer_Stop
                0x0000139c       0x10 .\CortexM3\ARM_GCC_493\Debug\Ball.a(RC_Ch4_Timer.o)
                0x0000139c                RC_Ch4_Timer_Stop
 .text.RC_Ch4_Timer_SetInterruptMode
                0x000013ac        0xc .\CortexM3\ARM_GCC_493\Debug\Ball.a(RC_Ch4_Timer.o)
                0x000013ac                RC_Ch4_Timer_SetInterruptMode
 .text.RC_Ch4_Timer_ReadStatusRegister
                0x000013b8        0xc .\CortexM3\ARM_GCC_493\Debug\Ball.a(RC_Ch4_Timer.o)
                0x000013b8                RC_Ch4_Timer_ReadStatusRegister
 .text.RC_Ch4_Timer_WritePeriod
                0x000013c4       0x10 .\CortexM3\ARM_GCC_493\Debug\Ball.a(RC_Ch4_Timer.o)
                0x000013c4                RC_Ch4_Timer_WritePeriod
 .text.RC_Ch4_Timer_ReadCapture
                0x000013d4       0x10 .\CortexM3\ARM_GCC_493\Debug\Ball.a(RC_Ch4_Timer.o)
                0x000013d4                RC_Ch4_Timer_ReadCapture
 .text.RC_Ch4_Timer_WriteCounter
                0x000013e4       0x10 .\CortexM3\ARM_GCC_493\Debug\Ball.a(RC_Ch4_Timer.o)
                0x000013e4                RC_Ch4_Timer_WriteCounter
 .text.RC_Ch4_Timer_EnableTrigger
                0x000013f4       0x10 .\CortexM3\ARM_GCC_493\Debug\Ball.a(RC_Ch4_Timer.o)
                0x000013f4                RC_Ch4_Timer_EnableTrigger
 .text.RC_Ch4_Timer_SetInterruptCount
                0x00001404       0x1c .\CortexM3\ARM_GCC_493\Debug\Ball.a(RC_Ch4_Timer.o)
                0x00001404                RC_Ch4_Timer_SetInterruptCount
 .text.RC_Ch4_Timer_ClearFIFO
                0x00001420       0x14 .\CortexM3\ARM_GCC_493\Debug\Ball.a(RC_Ch4_Timer.o)
                0x00001420                RC_Ch4_Timer_ClearFIFO
 .text.RC_Ch4_Timer_Init
                0x00001434       0x40 .\CortexM3\ARM_GCC_493\Debug\Ball.a(RC_Ch4_Timer.o)
                0x00001434                RC_Ch4_Timer_Init
 .text.RC_Ch4_Timer_Start
                0x00001474       0x1c .\CortexM3\ARM_GCC_493\Debug\Ball.a(RC_Ch4_Timer.o)
                0x00001474                RC_Ch4_Timer_Start
 .text.RC_Ch4_Read
                0x00001490       0x10 .\CortexM3\ARM_GCC_493\Debug\Ball.a(RC_Ch4.o)
                0x00001490                RC_Ch4_Read
 .text.RC_Ch4_Timer_Interrupt_SetVector
                0x000014a0        0xc .\CortexM3\ARM_GCC_493\Debug\Ball.a(RC_Ch4_Timer_Interrupt.o)
                0x000014a0                RC_Ch4_Timer_Interrupt_SetVector
 .text.RC_Ch4_Timer_Interrupt_SetPriority
                0x000014ac       0x10 .\CortexM3\ARM_GCC_493\Debug\Ball.a(RC_Ch4_Timer_Interrupt.o)
                0x000014ac                RC_Ch4_Timer_Interrupt_SetPriority
 .text.RC_Ch4_Timer_Interrupt_Enable
                0x000014bc        0xc .\CortexM3\ARM_GCC_493\Debug\Ball.a(RC_Ch4_Timer_Interrupt.o)
                0x000014bc                RC_Ch4_Timer_Interrupt_Enable
 .text.RC_Ch4_Timer_Interrupt_Disable
                0x000014c8        0xc .\CortexM3\ARM_GCC_493\Debug\Ball.a(RC_Ch4_Timer_Interrupt.o)
                0x000014c8                RC_Ch4_Timer_Interrupt_Disable
 .text.RC_Ch4_Timer_Interrupt_StartEx
                0x000014d4       0x1c .\CortexM3\ARM_GCC_493\Debug\Ball.a(RC_Ch4_Timer_Interrupt.o)
                0x000014d4                RC_Ch4_Timer_Interrupt_StartEx
 .text.RC_Ch3_Timer_Enable
                0x000014f0       0x10 .\CortexM3\ARM_GCC_493\Debug\Ball.a(RC_Ch3_Timer.o)
                0x000014f0                RC_Ch3_Timer_Enable
 .text.RC_Ch3_Timer_Stop
                0x00001500       0x10 .\CortexM3\ARM_GCC_493\Debug\Ball.a(RC_Ch3_Timer.o)
                0x00001500                RC_Ch3_Timer_Stop
 .text.RC_Ch3_Timer_SetInterruptMode
                0x00001510        0xc .\CortexM3\ARM_GCC_493\Debug\Ball.a(RC_Ch3_Timer.o)
                0x00001510                RC_Ch3_Timer_SetInterruptMode
 .text.RC_Ch3_Timer_ReadStatusRegister
                0x0000151c        0xc .\CortexM3\ARM_GCC_493\Debug\Ball.a(RC_Ch3_Timer.o)
                0x0000151c                RC_Ch3_Timer_ReadStatusRegister
 .text.RC_Ch3_Timer_WritePeriod
                0x00001528       0x10 .\CortexM3\ARM_GCC_493\Debug\Ball.a(RC_Ch3_Timer.o)
                0x00001528                RC_Ch3_Timer_WritePeriod
 .text.RC_Ch3_Timer_ReadCapture
                0x00001538       0x10 .\CortexM3\ARM_GCC_493\Debug\Ball.a(RC_Ch3_Timer.o)
                0x00001538                RC_Ch3_Timer_ReadCapture
 .text.RC_Ch3_Timer_WriteCounter
                0x00001548       0x10 .\CortexM3\ARM_GCC_493\Debug\Ball.a(RC_Ch3_Timer.o)
                0x00001548                RC_Ch3_Timer_WriteCounter
 .text.RC_Ch3_Timer_EnableTrigger
                0x00001558       0x10 .\CortexM3\ARM_GCC_493\Debug\Ball.a(RC_Ch3_Timer.o)
                0x00001558                RC_Ch3_Timer_EnableTrigger
 .text.RC_Ch3_Timer_SetInterruptCount
                0x00001568       0x1c .\CortexM3\ARM_GCC_493\Debug\Ball.a(RC_Ch3_Timer.o)
                0x00001568                RC_Ch3_Timer_SetInterruptCount
 .text.RC_Ch3_Timer_ClearFIFO
                0x00001584       0x14 .\CortexM3\ARM_GCC_493\Debug\Ball.a(RC_Ch3_Timer.o)
                0x00001584                RC_Ch3_Timer_ClearFIFO
 .text.RC_Ch3_Timer_Init
                0x00001598       0x40 .\CortexM3\ARM_GCC_493\Debug\Ball.a(RC_Ch3_Timer.o)
                0x00001598                RC_Ch3_Timer_Init
 .text.RC_Ch3_Timer_Start
                0x000015d8       0x1c .\CortexM3\ARM_GCC_493\Debug\Ball.a(RC_Ch3_Timer.o)
                0x000015d8                RC_Ch3_Timer_Start
 .text.RC_Ch3_Read
                0x000015f4       0x10 .\CortexM3\ARM_GCC_493\Debug\Ball.a(RC_Ch3.o)
                0x000015f4                RC_Ch3_Read
 .text.RC_Ch3_Timer_Interrupt_SetVector
                0x00001604        0xc .\CortexM3\ARM_GCC_493\Debug\Ball.a(RC_Ch3_Timer_Interrupt.o)
                0x00001604                RC_Ch3_Timer_Interrupt_SetVector
 .text.RC_Ch3_Timer_Interrupt_SetPriority
                0x00001610       0x10 .\CortexM3\ARM_GCC_493\Debug\Ball.a(RC_Ch3_Timer_Interrupt.o)
                0x00001610                RC_Ch3_Timer_Interrupt_SetPriority
 .text.RC_Ch3_Timer_Interrupt_Enable
                0x00001620        0xc .\CortexM3\ARM_GCC_493\Debug\Ball.a(RC_Ch3_Timer_Interrupt.o)
                0x00001620                RC_Ch3_Timer_Interrupt_Enable
 .text.RC_Ch3_Timer_Interrupt_Disable
                0x0000162c        0xc .\CortexM3\ARM_GCC_493\Debug\Ball.a(RC_Ch3_Timer_Interrupt.o)
                0x0000162c                RC_Ch3_Timer_Interrupt_Disable
 .text.RC_Ch3_Timer_Interrupt_StartEx
                0x00001638       0x1c .\CortexM3\ARM_GCC_493\Debug\Ball.a(RC_Ch3_Timer_Interrupt.o)
                0x00001638                RC_Ch3_Timer_Interrupt_StartEx
 .text.Drive_DC_Motor_PWM_Enable
                0x00001654       0x10 .\CortexM3\ARM_GCC_493\Debug\Ball.a(Drive_DC_Motor_PWM.o)
                0x00001654                Drive_DC_Motor_PWM_Enable
 .text.Drive_DC_Motor_PWM_WriteCounter
                0x00001664        0xc .\CortexM3\ARM_GCC_493\Debug\Ball.a(Drive_DC_Motor_PWM.o)
                0x00001664                Drive_DC_Motor_PWM_WriteCounter
 .text.Drive_DC_Motor_PWM_WritePeriod
                0x00001670        0xc .\CortexM3\ARM_GCC_493\Debug\Ball.a(Drive_DC_Motor_PWM.o)
                0x00001670                Drive_DC_Motor_PWM_WritePeriod
 .text.Drive_DC_Motor_PWM_WriteCompare1
                0x0000167c        0xc .\CortexM3\ARM_GCC_493\Debug\Ball.a(Drive_DC_Motor_PWM.o)
                0x0000167c                Drive_DC_Motor_PWM_WriteCompare1
 .text.Drive_DC_Motor_PWM_WriteCompare2
                0x00001688        0xc .\CortexM3\ARM_GCC_493\Debug\Ball.a(Drive_DC_Motor_PWM.o)
                0x00001688                Drive_DC_Motor_PWM_WriteCompare2
 .text.Drive_DC_Motor_PWM_SetInterruptMode
                0x00001694        0xc .\CortexM3\ARM_GCC_493\Debug\Ball.a(Drive_DC_Motor_PWM.o)
                0x00001694                Drive_DC_Motor_PWM_SetInterruptMode
 .text.Drive_DC_Motor_PWM_ReadStatusRegister
                0x000016a0        0xc .\CortexM3\ARM_GCC_493\Debug\Ball.a(Drive_DC_Motor_PWM.o)
                0x000016a0                Drive_DC_Motor_PWM_ReadStatusRegister
 .text.Drive_DC_Motor_PWM_ReadCapture
                0x000016ac        0xc .\CortexM3\ARM_GCC_493\Debug\Ball.a(Drive_DC_Motor_PWM.o)
                0x000016ac                Drive_DC_Motor_PWM_ReadCapture
 .text.Drive_DC_Motor_PWM_ClearFIFO
                0x000016b8       0x14 .\CortexM3\ARM_GCC_493\Debug\Ball.a(Drive_DC_Motor_PWM.o)
                0x000016b8                Drive_DC_Motor_PWM_ClearFIFO
 .text.Drive_DC_Motor_PWM_Init
                0x000016cc       0x58 .\CortexM3\ARM_GCC_493\Debug\Ball.a(Drive_DC_Motor_PWM.o)
                0x000016cc                Drive_DC_Motor_PWM_Init
 .text.Drive_DC_Motor_PWM_Start
                0x00001724       0x1c .\CortexM3\ARM_GCC_493\Debug\Ball.a(Drive_DC_Motor_PWM.o)
                0x00001724                Drive_DC_Motor_PWM_Start
 .text.Pendulum_DC_Motor_PWM_Enable
                0x00001740       0x10 .\CortexM3\ARM_GCC_493\Debug\Ball.a(Pendulum_DC_Motor_PWM.o)
                0x00001740                Pendulum_DC_Motor_PWM_Enable
 .text.Pendulum_DC_Motor_PWM_WriteCounter
                0x00001750        0xc .\CortexM3\ARM_GCC_493\Debug\Ball.a(Pendulum_DC_Motor_PWM.o)
                0x00001750                Pendulum_DC_Motor_PWM_WriteCounter
 .text.Pendulum_DC_Motor_PWM_WritePeriod
                0x0000175c        0xc .\CortexM3\ARM_GCC_493\Debug\Ball.a(Pendulum_DC_Motor_PWM.o)
                0x0000175c                Pendulum_DC_Motor_PWM_WritePeriod
 .text.Pendulum_DC_Motor_PWM_WriteCompare1
                0x00001768        0xc .\CortexM3\ARM_GCC_493\Debug\Ball.a(Pendulum_DC_Motor_PWM.o)
                0x00001768                Pendulum_DC_Motor_PWM_WriteCompare1
 .text.Pendulum_DC_Motor_PWM_WriteCompare2
                0x00001774        0xc .\CortexM3\ARM_GCC_493\Debug\Ball.a(Pendulum_DC_Motor_PWM.o)
                0x00001774                Pendulum_DC_Motor_PWM_WriteCompare2
 .text.Pendulum_DC_Motor_PWM_SetInterruptMode
                0x00001780        0xc .\CortexM3\ARM_GCC_493\Debug\Ball.a(Pendulum_DC_Motor_PWM.o)
                0x00001780                Pendulum_DC_Motor_PWM_SetInterruptMode
 .text.Pendulum_DC_Motor_PWM_ReadStatusRegister
                0x0000178c        0xc .\CortexM3\ARM_GCC_493\Debug\Ball.a(Pendulum_DC_Motor_PWM.o)
                0x0000178c                Pendulum_DC_Motor_PWM_ReadStatusRegister
 .text.Pendulum_DC_Motor_PWM_ReadCapture
                0x00001798        0xc .\CortexM3\ARM_GCC_493\Debug\Ball.a(Pendulum_DC_Motor_PWM.o)
                0x00001798                Pendulum_DC_Motor_PWM_ReadCapture
 .text.Pendulum_DC_Motor_PWM_ClearFIFO
                0x000017a4       0x14 .\CortexM3\ARM_GCC_493\Debug\Ball.a(Pendulum_DC_Motor_PWM.o)
                0x000017a4                Pendulum_DC_Motor_PWM_ClearFIFO
 .text.Pendulum_DC_Motor_PWM_Init
                0x000017b8       0x58 .\CortexM3\ARM_GCC_493\Debug\Ball.a(Pendulum_DC_Motor_PWM.o)
                0x000017b8                Pendulum_DC_Motor_PWM_Init
 .text.Pendulum_DC_Motor_PWM_Start
                0x00001810       0x1c .\CortexM3\ARM_GCC_493\Debug\Ball.a(Pendulum_DC_Motor_PWM.o)
                0x00001810                Pendulum_DC_Motor_PWM_Start
 .text.Flywheel_DC_Motor_PWM_Enable
                0x0000182c       0x10 .\CortexM3\ARM_GCC_493\Debug\Ball.a(Flywheel_DC_Motor_PWM.o)
                0x0000182c                Flywheel_DC_Motor_PWM_Enable
 .text.Flywheel_DC_Motor_PWM_WriteCounter
                0x0000183c        0xc .\CortexM3\ARM_GCC_493\Debug\Ball.a(Flywheel_DC_Motor_PWM.o)
                0x0000183c                Flywheel_DC_Motor_PWM_WriteCounter
 .text.Flywheel_DC_Motor_PWM_WritePeriod
                0x00001848        0xc .\CortexM3\ARM_GCC_493\Debug\Ball.a(Flywheel_DC_Motor_PWM.o)
                0x00001848                Flywheel_DC_Motor_PWM_WritePeriod
 .text.Flywheel_DC_Motor_PWM_WriteCompare1
                0x00001854        0xc .\CortexM3\ARM_GCC_493\Debug\Ball.a(Flywheel_DC_Motor_PWM.o)
                0x00001854                Flywheel_DC_Motor_PWM_WriteCompare1
 .text.Flywheel_DC_Motor_PWM_WriteCompare2
                0x00001860        0xc .\CortexM3\ARM_GCC_493\Debug\Ball.a(Flywheel_DC_Motor_PWM.o)
                0x00001860                Flywheel_DC_Motor_PWM_WriteCompare2
 .text.Flywheel_DC_Motor_PWM_SetInterruptMode
                0x0000186c        0xc .\CortexM3\ARM_GCC_493\Debug\Ball.a(Flywheel_DC_Motor_PWM.o)
                0x0000186c                Flywheel_DC_Motor_PWM_SetInterruptMode
 .text.Flywheel_DC_Motor_PWM_ReadStatusRegister
                0x00001878        0xc .\CortexM3\ARM_GCC_493\Debug\Ball.a(Flywheel_DC_Motor_PWM.o)
                0x00001878                Flywheel_DC_Motor_PWM_ReadStatusRegister
 .text.Flywheel_DC_Motor_PWM_ReadCapture
                0x00001884        0xc .\CortexM3\ARM_GCC_493\Debug\Ball.a(Flywheel_DC_Motor_PWM.o)
                0x00001884                Flywheel_DC_Motor_PWM_ReadCapture
 .text.Flywheel_DC_Motor_PWM_ClearFIFO
                0x00001890       0x14 .\CortexM3\ARM_GCC_493\Debug\Ball.a(Flywheel_DC_Motor_PWM.o)
                0x00001890                Flywheel_DC_Motor_PWM_ClearFIFO
 .text.Flywheel_DC_Motor_PWM_Init
                0x000018a4       0x58 .\CortexM3\ARM_GCC_493\Debug\Ball.a(Flywheel_DC_Motor_PWM.o)
                0x000018a4                Flywheel_DC_Motor_PWM_Init
 .text.Flywheel_DC_Motor_PWM_Start
                0x000018fc       0x1c .\CortexM3\ARM_GCC_493\Debug\Ball.a(Flywheel_DC_Motor_PWM.o)
                0x000018fc                Flywheel_DC_Motor_PWM_Start
 .text.MPU6050_I2C_Init
                0x00001918       0x68 .\CortexM3\ARM_GCC_493\Debug\Ball.a(MPU6050_I2C.o)
                0x00001918                MPU6050_I2C_Init
 .text.MPU6050_I2C_Enable
                0x00001980       0x24 .\CortexM3\ARM_GCC_493\Debug\Ball.a(MPU6050_I2C.o)
                0x00001980                MPU6050_I2C_Enable
 .text.MPU6050_I2C_Start
                0x000019a4       0x28 .\CortexM3\ARM_GCC_493\Debug\Ball.a(MPU6050_I2C.o)
                0x000019a4                MPU6050_I2C_Start
 .text.MPU6050_I2C_ISR
                0x000019cc      0x2cc .\CortexM3\ARM_GCC_493\Debug\Ball.a(MPU6050_I2C_INT.o)
                0x000019cc                MPU6050_I2C_ISR
 .text.MPU6050_I2C_MasterSendStart
                0x00001c98       0x80 .\CortexM3\ARM_GCC_493\Debug\Ball.a(MPU6050_I2C_MASTER.o)
                0x00001c98                MPU6050_I2C_MasterSendStart
 .text.MPU6050_I2C_MasterSendRestart
                0x00001d18       0x6c .\CortexM3\ARM_GCC_493\Debug\Ball.a(MPU6050_I2C_MASTER.o)
                0x00001d18                MPU6050_I2C_MasterSendRestart
 .text.MPU6050_I2C_MasterSendStop
                0x00001d84       0x38 .\CortexM3\ARM_GCC_493\Debug\Ball.a(MPU6050_I2C_MASTER.o)
                0x00001d84                MPU6050_I2C_MasterSendStop
 .text.MPU6050_I2C_MasterWriteByte
                0x00001dbc       0x58 .\CortexM3\ARM_GCC_493\Debug\Ball.a(MPU6050_I2C_MASTER.o)
                0x00001dbc                MPU6050_I2C_MasterWriteByte
 .text.MPU6050_I2C_MasterReadByte
                0x00001e14       0x58 .\CortexM3\ARM_GCC_493\Debug\Ball.a(MPU6050_I2C_MASTER.o)
                0x00001e14                MPU6050_I2C_MasterReadByte
 .text.Drive_DC_Motor_Quad_Dec_GetCounter
                0x00001e6c       0x10 .\CortexM3\ARM_GCC_493\Debug\Ball.a(Drive_DC_Motor_Quad_Dec.o)
                0x00001e6c                Drive_DC_Motor_Quad_Dec_GetCounter
 .text.Drive_DC_Motor_Quad_Dec_SetCounter
                0x00001e7c       0x1c .\CortexM3\ARM_GCC_493\Debug\Ball.a(Drive_DC_Motor_Quad_Dec.o)
                0x00001e7c                Drive_DC_Motor_Quad_Dec_SetCounter
 .text.Drive_DC_Motor_Quad_Dec_GetEvents
                0x00001e98       0x10 .\CortexM3\ARM_GCC_493\Debug\Ball.a(Drive_DC_Motor_Quad_Dec.o)
                0x00001e98                Drive_DC_Motor_Quad_Dec_GetEvents
 .text.Drive_DC_Motor_Quad_Dec_SetInterruptMask
                0x00001ea8        0xc .\CortexM3\ARM_GCC_493\Debug\Ball.a(Drive_DC_Motor_Quad_Dec.o)
                0x00001ea8                Drive_DC_Motor_Quad_Dec_SetInterruptMask
 .text.Drive_DC_Motor_Quad_Dec_Enable
                0x00001eb4       0x24 .\CortexM3\ARM_GCC_493\Debug\Ball.a(Drive_DC_Motor_Quad_Dec.o)
                0x00001eb4                Drive_DC_Motor_Quad_Dec_Enable
 .text.Drive_DC_Motor_Quad_Dec_Start
                0x00001ed8       0x24 .\CortexM3\ARM_GCC_493\Debug\Ball.a(Drive_DC_Motor_Quad_Dec.o)
                0x00001ed8                Drive_DC_Motor_Quad_Dec_Start
 .text.Drive_DC_Motor_Quad_Dec_Cnt16_Enable
                0x00001efc       0x10 .\CortexM3\ARM_GCC_493\Debug\Ball.a(Drive_DC_Motor_Quad_Dec_Cnt16.o)
                0x00001efc                Drive_DC_Motor_Quad_Dec_Cnt16_Enable
 .text.Drive_DC_Motor_Quad_Dec_Cnt16_SetInterruptMode
                0x00001f0c        0xc .\CortexM3\ARM_GCC_493\Debug\Ball.a(Drive_DC_Motor_Quad_Dec_Cnt16.o)
                0x00001f0c                Drive_DC_Motor_Quad_Dec_Cnt16_SetInterruptMode
 .text.Drive_DC_Motor_Quad_Dec_Cnt16_ReadStatusRegister
                0x00001f18        0xc .\CortexM3\ARM_GCC_493\Debug\Ball.a(Drive_DC_Motor_Quad_Dec_Cnt16.o)
                0x00001f18                Drive_DC_Motor_Quad_Dec_Cnt16_ReadStatusRegister
 .text.Drive_DC_Motor_Quad_Dec_Cnt16_WriteCounter
                0x00001f24        0xc .\CortexM3\ARM_GCC_493\Debug\Ball.a(Drive_DC_Motor_Quad_Dec_Cnt16.o)
                0x00001f24                Drive_DC_Motor_Quad_Dec_Cnt16_WriteCounter
 .text.Drive_DC_Motor_Quad_Dec_Cnt16_ReadCounter
                0x00001f30       0x14 .\CortexM3\ARM_GCC_493\Debug\Ball.a(Drive_DC_Motor_Quad_Dec_Cnt16.o)
                0x00001f30                Drive_DC_Motor_Quad_Dec_Cnt16_ReadCounter
 .text.Drive_DC_Motor_Quad_Dec_Cnt16_ReadCapture
                0x00001f44        0xc .\CortexM3\ARM_GCC_493\Debug\Ball.a(Drive_DC_Motor_Quad_Dec_Cnt16.o)
                0x00001f44                Drive_DC_Motor_Quad_Dec_Cnt16_ReadCapture
 .text.Drive_DC_Motor_Quad_Dec_Cnt16_WritePeriod
                0x00001f50        0xc .\CortexM3\ARM_GCC_493\Debug\Ball.a(Drive_DC_Motor_Quad_Dec_Cnt16.o)
                0x00001f50                Drive_DC_Motor_Quad_Dec_Cnt16_WritePeriod
 .text.Drive_DC_Motor_Quad_Dec_Cnt16_WriteCompare
                0x00001f5c        0xc .\CortexM3\ARM_GCC_493\Debug\Ball.a(Drive_DC_Motor_Quad_Dec_Cnt16.o)
                0x00001f5c                Drive_DC_Motor_Quad_Dec_Cnt16_WriteCompare
 .text.Drive_DC_Motor_Quad_Dec_Cnt16_ClearFIFO
                0x00001f68       0x14 .\CortexM3\ARM_GCC_493\Debug\Ball.a(Drive_DC_Motor_Quad_Dec_Cnt16.o)
                0x00001f68                Drive_DC_Motor_Quad_Dec_Cnt16_ClearFIFO
 .text.Drive_DC_Motor_Quad_Dec_Cnt16_Init
                0x00001f7c       0x58 .\CortexM3\ARM_GCC_493\Debug\Ball.a(Drive_DC_Motor_Quad_Dec_Cnt16.o)
                0x00001f7c                Drive_DC_Motor_Quad_Dec_Cnt16_Init
 .text.Drive_DC_Motor_Quad_Dec_Cnt16_Start
                0x00001fd4       0x1c .\CortexM3\ARM_GCC_493\Debug\Ball.a(Drive_DC_Motor_Quad_Dec_Cnt16.o)
                0x00001fd4                Drive_DC_Motor_Quad_Dec_Cnt16_Start
 .text.Pendulum_DC_Motor_Quad_Dec_GetCounter
                0x00001ff0       0x10 .\CortexM3\ARM_GCC_493\Debug\Ball.a(Pendulum_DC_Motor_Quad_Dec.o)
                0x00001ff0                Pendulum_DC_Motor_Quad_Dec_GetCounter
 .text.Pendulum_DC_Motor_Quad_Dec_SetCounter
                0x00002000       0x1c .\CortexM3\ARM_GCC_493\Debug\Ball.a(Pendulum_DC_Motor_Quad_Dec.o)
                0x00002000                Pendulum_DC_Motor_Quad_Dec_SetCounter
 .text.Pendulum_DC_Motor_Quad_Dec_GetEvents
                0x0000201c       0x10 .\CortexM3\ARM_GCC_493\Debug\Ball.a(Pendulum_DC_Motor_Quad_Dec.o)
                0x0000201c                Pendulum_DC_Motor_Quad_Dec_GetEvents
 .text.Pendulum_DC_Motor_Quad_Dec_SetInterruptMask
                0x0000202c        0xc .\CortexM3\ARM_GCC_493\Debug\Ball.a(Pendulum_DC_Motor_Quad_Dec.o)
                0x0000202c                Pendulum_DC_Motor_Quad_Dec_SetInterruptMask
 .text.Pendulum_DC_Motor_Quad_Dec_Enable
                0x00002038       0x24 .\CortexM3\ARM_GCC_493\Debug\Ball.a(Pendulum_DC_Motor_Quad_Dec.o)
                0x00002038                Pendulum_DC_Motor_Quad_Dec_Enable
 .text.Pendulum_DC_Motor_Quad_Dec_Start
                0x0000205c       0x24 .\CortexM3\ARM_GCC_493\Debug\Ball.a(Pendulum_DC_Motor_Quad_Dec.o)
                0x0000205c                Pendulum_DC_Motor_Quad_Dec_Start
 .text.Pendulum_DC_Motor_Quad_Dec_Cnt16_Enable
                0x00002080       0x10 .\CortexM3\ARM_GCC_493\Debug\Ball.a(Pendulum_DC_Motor_Quad_Dec_Cnt16.o)
                0x00002080                Pendulum_DC_Motor_Quad_Dec_Cnt16_Enable
 .text.Pendulum_DC_Motor_Quad_Dec_Cnt16_SetInterruptMode
                0x00002090        0xc .\CortexM3\ARM_GCC_493\Debug\Ball.a(Pendulum_DC_Motor_Quad_Dec_Cnt16.o)
                0x00002090                Pendulum_DC_Motor_Quad_Dec_Cnt16_SetInterruptMode
 .text.Pendulum_DC_Motor_Quad_Dec_Cnt16_ReadStatusRegister
                0x0000209c        0xc .\CortexM3\ARM_GCC_493\Debug\Ball.a(Pendulum_DC_Motor_Quad_Dec_Cnt16.o)
                0x0000209c                Pendulum_DC_Motor_Quad_Dec_Cnt16_ReadStatusRegister
 .text.Pendulum_DC_Motor_Quad_Dec_Cnt16_WriteCounter
                0x000020a8        0xc .\CortexM3\ARM_GCC_493\Debug\Ball.a(Pendulum_DC_Motor_Quad_Dec_Cnt16.o)
                0x000020a8                Pendulum_DC_Motor_Quad_Dec_Cnt16_WriteCounter
 .text.Pendulum_DC_Motor_Quad_Dec_Cnt16_ReadCounter
                0x000020b4       0x14 .\CortexM3\ARM_GCC_493\Debug\Ball.a(Pendulum_DC_Motor_Quad_Dec_Cnt16.o)
                0x000020b4                Pendulum_DC_Motor_Quad_Dec_Cnt16_ReadCounter
 .text.Pendulum_DC_Motor_Quad_Dec_Cnt16_ReadCapture
                0x000020c8        0xc .\CortexM3\ARM_GCC_493\Debug\Ball.a(Pendulum_DC_Motor_Quad_Dec_Cnt16.o)
                0x000020c8                Pendulum_DC_Motor_Quad_Dec_Cnt16_ReadCapture
 .text.Pendulum_DC_Motor_Quad_Dec_Cnt16_WritePeriod
                0x000020d4        0xc .\CortexM3\ARM_GCC_493\Debug\Ball.a(Pendulum_DC_Motor_Quad_Dec_Cnt16.o)
                0x000020d4                Pendulum_DC_Motor_Quad_Dec_Cnt16_WritePeriod
 .text.Pendulum_DC_Motor_Quad_Dec_Cnt16_WriteCompare
                0x000020e0        0xc .\CortexM3\ARM_GCC_493\Debug\Ball.a(Pendulum_DC_Motor_Quad_Dec_Cnt16.o)
                0x000020e0                Pendulum_DC_Motor_Quad_Dec_Cnt16_WriteCompare
 .text.Pendulum_DC_Motor_Quad_Dec_Cnt16_ClearFIFO
                0x000020ec       0x14 .\CortexM3\ARM_GCC_493\Debug\Ball.a(Pendulum_DC_Motor_Quad_Dec_Cnt16.o)
                0x000020ec                Pendulum_DC_Motor_Quad_Dec_Cnt16_ClearFIFO
 .text.Pendulum_DC_Motor_Quad_Dec_Cnt16_Init
                0x00002100       0x58 .\CortexM3\ARM_GCC_493\Debug\Ball.a(Pendulum_DC_Motor_Quad_Dec_Cnt16.o)
                0x00002100                Pendulum_DC_Motor_Quad_Dec_Cnt16_Init
 .text.Pendulum_DC_Motor_Quad_Dec_Cnt16_Start
                0x00002158       0x1c .\CortexM3\ARM_GCC_493\Debug\Ball.a(Pendulum_DC_Motor_Quad_Dec_Cnt16.o)
                0x00002158                Pendulum_DC_Motor_Quad_Dec_Cnt16_Start
 .text.Status_LED_Write
                0x00002174       0x18 .\CortexM3\ARM_GCC_493\Debug\Ball.a(Status_LED.o)
                0x00002174                Status_LED_Write
 .text.CySetReg24
                0x0000218c       0x14 .\CortexM3\ARM_GCC_493\Debug\Ball.a(cyutils.o)
                0x0000218c                CySetReg24
 .text.atan2    0x000021a0        0x4 c:/program files (x86)/cypress/psoc creator/3.3/psoc creator/import/gnu/arm/4.9.3/bin/../lib/gcc/arm-none-eabi/4.9.3/../../../../arm-none-eabi/lib/armv7-m\libm.a(lib_a-w_atan2.o)
                0x000021a0                atan2
 *fill*         0x000021a4        0x4 
 .text.__ieee754_atan2
                0x000021a8      0x1b8 c:/program files (x86)/cypress/psoc creator/3.3/psoc creator/import/gnu/arm/4.9.3/bin/../lib/gcc/arm-none-eabi/4.9.3/../../../../arm-none-eabi/lib/armv7-m\libm.a(lib_a-e_atan2.o)
                0x000021a8                __ieee754_atan2
 .text.atan     0x00002360      0x338 c:/program files (x86)/cypress/psoc creator/3.3/psoc creator/import/gnu/arm/4.9.3/bin/../lib/gcc/arm-none-eabi/4.9.3/../../../../arm-none-eabi/lib/armv7-m\libm.a(lib_a-s_atan.o)
                0x00002360                atan
 .text.fabs     0x00002698        0x8 c:/program files (x86)/cypress/psoc creator/3.3/psoc creator/import/gnu/arm/4.9.3/bin/../lib/gcc/arm-none-eabi/4.9.3/../../../../arm-none-eabi/lib/armv7-m\libm.a(lib_a-s_fabs.o)
                0x00002698                fabs
 .text          0x000026a0      0x370 c:/program files (x86)/cypress/psoc creator/3.3/psoc creator/import/gnu/arm/4.9.3/bin/../lib/gcc/arm-none-eabi/4.9.3/armv7-m\libgcc.a(_arm_addsubdf3.o)
                0x000026a0                __aeabi_drsub
                0x000026a8                __aeabi_dsub
                0x000026a8                __subdf3
                0x000026ac                __aeabi_dadd
                0x000026ac                __adddf3
                0x00002924                __floatunsidf
                0x00002924                __aeabi_ui2d
                0x00002944                __floatsidf
                0x00002944                __aeabi_i2d
                0x00002968                __aeabi_f2d
                0x00002968                __extendsfdf2
                0x000029a4                __floatundidf
                0x000029a4                __aeabi_ul2d
                0x000029b4                __floatdidf
                0x000029b4                __aeabi_l2d
 .text          0x00002a10      0x424 c:/program files (x86)/cypress/psoc creator/3.3/psoc creator/import/gnu/arm/4.9.3/bin/../lib/gcc/arm-none-eabi/4.9.3/armv7-m\libgcc.a(_arm_muldivdf3.o)
                0x00002a10                __aeabi_dmul
                0x00002a10                __muldf3
                0x00002c64                __divdf3
                0x00002c64                __aeabi_ddiv
 .text          0x00002e34      0x110 c:/program files (x86)/cypress/psoc creator/3.3/psoc creator/import/gnu/arm/4.9.3/bin/../lib/gcc/arm-none-eabi/4.9.3/armv7-m\libgcc.a(_arm_cmpdf2.o)
                0x00002e34                __gtdf2
                0x00002e34                __gedf2
                0x00002e3c                __ltdf2
                0x00002e3c                __ledf2
                0x00002e44                __nedf2
                0x00002e44                __eqdf2
                0x00002e44                __cmpdf2
                0x00002ec0                __aeabi_cdrcmple
                0x00002ed0                __aeabi_cdcmpeq
                0x00002ed0                __aeabi_cdcmple
                0x00002ee0                __aeabi_dcmpeq
                0x00002ef4                __aeabi_dcmplt
                0x00002f08                __aeabi_dcmple
                0x00002f1c                __aeabi_dcmpge
                0x00002f30                __aeabi_dcmpgt
 .text          0x00002f44       0xa0 c:/program files (x86)/cypress/psoc creator/3.3/psoc creator/import/gnu/arm/4.9.3/bin/../lib/gcc/arm-none-eabi/4.9.3/armv7-m\libgcc.a(_arm_truncdfsf2.o)
                0x00002f44                __truncdfsf2
                0x00002f44                __aeabi_d2f
 .text          0x00002fe4      0x21c c:/program files (x86)/cypress/psoc creator/3.3/psoc creator/import/gnu/arm/4.9.3/bin/../lib/gcc/arm-none-eabi/4.9.3/armv7-m\libgcc.a(_arm_addsubsf3.o)
                0x00002fe4                __aeabi_frsub
                0x00002fec                __subsf3
                0x00002fec                __aeabi_fsub
                0x00002ff0                __aeabi_fadd
                0x00002ff0                __addsf3
                0x00003150                __aeabi_ui2f
                0x00003150                __floatunsisf
                0x00003158                __aeabi_i2f
                0x00003158                __floatsisf
                0x00003174                __aeabi_ul2f
                0x00003174                __floatundisf
                0x00003184                __aeabi_l2f
                0x00003184                __floatdisf
 .text          0x00003200      0x2a0 c:/program files (x86)/cypress/psoc creator/3.3/psoc creator/import/gnu/arm/4.9.3/bin/../lib/gcc/arm-none-eabi/4.9.3/armv7-m\libgcc.a(_arm_muldivsf3.o)
                0x00003200                __mulsf3
                0x00003200                __aeabi_fmul
                0x00003368                __aeabi_fdiv
                0x00003368                __divsf3
 .text          0x000034a0       0xec c:/program files (x86)/cypress/psoc creator/3.3/psoc creator/import/gnu/arm/4.9.3/bin/../lib/gcc/arm-none-eabi/4.9.3/armv7-m\libgcc.a(_arm_cmpsf2.o)
                0x000034a0                __gesf2
                0x000034a0                __gtsf2
                0x000034a8                __lesf2
                0x000034a8                __ltsf2
                0x000034b0                __nesf2
                0x000034b0                __eqsf2
                0x000034b0                __cmpsf2
                0x00003510                __aeabi_cfrcmple
                0x00003518                __aeabi_cfcmpeq
                0x00003518                __aeabi_cfcmple
                0x00003528                __aeabi_fcmpeq
                0x0000353c                __aeabi_fcmplt
                0x00003550                __aeabi_fcmple
                0x00003564                __aeabi_fcmpge
                0x00003578                __aeabi_fcmpgt
 .text          0x0000358c       0x4c c:/program files (x86)/cypress/psoc creator/3.3/psoc creator/import/gnu/arm/4.9.3/bin/../lib/gcc/arm-none-eabi/4.9.3/armv7-m\libgcc.a(_arm_fixsfsi.o)
                0x0000358c                __aeabi_f2iz
                0x0000358c                __fixsfsi
 .text.__libc_init_array
                0x000035d8       0x4c c:/program files (x86)/cypress/psoc creator/3.3/psoc creator/import/gnu/arm/4.9.3/bin/../lib/gcc/arm-none-eabi/4.9.3/../../../../arm-none-eabi/lib/armv7-m\libg_nano.a(lib_a-init.o)
                0x000035d8                __libc_init_array
 .text.memcpy   0x00003624       0x16 c:/program files (x86)/cypress/psoc creator/3.3/psoc creator/import/gnu/arm/4.9.3/bin/../lib/gcc/arm-none-eabi/4.9.3/../../../../arm-none-eabi/lib/armv7-m\libg_nano.a(lib_a-memcpy.o)
                0x00003624                memcpy
 .text.memset   0x0000363a       0x10 c:/program files (x86)/cypress/psoc creator/3.3/psoc creator/import/gnu/arm/4.9.3/bin/../lib/gcc/arm-none-eabi/4.9.3/../../../../arm-none-eabi/lib/armv7-m\libg_nano.a(lib_a-memset.o)
                0x0000363a                memset
 *(.plt)
 *(.gnu.warning)
 *(.glue_7t)
 .glue_7t       0x00000000        0x0 linker stubs
 *(.glue_7)
 .glue_7        0x00000000        0x0 linker stubs
 *(.vfp11_veneer)
 .vfp11_veneer  0x00000000        0x0 linker stubs
 *(.bootloader)
 *(.ARM.extab* .gnu.linkonce.armextab.*)
 *(.gcc_except_table)

.v4_bx          0x0000364c        0x0
 .v4_bx         0x00000000        0x0 linker stubs

.iplt           0x0000364c        0x0
 .iplt          0x00000000        0x0 c:/program files (x86)/cypress/psoc creator/3.3/psoc creator/import/gnu/arm/4.9.3/bin/../lib/gcc/arm-none-eabi/4.9.3/armv7-m/crtbegin.o

.eh_frame_hdr
 *(.eh_frame_hdr)

.eh_frame       0x0000364c        0x4
 *(.eh_frame)
 .eh_frame      0x0000364c        0x0 c:/program files (x86)/cypress/psoc creator/3.3/psoc creator/import/gnu/arm/4.9.3/bin/../lib/gcc/arm-none-eabi/4.9.3/armv7-m/crtbegin.o
 .eh_frame      0x0000364c        0x4 c:/program files (x86)/cypress/psoc creator/3.3/psoc creator/import/gnu/arm/4.9.3/bin/../lib/gcc/arm-none-eabi/4.9.3/armv7-m/crtend.o
                0x00003650                PROVIDE (__exidx_start, .)

.ARM.exidx
 *(.ARM.exidx* .gnu.linkonce.armexidx.*)
                0x00003650                __exidx_end = .

.rodata         0x00003650       0xe0
 *(.rodata .rodata.* .gnu.linkonce.r.*)
 .rodata        0x00003650       0x20 .\CortexM3\ARM_GCC_493\Debug\rc_ch.o
                0x00003650                RC_MIN_VALUE
                0x00003654                RC_MAX_VALUE
                0x00003658                RC_CONNECTION_TIMEOUT
                0x0000365c                RC_TIMER_MID_TOLERANCE
                0x00003660                RC_TIMER_MIN_VALUE
                0x00003664                RC_TIMER_MID_VALUE
                0x00003668                RC_TIMER_MAX_VALUE
                0x0000366c                RC_TIMER_PERIOD
 .rodata        0x00003670        0x8 .\CortexM3\ARM_GCC_493\Debug\imu.o
                0x00003670                IMU_TILT_TOLERANCE
                0x00003674                IMU_SCALE
 .rodata        0x00003678       0x40 .\CortexM3\ARM_GCC_493\Debug\Ball.a(cyfitter_cfg.o)
 .rodata.atanlo
                0x000036b8       0x20 c:/program files (x86)/cypress/psoc creator/3.3/psoc creator/import/gnu/arm/4.9.3/bin/../lib/gcc/arm-none-eabi/4.9.3/../../../../arm-none-eabi/lib/armv7-m\libm.a(lib_a-s_atan.o)
 .rodata.atanhi
                0x000036d8       0x20 c:/program files (x86)/cypress/psoc creator/3.3/psoc creator/import/gnu/arm/4.9.3/bin/../lib/gcc/arm-none-eabi/4.9.3/../../../../arm-none-eabi/lib/armv7-m\libm.a(lib_a-s_atan.o)
                0x000036f8                . = ALIGN (0x4)
 *(.init)
 .init          0x000036f8        0x4 c:/program files (x86)/cypress/psoc creator/3.3/psoc creator/import/gnu/arm/4.9.3/bin/../lib/gcc/arm-none-eabi/4.9.3/armv7-m/crti.o
                0x000036f8                _init
 .init          0x000036fc        0x8 c:/program files (x86)/cypress/psoc creator/3.3/psoc creator/import/gnu/arm/4.9.3/bin/../lib/gcc/arm-none-eabi/4.9.3/armv7-m/crtn.o
                0x00003704                . = ALIGN (0x4)
                0x00003704                __preinit_array_start = .
 *(.preinit_array)
                0x00003704                __preinit_array_end = .
                0x00003704                . = ALIGN (0x4)
                0x00003704                __init_array_start = .
 *(SORT(.init_array.*))
 *(.init_array)
 .init_array    0x00003704        0x4 c:/program files (x86)/cypress/psoc creator/3.3/psoc creator/import/gnu/arm/4.9.3/bin/../lib/gcc/arm-none-eabi/4.9.3/armv7-m/crtbegin.o
 .init_array    0x00003708        0x4 .\CortexM3\ARM_GCC_493\Debug\Cm3Start.o
                0x0000370c                __init_array_end = .
                0x0000370c                . = ALIGN (0x4)
 *(.fini)
 .fini          0x0000370c        0x4 c:/program files (x86)/cypress/psoc creator/3.3/psoc creator/import/gnu/arm/4.9.3/bin/../lib/gcc/arm-none-eabi/4.9.3/armv7-m/crti.o
                0x0000370c                _fini
 .fini          0x00003710        0x8 c:/program files (x86)/cypress/psoc creator/3.3/psoc creator/import/gnu/arm/4.9.3/bin/../lib/gcc/arm-none-eabi/4.9.3/armv7-m/crtn.o
                0x00003718                . = ALIGN (0x4)
                0x00003718                __fini_array_start = .
 *(.fini_array)
 .fini_array    0x00003718        0x4 c:/program files (x86)/cypress/psoc creator/3.3/psoc creator/import/gnu/arm/4.9.3/bin/../lib/gcc/arm-none-eabi/4.9.3/armv7-m/crtbegin.o
 *(SORT(.fini_array.*))
                0x0000371c                __fini_array_end = .
                0x0000371c                . = ALIGN (0x4)
 *crtbegin.o(.ctors)
 *(EXCLUDE_FILE(*crtend.o) .ctors)
 *(SORT(.ctors.*))
 *crtend.o(.ctors)
                0x0000371c                . = ALIGN (0x4)
 *crtbegin.o(.dtors)
 *(EXCLUDE_FILE(*crtend.o) .dtors)
 *(SORT(.dtors.*))
 *crtend.o(.dtors)
                0x0000371c                . = ALIGN (0x4)
                0x0000371c                __cy_regions = .
                0x0000371c        0x4 LONG 0x3730 __cy_region_init_ram
                0x00003720        0x4 LONG 0x1fff8108 __cy_region_start_data
                0x00003724        0x4 LONG 0x8 __cy_region_init_size_ram
                0x00003728        0x4 LONG 0x80 __cy_region_zero_size_ram
                0x0000372c                __cy_regions_end = .
                0x00003730                . = ALIGN (0x8)
 *fill*         0x0000372c        0x4 
                0x00003730                _etext = .

.cy_checksum_exclude
                0x00003730        0x0
 *(.cy_checksum_exclude)

.ramvectors     0x1fff8000      0x100
                0x1fff8000                __cy_region_start_ram = .
 *(.ramvectors)
 .ramvectors    0x1fff8000      0x100 .\CortexM3\ARM_GCC_493\Debug\Cm3Start.o
                0x1fff8000                CyRamVectors

.noinit         0x1fff8100        0x5
 *(.noinit)
 .noinit        0x1fff8100        0x4 .\CortexM3\ARM_GCC_493\Debug\Cm3Start.o
 .noinit        0x1fff8104        0x1 .\CortexM3\ARM_GCC_493\Debug\Ball.a(CyLib.o)
                0x1fff8104                CyResetStatus

.data           0x1fff8108        0x8 load address 0x00003730
                0x1fff8108                __cy_region_start_data = .
 *(.jcr)
 .jcr           0x1fff8108        0x0 c:/program files (x86)/cypress/psoc creator/3.3/psoc creator/import/gnu/arm/4.9.3/bin/../lib/gcc/arm-none-eabi/4.9.3/armv7-m/crtbegin.o
 .jcr           0x1fff8108        0x4 c:/program files (x86)/cypress/psoc creator/3.3/psoc creator/import/gnu/arm/4.9.3/bin/../lib/gcc/arm-none-eabi/4.9.3/armv7-m/crtend.o
 *(.got.plt)
 *(.got)
 *(.shdata)
 *(.data .data.* .gnu.linkonce.d.*)
                0x1fff8110                . = ALIGN (0x8)
 *fill*         0x1fff810c        0x4 
 *(.ram)
                0x1fff8110                _edata = .

.igot.plt       0x1fff8110        0x0 load address 0x00003738
 .igot.plt      0x00000000        0x0 c:/program files (x86)/cypress/psoc creator/3.3/psoc creator/import/gnu/arm/4.9.3/bin/../lib/gcc/arm-none-eabi/4.9.3/armv7-m/crtbegin.o

.bss            0x1fff8110       0x80 load address 0x00003738
                0x1fff8110                PROVIDE (__bss_start__, .)
 *(.shbss)
 *(.bss .bss.* .gnu.linkonce.b.*)
 .bss           0x1fff8110       0x1c c:/program files (x86)/cypress/psoc creator/3.3/psoc creator/import/gnu/arm/4.9.3/bin/../lib/gcc/arm-none-eabi/4.9.3/armv7-m/crtbegin.o
 .bss           0x1fff812c       0x20 .\CortexM3\ARM_GCC_493\Debug\rc_ch.o
 .bss           0x1fff814c        0x1 .\CortexM3\ARM_GCC_493\Debug\Ball.a(RC_Ch2_Timer.o)
                0x1fff814c                RC_Ch2_Timer_initVar
 .bss           0x1fff814d        0x1 .\CortexM3\ARM_GCC_493\Debug\Ball.a(RC_Ch1_Timer.o)
                0x1fff814d                RC_Ch1_Timer_initVar
 .bss           0x1fff814e        0x1 .\CortexM3\ARM_GCC_493\Debug\Ball.a(RC_Ch4_Timer.o)
                0x1fff814e                RC_Ch4_Timer_initVar
 .bss           0x1fff814f        0x1 .\CortexM3\ARM_GCC_493\Debug\Ball.a(RC_Ch3_Timer.o)
                0x1fff814f                RC_Ch3_Timer_initVar
 .bss           0x1fff8150        0x1 .\CortexM3\ARM_GCC_493\Debug\Ball.a(Drive_DC_Motor_PWM.o)
                0x1fff8150                Drive_DC_Motor_PWM_initVar
 .bss           0x1fff8151        0x1 .\CortexM3\ARM_GCC_493\Debug\Ball.a(Pendulum_DC_Motor_PWM.o)
                0x1fff8151                Pendulum_DC_Motor_PWM_initVar
 .bss           0x1fff8152        0x1 .\CortexM3\ARM_GCC_493\Debug\Ball.a(Flywheel_DC_Motor_PWM.o)
                0x1fff8152                Flywheel_DC_Motor_PWM_initVar
 .bss           0x1fff8153        0x1 .\CortexM3\ARM_GCC_493\Debug\Ball.a(MPU6050_I2C.o)
                0x1fff8153                MPU6050_I2C_initVar
 .bss           0x1fff8154        0x1 .\CortexM3\ARM_GCC_493\Debug\Ball.a(Drive_DC_Motor_Quad_Dec.o)
                0x1fff8154                Drive_DC_Motor_Quad_Dec_initVar
 .bss           0x1fff8155        0x1 .\CortexM3\ARM_GCC_493\Debug\Ball.a(Drive_DC_Motor_Quad_Dec_Cnt16.o)
                0x1fff8155                Drive_DC_Motor_Quad_Dec_Cnt16_initVar
 .bss           0x1fff8156        0x1 .\CortexM3\ARM_GCC_493\Debug\Ball.a(Pendulum_DC_Motor_Quad_Dec.o)
                0x1fff8156                Pendulum_DC_Motor_Quad_Dec_initVar
 .bss           0x1fff8157        0x1 .\CortexM3\ARM_GCC_493\Debug\Ball.a(Pendulum_DC_Motor_Quad_Dec_Cnt16.o)
                0x1fff8157                Pendulum_DC_Motor_Quad_Dec_Cnt16_initVar
 *(COMMON)
 COMMON         0x1fff8158        0xc .\CortexM3\ARM_GCC_493\Debug\milliseconds.o
                0x1fff8158                ms
                0x1fff815a                seconds
                0x1fff815c                MILLISECONDS
                0x1fff8160                minutes
                0x1fff8162                hours
 COMMON         0x1fff8164       0x17 .\CortexM3\ARM_GCC_493\Debug\mpu6050.o
                0x1fff8164                buffer
                0x1fff817a                devAddr
 COMMON         0x1fff817b        0x1 .\CortexM3\ARM_GCC_493\Debug\Ball.a(MPU6050_I2C.o)
                0x1fff817b                MPU6050_I2C_state
 COMMON         0x1fff817c        0xf .\CortexM3\ARM_GCC_493\Debug\Ball.a(MPU6050_I2C_MASTER.o)
                0x1fff817c                MPU6050_I2C_mstrWrBufPtr
                0x1fff8180                MPU6050_I2C_mstrRdBufSize
                0x1fff8181                MPU6050_I2C_mstrWrBufIndex
                0x1fff8182                MPU6050_I2C_mstrStatus
                0x1fff8184                MPU6050_I2C_mstrRdBufPtr
                0x1fff8188                MPU6050_I2C_mstrRdBufIndex
                0x1fff8189                MPU6050_I2C_mstrWrBufSize
                0x1fff818a                MPU6050_I2C_mstrControl
                0x1fff8190                . = ALIGN (0x8)
 *fill*         0x1fff818b        0x5 
 *(.ram.b)
                0x1fff8190                _end = .
                0x1fff8190                __end = .
                0x1fff8190                PROVIDE (end, .)
                0x1fff8190                PROVIDE (__bss_end__, .)
                0x00003730                __cy_region_init_ram = LOADADDR (.data)
                0x00000008                __cy_region_init_size_ram = (_edata - ADDR (.data))
                0x00000080                __cy_region_zero_size_ram = (_end - _edata)

.heap           0x1fff8190       0x80 load address 0x00003738
                0x1fff8190                . = _end
                0x1fff8210                . = (. + 0x80)
 *fill*         0x1fff8190       0x80 
                0x1fff8210                __cy_heap_limit = .

.stack          0x20007800      0x800
                0x20007800                __cy_stack_limit = .
                0x20008000                . = (. + 0x800)
 *fill*         0x20007800      0x800 
                0x00000001                ASSERT ((__cy_stack_limit >= __cy_heap_limit), region RAM overflowed with stack)
                0x00000000                cy_checksum_exclude_size = (CY_APPL_LOADABLE == 0x1)?SIZEOF (.cy_checksum_exclude):0x0
                0x00000001                ASSERT ((cy_checksum_exclude_size <= CY_CHECKSUM_EXCLUDE_SIZE), CY_BOOT: Section .cy_checksum_exclude size exceedes specified limit.)

.cyloadermeta
 *(.cyloadermeta)

.cyloadablemeta
 *(.cyloadablemeta)

.cyconfigecc    0x80000000      0xfd8
 *(.cyconfigecc)
 .cyconfigecc   0x80000000      0xfd8 .\CortexM3\ARM_GCC_493\Debug\cymetadata.o
                0x80000000                cy_meta_configecc

.cycustnvl      0x90000000        0x4
 *(.cycustnvl)
 .cycustnvl     0x90000000        0x4 .\CortexM3\ARM_GCC_493\Debug\cymetadata.o
                0x90000000                cy_meta_custnvl

.cywolatch      0x90100000        0x4
 *(.cywolatch)
 .cywolatch     0x90100000        0x4 .\CortexM3\ARM_GCC_493\Debug\cymetadata.o
                0x90100000                cy_meta_wonvl

.cyeeprom       0x90200000        0x0
 *(.cyeeprom)
                0x00000001                ASSERT ((. <= ((0x90200000 + ee_offset) + ee_size)), .cyeeprom data will not fit in EEPROM)

.cyflashprotect
                0x90400000      0x100
 *(.cyflashprotect)
 .cyflashprotect
                0x90400000      0x100 .\CortexM3\ARM_GCC_493\Debug\cymetadata.o
                0x90400000                cy_meta_flashprotect

.cymeta         0x90500000        0xc
 *(.cymeta)
 .cymeta        0x90500000        0xc .\CortexM3\ARM_GCC_493\Debug\cymetadata.o
                0x90500000                cy_metadata

.rel.dyn        0x00003738        0x0 load address 0x9050000c
 .rel.iplt      0x00000000        0x0 c:/program files (x86)/cypress/psoc creator/3.3/psoc creator/import/gnu/arm/4.9.3/bin/../lib/gcc/arm-none-eabi/4.9.3/armv7-m/crtbegin.o

.stab
 *(.stab)

.stabstr
 *(.stabstr)

.debug
 *(.debug)

.line
 *(.line)

.debug_srcinfo
 *(.debug_srcinfo)

.debug_sfnames
 *(.debug_sfnames)

.debug_aranges  0x00000000     0x1a30
 *(.debug_aranges)
 .debug_aranges
                0x00000000       0x20 .\CortexM3\ARM_GCC_493\Debug\main.o
 .debug_aranges
                0x00000020       0x28 .\CortexM3\ARM_GCC_493\Debug\milliseconds.o
 .debug_aranges
                0x00000048       0x50 .\CortexM3\ARM_GCC_493\Debug\rc_ch.o
 .debug_aranges
                0x00000098       0x48 .\CortexM3\ARM_GCC_493\Debug\dc_motor.o
 .debug_aranges
                0x000000e0      0x838 .\CortexM3\ARM_GCC_493\Debug\mpu6050.o
 .debug_aranges
                0x00000918       0x60 .\CortexM3\ARM_GCC_493\Debug\i2cFunctions.o
 .debug_aranges
                0x00000978       0x30 .\CortexM3\ARM_GCC_493\Debug\imu.o
 .debug_aranges
                0x000009a8       0x38 .\CortexM3\ARM_GCC_493\Debug\pid.o
 .debug_aranges
                0x000009e0       0x18 .\CortexM3\ARM_GCC_493\Debug\cymetadata.o
 .debug_aranges
                0x000009f8       0x48 .\CortexM3\ARM_GCC_493\Debug\Cm3Start.o
 .debug_aranges
                0x00000a40       0x58 .\CortexM3\ARM_GCC_493\Debug\Ball.a(cyfitter_cfg.o)
 .debug_aranges
                0x00000a98       0x20 .\CortexM3\ARM_GCC_493\Debug\Ball.a(CyBootAsmGnu.o)
 .debug_aranges
                0x00000ab8      0x298 .\CortexM3\ARM_GCC_493\Debug\Ball.a(CyLib.o)
 .debug_aranges
                0x00000d50       0x98 .\CortexM3\ARM_GCC_493\Debug\Ball.a(cyPm.o)
 .debug_aranges
                0x00000de8       0xa8 .\CortexM3\ARM_GCC_493\Debug\Ball.a(RC_Ch2_Timer.o)
 .debug_aranges
                0x00000e90       0x80 .\CortexM3\ARM_GCC_493\Debug\Ball.a(RC_Ch2_Timer_Interrupt.o)
 .debug_aranges
                0x00000f10       0x80 .\CortexM3\ARM_GCC_493\Debug\Ball.a(Clock_Millis_Interrupt.o)
 .debug_aranges
                0x00000f90       0x38 .\CortexM3\ARM_GCC_493\Debug\Ball.a(RC_Ch1.o)
 .debug_aranges
                0x00000fc8       0xa8 .\CortexM3\ARM_GCC_493\Debug\Ball.a(RC_Ch1_Timer.o)
 .debug_aranges
                0x00001070       0x38 .\CortexM3\ARM_GCC_493\Debug\Ball.a(RC_Ch2.o)
 .debug_aranges
                0x000010a8       0x80 .\CortexM3\ARM_GCC_493\Debug\Ball.a(RC_Ch1_Timer_Interrupt.o)
 .debug_aranges
                0x00001128       0xa8 .\CortexM3\ARM_GCC_493\Debug\Ball.a(RC_Ch4_Timer.o)
 .debug_aranges
                0x000011d0       0x38 .\CortexM3\ARM_GCC_493\Debug\Ball.a(RC_Ch4.o)
 .debug_aranges
                0x00001208       0x80 .\CortexM3\ARM_GCC_493\Debug\Ball.a(RC_Ch4_Timer_Interrupt.o)
 .debug_aranges
                0x00001288       0xa8 .\CortexM3\ARM_GCC_493\Debug\Ball.a(RC_Ch3_Timer.o)
 .debug_aranges
                0x00001330       0x38 .\CortexM3\ARM_GCC_493\Debug\Ball.a(RC_Ch3.o)
 .debug_aranges
                0x00001368       0x80 .\CortexM3\ARM_GCC_493\Debug\Ball.a(RC_Ch3_Timer_Interrupt.o)
 .debug_aranges
                0x000013e8       0xa8 .\CortexM3\ARM_GCC_493\Debug\Ball.a(Drive_DC_Motor_PWM.o)
 .debug_aranges
                0x00001490       0xa8 .\CortexM3\ARM_GCC_493\Debug\Ball.a(Pendulum_DC_Motor_PWM.o)
 .debug_aranges
                0x00001538       0xa8 .\CortexM3\ARM_GCC_493\Debug\Ball.a(Flywheel_DC_Motor_PWM.o)
 .debug_aranges
                0x000015e0       0x38 .\CortexM3\ARM_GCC_493\Debug\Ball.a(MPU6050_I2C.o)
 .debug_aranges
                0x00001618       0x20 .\CortexM3\ARM_GCC_493\Debug\Ball.a(MPU6050_I2C_INT.o)
 .debug_aranges
                0x00001638       0x38 .\CortexM3\ARM_GCC_493\Debug\Ball.a(MPU6050_I2C_PM.o)
 .debug_aranges
                0x00001670       0x80 .\CortexM3\ARM_GCC_493\Debug\Ball.a(MPU6050_I2C_MASTER.o)
 .debug_aranges
                0x000016f0       0x60 .\CortexM3\ARM_GCC_493\Debug\Ball.a(Drive_DC_Motor_Quad_Dec.o)
 .debug_aranges
                0x00001750       0x98 .\CortexM3\ARM_GCC_493\Debug\Ball.a(Drive_DC_Motor_Quad_Dec_Cnt16.o)
 .debug_aranges
                0x000017e8       0x60 .\CortexM3\ARM_GCC_493\Debug\Ball.a(Pendulum_DC_Motor_Quad_Dec.o)
 .debug_aranges
                0x00001848       0x98 .\CortexM3\ARM_GCC_493\Debug\Ball.a(Pendulum_DC_Motor_Quad_Dec_Cnt16.o)
 .debug_aranges
                0x000018e0       0x38 .\CortexM3\ARM_GCC_493\Debug\Ball.a(Status_LED.o)
 .debug_aranges
                0x00001918       0x80 .\CortexM3\ARM_GCC_493\Debug\Ball.a(CyFlash.o)
 .debug_aranges
                0x00001998       0x78 .\CortexM3\ARM_GCC_493\Debug\Ball.a(CySpc.o)
 .debug_aranges
                0x00001a10       0x20 .\CortexM3\ARM_GCC_493\Debug\Ball.a(cyutils.o)

.debug_pubnames
 *(.debug_pubnames)

.debug_info     0x00000000     0xded7
 *(.debug_info .gnu.linkonce.wi.*)
 .debug_info    0x00000000      0xa1c .\CortexM3\ARM_GCC_493\Debug\main.o
 .debug_info    0x00000a1c      0x17f .\CortexM3\ARM_GCC_493\Debug\milliseconds.o
 .debug_info    0x00000b9b      0x67c .\CortexM3\ARM_GCC_493\Debug\rc_ch.o
 .debug_info    0x00001217      0x7c6 .\CortexM3\ARM_GCC_493\Debug\dc_motor.o
 .debug_info    0x000019dd     0x4001 .\CortexM3\ARM_GCC_493\Debug\mpu6050.o
 .debug_info    0x000059de      0x5eb .\CortexM3\ARM_GCC_493\Debug\i2cFunctions.o
 .debug_info    0x00005fc9      0x3ba .\CortexM3\ARM_GCC_493\Debug\imu.o
 .debug_info    0x00006383      0x2d7 .\CortexM3\ARM_GCC_493\Debug\pid.o
 .debug_info    0x0000665a      0x13f .\CortexM3\ARM_GCC_493\Debug\cymetadata.o
 .debug_info    0x00006799      0x39f .\CortexM3\ARM_GCC_493\Debug\Cm3Start.o
 .debug_info    0x00006b38      0x5fc .\CortexM3\ARM_GCC_493\Debug\Ball.a(cyfitter_cfg.o)
 .debug_info    0x00007134       0xe3 .\CortexM3\ARM_GCC_493\Debug\Ball.a(CyBootAsmGnu.o)
 .debug_info    0x00007217     0x136f .\CortexM3\ARM_GCC_493\Debug\Ball.a(CyLib.o)
 .debug_info    0x00008586      0xa57 .\CortexM3\ARM_GCC_493\Debug\Ball.a(cyPm.o)
 .debug_info    0x00008fdd      0x3a5 .\CortexM3\ARM_GCC_493\Debug\Ball.a(RC_Ch2_Timer.o)
 .debug_info    0x00009382      0x2cb .\CortexM3\ARM_GCC_493\Debug\Ball.a(RC_Ch2_Timer_Interrupt.o)
 .debug_info    0x0000964d      0x2cb .\CortexM3\ARM_GCC_493\Debug\Ball.a(Clock_Millis_Interrupt.o)
 .debug_info    0x00009918      0x11f .\CortexM3\ARM_GCC_493\Debug\Ball.a(RC_Ch1.o)
 .debug_info    0x00009a37      0x3a5 .\CortexM3\ARM_GCC_493\Debug\Ball.a(RC_Ch1_Timer.o)
 .debug_info    0x00009ddc      0x11f .\CortexM3\ARM_GCC_493\Debug\Ball.a(RC_Ch2.o)
 .debug_info    0x00009efb      0x2cb .\CortexM3\ARM_GCC_493\Debug\Ball.a(RC_Ch1_Timer_Interrupt.o)
 .debug_info    0x0000a1c6      0x3a5 .\CortexM3\ARM_GCC_493\Debug\Ball.a(RC_Ch4_Timer.o)
 .debug_info    0x0000a56b      0x11f .\CortexM3\ARM_GCC_493\Debug\Ball.a(RC_Ch4.o)
 .debug_info    0x0000a68a      0x2cb .\CortexM3\ARM_GCC_493\Debug\Ball.a(RC_Ch4_Timer_Interrupt.o)
 .debug_info    0x0000a955      0x3a5 .\CortexM3\ARM_GCC_493\Debug\Ball.a(RC_Ch3_Timer.o)
 .debug_info    0x0000acfa      0x11f .\CortexM3\ARM_GCC_493\Debug\Ball.a(RC_Ch3.o)
 .debug_info    0x0000ae19      0x2cb .\CortexM3\ARM_GCC_493\Debug\Ball.a(RC_Ch3_Timer_Interrupt.o)
 .debug_info    0x0000b0e4      0x37c .\CortexM3\ARM_GCC_493\Debug\Ball.a(Drive_DC_Motor_PWM.o)
 .debug_info    0x0000b460      0x37c .\CortexM3\ARM_GCC_493\Debug\Ball.a(Pendulum_DC_Motor_PWM.o)
 .debug_info    0x0000b7dc      0x37c .\CortexM3\ARM_GCC_493\Debug\Ball.a(Flywheel_DC_Motor_PWM.o)
 .debug_info    0x0000bb58      0x2db .\CortexM3\ARM_GCC_493\Debug\Ball.a(MPU6050_I2C.o)
 .debug_info    0x0000be33      0x17f .\CortexM3\ARM_GCC_493\Debug\Ball.a(MPU6050_I2C_INT.o)
 .debug_info    0x0000bfb2      0x1fe .\CortexM3\ARM_GCC_493\Debug\Ball.a(MPU6050_I2C_PM.o)
 .debug_info    0x0000c1b0      0x400 .\CortexM3\ARM_GCC_493\Debug\Ball.a(MPU6050_I2C_MASTER.o)
 .debug_info    0x0000c5b0      0x2d1 .\CortexM3\ARM_GCC_493\Debug\Ball.a(Drive_DC_Motor_Quad_Dec.o)
 .debug_info    0x0000c881      0x343 .\CortexM3\ARM_GCC_493\Debug\Ball.a(Drive_DC_Motor_Quad_Dec_Cnt16.o)
 .debug_info    0x0000cbc4      0x2d1 .\CortexM3\ARM_GCC_493\Debug\Ball.a(Pendulum_DC_Motor_Quad_Dec.o)
 .debug_info    0x0000ce95      0x343 .\CortexM3\ARM_GCC_493\Debug\Ball.a(Pendulum_DC_Motor_Quad_Dec_Cnt16.o)
 .debug_info    0x0000d1d8      0x11f .\CortexM3\ARM_GCC_493\Debug\Ball.a(Status_LED.o)
 .debug_info    0x0000d2f7      0x608 .\CortexM3\ARM_GCC_493\Debug\Ball.a(CyFlash.o)
 .debug_info    0x0000d8ff      0x4ea .\CortexM3\ARM_GCC_493\Debug\Ball.a(CySpc.o)
 .debug_info    0x0000dde9       0xee .\CortexM3\ARM_GCC_493\Debug\Ball.a(cyutils.o)

.debug_abbrev   0x00000000     0x37e7
 *(.debug_abbrev)
 .debug_abbrev  0x00000000      0x1cd .\CortexM3\ARM_GCC_493\Debug\main.o
 .debug_abbrev  0x000001cd       0xed .\CortexM3\ARM_GCC_493\Debug\milliseconds.o
 .debug_abbrev  0x000002ba      0x1c0 .\CortexM3\ARM_GCC_493\Debug\rc_ch.o
 .debug_abbrev  0x0000047a      0x216 .\CortexM3\ARM_GCC_493\Debug\dc_motor.o
 .debug_abbrev  0x00000690      0x1e1 .\CortexM3\ARM_GCC_493\Debug\mpu6050.o
 .debug_abbrev  0x00000871      0x155 .\CortexM3\ARM_GCC_493\Debug\i2cFunctions.o
 .debug_abbrev  0x000009c6      0x1f4 .\CortexM3\ARM_GCC_493\Debug\imu.o
 .debug_abbrev  0x00000bba      0x13d .\CortexM3\ARM_GCC_493\Debug\pid.o
 .debug_abbrev  0x00000cf7       0x77 .\CortexM3\ARM_GCC_493\Debug\cymetadata.o
 .debug_abbrev  0x00000d6e      0x200 .\CortexM3\ARM_GCC_493\Debug\Cm3Start.o
 .debug_abbrev  0x00000f6e      0x212 .\CortexM3\ARM_GCC_493\Debug\Ball.a(cyfitter_cfg.o)
 .debug_abbrev  0x00001180       0x14 .\CortexM3\ARM_GCC_493\Debug\Ball.a(CyBootAsmGnu.o)
 .debug_abbrev  0x00001194      0x296 .\CortexM3\ARM_GCC_493\Debug\Ball.a(CyLib.o)
 .debug_abbrev  0x0000142a      0x1ed .\CortexM3\ARM_GCC_493\Debug\Ball.a(cyPm.o)
 .debug_abbrev  0x00001617      0x170 .\CortexM3\ARM_GCC_493\Debug\Ball.a(RC_Ch2_Timer.o)
 .debug_abbrev  0x00001787      0x173 .\CortexM3\ARM_GCC_493\Debug\Ball.a(RC_Ch2_Timer_Interrupt.o)
 .debug_abbrev  0x000018fa      0x173 .\CortexM3\ARM_GCC_493\Debug\Ball.a(Clock_Millis_Interrupt.o)
 .debug_abbrev  0x00001a6d       0x90 .\CortexM3\ARM_GCC_493\Debug\Ball.a(RC_Ch1.o)
 .debug_abbrev  0x00001afd      0x170 .\CortexM3\ARM_GCC_493\Debug\Ball.a(RC_Ch1_Timer.o)
 .debug_abbrev  0x00001c6d       0x90 .\CortexM3\ARM_GCC_493\Debug\Ball.a(RC_Ch2.o)
 .debug_abbrev  0x00001cfd      0x173 .\CortexM3\ARM_GCC_493\Debug\Ball.a(RC_Ch1_Timer_Interrupt.o)
 .debug_abbrev  0x00001e70      0x170 .\CortexM3\ARM_GCC_493\Debug\Ball.a(RC_Ch4_Timer.o)
 .debug_abbrev  0x00001fe0       0x90 .\CortexM3\ARM_GCC_493\Debug\Ball.a(RC_Ch4.o)
 .debug_abbrev  0x00002070      0x173 .\CortexM3\ARM_GCC_493\Debug\Ball.a(RC_Ch4_Timer_Interrupt.o)
 .debug_abbrev  0x000021e3      0x170 .\CortexM3\ARM_GCC_493\Debug\Ball.a(RC_Ch3_Timer.o)
 .debug_abbrev  0x00002353       0x90 .\CortexM3\ARM_GCC_493\Debug\Ball.a(RC_Ch3.o)
 .debug_abbrev  0x000023e3      0x173 .\CortexM3\ARM_GCC_493\Debug\Ball.a(RC_Ch3_Timer_Interrupt.o)
 .debug_abbrev  0x00002556      0x14d .\CortexM3\ARM_GCC_493\Debug\Ball.a(Drive_DC_Motor_PWM.o)
 .debug_abbrev  0x000026a3      0x14d .\CortexM3\ARM_GCC_493\Debug\Ball.a(Pendulum_DC_Motor_PWM.o)
 .debug_abbrev  0x000027f0      0x14d .\CortexM3\ARM_GCC_493\Debug\Ball.a(Flywheel_DC_Motor_PWM.o)
 .debug_abbrev  0x0000293d      0x15c .\CortexM3\ARM_GCC_493\Debug\Ball.a(MPU6050_I2C.o)
 .debug_abbrev  0x00002a99       0xbd .\CortexM3\ARM_GCC_493\Debug\Ball.a(MPU6050_I2C_INT.o)
 .debug_abbrev  0x00002b56      0x12b .\CortexM3\ARM_GCC_493\Debug\Ball.a(MPU6050_I2C_PM.o)
 .debug_abbrev  0x00002c81      0x13c .\CortexM3\ARM_GCC_493\Debug\Ball.a(MPU6050_I2C_MASTER.o)
 .debug_abbrev  0x00002dbd      0x17e .\CortexM3\ARM_GCC_493\Debug\Ball.a(Drive_DC_Motor_Quad_Dec.o)
 .debug_abbrev  0x00002f3b      0x131 .\CortexM3\ARM_GCC_493\Debug\Ball.a(Drive_DC_Motor_Quad_Dec_Cnt16.o)
 .debug_abbrev  0x0000306c      0x17e .\CortexM3\ARM_GCC_493\Debug\Ball.a(Pendulum_DC_Motor_Quad_Dec.o)
 .debug_abbrev  0x000031ea      0x131 .\CortexM3\ARM_GCC_493\Debug\Ball.a(Pendulum_DC_Motor_Quad_Dec_Cnt16.o)
 .debug_abbrev  0x0000331b       0x90 .\CortexM3\ARM_GCC_493\Debug\Ball.a(Status_LED.o)
 .debug_abbrev  0x000033ab      0x1ed .\CortexM3\ARM_GCC_493\Debug\Ball.a(CyFlash.o)
 .debug_abbrev  0x00003598      0x1c1 .\CortexM3\ARM_GCC_493\Debug\Ball.a(CySpc.o)
 .debug_abbrev  0x00003759       0x8e .\CortexM3\ARM_GCC_493\Debug\Ball.a(cyutils.o)

.debug_line     0x00000000     0x5957
 *(.debug_line)
 .debug_line    0x00000000      0x217 .\CortexM3\ARM_GCC_493\Debug\main.o
 .debug_line    0x00000217      0x19f .\CortexM3\ARM_GCC_493\Debug\milliseconds.o
 .debug_line    0x000003b6      0x39a .\CortexM3\ARM_GCC_493\Debug\rc_ch.o
 .debug_line    0x00000750      0x2bc .\CortexM3\ARM_GCC_493\Debug\dc_motor.o
 .debug_line    0x00000a0c     0x1402 .\CortexM3\ARM_GCC_493\Debug\mpu6050.o
 .debug_line    0x00001e0e      0x243 .\CortexM3\ARM_GCC_493\Debug\i2cFunctions.o
 .debug_line    0x00002051      0x210 .\CortexM3\ARM_GCC_493\Debug\imu.o
 .debug_line    0x00002261      0x1a3 .\CortexM3\ARM_GCC_493\Debug\pid.o
 .debug_line    0x00002404       0x53 .\CortexM3\ARM_GCC_493\Debug\cymetadata.o
 .debug_line    0x00002457      0x249 .\CortexM3\ARM_GCC_493\Debug\Cm3Start.o
 .debug_line    0x000026a0      0x204 .\CortexM3\ARM_GCC_493\Debug\Ball.a(cyfitter_cfg.o)
 .debug_line    0x000028a4       0x68 .\CortexM3\ARM_GCC_493\Debug\Ball.a(CyBootAsmGnu.o)
 .debug_line    0x0000290c      0x806 .\CortexM3\ARM_GCC_493\Debug\Ball.a(CyLib.o)
 .debug_line    0x00003112      0x366 .\CortexM3\ARM_GCC_493\Debug\Ball.a(cyPm.o)
 .debug_line    0x00003478      0x1ae .\CortexM3\ARM_GCC_493\Debug\Ball.a(RC_Ch2_Timer.o)
 .debug_line    0x00003626      0x15c .\CortexM3\ARM_GCC_493\Debug\Ball.a(RC_Ch2_Timer_Interrupt.o)
 .debug_line    0x00003782      0x15c .\CortexM3\ARM_GCC_493\Debug\Ball.a(Clock_Millis_Interrupt.o)
 .debug_line    0x000038de       0x95 .\CortexM3\ARM_GCC_493\Debug\Ball.a(RC_Ch1.o)
 .debug_line    0x00003973      0x1ae .\CortexM3\ARM_GCC_493\Debug\Ball.a(RC_Ch1_Timer.o)
 .debug_line    0x00003b21       0x95 .\CortexM3\ARM_GCC_493\Debug\Ball.a(RC_Ch2.o)
 .debug_line    0x00003bb6      0x15c .\CortexM3\ARM_GCC_493\Debug\Ball.a(RC_Ch1_Timer_Interrupt.o)
 .debug_line    0x00003d12      0x1ae .\CortexM3\ARM_GCC_493\Debug\Ball.a(RC_Ch4_Timer.o)
 .debug_line    0x00003ec0       0x95 .\CortexM3\ARM_GCC_493\Debug\Ball.a(RC_Ch4.o)
 .debug_line    0x00003f55      0x15c .\CortexM3\ARM_GCC_493\Debug\Ball.a(RC_Ch4_Timer_Interrupt.o)
 .debug_line    0x000040b1      0x1ae .\CortexM3\ARM_GCC_493\Debug\Ball.a(RC_Ch3_Timer.o)
 .debug_line    0x0000425f       0x95 .\CortexM3\ARM_GCC_493\Debug\Ball.a(RC_Ch3.o)
 .debug_line    0x000042f4      0x15c .\CortexM3\ARM_GCC_493\Debug\Ball.a(RC_Ch3_Timer_Interrupt.o)
 .debug_line    0x00004450      0x1b8 .\CortexM3\ARM_GCC_493\Debug\Ball.a(Drive_DC_Motor_PWM.o)
 .debug_line    0x00004608      0x1bb .\CortexM3\ARM_GCC_493\Debug\Ball.a(Pendulum_DC_Motor_PWM.o)
 .debug_line    0x000047c3      0x1bb .\CortexM3\ARM_GCC_493\Debug\Ball.a(Flywheel_DC_Motor_PWM.o)
 .debug_line    0x0000497e       0xf3 .\CortexM3\ARM_GCC_493\Debug\Ball.a(MPU6050_I2C.o)
 .debug_line    0x00004a71      0x126 .\CortexM3\ARM_GCC_493\Debug\Ball.a(MPU6050_I2C_INT.o)
 .debug_line    0x00004b97       0xcd .\CortexM3\ARM_GCC_493\Debug\Ball.a(MPU6050_I2C_PM.o)
 .debug_line    0x00004c64      0x20f .\CortexM3\ARM_GCC_493\Debug\Ball.a(MPU6050_I2C_MASTER.o)
 .debug_line    0x00004e73      0x13c .\CortexM3\ARM_GCC_493\Debug\Ball.a(Drive_DC_Motor_Quad_Dec.o)
 .debug_line    0x00004faf      0x19f .\CortexM3\ARM_GCC_493\Debug\Ball.a(Drive_DC_Motor_Quad_Dec_Cnt16.o)
 .debug_line    0x0000514e      0x142 .\CortexM3\ARM_GCC_493\Debug\Ball.a(Pendulum_DC_Motor_Quad_Dec.o)
 .debug_line    0x00005290      0x1a2 .\CortexM3\ARM_GCC_493\Debug\Ball.a(Pendulum_DC_Motor_Quad_Dec_Cnt16.o)
 .debug_line    0x00005432       0x99 .\CortexM3\ARM_GCC_493\Debug\Ball.a(Status_LED.o)
 .debug_line    0x000054cb      0x1ec .\CortexM3\ARM_GCC_493\Debug\Ball.a(CyFlash.o)
 .debug_line    0x000056b7      0x23e .\CortexM3\ARM_GCC_493\Debug\Ball.a(CySpc.o)
 .debug_line    0x000058f5       0x62 .\CortexM3\ARM_GCC_493\Debug\Ball.a(cyutils.o)

.debug_frame    0x00000000     0x4780
 *(.debug_frame)
 .debug_frame   0x00000000       0x3c .\CortexM3\ARM_GCC_493\Debug\main.o
 .debug_frame   0x0000003c       0x3c .\CortexM3\ARM_GCC_493\Debug\milliseconds.o
 .debug_frame   0x00000078       0xcc .\CortexM3\ARM_GCC_493\Debug\rc_ch.o
 .debug_frame   0x00000144       0xd0 .\CortexM3\ARM_GCC_493\Debug\dc_motor.o
 .debug_frame   0x00000214     0x1d54 .\CortexM3\ARM_GCC_493\Debug\mpu6050.o
 .debug_frame   0x00001f68      0x140 .\CortexM3\ARM_GCC_493\Debug\i2cFunctions.o
 .debug_frame   0x000020a8       0x70 .\CortexM3\ARM_GCC_493\Debug\imu.o
 .debug_frame   0x00002118       0x68 .\CortexM3\ARM_GCC_493\Debug\pid.o
 .debug_frame   0x00002180       0xac .\CortexM3\ARM_GCC_493\Debug\Cm3Start.o
 .debug_frame   0x0000222c       0xe4 .\CortexM3\ARM_GCC_493\Debug\Ball.a(cyfitter_cfg.o)
 .debug_frame   0x00002310      0x728 .\CortexM3\ARM_GCC_493\Debug\Ball.a(CyLib.o)
 .debug_frame   0x00002a38      0x1f8 .\CortexM3\ARM_GCC_493\Debug\Ball.a(cyPm.o)
 .debug_frame   0x00002c30      0x16c .\CortexM3\ARM_GCC_493\Debug\Ball.a(RC_Ch2_Timer.o)
 .debug_frame   0x00002d9c      0x104 .\CortexM3\ARM_GCC_493\Debug\Ball.a(RC_Ch2_Timer_Interrupt.o)
 .debug_frame   0x00002ea0      0x104 .\CortexM3\ARM_GCC_493\Debug\Ball.a(Clock_Millis_Interrupt.o)
 .debug_frame   0x00002fa4       0x50 .\CortexM3\ARM_GCC_493\Debug\Ball.a(RC_Ch1.o)
 .debug_frame   0x00002ff4      0x16c .\CortexM3\ARM_GCC_493\Debug\Ball.a(RC_Ch1_Timer.o)
 .debug_frame   0x00003160       0x50 .\CortexM3\ARM_GCC_493\Debug\Ball.a(RC_Ch2.o)
 .debug_frame   0x000031b0      0x104 .\CortexM3\ARM_GCC_493\Debug\Ball.a(RC_Ch1_Timer_Interrupt.o)
 .debug_frame   0x000032b4      0x16c .\CortexM3\ARM_GCC_493\Debug\Ball.a(RC_Ch4_Timer.o)
 .debug_frame   0x00003420       0x50 .\CortexM3\ARM_GCC_493\Debug\Ball.a(RC_Ch4.o)
 .debug_frame   0x00003470      0x104 .\CortexM3\ARM_GCC_493\Debug\Ball.a(RC_Ch4_Timer_Interrupt.o)
 .debug_frame   0x00003574      0x16c .\CortexM3\ARM_GCC_493\Debug\Ball.a(RC_Ch3_Timer.o)
 .debug_frame   0x000036e0       0x50 .\CortexM3\ARM_GCC_493\Debug\Ball.a(RC_Ch3.o)
 .debug_frame   0x00003730      0x104 .\CortexM3\ARM_GCC_493\Debug\Ball.a(RC_Ch3_Timer_Interrupt.o)
 .debug_frame   0x00003834      0x154 .\CortexM3\ARM_GCC_493\Debug\Ball.a(Drive_DC_Motor_PWM.o)
 .debug_frame   0x00003988      0x154 .\CortexM3\ARM_GCC_493\Debug\Ball.a(Pendulum_DC_Motor_PWM.o)
 .debug_frame   0x00003adc      0x154 .\CortexM3\ARM_GCC_493\Debug\Ball.a(Flywheel_DC_Motor_PWM.o)
 .debug_frame   0x00003c30       0x94 .\CortexM3\ARM_GCC_493\Debug\Ball.a(MPU6050_I2C.o)
 .debug_frame   0x00003cc4       0x30 .\CortexM3\ARM_GCC_493\Debug\Ball.a(MPU6050_I2C_INT.o)
 .debug_frame   0x00003cf4       0x74 .\CortexM3\ARM_GCC_493\Debug\Ball.a(MPU6050_I2C_PM.o)
 .debug_frame   0x00003d68      0x138 .\CortexM3\ARM_GCC_493\Debug\Ball.a(MPU6050_I2C_MASTER.o)
 .debug_frame   0x00003ea0       0xdc .\CortexM3\ARM_GCC_493\Debug\Ball.a(Drive_DC_Motor_Quad_Dec.o)
 .debug_frame   0x00003f7c      0x134 .\CortexM3\ARM_GCC_493\Debug\Ball.a(Drive_DC_Motor_Quad_Dec_Cnt16.o)
 .debug_frame   0x000040b0       0xdc .\CortexM3\ARM_GCC_493\Debug\Ball.a(Pendulum_DC_Motor_Quad_Dec.o)
 .debug_frame   0x0000418c      0x134 .\CortexM3\ARM_GCC_493\Debug\Ball.a(Pendulum_DC_Motor_Quad_Dec_Cnt16.o)
 .debug_frame   0x000042c0       0x50 .\CortexM3\ARM_GCC_493\Debug\Ball.a(Status_LED.o)
 .debug_frame   0x00004310      0x174 .\CortexM3\ARM_GCC_493\Debug\Ball.a(CyFlash.o)
 .debug_frame   0x00004484      0x160 .\CortexM3\ARM_GCC_493\Debug\Ball.a(CySpc.o)
 .debug_frame   0x000045e4       0x20 .\CortexM3\ARM_GCC_493\Debug\Ball.a(cyutils.o)
 .debug_frame   0x00004604       0x20 c:/program files (x86)/cypress/psoc creator/3.3/psoc creator/import/gnu/arm/4.9.3/bin/../lib/gcc/arm-none-eabi/4.9.3/../../../../arm-none-eabi/lib/armv7-m\libm.a(lib_a-w_atan2.o)
 .debug_frame   0x00004624       0x48 c:/program files (x86)/cypress/psoc creator/3.3/psoc creator/import/gnu/arm/4.9.3/bin/../lib/gcc/arm-none-eabi/4.9.3/../../../../arm-none-eabi/lib/armv7-m\libm.a(lib_a-e_atan2.o)
 .debug_frame   0x0000466c       0x38 c:/program files (x86)/cypress/psoc creator/3.3/psoc creator/import/gnu/arm/4.9.3/bin/../lib/gcc/arm-none-eabi/4.9.3/../../../../arm-none-eabi/lib/armv7-m\libm.a(lib_a-s_atan.o)
 .debug_frame   0x000046a4       0x20 c:/program files (x86)/cypress/psoc creator/3.3/psoc creator/import/gnu/arm/4.9.3/bin/../lib/gcc/arm-none-eabi/4.9.3/../../../../arm-none-eabi/lib/armv7-m\libm.a(lib_a-s_fabs.o)
 .debug_frame   0x000046c4       0x20 c:/program files (x86)/cypress/psoc creator/3.3/psoc creator/import/gnu/arm/4.9.3/bin/../lib/gcc/arm-none-eabi/4.9.3/../../../../arm-none-eabi/lib/armv7-m\libg_nano.a(lib_a-errno.o)
 .debug_frame   0x000046e4       0x28 c:/program files (x86)/cypress/psoc creator/3.3/psoc creator/import/gnu/arm/4.9.3/bin/../lib/gcc/arm-none-eabi/4.9.3/../../../../arm-none-eabi/lib/armv7-m\libg_nano.a(lib_a-exit.o)
 .debug_frame   0x0000470c       0x2c c:/program files (x86)/cypress/psoc creator/3.3/psoc creator/import/gnu/arm/4.9.3/bin/../lib/gcc/arm-none-eabi/4.9.3/../../../../arm-none-eabi/lib/armv7-m\libg_nano.a(lib_a-init.o)
 .debug_frame   0x00004738       0x28 c:/program files (x86)/cypress/psoc creator/3.3/psoc creator/import/gnu/arm/4.9.3/bin/../lib/gcc/arm-none-eabi/4.9.3/../../../../arm-none-eabi/lib/armv7-m\libg_nano.a(lib_a-memcpy.o)
 .debug_frame   0x00004760       0x20 c:/program files (x86)/cypress/psoc creator/3.3/psoc creator/import/gnu/arm/4.9.3/bin/../lib/gcc/arm-none-eabi/4.9.3/../../../../arm-none-eabi/lib/armv7-m\libg_nano.a(lib_a-memset.o)

.debug_str      0x00000000     0x6139
 *(.debug_str)
 .debug_str     0x00000000      0x542 .\CortexM3\ARM_GCC_493\Debug\main.o
                                0x5c6 (size before relaxing)
 .debug_str     0x00000542       0x61 .\CortexM3\ARM_GCC_493\Debug\milliseconds.o
                                0x275 (size before relaxing)
 .debug_str     0x000005a3      0x41d .\CortexM3\ARM_GCC_493\Debug\rc_ch.o
                                0x73f (size before relaxing)
 .debug_str     0x000009c0      0x246 .\CortexM3\ARM_GCC_493\Debug\dc_motor.o
                                0x56c (size before relaxing)
 .debug_str     0x00000c06     0x1d62 .\CortexM3\ARM_GCC_493\Debug\mpu6050.o
                               0x1f4c (size before relaxing)
 .debug_str     0x00002968       0xe2 .\CortexM3\ARM_GCC_493\Debug\i2cFunctions.o
                                0x344 (size before relaxing)
 .debug_str     0x00002a4a       0x35 .\CortexM3\ARM_GCC_493\Debug\imu.o
                                0x2ee (size before relaxing)
 .debug_str     0x00002a7f       0x26 .\CortexM3\ARM_GCC_493\Debug\pid.o
                                0x295 (size before relaxing)
 .debug_str     0x00002aa5       0x77 .\CortexM3\ARM_GCC_493\Debug\cymetadata.o
                                0x23d (size before relaxing)
 .debug_str     0x00002b1c      0x14d .\CortexM3\ARM_GCC_493\Debug\Cm3Start.o
                                0x351 (size before relaxing)
 .debug_str     0x00002c69      0x176 .\CortexM3\ARM_GCC_493\Debug\Ball.a(cyfitter_cfg.o)
                                0x38b (size before relaxing)
 .debug_str     0x00002ddf      0x7f4 .\CortexM3\ARM_GCC_493\Debug\Ball.a(CyLib.o)
                                0xa76 (size before relaxing)
 .debug_str     0x000035d3      0x35b .\CortexM3\ARM_GCC_493\Debug\Ball.a(cyPm.o)
                                0x76e (size before relaxing)
 .debug_str     0x0000392e      0x1f3 .\CortexM3\ARM_GCC_493\Debug\Ball.a(RC_Ch2_Timer.o)
                                0x470 (size before relaxing)
 .debug_str     0x00003b21      0x1b7 .\CortexM3\ARM_GCC_493\Debug\Ball.a(RC_Ch2_Timer_Interrupt.o)
                                0x3db (size before relaxing)
 .debug_str     0x00003cd8      0x1b7 .\CortexM3\ARM_GCC_493\Debug\Ball.a(Clock_Millis_Interrupt.o)
                                0x3db (size before relaxing)
 .debug_str     0x00003e8f       0x61 .\CortexM3\ARM_GCC_493\Debug\Ball.a(RC_Ch1.o)
                                0x23a (size before relaxing)
 .debug_str     0x00003ef0      0x1b4 .\CortexM3\ARM_GCC_493\Debug\Ball.a(RC_Ch1_Timer.o)
                                0x470 (size before relaxing)
 .debug_str     0x000040a4       0x56 .\CortexM3\ARM_GCC_493\Debug\Ball.a(RC_Ch2.o)
                                0x23a (size before relaxing)
 .debug_str     0x000040fa      0x1b7 .\CortexM3\ARM_GCC_493\Debug\Ball.a(RC_Ch1_Timer_Interrupt.o)
                                0x3db (size before relaxing)
 .debug_str     0x000042b1      0x1b4 .\CortexM3\ARM_GCC_493\Debug\Ball.a(RC_Ch4_Timer.o)
                                0x470 (size before relaxing)
 .debug_str     0x00004465       0x56 .\CortexM3\ARM_GCC_493\Debug\Ball.a(RC_Ch4.o)
                                0x23a (size before relaxing)
 .debug_str     0x000044bb      0x1b7 .\CortexM3\ARM_GCC_493\Debug\Ball.a(RC_Ch4_Timer_Interrupt.o)
                                0x3db (size before relaxing)
 .debug_str     0x00004672      0x1b4 .\CortexM3\ARM_GCC_493\Debug\Ball.a(RC_Ch3_Timer.o)
                                0x470 (size before relaxing)
 .debug_str     0x00004826       0x56 .\CortexM3\ARM_GCC_493\Debug\Ball.a(RC_Ch3.o)
                                0x23a (size before relaxing)
 .debug_str     0x0000487c      0x1b7 .\CortexM3\ARM_GCC_493\Debug\Ball.a(RC_Ch3_Timer_Interrupt.o)
                                0x3db (size before relaxing)
 .debug_str     0x00004a33      0x25a .\CortexM3\ARM_GCC_493\Debug\Ball.a(Drive_DC_Motor_PWM.o)
                                0x4d2 (size before relaxing)
 .debug_str     0x00004c8d      0x27c .\CortexM3\ARM_GCC_493\Debug\Ball.a(Pendulum_DC_Motor_PWM.o)
                                0x511 (size before relaxing)
 .debug_str     0x00004f09      0x27c .\CortexM3\ARM_GCC_493\Debug\Ball.a(Flywheel_DC_Motor_PWM.o)
                                0x511 (size before relaxing)
 .debug_str     0x00005185      0x133 .\CortexM3\ARM_GCC_493\Debug\Ball.a(MPU6050_I2C.o)
                                0x395 (size before relaxing)
 .debug_str     0x000052b8       0xc0 .\CortexM3\ARM_GCC_493\Debug\Ball.a(MPU6050_I2C_INT.o)
                                0x2fe (size before relaxing)
 .debug_str     0x00005378       0x80 .\CortexM3\ARM_GCC_493\Debug\Ball.a(MPU6050_I2C_PM.o)
                                0x30c (size before relaxing)
 .debug_str     0x000053f8      0x156 .\CortexM3\ARM_GCC_493\Debug\Ball.a(MPU6050_I2C_MASTER.o)
                                0x4a3 (size before relaxing)
 .debug_str     0x0000554e      0x1d4 .\CortexM3\ARM_GCC_493\Debug\Ball.a(Drive_DC_Motor_Quad_Dec.o)
                                0x454 (size before relaxing)
 .debug_str     0x00005722      0x2a2 .\CortexM3\ARM_GCC_493\Debug\Ball.a(Drive_DC_Motor_Quad_Dec_Cnt16.o)
                                0x567 (size before relaxing)
 .debug_str     0x000059c4      0x1e0 .\CortexM3\ARM_GCC_493\Debug\Ball.a(Pendulum_DC_Motor_Quad_Dec.o)
                                0x481 (size before relaxing)
 .debug_str     0x00005ba4      0x2c0 .\CortexM3\ARM_GCC_493\Debug\Ball.a(Pendulum_DC_Motor_Quad_Dec_Cnt16.o)
                                0x5a0 (size before relaxing)
 .debug_str     0x00005e64       0x65 .\CortexM3\ARM_GCC_493\Debug\Ball.a(Status_LED.o)
                                0x24e (size before relaxing)
 .debug_str     0x00005ec9      0x197 .\CortexM3\ARM_GCC_493\Debug\Ball.a(CyFlash.o)
                                0x3e8 (size before relaxing)
 .debug_str     0x00006060       0xae .\CortexM3\ARM_GCC_493\Debug\Ball.a(CySpc.o)
                                0x371 (size before relaxing)