Archive member included because of file (symbol)

.\CortexM3\ARM_GCC_493\Debug\Ball.a(cyfitter_cfg.o)
                              .\CortexM3\ARM_GCC_493\Debug\Cm3Start.o (cyfitter_cfg)
.\CortexM3\ARM_GCC_493\Debug\Ball.a(CyBootAsmGnu.o)
                              .\CortexM3\ARM_GCC_493\Debug\Ball.a(cyfitter_cfg.o) (CyDelayCycles)
.\CortexM3\ARM_GCC_493\Debug\Ball.a(CyLib.o)
                              .\CortexM3\ARM_GCC_493\Debug\Cm3Start.o (CyHalt)
.\CortexM3\ARM_GCC_493\Debug\Ball.a(cyPm.o)
                              .\CortexM3\ARM_GCC_493\Debug\Ball.a(CyLib.o) (CyPmReadStatus)
.\CortexM3\ARM_GCC_493\Debug\Ball.a(USBUART.o)
                              .\CortexM3\ARM_GCC_493\Debug\main.o (USBUART_Start)
.\CortexM3\ARM_GCC_493\Debug\Ball.a(USBUART_cdc.o)
                              .\CortexM3\ARM_GCC_493\Debug\main.o (USBUART_PutString)
.\CortexM3\ARM_GCC_493\Debug\Ball.a(USBUART_drv.o)
                              .\CortexM3\ARM_GCC_493\Debug\Ball.a(USBUART.o) (USBUART_lastPacketSize)
.\CortexM3\ARM_GCC_493\Debug\Ball.a(USBUART_episr.o)
                              .\CortexM3\ARM_GCC_493\Debug\Ball.a(USBUART.o) (USBUART_EP_1_ISR)
.\CortexM3\ARM_GCC_493\Debug\Ball.a(USBUART_pm.o)
                              .\CortexM3\ARM_GCC_493\Debug\Ball.a(USBUART.o) (USBUART_DP_ISR)
.\CortexM3\ARM_GCC_493\Debug\Ball.a(USBUART_std.o)
                              .\CortexM3\ARM_GCC_493\Debug\Ball.a(USBUART_pm.o) (USBUART_ConfigReg)
.\CortexM3\ARM_GCC_493\Debug\Ball.a(USBUART_vnd.o)
                              .\CortexM3\ARM_GCC_493\Debug\Ball.a(USBUART_drv.o) (USBUART_HandleVendorRqst)
.\CortexM3\ARM_GCC_493\Debug\Ball.a(USBUART_Dp.o)
                              .\CortexM3\ARM_GCC_493\Debug\Ball.a(USBUART_pm.o) (USBUART_Dp_ClearInterrupt)
.\CortexM3\ARM_GCC_493\Debug\Ball.a(RC_Ch2_Timer.o)
                              .\CortexM3\ARM_GCC_493\Debug\rc_ch.o (RC_Ch2_Timer_Stop)
.\CortexM3\ARM_GCC_493\Debug\Ball.a(RC_Ch2_Timer_Interrupt.o)
                              .\CortexM3\ARM_GCC_493\Debug\rc_ch.o (RC_Ch2_Timer_Interrupt_StartEx)
.\CortexM3\ARM_GCC_493\Debug\Ball.a(Clock_Millis_Interrupt.o)
                              .\CortexM3\ARM_GCC_493\Debug\milliseconds.o (Clock_Millis_Interrupt_StartEx)
.\CortexM3\ARM_GCC_493\Debug\Ball.a(RC_Ch1.o)
                              .\CortexM3\ARM_GCC_493\Debug\rc_ch.o (RC_Ch1_Read)
.\CortexM3\ARM_GCC_493\Debug\Ball.a(RC_Ch1_Timer.o)
                              .\CortexM3\ARM_GCC_493\Debug\rc_ch.o (RC_Ch1_Timer_Stop)
.\CortexM3\ARM_GCC_493\Debug\Ball.a(RC_Ch2.o)
                              .\CortexM3\ARM_GCC_493\Debug\rc_ch.o (RC_Ch2_Read)
.\CortexM3\ARM_GCC_493\Debug\Ball.a(RC_Ch1_Timer_Interrupt.o)
                              .\CortexM3\ARM_GCC_493\Debug\rc_ch.o (RC_Ch1_Timer_Interrupt_StartEx)
.\CortexM3\ARM_GCC_493\Debug\Ball.a(RC_Ch4_Timer.o)
                              .\CortexM3\ARM_GCC_493\Debug\rc_ch.o (RC_Ch4_Timer_Stop)
.\CortexM3\ARM_GCC_493\Debug\Ball.a(RC_Ch4.o)
                              .\CortexM3\ARM_GCC_493\Debug\rc_ch.o (RC_Ch4_Read)
.\CortexM3\ARM_GCC_493\Debug\Ball.a(RC_Ch4_Timer_Interrupt.o)
                              .\CortexM3\ARM_GCC_493\Debug\rc_ch.o (RC_Ch4_Timer_Interrupt_StartEx)
.\CortexM3\ARM_GCC_493\Debug\Ball.a(RC_Ch3_Timer.o)
                              .\CortexM3\ARM_GCC_493\Debug\rc_ch.o (RC_Ch3_Timer_Stop)
.\CortexM3\ARM_GCC_493\Debug\Ball.a(RC_Ch3.o)
                              .\CortexM3\ARM_GCC_493\Debug\rc_ch.o (RC_Ch3_Read)
.\CortexM3\ARM_GCC_493\Debug\Ball.a(RC_Ch3_Timer_Interrupt.o)
                              .\CortexM3\ARM_GCC_493\Debug\rc_ch.o (RC_Ch3_Timer_Interrupt_StartEx)
.\CortexM3\ARM_GCC_493\Debug\Ball.a(Drive_DC_Motor_PWM.o)
                              .\CortexM3\ARM_GCC_493\Debug\dc_motor.o (Drive_DC_Motor_PWM_WriteCompare1)
.\CortexM3\ARM_GCC_493\Debug\Ball.a(Pendulum_DC_Motor_PWM.o)
                              .\CortexM3\ARM_GCC_493\Debug\dc_motor.o (Pendulum_DC_Motor_PWM_WriteCompare1)
.\CortexM3\ARM_GCC_493\Debug\Ball.a(Flywheel_DC_Motor_PWM.o)
                              .\CortexM3\ARM_GCC_493\Debug\dc_motor.o (Flywheel_DC_Motor_PWM_WriteCompare1)
.\CortexM3\ARM_GCC_493\Debug\Ball.a(MPU6050_I2C.o)
                              .\CortexM3\ARM_GCC_493\Debug\imu.o (MPU6050_I2C_Start)
.\CortexM3\ARM_GCC_493\Debug\Ball.a(MPU6050_I2C_INT.o)
                              .\CortexM3\ARM_GCC_493\Debug\Ball.a(MPU6050_I2C.o) (MPU6050_I2C_ISR)
.\CortexM3\ARM_GCC_493\Debug\Ball.a(MPU6050_I2C_PM.o)
                              .\CortexM3\ARM_GCC_493\Debug\Ball.a(MPU6050_I2C.o) (MPU6050_I2C_backup)
.\CortexM3\ARM_GCC_493\Debug\Ball.a(MPU6050_I2C_MASTER.o)
                              .\CortexM3\ARM_GCC_493\Debug\Ball.a(MPU6050_I2C.o) (MPU6050_I2C_mstrStatus)
.\CortexM3\ARM_GCC_493\Debug\Ball.a(Drive_DC_Motor_Quad_Dec.o)
                              .\CortexM3\ARM_GCC_493\Debug\dc_motor.o (Drive_DC_Motor_Quad_Dec_GetCounter)
[...]
Memory Configuration

Name             Origin             Length             Attributes
rom              0x00000000         0x00040000         xr
ram              0x1fff8000         0x00010000         xrw
*default*        0x00000000         0xffffffff

Linker script and memory map

LOAD c:/program files (x86)/cypress/psoc creator/3.3/psoc creator/import/gnu/arm/4.9.3/bin/../lib/gcc/arm-none-eabi/4.9.3/armv7-m/crti.o
LOAD c:/program files (x86)/cypress/psoc creator/3.3/psoc creator/import/gnu/arm/4.9.3/bin/../lib/gcc/arm-none-eabi/4.9.3/armv7-m/crtbegin.o
LOAD c:/program files (x86)/cypress/psoc creator/3.3/psoc creator/import/gnu/arm/4.9.3/bin/../lib/gcc/arm-none-eabi/4.9.3/../../../../arm-none-eabi/lib/armv7-m/crt0.o
START GROUP
LOAD .\CortexM3\ARM_GCC_493\Debug\main.o
LOAD .\CortexM3\ARM_GCC_493\Debug\milliseconds.o
LOAD .\CortexM3\ARM_GCC_493\Debug\rc_ch.o
LOAD .\CortexM3\ARM_GCC_493\Debug\dc_motor.o
LOAD .\CortexM3\ARM_GCC_493\Debug\mpu6050.o
LOAD .\CortexM3\ARM_GCC_493\Debug\i2cFunctions.o
LOAD .\CortexM3\ARM_GCC_493\Debug\imu.o
LOAD .\CortexM3\ARM_GCC_493\Debug\pid.o
LOAD .\CortexM3\ARM_GCC_493\Debug\cymetadata.o
LOAD .\CortexM3\ARM_GCC_493\Debug\Cm3Start.o
LOAD .\CortexM3\ARM_GCC_493\Debug\Ball.a
LOAD C:\Program Files (x86)\Cypress\PSoC Creator\3.3\PSoC Creator\psoc\content\cycomponentlibrary\CyComponentLibrary.cylib\CortexM3\ARM_GCC_493\Debug\CyComponentLibrary.a
END GROUP
START GROUP
LOAD c:/program files (x86)/cypress/psoc creator/3.3/psoc creator/import/gnu/arm/4.9.3/bin/../lib/gcc/arm-none-eabi/4.9.3/armv7-m\libgcc.a
LOAD c:/program files (x86)/cypress/psoc creator/3.3/psoc creator/import/gnu/arm/4.9.3/bin/../lib/gcc/arm-none-eabi/4.9.3/../../../../arm-none-eabi/lib/armv7-m\libg_nano.a
LOAD c:/program files (x86)/cypress/psoc creator/3.3/psoc creator/import/gnu/arm/4.9.3/bin/../lib/gcc/arm-none-eabi/4.9.3/../../../../arm-none-eabi/lib/armv7-m\libc_nano.a
END GROUP
START GROUP
LOAD c:/program files (x86)/cypress/psoc creator/3.3/psoc creator/import/gnu/arm/4.9.3/bin/../lib/gcc/arm-none-eabi/4.9.3/armv7-m\libgcc.a
LOAD c:/program files (x86)/cypress/psoc creator/3.3/psoc creator/import/gnu/arm/4.9.3/bin/../lib/gcc/arm-none-eabi/4.9.3/../../../../arm-none-eabi/lib/armv7-m\libc_nano.a
END GROUP
LOAD c:/program files (x86)/cypress/psoc creator/3.3/psoc creator/import/gnu/arm/4.9.3/bin/../lib/gcc/arm-none-eabi/4.9.3/armv7-m/crtend.o
LOAD c:/program files (x86)/cypress/psoc creator/3.3/psoc creator/import/gnu/arm/4.9.3/bin/../lib/gcc/arm-none-eabi/4.9.3/armv7-m/crtn.o
START GROUP
LOAD c:/program files (x86)/cypress/psoc creator/3.3/psoc creator/import/gnu/arm/4.9.3/bin/../lib/gcc/arm-none-eabi/4.9.3/armv7-m\libgcc.a
LOAD c:/program files (x86)/cypress/psoc creator/3.3/psoc creator/import/gnu/arm/4.9.3/bin/../lib/gcc/arm-none-eabi/4.9.3/../../../../arm-none-eabi/lib/armv7-m\libc.a
LOAD c:/program files (x86)/cypress/psoc creator/3.3/psoc creator/import/gnu/arm/4.9.3/bin/../lib/gcc/arm-none-eabi/4.9.3/../../../../arm-none-eabi/lib/armv7-m\libnosys.a
END GROUP
                0x00000000                CY_APPL_ORIGIN = 0x0
                0x00000100                CY_FLASH_ROW_SIZE = 0x100
                0x00000020                CY_ECC_ROW_SIZE = 0x20
                0x00000000                CY_EE_IN_BTLDR = 0x0
                0x00000000                CY_APPL_LOADABLE = 0x0
                0x00000800                CY_EE_SIZE = 0x800
                0x00000001                CY_APPL_NUM = 0x1
                0x00000001                CY_APPL_MAX = 0x1
                0x00000040                CY_METADATA_SIZE = 0x40
                0x00000000                CY_APPL_LOADABLE = 0x0
                0x00000000                CY_CHECKSUM_EXCLUDE_SIZE = ALIGN (0x0, CY_FLASH_ROW_SIZE)
                0x1fff8308                PROVIDE (__cy_heap_start, _end)
                0x00000001                PROVIDE (__cy_region_num, ((__cy_regions_end - __cy_regions) / 0x10))
                0x20008000                PROVIDE (__cy_stack, (ORIGIN (ram) + 0x10000))
                0x20007800                PROVIDE (__cy_heap_end, (__cy_stack - 0x800))

.cybootloader   0x00000000        0x0
 *(.cybootloader)
                0x00000000                appl1_start = CY_APPL_ORIGIN?CY_APPL_ORIGIN:ALIGN (CY_FLASH_ROW_SIZE)
                0x0001ff00                appl2_start = (appl1_start + ALIGN ((((0x40000 - appl1_start) - (0x2 * CY_FLASH_ROW_SIZE)) / 0x2), CY_FLASH_ROW_SIZE))
                0x00000000                appl_start = (CY_APPL_NUM == 0x1)?appl1_start:appl2_start
                0x00000000                ecc_offset = ((appl_start / CY_FLASH_ROW_SIZE) * CY_ECC_ROW_SIZE)
                0x00000000                ee_offset = (CY_APPL_LOADABLE && ! (CY_EE_IN_BTLDR))?((CY_EE_SIZE / CY_APPL_MAX) * (CY_APPL_NUM - 0x1)):0x0
                0x00000800                ee_size = (CY_APPL_LOADABLE && ! (CY_EE_IN_BTLDR))?(CY_EE_SIZE / CY_APPL_MAX):CY_EE_SIZE
                0x00000000                PROVIDE (CY_ECC_OFFSET, ecc_offset)

.text           0x00000000     0x4ac4
 CREATE_OBJECT_SYMBOLS
                0x00000000                PROVIDE (__cy_interrupt_vector, RomVectors)
 *(.romvectors)
 .romvectors    0x00000000       0x10 .\CortexM3\ARM_GCC_493\Debug\Cm3Start.o
                0x00000000                RomVectors
                0x00000001                ASSERT ((. != __cy_interrupt_vector), No interrupt vector)
                0x00000001                ASSERT (CY_APPL_ORIGIN?(SIZEOF (.cybootloader) <= CY_APPL_ORIGIN):0x1, Wrong image location)
                0x00000010                PROVIDE (__cy_reset, Reset)
 *(.text.Reset)
 .text.Reset    0x00000010       0x18 .\CortexM3\ARM_GCC_493\Debug\Cm3Start.o
                0x00000010                Reset
                0x00000001                ASSERT ((. != __cy_reset), No reset code)
 *(.dma_init)
                0x00000001                ASSERT ((((appl_start + .) <= 0x10000) || 0x1), DMA Init must be within the first 64k of flash)
 *(.text .text.* .gnu.linkonce.t.*)
 .text          0x00000028       0x5c c:/program files (x86)/cypress/psoc creator/3.3/psoc creator/import/gnu/arm/4.9.3/bin/../lib/gcc/arm-none-eabi/4.9.3/armv7-m/crtbegin.o
 .text.main     0x00000084      0x224 .\CortexM3\ARM_GCC_493\Debug\main.o
                0x00000084                main
 .text.Millisecond_Interrupt
                0x000002a8       0x70 .\CortexM3\ARM_GCC_493\Debug\milliseconds.o
                0x000002a8                Millisecond_Interrupt
 .text.init_milliseconds
                0x00000318       0x10 .\CortexM3\ARM_GCC_493\Debug\milliseconds.o
                0x00000318                init_milliseconds
 .text.RC_Ch1_Timer_ISR_Handler
                0x00000328       0x44 .\CortexM3\ARM_GCC_493\Debug\rc_ch.o
                0x00000328                RC_Ch1_Timer_ISR_Handler
 .text.RC_Ch2_Timer_ISR_Handler
                0x0000036c       0x44 .\CortexM3\ARM_GCC_493\Debug\rc_ch.o
                0x0000036c                RC_Ch2_Timer_ISR_Handler
 .text.RC_Ch3_Timer_ISR_Handler
                0x000003b0       0x44 .\CortexM3\ARM_GCC_493\Debug\rc_ch.o
                0x000003b0                RC_Ch3_Timer_ISR_Handler
 .text.RC_Ch4_Timer_ISR_Handler
                0x000003f4       0x44 .\CortexM3\ARM_GCC_493\Debug\rc_ch.o
                0x000003f4                RC_Ch4_Timer_ISR_Handler
 .text.init_rc_channels
                0x00000438       0x3c .\CortexM3\ARM_GCC_493\Debug\rc_ch.o
                0x00000438                init_rc_channels
 .text.construct_rc_ch
                0x00000474       0x10 .\CortexM3\ARM_GCC_493\Debug\rc_ch.o
                0x00000474                construct_rc_ch
 .text.get_rc_ch_value
                0x00000484      0x130 .\CortexM3\ARM_GCC_493\Debug\rc_ch.o
                0x00000484                get_rc_ch_value
 .text.init_dc_motors
                0x000005b4       0x24 .\CortexM3\ARM_GCC_493\Debug\dc_motor.o
                0x000005b4                init_dc_motors
 .text.construct_dc_motor
                0x000005d8       0x28 .\CortexM3\ARM_GCC_493\Debug\dc_motor.o
                0x000005d8                construct_dc_motor
 .text.set_dc_motor_pwm
                0x00000600       0xe8 .\CortexM3\ARM_GCC_493\Debug\dc_motor.o
                0x00000600                set_dc_motor_pwm
 .text.get_dc_motor_pos
                0x000006e8       0x68 .\CortexM3\ARM_GCC_493\Debug\dc_motor.o
                0x000006e8                get_dc_motor_pos
 .text.set_dc_motor_pos
                0x00000750       0x5c .\CortexM3\ARM_GCC_493\Debug\dc_motor.o
                0x00000750                set_dc_motor_pos
 .text.MPU6050_init
                0x000007ac        0xc .\CortexM3\ARM_GCC_493\Debug\mpu6050.o
                0x000007ac                MPU6050_init
 .text.MPU6050_setDLPFMode
                0x000007b8       0x20 .\CortexM3\ARM_GCC_493\Debug\mpu6050.o
                0x000007b8                MPU6050_setDLPFMode
 .text.MPU6050_setFullScaleGyroRange
                0x000007d8       0x20 .\CortexM3\ARM_GCC_493\Debug\mpu6050.o
                0x000007d8                MPU6050_setFullScaleGyroRange
 .text.MPU6050_setFullScaleAccelRange
                0x000007f8       0x20 .\CortexM3\ARM_GCC_493\Debug\mpu6050.o
                0x000007f8                MPU6050_setFullScaleAccelRange
 .text.MPU6050_getMotion6
                0x00000818       0x6c .\CortexM3\ARM_GCC_493\Debug\mpu6050.o
                0x00000818                MPU6050_getMotion6
 .text.MPU6050_setSleepEnabled
                0x00000884       0x18 .\CortexM3\ARM_GCC_493\Debug\mpu6050.o
                0x00000884                MPU6050_setSleepEnabled
 .text.MPU6050_setClockSource
                0x0000089c       0x20 .\CortexM3\ARM_GCC_493\Debug\mpu6050.o
                0x0000089c                MPU6050_setClockSource
 .text.MPU6050_initialize
                0x000008bc       0x1c .\CortexM3\ARM_GCC_493\Debug\mpu6050.o
                0x000008bc                MPU6050_initialize
 .text.I2CReadBytes
                0x000008d8       0x44 .\CortexM3\ARM_GCC_493\Debug\i2cFunctions.o
                0x000008d8                I2CReadBytes
 .text.I2CWriteBytes
                0x0000091c       0x30 .\CortexM3\ARM_GCC_493\Debug\i2cFunctions.o
                0x0000091c                I2CWriteBytes
 .text.I2CReadByte
                0x0000094c        0xc .\CortexM3\ARM_GCC_493\Debug\i2cFunctions.o
                0x0000094c                I2CReadByte
 .text.I2CWriteByte
                0x00000958       0x18 .\CortexM3\ARM_GCC_493\Debug\i2cFunctions.o
                0x00000958                I2CWriteByte
 .text.I2CWriteBits
                0x00000970       0x4c .\CortexM3\ARM_GCC_493\Debug\i2cFunctions.o
                0x00000970                I2CWriteBits
 .text.I2CWriteBit
                0x000009bc       0x40 .\CortexM3\ARM_GCC_493\Debug\i2cFunctions.o
                0x000009bc                I2CWriteBit
 .text.init_imu
                0x000009fc       0x18 .\CortexM3\ARM_GCC_493\Debug\imu.o
                0x000009fc                init_imu
 .text.construct_imu
                0x00000a14       0x10 .\CortexM3\ARM_GCC_493\Debug\imu.o
                0x00000a14                construct_imu
 .text.get_imu_values
                0x00000a24       0x88 .\CortexM3\ARM_GCC_493\Debug\imu.o
                0x00000a24                get_imu_values
 .text.init_pid
                0x00000aac        0x4 .\CortexM3\ARM_GCC_493\Debug\pid.o
                0x00000aac                init_pid
 .text.construct_pid
                0x00000ab0       0x1c .\CortexM3\ARM_GCC_493\Debug\pid.o
                0x00000ab0                construct_pid
 .text.IntDefaultHandler
                0x00000acc        0x4 .\CortexM3\ARM_GCC_493\Debug\Cm3Start.o
                0x00000acc                IntDefaultHandler
 .text._sbrk    0x00000ad0       0x30 .\CortexM3\ARM_GCC_493\Debug\Cm3Start.o
                0x00000ad0                _sbrk
 .text.Start_c  0x00000b00       0x4c .\CortexM3\ARM_GCC_493\Debug\Cm3Start.o
                0x00000b00                Start_c
 .text.initialize_psoc
                0x00000b4c       0x74 .\CortexM3\ARM_GCC_493\Debug\Cm3Start.o
                0x00000b4c                initialize_psoc
 .text.CyClockStartupError
                0x00000bc0        0x4 .\CortexM3\ARM_GCC_493\Debug\Ball.a(cyfitter_cfg.o)
 .text.cfg_write_bytes32
                0x00000bc4       0x34 .\CortexM3\ARM_GCC_493\Debug\Ball.a(cyfitter_cfg.o)
 .text.AnalogSetDefault
                0x00000bf8       0x28 .\CortexM3\ARM_GCC_493\Debug\Ball.a(cyfitter_cfg.o)
 .text.CYMEMZERO
                0x00000c20        0xc .\CortexM3\ARM_GCC_493\Debug\Ball.a(cyfitter_cfg.o)
 .text.ClockSetup
                0x00000c2c       0xcc .\CortexM3\ARM_GCC_493\Debug\Ball.a(cyfitter_cfg.o)
 .text.CYCONFIGCPY
                0x00000cf8        0x8 .\CortexM3\ARM_GCC_493\Debug\Ball.a(cyfitter_cfg.o)
 .text.cyfitter_cfg
                0x00000d00      0x144 .\CortexM3\ARM_GCC_493\Debug\Ball.a(cyfitter_cfg.o)
                0x00000d00                cyfitter_cfg
 *fill*         0x00000e44        0x4 
 .text          0x00000e48       0x20 .\CortexM3\ARM_GCC_493\Debug\Ball.a(CyBootAsmGnu.o)
                0x00000e48                CyDelayCycles
                0x00000e58                CyEnterCriticalSection
                0x00000e60                CyExitCriticalSection
 .text.CyHalt   0x00000e68        0x4 .\CortexM3\ARM_GCC_493\Debug\Ball.a(CyLib.o)
                0x00000e68                CyHalt
 .text.CyDelayUs
                0x00000e6c       0x14 .\CortexM3\ARM_GCC_493\Debug\Ball.a(CyLib.o)
                0x00000e6c                CyDelayUs
 .text.CyIntSetVector
                0x00000e80       0x28 .\CortexM3\ARM_GCC_493\Debug\Ball.a(CyLib.o)
                0x00000e80                CyIntSetVector
 .text.CyIntSetPriority
                0x00000ea8       0x30 .\CortexM3\ARM_GCC_493\Debug\Ball.a(CyLib.o)
                0x00000ea8                CyIntSetPriority
 .text.CyGetUniqueId
                0x00000ed8       0x70 .\CortexM3\ARM_GCC_493\Debug\Ball.a(CyLib.o)
                0x00000ed8                CyGetUniqueId
 .text.USBUART_Init
                0x00000f48      0x140 .\CortexM3\ARM_GCC_493\Debug\Ball.a(USBUART.o)
                0x00000f48                USBUART_Init
 .text.USBUART_InitComponent
                0x00001088       0xb8 .\CortexM3\ARM_GCC_493\Debug\Ball.a(USBUART.o)
                0x00001088                USBUART_InitComponent
 .text.USBUART_Start
                0x00001140       0x24 .\CortexM3\ARM_GCC_493\Debug\Ball.a(USBUART.o)
                0x00001140                USBUART_Start
 .text.USBUART_ReInitComponent
                0x00001164       0x4c .\CortexM3\ARM_GCC_493\Debug\Ball.a(USBUART.o)
                0x00001164                USBUART_ReInitComponent
 .text.USBUART_GetConfiguration
                0x000011b0        0xc .\CortexM3\ARM_GCC_493\Debug\Ball.a(USBUART.o)
                0x000011b0                USBUART_GetConfiguration
 .text.USBUART_LoadInEP
                0x000011bc       0x94 .\CortexM3\ARM_GCC_493\Debug\Ball.a(USBUART.o)
                0x000011bc                USBUART_LoadInEP
 .text.USBUART_StrLen
                0x00001250       0x14 .\CortexM3\ARM_GCC_493\Debug\Ball.a(USBUART_cdc.o)
 .text.USBUART_GetInterfaceComPort
                0x00001264       0x3c .\CortexM3\ARM_GCC_493\Debug\Ball.a(USBUART_cdc.o)
                0x00001264                USBUART_GetInterfaceComPort
 .text.USBUART_DispatchCDCClassRqst
                0x000012a0       0x98 .\CortexM3\ARM_GCC_493\Debug\Ball.a(USBUART_cdc.o)
                0x000012a0                USBUART_DispatchCDCClassRqst
 .text.USBUART_PutString
                0x00001338       0x9c .\CortexM3\ARM_GCC_493\Debug\Ball.a(USBUART_cdc.o)
                0x00001338                USBUART_PutString
 .text.USBUART_Cdc_EpInit
                0x000013d4       0x50 .\CortexM3\ARM_GCC_493\Debug\Ball.a(USBUART_cdc.o)
                0x000013d4                USBUART_Cdc_EpInit
 .text.USBUART_LoadEP0
                0x00001424       0x94 .\CortexM3\ARM_GCC_493\Debug\Ball.a(USBUART_drv.o)
                0x00001424                USBUART_LoadEP0
 .text.USBUART_InitZeroLengthControlTransfer
                0x000014b8       0x34 .\CortexM3\ARM_GCC_493\Debug\Ball.a(USBUART_drv.o)
                0x000014b8                USBUART_InitZeroLengthControlTransfer
 .text.USBUART_ControlReadDataStage
                0x000014ec        0x8 .\CortexM3\ARM_GCC_493\Debug\Ball.a(USBUART_drv.o)
                0x000014ec                USBUART_ControlReadDataStage
 .text.USBUART_ControlWriteDataStage
                0x000014f4       0x80 .\CortexM3\ARM_GCC_493\Debug\Ball.a(USBUART_drv.o)
                0x000014f4                USBUART_ControlWriteDataStage
 .text.USBUART_InitNoDataControlTransfer
                0x00001574       0x2c .\CortexM3\ARM_GCC_493\Debug\Ball.a(USBUART_drv.o)
                0x00001574                USBUART_InitNoDataControlTransfer
 .text.USBUART_UpdateStatusBlock
                0x000015a0       0x24 .\CortexM3\ARM_GCC_493\Debug\Ball.a(USBUART_drv.o)
                0x000015a0                USBUART_UpdateStatusBlock
 .text.USBUART_HandleSetup
                0x000015c4       0x5c .\CortexM3\ARM_GCC_493\Debug\Ball.a(USBUART_drv.o)
                0x000015c4                USBUART_HandleSetup
 .text.USBUART_ControlReadStatusStage
                0x00001620       0x34 .\CortexM3\ARM_GCC_493\Debug\Ball.a(USBUART_drv.o)
                0x00001620                USBUART_ControlReadStatusStage
 .text.USBUART_HandleOUT
                0x00001654       0x38 .\CortexM3\ARM_GCC_493\Debug\Ball.a(USBUART_drv.o)
                0x00001654                USBUART_HandleOUT
 .text.USBUART_ControlWriteStatusStage
                0x0000168c       0x20 .\CortexM3\ARM_GCC_493\Debug\Ball.a(USBUART_drv.o)
                0x0000168c                USBUART_ControlWriteStatusStage
 .text.USBUART_NoDataControlStatusStage
                0x000016ac       0x40 .\CortexM3\ARM_GCC_493\Debug\Ball.a(USBUART_drv.o)
                0x000016ac                USBUART_NoDataControlStatusStage
 .text.USBUART_HandleIN
                0x000016ec       0x2c .\CortexM3\ARM_GCC_493\Debug\Ball.a(USBUART_drv.o)
                0x000016ec                USBUART_HandleIN
 .text.USBUART_EP_0_ISR
                0x00001718       0xb8 .\CortexM3\ARM_GCC_493\Debug\Ball.a(USBUART_drv.o)
                0x00001718                USBUART_EP_0_ISR
 .text.USBUART_InitializeStatusBlock
                0x000017d0       0x24 .\CortexM3\ARM_GCC_493\Debug\Ball.a(USBUART_drv.o)
                0x000017d0                USBUART_InitializeStatusBlock
 .text.USBUART_InitControlRead
                0x000017f4       0x50 .\CortexM3\ARM_GCC_493\Debug\Ball.a(USBUART_drv.o)
                0x000017f4                USBUART_InitControlRead
 .text.USBUART_InitControlWrite
                0x00001844       0x48 .\CortexM3\ARM_GCC_493\Debug\Ball.a(USBUART_drv.o)
                0x00001844                USBUART_InitControlWrite
 .text.USBUART_EP_1_ISR
                0x0000188c       0x38 .\CortexM3\ARM_GCC_493\Debug\Ball.a(USBUART_episr.o)
                0x0000188c                USBUART_EP_1_ISR
 .text.USBUART_EP_2_ISR
                0x000018c4       0x3c .\CortexM3\ARM_GCC_493\Debug\Ball.a(USBUART_episr.o)
                0x000018c4                USBUART_EP_2_ISR
 .text.USBUART_EP_3_ISR
                0x00001900       0x44 .\CortexM3\ARM_GCC_493\Debug\Ball.a(USBUART_episr.o)
                0x00001900                USBUART_EP_3_ISR
 .text.USBUART_SOF_ISR
                0x00001944        0x4 .\CortexM3\ARM_GCC_493\Debug\Ball.a(USBUART_episr.o)
                0x00001944                USBUART_SOF_ISR
 .text.USBUART_BUS_RESET_ISR
                0x00001948        0x8 .\CortexM3\ARM_GCC_493\Debug\Ball.a(USBUART_episr.o)
                0x00001948                USBUART_BUS_RESET_ISR
 .text.USBUART_DP_ISR
                0x00001950        0x8 .\CortexM3\ARM_GCC_493\Debug\Ball.a(USBUART_pm.o)
                0x00001950                USBUART_DP_ISR
 .text.USBUART_ReadDieID
                0x00001958       0x6c .\CortexM3\ARM_GCC_493\Debug\Ball.a(USBUART_std.o)
                0x00001958                USBUART_ReadDieID
 .text.USBUART_ConfigReg
                0x000019c4       0xa4 .\CortexM3\ARM_GCC_493\Debug\Ball.a(USBUART_std.o)
                0x000019c4                USBUART_ConfigReg
 .text.USBUART_GetConfigTablePtr
                0x00001a68       0x28 .\CortexM3\ARM_GCC_493\Debug\Ball.a(USBUART_std.o)
                0x00001a68                USBUART_GetConfigTablePtr
 .text.USBUART_ConfigAltChanged
                0x00001a90      0x11c .\CortexM3\ARM_GCC_493\Debug\Ball.a(USBUART_std.o)
                0x00001a90                USBUART_ConfigAltChanged
 .text.USBUART_GetDeviceTablePtr
                0x00001bac       0x18 .\CortexM3\ARM_GCC_493\Debug\Ball.a(USBUART_std.o)
                0x00001bac                USBUART_GetDeviceTablePtr
 .text.USBUART_GetInterfaceClassTablePtr
                0x00001bc4       0x24 .\CortexM3\ARM_GCC_493\Debug\Ball.a(USBUART_std.o)
                0x00001bc4                USBUART_GetInterfaceClassTablePtr
 .text.USBUART_Config
                0x00001be8      0x1e4 .\CortexM3\ARM_GCC_493\Debug\Ball.a(USBUART_std.o)
                0x00001be8                USBUART_Config
 .text.USBUART_SetEndpointHalt
                0x00001dcc       0x64 .\CortexM3\ARM_GCC_493\Debug\Ball.a(USBUART_std.o)
                0x00001dcc                USBUART_SetEndpointHalt
 .text.USBUART_ClearEndpointHalt
                0x00001e30       0xa8 .\CortexM3\ARM_GCC_493\Debug\Ball.a(USBUART_std.o)
                0x00001e30                USBUART_ClearEndpointHalt
 .text.USBUART_ValidateAlternateSetting
                0x00001ed8       0x4c .\CortexM3\ARM_GCC_493\Debug\Ball.a(USBUART_std.o)
                0x00001ed8                USBUART_ValidateAlternateSetting
 .text.USBUART_HandleStandardRqst
                0x00001f24      0x350 .\CortexM3\ARM_GCC_493\Debug\Ball.a(USBUART_std.o)
                0x00001f24                USBUART_HandleStandardRqst
 .text.USBUART_HandleVendorRqst
                0x00002274       0x18 .\CortexM3\ARM_GCC_493\Debug\Ball.a(USBUART_vnd.o)
                0x00002274                USBUART_HandleVendorRqst
 .text.USBUART_Dp_ClearInterrupt
                0x0000228c       0x10 .\CortexM3\ARM_GCC_493\Debug\Ball.a(USBUART_Dp.o)
                0x0000228c                USBUART_Dp_ClearInterrupt
 .text.RC_Ch2_Timer_Enable
                0x0000229c       0x10 .\CortexM3\ARM_GCC_493\Debug\Ball.a(RC_Ch2_Timer.o)
                0x0000229c                RC_Ch2_Timer_Enable
 .text.RC_Ch2_Timer_Stop
                0x000022ac       0x10 .\CortexM3\ARM_GCC_493\Debug\Ball.a(RC_Ch2_Timer.o)
                0x000022ac                RC_Ch2_Timer_Stop
 .text.RC_Ch2_Timer_SetInterruptMode
                0x000022bc        0xc .\CortexM3\ARM_GCC_493\Debug\Ball.a(RC_Ch2_Timer.o)
                0x000022bc                RC_Ch2_Timer_SetInterruptMode
 .text.RC_Ch2_Timer_ReadStatusRegister
                0x000022c8        0xc .\CortexM3\ARM_GCC_493\Debug\Ball.a(RC_Ch2_Timer.o)
                0x000022c8                RC_Ch2_Timer_ReadStatusRegister
 .text.RC_Ch2_Timer_WritePeriod
                0x000022d4       0x10 .\CortexM3\ARM_GCC_493\Debug\Ball.a(RC_Ch2_Timer.o)
                0x000022d4                RC_Ch2_Timer_WritePeriod
 .text.RC_Ch2_Timer_ReadCapture
                0x000022e4       0x10 .\CortexM3\ARM_GCC_493\Debug\Ball.a(RC_Ch2_Timer.o)
                0x000022e4                RC_Ch2_Timer_ReadCapture
 .text.RC_Ch2_Timer_WriteCounter
                0x000022f4       0x10 .\CortexM3\ARM_GCC_493\Debug\Ball.a(RC_Ch2_Timer.o)
                0x000022f4                RC_Ch2_Timer_WriteCounter
 .text.RC_Ch2_Timer_EnableTrigger
                0x00002304       0x10 .\CortexM3\ARM_GCC_493\Debug\Ball.a(RC_Ch2_Timer.o)
                0x00002304                RC_Ch2_Timer_EnableTrigger
 .text.RC_Ch2_Timer_SetInterruptCount
                0x00002314       0x1c .\CortexM3\ARM_GCC_493\Debug\Ball.a(RC_Ch2_Timer.o)
                0x00002314                RC_Ch2_Timer_SetInterruptCount
 .text.RC_Ch2_Timer_ClearFIFO
                0x00002330       0x14 .\CortexM3\ARM_GCC_493\Debug\Ball.a(RC_Ch2_Timer.o)
                0x00002330                RC_Ch2_Timer_ClearFIFO
 .text.RC_Ch2_Timer_Init
                0x00002344       0x40 .\CortexM3\ARM_GCC_493\Debug\Ball.a(RC_Ch2_Timer.o)
                0x00002344                RC_Ch2_Timer_Init
 .text.RC_Ch2_Timer_Start
                0x00002384       0x1c .\CortexM3\ARM_GCC_493\Debug\Ball.a(RC_Ch2_Timer.o)
                0x00002384                RC_Ch2_Timer_Start
 .text.RC_Ch2_Timer_Interrupt_SetVector
                0x000023a0        0xc .\CortexM3\ARM_GCC_493\Debug\Ball.a(RC_Ch2_Timer_Interrupt.o)
                0x000023a0                RC_Ch2_Timer_Interrupt_SetVector
 .text.RC_Ch2_Timer_Interrupt_SetPriority
                0x000023ac       0x10 .\CortexM3\ARM_GCC_493\Debug\Ball.a(RC_Ch2_Timer_Interrupt.o)
                0x000023ac                RC_Ch2_Timer_Interrupt_SetPriority
 .text.RC_Ch2_Timer_Interrupt_Enable
                0x000023bc        0xc .\CortexM3\ARM_GCC_493\Debug\Ball.a(RC_Ch2_Timer_Interrupt.o)
                0x000023bc                RC_Ch2_Timer_Interrupt_Enable
 .text.RC_Ch2_Timer_Interrupt_Disable
                0x000023c8        0xc .\CortexM3\ARM_GCC_493\Debug\Ball.a(RC_Ch2_Timer_Interrupt.o)
                0x000023c8                RC_Ch2_Timer_Interrupt_Disable
 .text.RC_Ch2_Timer_Interrupt_StartEx
                0x000023d4       0x1c .\CortexM3\ARM_GCC_493\Debug\Ball.a(RC_Ch2_Timer_Interrupt.o)
                0x000023d4                RC_Ch2_Timer_Interrupt_StartEx
 .text.Clock_Millis_Interrupt_SetVector
                0x000023f0        0xc .\CortexM3\ARM_GCC_493\Debug\Ball.a(Clock_Millis_Interrupt.o)
                0x000023f0                Clock_Millis_Interrupt_SetVector
 .text.Clock_Millis_Interrupt_SetPriority
                0x000023fc       0x10 .\CortexM3\ARM_GCC_493\Debug\Ball.a(Clock_Millis_Interrupt.o)
                0x000023fc                Clock_Millis_Interrupt_SetPriority
 .text.Clock_Millis_Interrupt_Enable
                0x0000240c        0xc .\CortexM3\ARM_GCC_493\Debug\Ball.a(Clock_Millis_Interrupt.o)
                0x0000240c                Clock_Millis_Interrupt_Enable
 .text.Clock_Millis_Interrupt_Disable
                0x00002418        0xc .\CortexM3\ARM_GCC_493\Debug\Ball.a(Clock_Millis_Interrupt.o)
                0x00002418                Clock_Millis_Interrupt_Disable
 .text.Clock_Millis_Interrupt_StartEx
                0x00002424       0x1c .\CortexM3\ARM_GCC_493\Debug\Ball.a(Clock_Millis_Interrupt.o)
                0x00002424                Clock_Millis_Interrupt_StartEx
 .text.RC_Ch1_Read
                0x00002440       0x10 .\CortexM3\ARM_GCC_493\Debug\Ball.a(RC_Ch1.o)
                0x00002440                RC_Ch1_Read
 .text.RC_Ch1_Timer_Enable
                0x00002450       0x10 .\CortexM3\ARM_GCC_493\Debug\Ball.a(RC_Ch1_Timer.o)
                0x00002450                RC_Ch1_Timer_Enable
 .text.RC_Ch1_Timer_Stop
                0x00002460       0x10 .\CortexM3\ARM_GCC_493\Debug\Ball.a(RC_Ch1_Timer.o)
                0x00002460                RC_Ch1_Timer_Stop
 .text.RC_Ch1_Timer_SetInterruptMode
                0x00002470        0xc .\CortexM3\ARM_GCC_493\Debug\Ball.a(RC_Ch1_Timer.o)
                0x00002470                RC_Ch1_Timer_SetInterruptMode
 .text.RC_Ch1_Timer_ReadStatusRegister
                0x0000247c        0xc .\CortexM3\ARM_GCC_493\Debug\Ball.a(RC_Ch1_Timer.o)
                0x0000247c                RC_Ch1_Timer_ReadStatusRegister
 .text.RC_Ch1_Timer_WritePeriod
                0x00002488       0x10 .\CortexM3\ARM_GCC_493\Debug\Ball.a(RC_Ch1_Timer.o)
                0x00002488                RC_Ch1_Timer_WritePeriod
 .text.RC_Ch1_Timer_ReadCapture
                0x00002498       0x10 .\CortexM3\ARM_GCC_493\Debug\Ball.a(RC_Ch1_Timer.o)
                0x00002498                RC_Ch1_Timer_ReadCapture
 .text.RC_Ch1_Timer_WriteCounter
                0x000024a8       0x10 .\CortexM3\ARM_GCC_493\Debug\Ball.a(RC_Ch1_Timer.o)
                0x000024a8                RC_Ch1_Timer_WriteCounter
 .text.RC_Ch1_Timer_EnableTrigger
                0x000024b8       0x10 .\CortexM3\ARM_GCC_493\Debug\Ball.a(RC_Ch1_Timer.o)
                0x000024b8                RC_Ch1_Timer_EnableTrigger
 .text.RC_Ch1_Timer_SetInterruptCount
                0x000024c8       0x1c .\CortexM3\ARM_GCC_493\Debug\Ball.a(RC_Ch1_Timer.o)
                0x000024c8                RC_Ch1_Timer_SetInterruptCount
 .text.RC_Ch1_Timer_ClearFIFO
                0x000024e4       0x14 .\CortexM3\ARM_GCC_493\Debug\Ball.a(RC_Ch1_Timer.o)
                0x000024e4                RC_Ch1_Timer_ClearFIFO
 .text.RC_Ch1_Timer_Init
                0x000024f8       0x40 .\CortexM3\ARM_GCC_493\Debug\Ball.a(RC_Ch1_Timer.o)
                0x000024f8                RC_Ch1_Timer_Init
 .text.RC_Ch1_Timer_Start
                0x00002538       0x1c .\CortexM3\ARM_GCC_493\Debug\Ball.a(RC_Ch1_Timer.o)
                0x00002538                RC_Ch1_Timer_Start
 .text.RC_Ch2_Read
                0x00002554       0x10 .\CortexM3\ARM_GCC_493\Debug\Ball.a(RC_Ch2.o)
                0x00002554                RC_Ch2_Read
 .text.RC_Ch1_Timer_Interrupt_SetVector
                0x00002564        0xc .\CortexM3\ARM_GCC_493\Debug\Ball.a(RC_Ch1_Timer_Interrupt.o)
                0x00002564                RC_Ch1_Timer_Interrupt_SetVector
 .text.RC_Ch1_Timer_Interrupt_SetPriority
                0x00002570       0x10 .\CortexM3\ARM_GCC_493\Debug\Ball.a(RC_Ch1_Timer_Interrupt.o)
                0x00002570                RC_Ch1_Timer_Interrupt_SetPriority
 .text.RC_Ch1_Timer_Interrupt_Enable
                0x00002580        0xc .\CortexM3\ARM_GCC_493\Debug\Ball.a(RC_Ch1_Timer_Interrupt.o)
                0x00002580                RC_Ch1_Timer_Interrupt_Enable
 .text.RC_Ch1_Timer_Interrupt_Disable
                0x0000258c        0xc .\CortexM3\ARM_GCC_493\Debug\Ball.a(RC_Ch1_Timer_Interrupt.o)
                0x0000258c                RC_Ch1_Timer_Interrupt_Disable
 .text.RC_Ch1_Timer_Interrupt_StartEx
                0x00002598       0x1c .\CortexM3\ARM_GCC_493\Debug\Ball.a(RC_Ch1_Timer_Interrupt.o)
                0x00002598                RC_Ch1_Timer_Interrupt_StartEx
 .text.RC_Ch4_Timer_Enable
                0x000025b4       0x10 .\CortexM3\ARM_GCC_493\Debug\Ball.a(RC_Ch4_Timer.o)
                0x000025b4                RC_Ch4_Timer_Enable
 .text.RC_Ch4_Timer_Stop
                0x000025c4       0x10 .\CortexM3\ARM_GCC_493\Debug\Ball.a(RC_Ch4_Timer.o)
                0x000025c4                RC_Ch4_Timer_Stop
 .text.RC_Ch4_Timer_SetInterruptMode
                0x000025d4        0xc .\CortexM3\ARM_GCC_493\Debug\Ball.a(RC_Ch4_Timer.o)
                0x000025d4                RC_Ch4_Timer_SetInterruptMode
 .text.RC_Ch4_Timer_ReadStatusRegister
                0x000025e0        0xc .\CortexM3\ARM_GCC_493\Debug\Ball.a(RC_Ch4_Timer.o)
                0x000025e0                RC_Ch4_Timer_ReadStatusRegister
 .text.RC_Ch4_Timer_WritePeriod
                0x000025ec       0x10 .\CortexM3\ARM_GCC_493\Debug\Ball.a(RC_Ch4_Timer.o)
                0x000025ec                RC_Ch4_Timer_WritePeriod
 .text.RC_Ch4_Timer_ReadCapture
                0x000025fc       0x10 .\CortexM3\ARM_GCC_493\Debug\Ball.a(RC_Ch4_Timer.o)
                0x000025fc                RC_Ch4_Timer_ReadCapture
 .text.RC_Ch4_Timer_WriteCounter
                0x0000260c       0x10 .\CortexM3\ARM_GCC_493\Debug\Ball.a(RC_Ch4_Timer.o)
                0x0000260c                RC_Ch4_Timer_WriteCounter
 .text.RC_Ch4_Timer_EnableTrigger
                0x0000261c       0x10 .\CortexM3\ARM_GCC_493\Debug\Ball.a(RC_Ch4_Timer.o)
                0x0000261c                RC_Ch4_Timer_EnableTrigger
 .text.RC_Ch4_Timer_SetInterruptCount
                0x0000262c       0x1c .\CortexM3\ARM_GCC_493\Debug\Ball.a(RC_Ch4_Timer.o)
                0x0000262c                RC_Ch4_Timer_SetInterruptCount
 .text.RC_Ch4_Timer_ClearFIFO
                0x00002648       0x14 .\CortexM3\ARM_GCC_493\Debug\Ball.a(RC_Ch4_Timer.o)
                0x00002648                RC_Ch4_Timer_ClearFIFO
 .text.RC_Ch4_Timer_Init
                0x0000265c       0x40 .\CortexM3\ARM_GCC_493\Debug\Ball.a(RC_Ch4_Timer.o)
                0x0000265c                RC_Ch4_Timer_Init
 .text.RC_Ch4_Timer_Start
                0x0000269c       0x1c .\CortexM3\ARM_GCC_493\Debug\Ball.a(RC_Ch4_Timer.o)
                0x0000269c                RC_Ch4_Timer_Start
 .text.RC_Ch4_Read
                0x000026b8       0x10 .\CortexM3\ARM_GCC_493\Debug\Ball.a(RC_Ch4.o)
                0x000026b8                RC_Ch4_Read
 .text.RC_Ch4_Timer_Interrupt_SetVector
                0x000026c8        0xc .\CortexM3\ARM_GCC_493\Debug\Ball.a(RC_Ch4_Timer_Interrupt.o)
                0x000026c8                RC_Ch4_Timer_Interrupt_SetVector
 .text.RC_Ch4_Timer_Interrupt_SetPriority
                0x000026d4       0x10 .\CortexM3\ARM_GCC_493\Debug\Ball.a(RC_Ch4_Timer_Interrupt.o)
                0x000026d4                RC_Ch4_Timer_Interrupt_SetPriority
 .text.RC_Ch4_Timer_Interrupt_Enable
                0x000026e4        0xc .\CortexM3\ARM_GCC_493\Debug\Ball.a(RC_Ch4_Timer_Interrupt.o)
                0x000026e4                RC_Ch4_Timer_Interrupt_Enable
 .text.RC_Ch4_Timer_Interrupt_Disable
                0x000026f0        0xc .\CortexM3\ARM_GCC_493\Debug\Ball.a(RC_Ch4_Timer_Interrupt.o)
                0x000026f0                RC_Ch4_Timer_Interrupt_Disable
 .text.RC_Ch4_Timer_Interrupt_StartEx
                0x000026fc       0x1c .\CortexM3\ARM_GCC_493\Debug\Ball.a(RC_Ch4_Timer_Interrupt.o)
                0x000026fc                RC_Ch4_Timer_Interrupt_StartEx
 .text.RC_Ch3_Timer_Enable
                0x00002718       0x10 .\CortexM3\ARM_GCC_493\Debug\Ball.a(RC_Ch3_Timer.o)
                0x00002718                RC_Ch3_Timer_Enable
 .text.RC_Ch3_Timer_Stop
                0x00002728       0x10 .\CortexM3\ARM_GCC_493\Debug\Ball.a(RC_Ch3_Timer.o)
                0x00002728                RC_Ch3_Timer_Stop
 .text.RC_Ch3_Timer_SetInterruptMode
                0x00002738        0xc .\CortexM3\ARM_GCC_493\Debug\Ball.a(RC_Ch3_Timer.o)
                0x00002738                RC_Ch3_Timer_SetInterruptMode
 .text.RC_Ch3_Timer_ReadStatusRegister
                0x00002744        0xc .\CortexM3\ARM_GCC_493\Debug\Ball.a(RC_Ch3_Timer.o)
                0x00002744                RC_Ch3_Timer_ReadStatusRegister
 .text.RC_Ch3_Timer_WritePeriod
                0x00002750       0x10 .\CortexM3\ARM_GCC_493\Debug\Ball.a(RC_Ch3_Timer.o)
                0x00002750                RC_Ch3_Timer_WritePeriod
 .text.RC_Ch3_Timer_ReadCapture
                0x00002760       0x10 .\CortexM3\ARM_GCC_493\Debug\Ball.a(RC_Ch3_Timer.o)
                0x00002760                RC_Ch3_Timer_ReadCapture
 .text.RC_Ch3_Timer_WriteCounter
                0x00002770       0x10 .\CortexM3\ARM_GCC_493\Debug\Ball.a(RC_Ch3_Timer.o)
                0x00002770                RC_Ch3_Timer_WriteCounter
 .text.RC_Ch3_Timer_EnableTrigger
                0x00002780       0x10 .\CortexM3\ARM_GCC_493\Debug\Ball.a(RC_Ch3_Timer.o)
                0x00002780                RC_Ch3_Timer_EnableTrigger
 .text.RC_Ch3_Timer_SetInterruptCount
                0x00002790       0x1c .\CortexM3\ARM_GCC_493\Debug\Ball.a(RC_Ch3_Timer.o)
                0x00002790                RC_Ch3_Timer_SetInterruptCount
 .text.RC_Ch3_Timer_ClearFIFO
                0x000027ac       0x14 .\CortexM3\ARM_GCC_493\Debug\Ball.a(RC_Ch3_Timer.o)
                0x000027ac                RC_Ch3_Timer_ClearFIFO
 .text.RC_Ch3_Timer_Init
                0x000027c0       0x40 .\CortexM3\ARM_GCC_493\Debug\Ball.a(RC_Ch3_Timer.o)
                0x000027c0                RC_Ch3_Timer_Init
 .text.RC_Ch3_Timer_Start
                0x00002800       0x1c .\CortexM3\ARM_GCC_493\Debug\Ball.a(RC_Ch3_Timer.o)
                0x00002800                RC_Ch3_Timer_Start
 .text.RC_Ch3_Read
                0x0000281c       0x10 .\CortexM3\ARM_GCC_493\Debug\Ball.a(RC_Ch3.o)
                0x0000281c                RC_Ch3_Read
 .text.RC_Ch3_Timer_Interrupt_SetVector
                0x0000282c        0xc .\CortexM3\ARM_GCC_493\Debug\Ball.a(RC_Ch3_Timer_Interrupt.o)
                0x0000282c                RC_Ch3_Timer_Interrupt_SetVector
 .text.RC_Ch3_Timer_Interrupt_SetPriority
                0x00002838       0x10 .\CortexM3\ARM_GCC_493\Debug\Ball.a(RC_Ch3_Timer_Interrupt.o)
                0x00002838                RC_Ch3_Timer_Interrupt_SetPriority
 .text.RC_Ch3_Timer_Interrupt_Enable
                0x00002848        0xc .\CortexM3\ARM_GCC_493\Debug\Ball.a(RC_Ch3_Timer_Interrupt.o)
                0x00002848                RC_Ch3_Timer_Interrupt_Enable
 .text.RC_Ch3_Timer_Interrupt_Disable
                0x00002854        0xc .\CortexM3\ARM_GCC_493\Debug\Ball.a(RC_Ch3_Timer_Interrupt.o)
                0x00002854                RC_Ch3_Timer_Interrupt_Disable
 .text.RC_Ch3_Timer_Interrupt_StartEx
                0x00002860       0x1c .\CortexM3\ARM_GCC_493\Debug\Ball.a(RC_Ch3_Timer_Interrupt.o)
                0x00002860                RC_Ch3_Timer_Interrupt_StartEx
 .text.Drive_DC_Motor_PWM_Enable
                0x0000287c       0x10 .\CortexM3\ARM_GCC_493\Debug\Ball.a(Drive_DC_Motor_PWM.o)
                0x0000287c                Drive_DC_Motor_PWM_Enable
 .text.Drive_DC_Motor_PWM_WriteCounter
                0x0000288c        0xc .\CortexM3\ARM_GCC_493\Debug\Ball.a(Drive_DC_Motor_PWM.o)
                0x0000288c                Drive_DC_Motor_PWM_WriteCounter
 .text.Drive_DC_Motor_PWM_WritePeriod
                0x00002898        0xc .\CortexM3\ARM_GCC_493\Debug\Ball.a(Drive_DC_Motor_PWM.o)
                0x00002898                Drive_DC_Motor_PWM_WritePeriod
 .text.Drive_DC_Motor_PWM_WriteCompare1
                0x000028a4        0xc .\CortexM3\ARM_GCC_493\Debug\Ball.a(Drive_DC_Motor_PWM.o)
                0x000028a4                Drive_DC_Motor_PWM_WriteCompare1
 .text.Drive_DC_Motor_PWM_WriteCompare2
                0x000028b0        0xc .\CortexM3\ARM_GCC_493\Debug\Ball.a(Drive_DC_Motor_PWM.o)
                0x000028b0                Drive_DC_Motor_PWM_WriteCompare2
 .text.Drive_DC_Motor_PWM_SetInterruptMode
                0x000028bc        0xc .\CortexM3\ARM_GCC_493\Debug\Ball.a(Drive_DC_Motor_PWM.o)
                0x000028bc                Drive_DC_Motor_PWM_SetInterruptMode
 .text.Drive_DC_Motor_PWM_ReadStatusRegister
                0x000028c8        0xc .\CortexM3\ARM_GCC_493\Debug\Ball.a(Drive_DC_Motor_PWM.o)
                0x000028c8                Drive_DC_Motor_PWM_ReadStatusRegister
 .text.Drive_DC_Motor_PWM_ReadCapture
                0x000028d4        0xc .\CortexM3\ARM_GCC_493\Debug\Ball.a(Drive_DC_Motor_PWM.o)
                0x000028d4                Drive_DC_Motor_PWM_ReadCapture
 .text.Drive_DC_Motor_PWM_ClearFIFO
                0x000028e0       0x14 .\CortexM3\ARM_GCC_493\Debug\Ball.a(Drive_DC_Motor_PWM.o)
                0x000028e0                Drive_DC_Motor_PWM_ClearFIFO
 .text.Drive_DC_Motor_PWM_Init
                0x000028f4       0x58 .\CortexM3\ARM_GCC_493\Debug\Ball.a(Drive_DC_Motor_PWM.o)
                0x000028f4                Drive_DC_Motor_PWM_Init
 .text.Drive_DC_Motor_PWM_Start
                0x0000294c       0x1c .\CortexM3\ARM_GCC_493\Debug\Ball.a(Drive_DC_Motor_PWM.o)
                0x0000294c                Drive_DC_Motor_PWM_Start
 .text.Pendulum_DC_Motor_PWM_Enable
                0x00002968       0x10 .\CortexM3\ARM_GCC_493\Debug\Ball.a(Pendulum_DC_Motor_PWM.o)
                0x00002968                Pendulum_DC_Motor_PWM_Enable
 .text.Pendulum_DC_Motor_PWM_WriteCounter
                0x00002978        0xc .\CortexM3\ARM_GCC_493\Debug\Ball.a(Pendulum_DC_Motor_PWM.o)
                0x00002978                Pendulum_DC_Motor_PWM_WriteCounter
 .text.Pendulum_DC_Motor_PWM_WritePeriod
                0x00002984        0xc .\CortexM3\ARM_GCC_493\Debug\Ball.a(Pendulum_DC_Motor_PWM.o)
                0x00002984                Pendulum_DC_Motor_PWM_WritePeriod
 .text.Pendulum_DC_Motor_PWM_WriteCompare1
                0x00002990        0xc .\CortexM3\ARM_GCC_493\Debug\Ball.a(Pendulum_DC_Motor_PWM.o)
                0x00002990                Pendulum_DC_Motor_PWM_WriteCompare1
 .text.Pendulum_DC_Motor_PWM_WriteCompare2
                0x0000299c        0xc .\CortexM3\ARM_GCC_493\Debug\Ball.a(Pendulum_DC_Motor_PWM.o)
                0x0000299c                Pendulum_DC_Motor_PWM_WriteCompare2
 .text.Pendulum_DC_Motor_PWM_SetInterruptMode
                0x000029a8        0xc .\CortexM3\ARM_GCC_493\Debug\Ball.a(Pendulum_DC_Motor_PWM.o)
                0x000029a8                Pendulum_DC_Motor_PWM_SetInterruptMode
 .text.Pendulum_DC_Motor_PWM_ReadStatusRegister
                0x000029b4        0xc .\CortexM3\ARM_GCC_493\Debug\Ball.a(Pendulum_DC_Motor_PWM.o)
                0x000029b4                Pendulum_DC_Motor_PWM_ReadStatusRegister
 .text.Pendulum_DC_Motor_PWM_ReadCapture
                0x000029c0        0xc .\CortexM3\ARM_GCC_493\Debug\Ball.a(Pendulum_DC_Motor_PWM.o)
                0x000029c0                Pendulum_DC_Motor_PWM_ReadCapture
 .text.Pendulum_DC_Motor_PWM_ClearFIFO
                0x000029cc       0x14 .\CortexM3\ARM_GCC_493\Debug\Ball.a(Pendulum_DC_Motor_PWM.o)
                0x000029cc                Pendulum_DC_Motor_PWM_ClearFIFO
 .text.Pendulum_DC_Motor_PWM_Init
                0x000029e0       0x58 .\CortexM3\ARM_GCC_493\Debug\Ball.a(Pendulum_DC_Motor_PWM.o)
                0x000029e0                Pendulum_DC_Motor_PWM_Init
 .text.Pendulum_DC_Motor_PWM_Start
                0x00002a38       0x1c .\CortexM3\ARM_GCC_493\Debug\Ball.a(Pendulum_DC_Motor_PWM.o)
                0x00002a38                Pendulum_DC_Motor_PWM_Start
 .text.Flywheel_DC_Motor_PWM_Enable
                0x00002a54       0x10 .\CortexM3\ARM_GCC_493\Debug\Ball.a(Flywheel_DC_Motor_PWM.o)
                0x00002a54                Flywheel_DC_Motor_PWM_Enable
 .text.Flywheel_DC_Motor_PWM_WriteCounter
                0x00002a64        0xc .\CortexM3\ARM_GCC_493\Debug\Ball.a(Flywheel_DC_Motor_PWM.o)
                0x00002a64                Flywheel_DC_Motor_PWM_WriteCounter
 .text.Flywheel_DC_Motor_PWM_WritePeriod
                0x00002a70        0xc .\CortexM3\ARM_GCC_493\Debug\Ball.a(Flywheel_DC_Motor_PWM.o)
                0x00002a70                Flywheel_DC_Motor_PWM_WritePeriod
 .text.Flywheel_DC_Motor_PWM_WriteCompare1
                0x00002a7c        0xc .\CortexM3\ARM_GCC_493\Debug\Ball.a(Flywheel_DC_Motor_PWM.o)
                0x00002a7c                Flywheel_DC_Motor_PWM_WriteCompare1
 .text.Flywheel_DC_Motor_PWM_WriteCompare2
                0x00002a88        0xc .\CortexM3\ARM_GCC_493\Debug\Ball.a(Flywheel_DC_Motor_PWM.o)
                0x00002a88                Flywheel_DC_Motor_PWM_WriteCompare2
 .text.Flywheel_DC_Motor_PWM_SetInterruptMode
                0x00002a94        0xc .\CortexM3\ARM_GCC_493\Debug\Ball.a(Flywheel_DC_Motor_PWM.o)
                0x00002a94                Flywheel_DC_Motor_PWM_SetInterruptMode
 .text.Flywheel_DC_Motor_PWM_ReadStatusRegister
                0x00002aa0        0xc .\CortexM3\ARM_GCC_493\Debug\Ball.a(Flywheel_DC_Motor_PWM.o)
                0x00002aa0                Flywheel_DC_Motor_PWM_ReadStatusRegister
 .text.Flywheel_DC_Motor_PWM_ReadCapture
                0x00002aac        0xc .\CortexM3\ARM_GCC_493\Debug\Ball.a(Flywheel_DC_Motor_PWM.o)
                0x00002aac                Flywheel_DC_Motor_PWM_ReadCapture
 .text.Flywheel_DC_Motor_PWM_ClearFIFO
                0x00002ab8       0x14 .\CortexM3\ARM_GCC_493\Debug\Ball.a(Flywheel_DC_Motor_PWM.o)
                0x00002ab8                Flywheel_DC_Motor_PWM_ClearFIFO
 .text.Flywheel_DC_Motor_PWM_Init
                0x00002acc       0x58 .\CortexM3\ARM_GCC_493\Debug\Ball.a(Flywheel_DC_Motor_PWM.o)
                0x00002acc                Flywheel_DC_Motor_PWM_Init
 .text.Flywheel_DC_Motor_PWM_Start
                0x00002b24       0x1c .\CortexM3\ARM_GCC_493\Debug\Ball.a(Flywheel_DC_Motor_PWM.o)
                0x00002b24                Flywheel_DC_Motor_PWM_Start
 .text.MPU6050_I2C_Init
                0x00002b40       0x68 .\CortexM3\ARM_GCC_493\Debug\Ball.a(MPU6050_I2C.o)
                0x00002b40                MPU6050_I2C_Init
 .text.MPU6050_I2C_Enable
                0x00002ba8       0x24 .\CortexM3\ARM_GCC_493\Debug\Ball.a(MPU6050_I2C.o)
                0x00002ba8                MPU6050_I2C_Enable
 .text.MPU6050_I2C_Start
                0x00002bcc       0x28 .\CortexM3\ARM_GCC_493\Debug\Ball.a(MPU6050_I2C.o)
                0x00002bcc                MPU6050_I2C_Start
 .text.MPU6050_I2C_ISR
                0x00002bf4      0x2cc .\CortexM3\ARM_GCC_493\Debug\Ball.a(MPU6050_I2C_INT.o)
                0x00002bf4                MPU6050_I2C_ISR
 .text.MPU6050_I2C_MasterSendStart
                0x00002ec0       0x80 .\CortexM3\ARM_GCC_493\Debug\Ball.a(MPU6050_I2C_MASTER.o)
                0x00002ec0                MPU6050_I2C_MasterSendStart
 .text.MPU6050_I2C_MasterSendRestart
                0x00002f40       0x6c .\CortexM3\ARM_GCC_493\Debug\Ball.a(MPU6050_I2C_MASTER.o)
                0x00002f40                MPU6050_I2C_MasterSendRestart
 .text.MPU6050_I2C_MasterSendStop
                0x00002fac       0x38 .\CortexM3\ARM_GCC_493\Debug\Ball.a(MPU6050_I2C_MASTER.o)
                0x00002fac                MPU6050_I2C_MasterSendStop
 .text.MPU6050_I2C_MasterWriteByte
                0x00002fe4       0x58 .\CortexM3\ARM_GCC_493\Debug\Ball.a(MPU6050_I2C_MASTER.o)
                0x00002fe4                MPU6050_I2C_MasterWriteByte
 .text.MPU6050_I2C_MasterReadByte
                0x0000303c       0x58 .\CortexM3\ARM_GCC_493\Debug\Ball.a(MPU6050_I2C_MASTER.o)
                0x0000303c                MPU6050_I2C_MasterReadByte
 .text.Drive_DC_Motor_Quad_Dec_GetCounter
                0x00003094       0x10 .\CortexM3\ARM_GCC_493\Debug\Ball.a(Drive_DC_Motor_Quad_Dec.o)
                0x00003094                Drive_DC_Motor_Quad_Dec_GetCounter
 .text.Drive_DC_Motor_Quad_Dec_SetCounter
                0x000030a4       0x1c .\CortexM3\ARM_GCC_493\Debug\Ball.a(Drive_DC_Motor_Quad_Dec.o)
                0x000030a4                Drive_DC_Motor_Quad_Dec_SetCounter
 .text.Drive_DC_Motor_Quad_Dec_GetEvents
                0x000030c0       0x10 .\CortexM3\ARM_GCC_493\Debug\Ball.a(Drive_DC_Motor_Quad_Dec.o)
                0x000030c0                Drive_DC_Motor_Quad_Dec_GetEvents
 .text.Drive_DC_Motor_Quad_Dec_SetInterruptMask
                0x000030d0        0xc .\CortexM3\ARM_GCC_493\Debug\Ball.a(Drive_DC_Motor_Quad_Dec.o)
                0x000030d0                Drive_DC_Motor_Quad_Dec_SetInterruptMask
 .text.Drive_DC_Motor_Quad_Dec_Enable
                0x000030dc       0x24 .\CortexM3\ARM_GCC_493\Debug\Ball.a(Drive_DC_Motor_Quad_Dec.o)
                0x000030dc                Drive_DC_Motor_Quad_Dec_Enable
 .text.Drive_DC_Motor_Quad_Dec_Start
                0x00003100       0x24 .\CortexM3\ARM_GCC_493\Debug\Ball.a(Drive_DC_Motor_Quad_Dec.o)
                0x00003100                Drive_DC_Motor_Quad_Dec_Start
 .text.Drive_DC_Motor_Quad_Dec_Cnt16_Enable
                0x00003124       0x10 .\CortexM3\ARM_GCC_493\Debug\Ball.a(Drive_DC_Motor_Quad_Dec_Cnt16.o)
                0x00003124                Drive_DC_Motor_Quad_Dec_Cnt16_Enable
 .text.Drive_DC_Motor_Quad_Dec_Cnt16_SetInterruptMode
                0x00003134        0xc .\CortexM3\ARM_GCC_493\Debug\Ball.a(Drive_DC_Motor_Quad_Dec_Cnt16.o)
                0x00003134                Drive_DC_Motor_Quad_Dec_Cnt16_SetInterruptMode
 .text.Drive_DC_Motor_Quad_Dec_Cnt16_ReadStatusRegister
                0x00003140        0xc .\CortexM3\ARM_GCC_493\Debug\Ball.a(Drive_DC_Motor_Quad_Dec_Cnt16.o)
                0x00003140                Drive_DC_Motor_Quad_Dec_Cnt16_ReadStatusRegister
 .text.Drive_DC_Motor_Quad_Dec_Cnt16_WriteCounter
                0x0000314c        0xc .\CortexM3\ARM_GCC_493\Debug\Ball.a(Drive_DC_Motor_Quad_Dec_Cnt16.o)
                0x0000314c                Drive_DC_Motor_Quad_Dec_Cnt16_WriteCounter
 .text.Drive_DC_Motor_Quad_Dec_Cnt16_ReadCounter
                0x00003158       0x14 .\CortexM3\ARM_GCC_493\Debug\Ball.a(Drive_DC_Motor_Quad_Dec_Cnt16.o)
                0x00003158                Drive_DC_Motor_Quad_Dec_Cnt16_ReadCounter
 .text.Drive_DC_Motor_Quad_Dec_Cnt16_ReadCapture
                0x0000316c        0xc .\CortexM3\ARM_GCC_493\Debug\Ball.a(Drive_DC_Motor_Quad_Dec_Cnt16.o)
                0x0000316c                Drive_DC_Motor_Quad_Dec_Cnt16_ReadCapture
 .text.Drive_DC_Motor_Quad_Dec_Cnt16_WritePeriod
                0x00003178        0xc .\CortexM3\ARM_GCC_493\Debug\Ball.a(Drive_DC_Motor_Quad_Dec_Cnt16.o)
                0x00003178                Drive_DC_Motor_Quad_Dec_Cnt16_WritePeriod
 .text.Drive_DC_Motor_Quad_Dec_Cnt16_WriteCompare
                0x00003184        0xc .\CortexM3\ARM_GCC_493\Debug\Ball.a(Drive_DC_Motor_Quad_Dec_Cnt16.o)
                0x00003184                Drive_DC_Motor_Quad_Dec_Cnt16_WriteCompare
 .text.Drive_DC_Motor_Quad_Dec_Cnt16_ClearFIFO
                0x00003190       0x14 .\CortexM3\ARM_GCC_493\Debug\Ball.a(Drive_DC_Motor_Quad_Dec_Cnt16.o)
                0x00003190                Drive_DC_Motor_Quad_Dec_Cnt16_ClearFIFO
 .text.Drive_DC_Motor_Quad_Dec_Cnt16_Init
                0x000031a4       0x58 .\CortexM3\ARM_GCC_493\Debug\Ball.a(Drive_DC_Motor_Quad_Dec_Cnt16.o)
                0x000031a4                Drive_DC_Motor_Quad_Dec_Cnt16_Init
 .text.Drive_DC_Motor_Quad_Dec_Cnt16_Start
                0x000031fc       0x1c .\CortexM3\ARM_GCC_493\Debug\Ball.a(Drive_DC_Motor_Quad_Dec_Cnt16.o)
                0x000031fc                Drive_DC_Motor_Quad_Dec_Cnt16_Start
 .text.Pendulum_DC_Motor_Quad_Dec_GetCounter
                0x00003218       0x10 .\CortexM3\ARM_GCC_493\Debug\Ball.a(Pendulum_DC_Motor_Quad_Dec.o)
                0x00003218                Pendulum_DC_Motor_Quad_Dec_GetCounter
 .text.Pendulum_DC_Motor_Quad_Dec_SetCounter
                0x00003228       0x1c .\CortexM3\ARM_GCC_493\Debug\Ball.a(Pendulum_DC_Motor_Quad_Dec.o)
                0x00003228                Pendulum_DC_Motor_Quad_Dec_SetCounter
 .text.Pendulum_DC_Motor_Quad_Dec_GetEvents
                0x00003244       0x10 .\CortexM3\ARM_GCC_493\Debug\Ball.a(Pendulum_DC_Motor_Quad_Dec.o)
                0x00003244                Pendulum_DC_Motor_Quad_Dec_GetEvents
 .text.Pendulum_DC_Motor_Quad_Dec_SetInterruptMask
                0x00003254        0xc .\CortexM3\ARM_GCC_493\Debug\Ball.a(Pendulum_DC_Motor_Quad_Dec.o)
                0x00003254                Pendulum_DC_Motor_Quad_Dec_SetInterruptMask
 .text.Pendulum_DC_Motor_Quad_Dec_Enable
                0x00003260       0x24 .\CortexM3\ARM_GCC_493\Debug\Ball.a(Pendulum_DC_Motor_Quad_Dec.o)
                0x00003260                Pendulum_DC_Motor_Quad_Dec_Enable
 .text.Pendulum_DC_Motor_Quad_Dec_Start
                0x00003284       0x24 .\CortexM3\ARM_GCC_493\Debug\Ball.a(Pendulum_DC_Motor_Quad_Dec.o)
                0x00003284                Pendulum_DC_Motor_Quad_Dec_Start
 .text.Pendulum_DC_Motor_Quad_Dec_Cnt16_Enable
                0x000032a8       0x10 .\CortexM3\ARM_GCC_493\Debug\Ball.a(Pendulum_DC_Motor_Quad_Dec_Cnt16.o)
                0x000032a8                Pendulum_DC_Motor_Quad_Dec_Cnt16_Enable
 .text.Pendulum_DC_Motor_Quad_Dec_Cnt16_SetInterruptMode
                0x000032b8        0xc .\CortexM3\ARM_GCC_493\Debug\Ball.a(Pendulum_DC_Motor_Quad_Dec_Cnt16.o)
                0x000032b8                Pendulum_DC_Motor_Quad_Dec_Cnt16_SetInterruptMode
 .text.Pendulum_DC_Motor_Quad_Dec_Cnt16_ReadStatusRegister
                0x000032c4        0xc .\CortexM3\ARM_GCC_493\Debug\Ball.a(Pendulum_DC_Motor_Quad_Dec_Cnt16.o)
                0x000032c4                Pendulum_DC_Motor_Quad_Dec_Cnt16_ReadStatusRegister
 .text.Pendulum_DC_Motor_Quad_Dec_Cnt16_WriteCounter
                0x000032d0        0xc .\CortexM3\ARM_GCC_493\Debug\Ball.a(Pendulum_DC_Motor_Quad_Dec_Cnt16.o)
                0x000032d0                Pendulum_DC_Motor_Quad_Dec_Cnt16_WriteCounter
 .text.Pendulum_DC_Motor_Quad_Dec_Cnt16_ReadCounter
                0x000032dc       0x14 .\CortexM3\ARM_GCC_493\Debug\Ball.a(Pendulum_DC_Motor_Quad_Dec_Cnt16.o)
                0x000032dc                Pendulum_DC_Motor_Quad_Dec_Cnt16_ReadCounter
 .text.Pendulum_DC_Motor_Quad_Dec_Cnt16_ReadCapture
                0x000032f0        0xc .\CortexM3\ARM_GCC_493\Debug\Ball.a(Pendulum_DC_Motor_Quad_Dec_Cnt16.o)
                0x000032f0                Pendulum_DC_Motor_Quad_Dec_Cnt16_ReadCapture
 .text.Pendulum_DC_Motor_Quad_Dec_Cnt16_WritePeriod
                0x000032fc        0xc .\CortexM3\ARM_GCC_493\Debug\Ball.a(Pendulum_DC_Motor_Quad_Dec_Cnt16.o)
                0x000032fc                Pendulum_DC_Motor_Quad_Dec_Cnt16_WritePeriod
 .text.Pendulum_DC_Motor_Quad_Dec_Cnt16_WriteCompare
                0x00003308        0xc .\CortexM3\ARM_GCC_493\Debug\Ball.a(Pendulum_DC_Motor_Quad_Dec_Cnt16.o)
                0x00003308                Pendulum_DC_Motor_Quad_Dec_Cnt16_WriteCompare
 .text.Pendulum_DC_Motor_Quad_Dec_Cnt16_ClearFIFO
                0x00003314       0x14 .\CortexM3\ARM_GCC_493\Debug\Ball.a(Pendulum_DC_Motor_Quad_Dec_Cnt16.o)
                0x00003314                Pendulum_DC_Motor_Quad_Dec_Cnt16_ClearFIFO
 .text.Pendulum_DC_Motor_Quad_Dec_Cnt16_Init
                0x00003328       0x58 .\CortexM3\ARM_GCC_493\Debug\Ball.a(Pendulum_DC_Motor_Quad_Dec_Cnt16.o)
                0x00003328                Pendulum_DC_Motor_Quad_Dec_Cnt16_Init
 .text.Pendulum_DC_Motor_Quad_Dec_Cnt16_Start
                0x00003380       0x1c .\CortexM3\ARM_GCC_493\Debug\Ball.a(Pendulum_DC_Motor_Quad_Dec_Cnt16.o)
                0x00003380                Pendulum_DC_Motor_Quad_Dec_Cnt16_Start
 .text.CySetReg24
                0x0000339c       0x14 .\CortexM3\ARM_GCC_493\Debug\Ball.a(cyutils.o)
                0x0000339c                CySetReg24
 .text.USBUART_DispatchClassRqst
                0x000033b0       0x58 .\CortexM3\ARM_GCC_493\Debug\Ball.a(USBUART_cls.o)
                0x000033b0                USBUART_DispatchClassRqst
 .text          0x00003408      0x370 c:/program files (x86)/cypress/psoc creator/3.3/psoc creator/import/gnu/arm/4.9.3/bin/../lib/gcc/arm-none-eabi/4.9.3/armv7-m\libgcc.a(_arm_addsubdf3.o)
                0x00003408                __aeabi_drsub
                0x00003410                __aeabi_dsub
                0x00003410                __subdf3
                0x00003414                __aeabi_dadd
                0x00003414                __adddf3
                0x0000368c                __floatunsidf
                0x0000368c                __aeabi_ui2d
                0x000036ac                __floatsidf
                0x000036ac                __aeabi_i2d
                0x000036d0                __aeabi_f2d
                0x000036d0                __extendsfdf2
                0x0000370c                __floatundidf
                0x0000370c                __aeabi_ul2d
                0x0000371c                __floatdidf
                0x0000371c                __aeabi_l2d
 .text          0x00003778      0x424 c:/program files (x86)/cypress/psoc creator/3.3/psoc creator/import/gnu/arm/4.9.3/bin/../lib/gcc/arm-none-eabi/4.9.3/armv7-m\libgcc.a(_arm_muldivdf3.o)
                0x00003778                __aeabi_dmul
                0x00003778                __muldf3
                0x000039cc                __divdf3
                0x000039cc                __aeabi_ddiv
 .text          0x00003b9c       0xa0 c:/program files (x86)/cypress/psoc creator/3.3/psoc creator/import/gnu/arm/4.9.3/bin/../lib/gcc/arm-none-eabi/4.9.3/armv7-m\libgcc.a(_arm_truncdfsf2.o)
                0x00003b9c                __truncdfsf2
                0x00003b9c                __aeabi_d2f
 .text          0x00003c3c      0x21c c:/program files (x86)/cypress/psoc creator/3.3/psoc creator/import/gnu/arm/4.9.3/bin/../lib/gcc/arm-none-eabi/4.9.3/armv7-m\libgcc.a(_arm_addsubsf3.o)
                0x00003c3c                __aeabi_frsub
                0x00003c44                __subsf3
                0x00003c44                __aeabi_fsub
                0x00003c48                __aeabi_fadd
                0x00003c48                __addsf3
                0x00003da8                __aeabi_ui2f
                0x00003da8                __floatunsisf
                0x00003db0                __aeabi_i2f
                0x00003db0                __floatsisf
                0x00003dcc                __aeabi_ul2f
                0x00003dcc                __floatundisf
                0x00003ddc                __aeabi_l2f
                0x00003ddc                __floatdisf
 .text          0x00003e58      0x2a0 c:/program files (x86)/cypress/psoc creator/3.3/psoc creator/import/gnu/arm/4.9.3/bin/../lib/gcc/arm-none-eabi/4.9.3/armv7-m\libgcc.a(_arm_muldivsf3.o)
                0x00003e58                __mulsf3
                0x00003e58                __aeabi_fmul
                0x00003fc0                __aeabi_fdiv
                0x00003fc0                __divsf3
 .text          0x000040f8       0xec c:/program files (x86)/cypress/psoc creator/3.3/psoc creator/import/gnu/arm/4.9.3/bin/../lib/gcc/arm-none-eabi/4.9.3/armv7-m\libgcc.a(_arm_cmpsf2.o)
                0x000040f8                __gesf2
                0x000040f8                __gtsf2
                0x00004100                __lesf2
                0x00004100                __ltsf2
                0x00004108                __nesf2
                0x00004108                __eqsf2
                0x00004108                __cmpsf2
                0x00004168                __aeabi_cfrcmple
                0x00004170                __aeabi_cfcmpeq
                0x00004170                __aeabi_cfcmple
                0x00004180                __aeabi_fcmpeq
                0x00004194                __aeabi_fcmplt
                0x000041a8                __aeabi_fcmple
                0x000041bc                __aeabi_fcmpge
                0x000041d0                __aeabi_fcmpgt
 .text          0x000041e4       0x4c c:/program files (x86)/cypress/psoc creator/3.3/psoc creator/import/gnu/arm/4.9.3/bin/../lib/gcc/arm-none-eabi/4.9.3/armv7-m\libgcc.a(_arm_fixsfsi.o)
                0x000041e4                __aeabi_f2iz
                0x000041e4                __fixsfsi
 .text.__errno  0x00004230        0xc c:/program files (x86)/cypress/psoc creator/3.3/psoc creator/import/gnu/arm/4.9.3/bin/../lib/gcc/arm-none-eabi/4.9.3/../../../../arm-none-eabi/lib/armv7-m\libg_nano.a(lib_a-errno.o)
                0x00004230                __errno
 .text.__libc_init_array
                0x0000423c       0x4c c:/program files (x86)/cypress/psoc creator/3.3/psoc creator/import/gnu/arm/4.9.3/bin/../lib/gcc/arm-none-eabi/4.9.3/../../../../arm-none-eabi/lib/armv7-m\libg_nano.a(lib_a-init.o)
                0x0000423c                __libc_init_array
 .text.memcpy   0x00004288       0x16 c:/program files (x86)/cypress/psoc creator/3.3/psoc creator/import/gnu/arm/4.9.3/bin/../lib/gcc/arm-none-eabi/4.9.3/../../../../arm-none-eabi/lib/armv7-m\libg_nano.a(lib_a-memcpy.o)
                0x00004288                memcpy
 .text.memset   0x0000429e       0x10 c:/program files (x86)/cypress/psoc creator/3.3/psoc creator/import/gnu/arm/4.9.3/bin/../lib/gcc/arm-none-eabi/4.9.3/../../../../arm-none-eabi/lib/armv7-m\libg_nano.a(lib_a-memset.o)
                0x0000429e                memset
 *fill*         0x000042ae        0x2 
 .text.sprintf  0x000042b0       0x48 c:/program files (x86)/cypress/psoc creator/3.3/psoc creator/import/gnu/arm/4.9.3/bin/../lib/gcc/arm-none-eabi/4.9.3/../../../../arm-none-eabi/lib/armv7-m\libg_nano.a(lib_a-sprintf.o)
                0x000042b0                siprintf
                0x000042b0                sprintf
 .text.__ssputs_r
                0x000042f8       0xb2 c:/program files (x86)/cypress/psoc creator/3.3/psoc creator/import/gnu/arm/4.9.3/bin/../lib/gcc/arm-none-eabi/4.9.3/../../../../arm-none-eabi/lib/armv7-m\libg_nano.a(lib_a-nano-svfprintf.o)
                0x000042f8                __ssputs_r
 *fill*         0x000043aa        0x2 
 .text._svfprintf_r
                0x000043ac      0x1e4 c:/program files (x86)/cypress/psoc creator/3.3/psoc creator/import/gnu/arm/4.9.3/bin/../lib/gcc/arm-none-eabi/4.9.3/../../../../arm-none-eabi/lib/armv7-m\libg_nano.a(lib_a-nano-svfprintf.o)
                0x000043ac                _svfiprintf_r
                0x000043ac                _svfprintf_r
 .text._printf_common
                0x00004590       0xea c:/program files (x86)/cypress/psoc creator/3.3/psoc creator/import/gnu/arm/4.9.3/bin/../lib/gcc/arm-none-eabi/4.9.3/../../../../arm-none-eabi/lib/armv7-m\libg_nano.a(lib_a-nano-vfprintf_i.o)
                0x00004590                _printf_common
 *fill*         0x0000467a        0x2 
 .text._printf_i
                0x0000467c      0x240 c:/program files (x86)/cypress/psoc creator/3.3/psoc creator/import/gnu/arm/4.9.3/bin/../lib/gcc/arm-none-eabi/4.9.3/../../../../arm-none-eabi/lib/armv7-m\libg_nano.a(lib_a-nano-vfprintf_i.o)
                0x0000467c                _printf_i
 .text.memchr   0x000048bc       0x1c c:/program files (x86)/cypress/psoc creator/3.3/psoc creator/import/gnu/arm/4.9.3/bin/../lib/gcc/arm-none-eabi/4.9.3/../../../../arm-none-eabi/lib/armv7-m\libg_nano.a(lib_a-memchr.o)
                0x000048bc                memchr
 .text.memmove  0x000048d8       0x36 c:/program files (x86)/cypress/psoc creator/3.3/psoc creator/import/gnu/arm/4.9.3/bin/../lib/gcc/arm-none-eabi/4.9.3/../../../../arm-none-eabi/lib/armv7-m\libg_nano.a(lib_a-memmove.o)
                0x000048d8                memmove
 *fill*         0x0000490e        0x2 
 .text._free_r  0x00004910       0x88 c:/program files (x86)/cypress/psoc creator/3.3/psoc creator/import/gnu/arm/4.9.3/bin/../lib/gcc/arm-none-eabi/4.9.3/../../../../arm-none-eabi/lib/armv7-m\libg_nano.a(lib_a-nano-freer.o)
                0x00004910                _free_r
 .text._malloc_r
                0x00004998       0xac c:/program files (x86)/cypress/psoc creator/3.3/psoc creator/import/gnu/arm/4.9.3/bin/../lib/gcc/arm-none-eabi/4.9.3/../../../../arm-none-eabi/lib/armv7-m\libg_nano.a(lib_a-nano-mallocr.o)
                0x00004998                _malloc_r
 .text._realloc_r
                0x00004a44       0x4c c:/program files (x86)/cypress/psoc creator/3.3/psoc creator/import/gnu/arm/4.9.3/bin/../lib/gcc/arm-none-eabi/4.9.3/../../../../arm-none-eabi/lib/armv7-m\libg_nano.a(lib_a-nano-reallocr.o)
                0x00004a44                _realloc_r
 .text._sbrk_r  0x00004a90       0x20 c:/program files (x86)/cypress/psoc creator/3.3/psoc creator/import/gnu/arm/4.9.3/bin/../lib/gcc/arm-none-eabi/4.9.3/../../../../arm-none-eabi/lib/armv7-m\libg_nano.a(lib_a-sbrkr.o)
                0x00004a90                _sbrk_r
 .text._malloc_usable_size_r
                0x00004ab0       0x14 c:/program files (x86)/cypress/psoc creator/3.3/psoc creator/import/gnu/arm/4.9.3/bin/../lib/gcc/arm-none-eabi/4.9.3/../../../../arm-none-eabi/lib/armv7-m\libg_nano.a(lib_a-nano-msizer.o)
                0x00004ab0                _malloc_usable_size_r
 *(.plt)
 *(.gnu.warning)
 *(.glue_7t)
 .glue_7t       0x00000000        0x0 linker stubs
 *(.glue_7)
 .glue_7        0x00000000        0x0 linker stubs
 *(.vfp11_veneer)
 .vfp11_veneer  0x00000000        0x0 linker stubs
 *(.bootloader)
 *(.ARM.extab* .gnu.linkonce.armextab.*)
 *(.gcc_except_table)

.v4_bx          0x00004ac4        0x0
 .v4_bx         0x00000000        0x0 linker stubs

.iplt           0x00004ac4        0x0
 .iplt          0x00000000        0x0 c:/program files (x86)/cypress/psoc creator/3.3/psoc creator/import/gnu/arm/4.9.3/bin/../lib/gcc/arm-none-eabi/4.9.3/armv7-m/crtbegin.o

.eh_frame_hdr
 *(.eh_frame_hdr)

.eh_frame       0x00004ac4        0x4
 *(.eh_frame)
 .eh_frame      0x00004ac4        0x0 c:/program files (x86)/cypress/psoc creator/3.3/psoc creator/import/gnu/arm/4.9.3/bin/../lib/gcc/arm-none-eabi/4.9.3/armv7-m/crtbegin.o
 .eh_frame      0x00004ac4        0x4 c:/program files (x86)/cypress/psoc creator/3.3/psoc creator/import/gnu/arm/4.9.3/bin/../lib/gcc/arm-none-eabi/4.9.3/armv7-m/crtend.o
                0x00004ac8                PROVIDE (__exidx_start, .)

.ARM.exidx
 *(.ARM.exidx* .gnu.linkonce.armexidx.*)
                0x00004ac8                __exidx_end = .

.rodata         0x00004ac8      0x250
 *(.rodata .rodata.* .gnu.linkonce.r.*)
 .rodata.str1.4
                0x00004ac8       0x30 .\CortexM3\ARM_GCC_493\Debug\main.o
 .rodata        0x00004af8       0x40 .\CortexM3\ARM_GCC_493\Debug\Ball.a(cyfitter_cfg.o)
 .rodata.str1.4
                0x00004b38       0x14 .\CortexM3\ARM_GCC_493\Debug\Ball.a(USBUART_std.o)
 .rodata        0x00004b4c      0x160 .\CortexM3\ARM_GCC_493\Debug\Ball.a(USBUART_descr.o)
                0x00004b4c                USBUART_TABLE
                0x00004b54                USBUART_DEVICE0_TABLE
                0x00004b6c                USBUART_DEVICE0_CONFIGURATION0_TABLE
                0x00004b94                USBUART_DEVICE0_CONFIGURATION0_INTERFACE_CLASS
                0x00004b98                USBUART_DEVICE0_CONFIGURATION0_EP_SETTINGS_TABLE
                0x00004bb0                USBUART_SN_STRING_DESCRIPTOR
                0x00004bb4                USBUART_STRING_DESCRIPTORS
                0x00004c54                USBUART_DEVICE0_CONFIGURATION0_DESCR
                0x00004c98                USBUART_DEVICE0_DESCR
 .rodata.str1.1
                0x00004cac        0x2 c:/program files (x86)/cypress/psoc creator/3.3/psoc creator/import/gnu/arm/4.9.3/bin/../lib/gcc/arm-none-eabi/4.9.3/../../../../arm-none-eabi/lib/armv7-m\libg_nano.a(lib_a-impure.o)
 .rodata.str1.1
                0x00004cae       0x11 c:/program files (x86)/cypress/psoc creator/3.3/psoc creator/import/gnu/arm/4.9.3/bin/../lib/gcc/arm-none-eabi/4.9.3/../../../../arm-none-eabi/lib/armv7-m\libg_nano.a(lib_a-nano-svfprintf.o)
 .rodata.str1.1
                0x00004cbf       0x22 c:/program files (x86)/cypress/psoc creator/3.3/psoc creator/import/gnu/arm/4.9.3/bin/../lib/gcc/arm-none-eabi/4.9.3/../../../../arm-none-eabi/lib/armv7-m\libg_nano.a(lib_a-nano-vfprintf_i.o)
                0x00004ce4                . = ALIGN (0x4)
 *fill*         0x00004ce1        0x3 
 *(.init)
 .init          0x00004ce4        0x4 c:/program files (x86)/cypress/psoc creator/3.3/psoc creator/import/gnu/arm/4.9.3/bin/../lib/gcc/arm-none-eabi/4.9.3/armv7-m/crti.o
                0x00004ce4                _init
 .init          0x00004ce8        0x8 c:/program files (x86)/cypress/psoc creator/3.3/psoc creator/import/gnu/arm/4.9.3/bin/../lib/gcc/arm-none-eabi/4.9.3/armv7-m/crtn.o
                0x00004cf0                . = ALIGN (0x4)
                0x00004cf0                __preinit_array_start = .
 *(.preinit_array)
                0x00004cf0                __preinit_array_end = .
                0x00004cf0                . = ALIGN (0x4)
                0x00004cf0                __init_array_start = .
 *(SORT(.init_array.*))
 *(.init_array)
 .init_array    0x00004cf0        0x4 c:/program files (x86)/cypress/psoc creator/3.3/psoc creator/import/gnu/arm/4.9.3/bin/../lib/gcc/arm-none-eabi/4.9.3/armv7-m/crtbegin.o
 .init_array    0x00004cf4        0x4 .\CortexM3\ARM_GCC_493\Debug\Cm3Start.o
                0x00004cf8                __init_array_end = .
                0x00004cf8                . = ALIGN (0x4)
 *(.fini)
 .fini          0x00004cf8        0x4 c:/program files (x86)/cypress/psoc creator/3.3/psoc creator/import/gnu/arm/4.9.3/bin/../lib/gcc/arm-none-eabi/4.9.3/armv7-m/crti.o
                0x00004cf8                _fini
 .fini          0x00004cfc        0x8 c:/program files (x86)/cypress/psoc creator/3.3/psoc creator/import/gnu/arm/4.9.3/bin/../lib/gcc/arm-none-eabi/4.9.3/armv7-m/crtn.o
                0x00004d04                . = ALIGN (0x4)
                0x00004d04                __fini_array_start = .
 *(.fini_array)
 .fini_array    0x00004d04        0x4 c:/program files (x86)/cypress/psoc creator/3.3/psoc creator/import/gnu/arm/4.9.3/bin/../lib/gcc/arm-none-eabi/4.9.3/armv7-m/crtbegin.o
 *(SORT(.fini_array.*))
                0x00004d08                __fini_array_end = .
                0x00004d08                . = ALIGN (0x4)
 *crtbegin.o(.ctors)
 *(EXCLUDE_FILE(*crtend.o) .ctors)
 *(SORT(.ctors.*))
 *crtend.o(.ctors)
                0x00004d08                . = ALIGN (0x4)
 *crtbegin.o(.dtors)
 *(EXCLUDE_FILE(*crtend.o) .dtors)
 *(SORT(.dtors.*))
 *crtend.o(.dtors)
                0x00004d08                . = ALIGN (0x4)
                0x00004d08                __cy_regions = .
                0x00004d08        0x4 LONG 0x4d18 __cy_region_init_ram
                0x00004d0c        0x4 LONG 0x1fff8108 __cy_region_start_data
                0x00004d10        0x4 LONG 0x98 __cy_region_init_size_ram
                0x00004d14        0x4 LONG 0x168 __cy_region_zero_size_ram
                0x00004d18                __cy_regions_end = .
                0x00004d18                . = ALIGN (0x8)
                0x00004d18                _etext = .

.cy_checksum_exclude
                0x00004d18        0x0
 *(.cy_checksum_exclude)

.ramvectors     0x1fff8000      0x100
                0x1fff8000                __cy_region_start_ram = .
 *(.ramvectors)
 .ramvectors    0x1fff8000      0x100 .\CortexM3\ARM_GCC_493\Debug\Cm3Start.o
                0x1fff8000                CyRamVectors

.noinit         0x1fff8100        0x5
 *(.noinit)
 .noinit        0x1fff8100        0x4 .\CortexM3\ARM_GCC_493\Debug\Cm3Start.o
 .noinit        0x1fff8104        0x1 .\CortexM3\ARM_GCC_493\Debug\Ball.a(CyLib.o)
                0x1fff8104                CyResetStatus

.data           0x1fff8108       0x98 load address 0x00004d18
                0x1fff8108                __cy_region_start_data = .
 *(.jcr)
 .jcr           0x1fff8108        0x0 c:/program files (x86)/cypress/psoc creator/3.3/psoc creator/import/gnu/arm/4.9.3/bin/../lib/gcc/arm-none-eabi/4.9.3/armv7-m/crtbegin.o
 .jcr           0x1fff8108        0x4 c:/program files (x86)/cypress/psoc creator/3.3/psoc creator/import/gnu/arm/4.9.3/bin/../lib/gcc/arm-none-eabi/4.9.3/armv7-m/crtend.o
 *(.got.plt)
 *(.got)
 *(.shdata)
 *(.data .data.* .gnu.linkonce.d.*)
 .data          0x1fff810c        0x4 .\CortexM3\ARM_GCC_493\Debug\Cm3Start.o
 .data          0x1fff8110       0x10 .\CortexM3\ARM_GCC_493\Debug\Ball.a(CyLib.o)
                0x1fff8110                cydelay_32k_ms
                0x1fff8114                cydelay_freq_khz
                0x1fff8118                cydelay_freq_mhz
                0x1fff811c                cydelay_freq_hz
 .data          0x1fff8120       0x1c .\CortexM3\ARM_GCC_493\Debug\Ball.a(USBUART_cdc.o)
                0x1fff8120                USBUART_linesCoding
 .data.impure_data
                0x1fff813c       0x60 c:/program files (x86)/cypress/psoc creator/3.3/psoc creator/import/gnu/arm/4.9.3/bin/../lib/gcc/arm-none-eabi/4.9.3/../../../../arm-none-eabi/lib/armv7-m\libg_nano.a(lib_a-impure.o)
 .data._impure_ptr
                0x1fff819c        0x4 c:/program files (x86)/cypress/psoc creator/3.3/psoc creator/import/gnu/arm/4.9.3/bin/../lib/gcc/arm-none-eabi/4.9.3/../../../../arm-none-eabi/lib/armv7-m\libg_nano.a(lib_a-impure.o)
                0x1fff819c                _impure_ptr
                0x1fff81a0                . = ALIGN (0x8)
 *(.ram)
                0x1fff81a0                _edata = .

.igot.plt       0x1fff81a0        0x0 load address 0x00004db0
 .igot.plt      0x00000000        0x0 c:/program files (x86)/cypress/psoc creator/3.3/psoc creator/import/gnu/arm/4.9.3/bin/../lib/gcc/arm-none-eabi/4.9.3/armv7-m/crtbegin.o

.bss            0x1fff81a0      0x168 load address 0x00004db0
                0x1fff81a0                PROVIDE (__bss_start__, .)
 *(.shbss)
 *(.bss .bss.* .gnu.linkonce.b.*)
 .bss           0x1fff81a0       0x1c c:/program files (x86)/cypress/psoc creator/3.3/psoc creator/import/gnu/arm/4.9.3/bin/../lib/gcc/arm-none-eabi/4.9.3/armv7-m/crtbegin.o
 .bss           0x1fff81bc       0x20 .\CortexM3\ARM_GCC_493\Debug\rc_ch.o
 .bss           0x1fff81dc        0x1 .\CortexM3\ARM_GCC_493\Debug\Ball.a(USBUART.o)
                0x1fff81dc                USBUART_initVar
 .bss           0x1fff81dd        0x1 .\CortexM3\ARM_GCC_493\Debug\Ball.a(USBUART_cdc.o)
 *fill*         0x1fff81de        0x2 
 .bss           0x1fff81e0        0x4 .\CortexM3\ARM_GCC_493\Debug\Ball.a(USBUART_std.o)
 .bss           0x1fff81e4        0x1 .\CortexM3\ARM_GCC_493\Debug\Ball.a(RC_Ch2_Timer.o)
                0x1fff81e4                RC_Ch2_Timer_initVar
 .bss           0x1fff81e5        0x1 .\CortexM3\ARM_GCC_493\Debug\Ball.a(RC_Ch1_Timer.o)
                0x1fff81e5                RC_Ch1_Timer_initVar
 .bss           0x1fff81e6        0x1 .\CortexM3\ARM_GCC_493\Debug\Ball.a(RC_Ch4_Timer.o)
                0x1fff81e6                RC_Ch4_Timer_initVar
 .bss           0x1fff81e7        0x1 .\CortexM3\ARM_GCC_493\Debug\Ball.a(RC_Ch3_Timer.o)
                0x1fff81e7                RC_Ch3_Timer_initVar
 .bss           0x1fff81e8        0x1 .\CortexM3\ARM_GCC_493\Debug\Ball.a(Drive_DC_Motor_PWM.o)
                0x1fff81e8                Drive_DC_Motor_PWM_initVar
 .bss           0x1fff81e9        0x1 .\CortexM3\ARM_GCC_493\Debug\Ball.a(Pendulum_DC_Motor_PWM.o)
                0x1fff81e9                Pendulum_DC_Motor_PWM_initVar
 .bss           0x1fff81ea        0x1 .\CortexM3\ARM_GCC_493\Debug\Ball.a(Flywheel_DC_Motor_PWM.o)
                0x1fff81ea                Flywheel_DC_Motor_PWM_initVar
 .bss           0x1fff81eb        0x1 .\CortexM3\ARM_GCC_493\Debug\Ball.a(MPU6050_I2C.o)
                0x1fff81eb                MPU6050_I2C_initVar
 .bss           0x1fff81ec        0x1 .\CortexM3\ARM_GCC_493\Debug\Ball.a(Drive_DC_Motor_Quad_Dec.o)
                0x1fff81ec                Drive_DC_Motor_Quad_Dec_initVar
 .bss           0x1fff81ed        0x1 .\CortexM3\ARM_GCC_493\Debug\Ball.a(Drive_DC_Motor_Quad_Dec_Cnt16.o)
                0x1fff81ed                Drive_DC_Motor_Quad_Dec_Cnt16_initVar
 .bss           0x1fff81ee        0x1 .\CortexM3\ARM_GCC_493\Debug\Ball.a(Pendulum_DC_Motor_Quad_Dec.o)
                0x1fff81ee                Pendulum_DC_Motor_Quad_Dec_initVar
 .bss           0x1fff81ef        0x1 .\CortexM3\ARM_GCC_493\Debug\Ball.a(Pendulum_DC_Motor_Quad_Dec_Cnt16.o)
                0x1fff81ef                Pendulum_DC_Motor_Quad_Dec_Cnt16_initVar
 .bss.__malloc_sbrk_start
                0x1fff81f0        0x4 c:/program files (x86)/cypress/psoc creator/3.3/psoc creator/import/gnu/arm/4.9.3/bin/../lib/gcc/arm-none-eabi/4.9.3/../../../../arm-none-eabi/lib/armv7-m\libg_nano.a(lib_a-nano-mallocr.o)
                0x1fff81f0                __malloc_sbrk_start
 .bss.__malloc_free_list
                0x1fff81f4        0x4 c:/program files (x86)/cypress/psoc creator/3.3/psoc creator/import/gnu/arm/4.9.3/bin/../lib/gcc/arm-none-eabi/4.9.3/../../../../arm-none-eabi/lib/armv7-m\libg_nano.a(lib_a-nano-mallocr.o)
                0x1fff81f4                __malloc_free_list
 *(COMMON)
 COMMON         0x1fff81f8        0xc .\CortexM3\ARM_GCC_493\Debug\milliseconds.o
                0x1fff81f8                ms
                0x1fff81fa                seconds
                0x1fff81fc                MILLISECONDS
                0x1fff8200                minutes
                0x1fff8202                hours
 COMMON         0x1fff8204       0x17 .\CortexM3\ARM_GCC_493\Debug\mpu6050.o
                0x1fff8204                buffer
                0x1fff821a                devAddr
 *fill*         0x1fff821b        0x1 
 COMMON         0x1fff821c       0x18 .\CortexM3\ARM_GCC_493\Debug\Ball.a(USBUART_cdc.o)
                0x1fff821c                USBUART_linesChanged
                0x1fff8220                USBUART_cdcDataInEp
                0x1fff8224                USBUART_cdcCommInInterruptEp
                0x1fff8228                USBUART_cdcDataOutEp
                0x1fff822c                USBUART_serialStateBitmap
                0x1fff8230                USBUART_linesControlBitmap
 COMMON         0x1fff8234       0x9a .\CortexM3\ARM_GCC_493\Debug\Ball.a(USBUART_drv.o)
                0x1fff8234                USBUART_lastPacketSize
                0x1fff8235                USBUART_device
                0x1fff8236                USBUART_transferByteCount
                0x1fff8238                USBUART_transferState
                0x1fff823c                USBUART_interfaceSettingLast
                0x1fff8240                USBUART_currentTD
                0x1fff824c                USBUART_interfaceNumber
                0x1fff8250                USBUART_interfaceClass
                0x1fff8254                USBUART_configurationChanged
                0x1fff8255                USBUART_ep0Mode
                0x1fff8256                USBUART_deviceAddress
                0x1fff8257                USBUART_configuration
                0x1fff8258                USBUART_ep0Count
                0x1fff8259                USBUART_deviceStatus
                0x1fff825c                USBUART_EP
                0x1fff82c8                USBUART_interfaceSetting
                0x1fff82ca                USBUART_ep0Toggle
                0x1fff82cc                USBUART_interfaceStatus
 COMMON         0x1fff82ce        0x1 .\CortexM3\ARM_GCC_493\Debug\Ball.a(MPU6050_I2C.o)
                0x1fff82ce                MPU6050_I2C_state
 *fill*         0x1fff82cf        0x1 
 COMMON         0x1fff82d0        0xf .\CortexM3\ARM_GCC_493\Debug\Ball.a(MPU6050_I2C_MASTER.o)
                0x1fff82d0                MPU6050_I2C_mstrWrBufPtr
                0x1fff82d4                MPU6050_I2C_mstrRdBufSize
                0x1fff82d5                MPU6050_I2C_mstrWrBufIndex
                0x1fff82d6                MPU6050_I2C_mstrStatus
                0x1fff82d8                MPU6050_I2C_mstrRdBufPtr
                0x1fff82dc                MPU6050_I2C_mstrRdBufIndex
                0x1fff82dd                MPU6050_I2C_mstrWrBufSize
                0x1fff82de                MPU6050_I2C_mstrControl
 *fill*         0x1fff82df        0x1 
 COMMON         0x1fff82e0       0x22 .\CortexM3\ARM_GCC_493\Debug\Ball.a(USBUART_descr.o)
                0x1fff82e0                USBUART_idSerialNumberStringDescriptor
 *fill*         0x1fff8302        0x2 
 COMMON         0x1fff8304        0x4 c:/program files (x86)/cypress/psoc creator/3.3/psoc creator/import/gnu/arm/4.9.3/bin/../lib/gcc/arm-none-eabi/4.9.3/../../../../arm-none-eabi/lib/armv7-m\libg_nano.a(lib_a-reent.o)
                0x1fff8304                errno
                0x1fff8308                . = ALIGN (0x8)
 *(.ram.b)
                0x1fff8308                _end = .
                0x1fff8308                __end = .
                0x1fff8308                PROVIDE (end, .)
                0x1fff8308                PROVIDE (__bss_end__, .)
                0x00004d18                __cy_region_init_ram = LOADADDR (.data)
                0x00000098                __cy_region_init_size_ram = (_edata - ADDR (.data))
                0x00000168                __cy_region_zero_size_ram = (_end - _edata)

.heap           0x1fff8308       0x80 load address 0x00004db0
                0x1fff8308                . = _end
                0x1fff8388                . = (. + 0x80)
 *fill*         0x1fff8308       0x80 
                0x1fff8388                __cy_heap_limit = .

.stack          0x20007800      0x800
                0x20007800                __cy_stack_limit = .
                0x20008000                . = (. + 0x800)
 *fill*         0x20007800      0x800 
                0x00000001                ASSERT ((__cy_stack_limit >= __cy_heap_limit), region RAM overflowed with stack)
                0x00000000                cy_checksum_exclude_size = (CY_APPL_LOADABLE == 0x1)?SIZEOF (.cy_checksum_exclude):0x0
                0x00000001                ASSERT ((cy_checksum_exclude_size <= CY_CHECKSUM_EXCLUDE_SIZE), CY_BOOT: Section .cy_checksum_exclude size exceedes specified limit.)

.cyloadermeta
 *(.cyloadermeta)

.cyloadablemeta
 *(.cyloadablemeta)

.cyconfigecc    0x80000000      0xfd8
 *(.cyconfigecc)
 .cyconfigecc   0x80000000      0xfd8 .\CortexM3\ARM_GCC_493\Debug\cymetadata.o
                0x80000000                cy_meta_configecc

.cycustnvl      0x90000000        0x4
 *(.cycustnvl)
 .cycustnvl     0x90000000        0x4 .\CortexM3\ARM_GCC_493\Debug\cymetadata.o
                0x90000000                cy_meta_custnvl

.cywolatch      0x90100000        0x4
 *(.cywolatch)
 .cywolatch     0x90100000        0x4 .\CortexM3\ARM_GCC_493\Debug\cymetadata.o
                0x90100000                cy_meta_wonvl

.cyeeprom       0x90200000        0x0
 *(.cyeeprom)
                0x00000001                ASSERT ((. <= ((0x90200000 + ee_offset) + ee_size)), .cyeeprom data will not fit in EEPROM)

.cyflashprotect
                0x90400000      0x100
 *(.cyflashprotect)
 .cyflashprotect
                0x90400000      0x100 .\CortexM3\ARM_GCC_493\Debug\cymetadata.o
                0x90400000                cy_meta_flashprotect

.cymeta         0x90500000        0xc
 *(.cymeta)
 .cymeta        0x90500000        0xc .\CortexM3\ARM_GCC_493\Debug\cymetadata.o
                0x90500000                cy_metadata

.rel.dyn        0x00004db0        0x0 load address 0x9050000c
 .rel.iplt      0x00000000        0x0 c:/program files (x86)/cypress/psoc creator/3.3/psoc creator/import/gnu/arm/4.9.3/bin/../lib/gcc/arm-none-eabi/4.9.3/armv7-m/crtbegin.o

.stab
 *(.stab)

.stabstr
 *(.stabstr)

.debug
 *(.debug)

.line
 *(.line)

.debug_srcinfo
 *(.debug_srcinfo)

.debug_sfnames
 *(.debug_sfnames)

.debug_aranges  0x00000000     0x1de0
 *(.debug_aranges)
 .debug_aranges
                0x00000000       0x20 .\CortexM3\ARM_GCC_493\Debug\main.o
 .debug_aranges
                0x00000020       0x28 .\CortexM3\ARM_GCC_493\Debug\milliseconds.o
 .debug_aranges
                0x00000048       0x50 .\CortexM3\ARM_GCC_493\Debug\rc_ch.o
 .debug_aranges
                0x00000098       0x48 .\CortexM3\ARM_GCC_493\Debug\dc_motor.o
 .debug_aranges
                0x000000e0      0x838 .\CortexM3\ARM_GCC_493\Debug\mpu6050.o
 .debug_aranges
                0x00000918       0x60 .\CortexM3\ARM_GCC_493\Debug\i2cFunctions.o
 .debug_aranges
                0x00000978       0x30 .\CortexM3\ARM_GCC_493\Debug\imu.o
 .debug_aranges
                0x000009a8       0x38 .\CortexM3\ARM_GCC_493\Debug\pid.o
 .debug_aranges
                0x000009e0       0x18 .\CortexM3\ARM_GCC_493\Debug\cymetadata.o
 .debug_aranges
                0x000009f8       0x48 .\CortexM3\ARM_GCC_493\Debug\Cm3Start.o
 .debug_aranges
                0x00000a40       0x58 .\CortexM3\ARM_GCC_493\Debug\Ball.a(cyfitter_cfg.o)
 .debug_aranges
                0x00000a98       0x20 .\CortexM3\ARM_GCC_493\Debug\Ball.a(CyBootAsmGnu.o)
 .debug_aranges
                0x00000ab8      0x298 .\CortexM3\ARM_GCC_493\Debug\Ball.a(CyLib.o)
 .debug_aranges
                0x00000d50       0x98 .\CortexM3\ARM_GCC_493\Debug\Ball.a(cyPm.o)
 .debug_aranges
                0x00000de8       0xc8 .\CortexM3\ARM_GCC_493\Debug\Ball.a(USBUART.o)
 .debug_aranges
                0x00000eb0       0xe8 .\CortexM3\ARM_GCC_493\Debug\Ball.a(USBUART_cdc.o)
 .debug_aranges
                0x00000f98       0x98 .\CortexM3\ARM_GCC_493\Debug\Ball.a(USBUART_drv.o)
 .debug_aranges
                0x00001030       0x40 .\CortexM3\ARM_GCC_493\Debug\Ball.a(USBUART_episr.o)
 .debug_aranges
                0x00001070       0x40 .\CortexM3\ARM_GCC_493\Debug\Ball.a(USBUART_pm.o)
 .debug_aranges
                0x000010b0       0x80 .\CortexM3\ARM_GCC_493\Debug\Ball.a(USBUART_std.o)
 .debug_aranges
                0x00001130       0x20 .\CortexM3\ARM_GCC_493\Debug\Ball.a(USBUART_vnd.o)
 .debug_aranges
                0x00001150       0x48 .\CortexM3\ARM_GCC_493\Debug\Ball.a(USBUART_Dp.o)
 .debug_aranges
                0x00001198       0xa8 .\CortexM3\ARM_GCC_493\Debug\Ball.a(RC_Ch2_Timer.o)
 .debug_aranges
                0x00001240       0x80 .\CortexM3\ARM_GCC_493\Debug\Ball.a(RC_Ch2_Timer_Interrupt.o)
 .debug_aranges
                0x000012c0       0x80 .\CortexM3\ARM_GCC_493\Debug\Ball.a(Clock_Millis_Interrupt.o)
 .debug_aranges
                0x00001340       0x38 .\CortexM3\ARM_GCC_493\Debug\Ball.a(RC_Ch1.o)
 .debug_aranges
                0x00001378       0xa8 .\CortexM3\ARM_GCC_493\Debug\Ball.a(RC_Ch1_Timer.o)
 .debug_aranges
                0x00001420       0x38 .\CortexM3\ARM_GCC_493\Debug\Ball.a(RC_Ch2.o)
 .debug_aranges
                0x00001458       0x80 .\CortexM3\ARM_GCC_493\Debug\Ball.a(RC_Ch1_Timer_Interrupt.o)
 .debug_aranges
                0x000014d8       0xa8 .\CortexM3\ARM_GCC_493\Debug\Ball.a(RC_Ch4_Timer.o)
 .debug_aranges
                0x00001580       0x38 .\CortexM3\ARM_GCC_493\Debug\Ball.a(RC_Ch4.o)
 .debug_aranges
                0x000015b8       0x80 .\CortexM3\ARM_GCC_493\Debug\Ball.a(RC_Ch4_Timer_Interrupt.o)
 .debug_aranges
                0x00001638       0xa8 .\CortexM3\ARM_GCC_493\Debug\Ball.a(RC_Ch3_Timer.o)
 .debug_aranges
                0x000016e0       0x38 .\CortexM3\ARM_GCC_493\Debug\Ball.a(RC_Ch3.o)
 .debug_aranges
                0x00001718       0x80 .\CortexM3\ARM_GCC_493\Debug\Ball.a(RC_Ch3_Timer_Interrupt.o)
 .debug_aranges
                0x00001798       0xa8 .\CortexM3\ARM_GCC_493\Debug\Ball.a(Drive_DC_Motor_PWM.o)
 .debug_aranges
                0x00001840       0xa8 .\CortexM3\ARM_GCC_493\Debug\Ball.a(Pendulum_DC_Motor_PWM.o)
 .debug_aranges
                0x000018e8       0xa8 .\CortexM3\ARM_GCC_493\Debug\Ball.a(Flywheel_DC_Motor_PWM.o)
 .debug_aranges
                0x00001990       0x38 .\CortexM3\ARM_GCC_493\Debug\Ball.a(MPU6050_I2C.o)
 .debug_aranges
                0x000019c8       0x20 .\CortexM3\ARM_GCC_493\Debug\Ball.a(MPU6050_I2C_INT.o)
 .debug_aranges
                0x000019e8       0x38 .\CortexM3\ARM_GCC_493\Debug\Ball.a(MPU6050_I2C_PM.o)
 .debug_aranges
                0x00001a20       0x80 .\CortexM3\ARM_GCC_493\Debug\Ball.a(MPU6050_I2C_MASTER.o)
 .debug_aranges
                0x00001aa0       0x60 .\CortexM3\ARM_GCC_493\Debug\Ball.a(Drive_DC_Motor_Quad_Dec.o)
 .debug_aranges
                0x00001b00       0x98 .\CortexM3\ARM_GCC_493\Debug\Ball.a(Drive_DC_Motor_Quad_Dec_Cnt16.o)
 .debug_aranges
                0x00001b98       0x60 .\CortexM3\ARM_GCC_493\Debug\Ball.a(Pendulum_DC_Motor_Quad_Dec.o)
 .debug_aranges
                0x00001bf8       0x98 .\CortexM3\ARM_GCC_493\Debug\Ball.a(Pendulum_DC_Motor_Quad_Dec_Cnt16.o)
 .debug_aranges
                0x00001c90       0x80 .\CortexM3\ARM_GCC_493\Debug\Ball.a(CyFlash.o)
 .debug_aranges
                0x00001d10       0x78 .\CortexM3\ARM_GCC_493\Debug\Ball.a(CySpc.o)
 .debug_aranges
                0x00001d88       0x20 .\CortexM3\ARM_GCC_493\Debug\Ball.a(cyutils.o)
 .debug_aranges
                0x00001da8       0x20 .\CortexM3\ARM_GCC_493\Debug\Ball.a(USBUART_cls.o)
 .debug_aranges
                0x00001dc8       0x18 .\CortexM3\ARM_GCC_493\Debug\Ball.a(USBUART_descr.o)

.debug_pubnames
 *(.debug_pubnames)

.debug_info     0x00000000    0x10e60
 *(.debug_info .gnu.linkonce.wi.*)
 .debug_info    0x00000000      0xa17 .\CortexM3\ARM_GCC_493\Debug\main.o
 .debug_info    0x00000a17      0x17f .\CortexM3\ARM_GCC_493\Debug\milliseconds.o
 .debug_info    0x00000b96      0x67c .\CortexM3\ARM_GCC_493\Debug\rc_ch.o
 .debug_info    0x00001212      0x715 .\CortexM3\ARM_GCC_493\Debug\dc_motor.o
 .debug_info    0x00001927     0x4001 .\CortexM3\ARM_GCC_493\Debug\mpu6050.o
 .debug_info    0x00005928      0x5eb .\CortexM3\ARM_GCC_493\Debug\i2cFunctions.o
 .debug_info    0x00005f13      0x2fd .\CortexM3\ARM_GCC_493\Debug\imu.o
 .debug_info    0x00006210      0x2c8 .\CortexM3\ARM_GCC_493\Debug\pid.o
 .debug_info    0x000064d8      0x13f .\CortexM3\ARM_GCC_493\Debug\cymetadata.o
 .debug_info    0x00006617      0x39f .\CortexM3\ARM_GCC_493\Debug\Cm3Start.o
 .debug_info    0x000069b6      0x5fc .\CortexM3\ARM_GCC_493\Debug\Ball.a(cyfitter_cfg.o)
 .debug_info    0x00006fb2       0xe3 .\CortexM3\ARM_GCC_493\Debug\Ball.a(CyBootAsmGnu.o)
 .debug_info    0x00007095     0x136f .\CortexM3\ARM_GCC_493\Debug\Ball.a(CyLib.o)
 .debug_info    0x00008404      0xa57 .\CortexM3\ARM_GCC_493\Debug\Ball.a(cyPm.o)
 .debug_info    0x00008e5b      0x9aa .\CortexM3\ARM_GCC_493\Debug\Ball.a(USBUART.o)
 .debug_info    0x00009805      0xb16 .\CortexM3\ARM_GCC_493\Debug\Ball.a(USBUART_cdc.o)
 .debug_info    0x0000a31b      0x649 .\CortexM3\ARM_GCC_493\Debug\Ball.a(USBUART_drv.o)
 .debug_info    0x0000a964      0x244 .\CortexM3\ARM_GCC_493\Debug\Ball.a(USBUART_episr.o)
 .debug_info    0x0000aba8      0x2ef .\CortexM3\ARM_GCC_493\Debug\Ball.a(USBUART_pm.o)
 .debug_info    0x0000ae97      0xb35 .\CortexM3\ARM_GCC_493\Debug\Ball.a(USBUART_std.o)
 .debug_info    0x0000b9cc       0xe6 .\CortexM3\ARM_GCC_493\Debug\Ball.a(USBUART_vnd.o)
 .debug_info    0x0000bab2      0x174 .\CortexM3\ARM_GCC_493\Debug\Ball.a(USBUART_Dp.o)
 .debug_info    0x0000bc26      0x3a5 .\CortexM3\ARM_GCC_493\Debug\Ball.a(RC_Ch2_Timer.o)
 .debug_info    0x0000bfcb      0x2cb .\CortexM3\ARM_GCC_493\Debug\Ball.a(RC_Ch2_Timer_Interrupt.o)
 .debug_info    0x0000c296      0x2cb .\CortexM3\ARM_GCC_493\Debug\Ball.a(Clock_Millis_Interrupt.o)
 .debug_info    0x0000c561      0x11f .\CortexM3\ARM_GCC_493\Debug\Ball.a(RC_Ch1.o)
 .debug_info    0x0000c680      0x3a5 .\CortexM3\ARM_GCC_493\Debug\Ball.a(RC_Ch1_Timer.o)
 .debug_info    0x0000ca25      0x11f .\CortexM3\ARM_GCC_493\Debug\Ball.a(RC_Ch2.o)
 .debug_info    0x0000cb44      0x2cb .\CortexM3\ARM_GCC_493\Debug\Ball.a(RC_Ch1_Timer_Interrupt.o)
 .debug_info    0x0000ce0f      0x3a5 .\CortexM3\ARM_GCC_493\Debug\Ball.a(RC_Ch4_Timer.o)
 .debug_info    0x0000d1b4      0x11f .\CortexM3\ARM_GCC_493\Debug\Ball.a(RC_Ch4.o)
 .debug_info    0x0000d2d3      0x2cb .\CortexM3\ARM_GCC_493\Debug\Ball.a(RC_Ch4_Timer_Interrupt.o)
 .debug_info    0x0000d59e      0x3a5 .\CortexM3\ARM_GCC_493\Debug\Ball.a(RC_Ch3_Timer.o)
 .debug_info    0x0000d943      0x11f .\CortexM3\ARM_GCC_493\Debug\Ball.a(RC_Ch3.o)
 .debug_info    0x0000da62      0x2cb .\CortexM3\ARM_GCC_493\Debug\Ball.a(RC_Ch3_Timer_Interrupt.o)
 .debug_info    0x0000dd2d      0x37c .\CortexM3\ARM_GCC_493\Debug\Ball.a(Drive_DC_Motor_PWM.o)
 .debug_info    0x0000e0a9      0x37c .\CortexM3\ARM_GCC_493\Debug\Ball.a(Pendulum_DC_Motor_PWM.o)
 .debug_info    0x0000e425      0x37c .\CortexM3\ARM_GCC_493\Debug\Ball.a(Flywheel_DC_Motor_PWM.o)
 .debug_info    0x0000e7a1      0x2db .\CortexM3\ARM_GCC_493\Debug\Ball.a(MPU6050_I2C.o)
 .debug_info    0x0000ea7c      0x17f .\CortexM3\ARM_GCC_493\Debug\Ball.a(MPU6050_I2C_INT.o)
 .debug_info    0x0000ebfb      0x1fe .\CortexM3\ARM_GCC_493\Debug\Ball.a(MPU6050_I2C_PM.o)
 .debug_info    0x0000edf9      0x400 .\CortexM3\ARM_GCC_493\Debug\Ball.a(MPU6050_I2C_MASTER.o)
 .debug_info    0x0000f1f9      0x2d1 .\CortexM3\ARM_GCC_493\Debug\Ball.a(Drive_DC_Motor_Quad_Dec.o)
 .debug_info    0x0000f4ca      0x343 .\CortexM3\ARM_GCC_493\Debug\Ball.a(Drive_DC_Motor_Quad_Dec_Cnt16.o)
 .debug_info    0x0000f80d      0x2d1 .\CortexM3\ARM_GCC_493\Debug\Ball.a(Pendulum_DC_Motor_Quad_Dec.o)
 .debug_info    0x0000fade      0x343 .\CortexM3\ARM_GCC_493\Debug\Ball.a(Pendulum_DC_Motor_Quad_Dec_Cnt16.o)
 .debug_info    0x0000fe21      0x608 .\CortexM3\ARM_GCC_493\Debug\Ball.a(CyFlash.o)
 .debug_info    0x00010429      0x4ea .\CortexM3\ARM_GCC_493\Debug\Ball.a(CySpc.o)
 .debug_info    0x00010913       0xee .\CortexM3\ARM_GCC_493\Debug\Ball.a(cyutils.o)
 .debug_info    0x00010a01      0x1d2 .\CortexM3\ARM_GCC_493\Debug\Ball.a(USBUART_cls.o)
 .debug_info    0x00010bd3      0x28d .\CortexM3\ARM_GCC_493\Debug\Ball.a(USBUART_descr.o)

.debug_abbrev   0x00000000     0x4520
 *(.debug_abbrev)
 .debug_abbrev  0x00000000      0x21a .\CortexM3\ARM_GCC_493\Debug\main.o
 .debug_abbrev  0x0000021a       0xed .\CortexM3\ARM_GCC_493\Debug\milliseconds.o
 .debug_abbrev  0x00000307      0x1c0 .\CortexM3\ARM_GCC_493\Debug\rc_ch.o
 .debug_abbrev  0x000004c7      0x20b .\CortexM3\ARM_GCC_493\Debug\dc_motor.o
 .debug_abbrev  0x000006d2      0x1e1 .\CortexM3\ARM_GCC_493\Debug\mpu6050.o
 .debug_abbrev  0x000008b3      0x155 .\CortexM3\ARM_GCC_493\Debug\i2cFunctions.o
 .debug_abbrev  0x00000a08      0x1a7 .\CortexM3\ARM_GCC_493\Debug\imu.o
 .debug_abbrev  0x00000baf      0x13d .\CortexM3\ARM_GCC_493\Debug\pid.o
 .debug_abbrev  0x00000cec       0x77 .\CortexM3\ARM_GCC_493\Debug\cymetadata.o
 .debug_abbrev  0x00000d63      0x200 .\CortexM3\ARM_GCC_493\Debug\Cm3Start.o
 .debug_abbrev  0x00000f63      0x212 .\CortexM3\ARM_GCC_493\Debug\Ball.a(cyfitter_cfg.o)
 .debug_abbrev  0x00001175       0x14 .\CortexM3\ARM_GCC_493\Debug\Ball.a(CyBootAsmGnu.o)
 .debug_abbrev  0x00001189      0x296 .\CortexM3\ARM_GCC_493\Debug\Ball.a(CyLib.o)
 .debug_abbrev  0x0000141f      0x1ed .\CortexM3\ARM_GCC_493\Debug\Ball.a(cyPm.o)
 .debug_abbrev  0x0000160c      0x25e .\CortexM3\ARM_GCC_493\Debug\Ball.a(USBUART.o)
 .debug_abbrev  0x0000186a      0x28b .\CortexM3\ARM_GCC_493\Debug\Ball.a(USBUART_cdc.o)
 .debug_abbrev  0x00001af5      0x18b .\CortexM3\ARM_GCC_493\Debug\Ball.a(USBUART_drv.o)
 .debug_abbrev  0x00001c80      0x11b .\CortexM3\ARM_GCC_493\Debug\Ball.a(USBUART_episr.o)
 .debug_abbrev  0x00001d9b      0x146 .\CortexM3\ARM_GCC_493\Debug\Ball.a(USBUART_pm.o)
 .debug_abbrev  0x00001ee1      0x23d .\CortexM3\ARM_GCC_493\Debug\Ball.a(USBUART_std.o)
 .debug_abbrev  0x0000211e       0x9b .\CortexM3\ARM_GCC_493\Debug\Ball.a(USBUART_vnd.o)
 .debug_abbrev  0x000021b9       0x90 .\CortexM3\ARM_GCC_493\Debug\Ball.a(USBUART_Dp.o)
 .debug_abbrev  0x00002249      0x170 .\CortexM3\ARM_GCC_493\Debug\Ball.a(RC_Ch2_Timer.o)
 .debug_abbrev  0x000023b9      0x173 .\CortexM3\ARM_GCC_493\Debug\Ball.a(RC_Ch2_Timer_Interrupt.o)
 .debug_abbrev  0x0000252c      0x173 .\CortexM3\ARM_GCC_493\Debug\Ball.a(Clock_Millis_Interrupt.o)
 .debug_abbrev  0x0000269f       0x90 .\CortexM3\ARM_GCC_493\Debug\Ball.a(RC_Ch1.o)
 .debug_abbrev  0x0000272f      0x170 .\CortexM3\ARM_GCC_493\Debug\Ball.a(RC_Ch1_Timer.o)